[2025-07-03T04:09:46.924+0000] {local_task_job_runner.py:123} INFO - ::group::Pre task execution logs
[2025-07-03T04:09:46.948+0000] {taskinstance.py:2612} INFO - Dependencies all met for dep_context=non-requeueable deps ti=<TaskInstance: extract_raw_data_pipeline.drop_raw_table scheduled__2025-07-02T07:58:00+00:00 [queued]>
[2025-07-03T04:09:46.956+0000] {taskinstance.py:2612} INFO - Dependencies all met for dep_context=requeueable deps ti=<TaskInstance: extract_raw_data_pipeline.drop_raw_table scheduled__2025-07-02T07:58:00+00:00 [queued]>
[2025-07-03T04:09:46.957+0000] {taskinstance.py:2865} INFO - Starting attempt 1 of 1
[2025-07-03T04:09:46.990+0000] {taskinstance.py:2888} INFO - Executing <Task(SQLExecuteQueryOperator): drop_raw_table> on 2025-07-02 07:58:00+00:00
[2025-07-03T04:09:47.003+0000] {warnings.py:112} WARNING - /home/***/.local/lib/python3.12/site-packages/***/task/task_runner/standard_task_runner.py:70: DeprecationWarning: This process (pid=82) is multi-threaded, use of fork() may lead to deadlocks in the child.
  pid = os.fork()

[2025-07-03T04:09:47.006+0000] {standard_task_runner.py:72} INFO - Started process 102 to run task
[2025-07-03T04:09:47.007+0000] {standard_task_runner.py:104} INFO - Running: ['***', 'tasks', 'run', 'extract_raw_data_pipeline', 'drop_raw_table', 'scheduled__2025-07-02T07:58:00+00:00', '--job-id', '7', '--raw', '--subdir', 'DAGS_FOLDER/driven_data_pipeline.py', '--cfg-path', '/tmp/tmpwsgxst_o']
[2025-07-03T04:09:47.009+0000] {standard_task_runner.py:105} INFO - Job 7: Subtask drop_raw_table
[2025-07-03T04:09:47.099+0000] {task_command.py:467} INFO - Running <TaskInstance: extract_raw_data_pipeline.drop_raw_table scheduled__2025-07-02T07:58:00+00:00 [running]> on host 6000e8bcb2e1
[2025-07-03T04:09:47.210+0000] {taskinstance.py:3131} INFO - Exporting env vars: AIRFLOW_CTX_DAG_OWNER='***' AIRFLOW_CTX_DAG_ID='extract_raw_data_pipeline' AIRFLOW_CTX_TASK_ID='drop_raw_table' AIRFLOW_CTX_EXECUTION_DATE='2025-07-02T07:58:00+00:00' AIRFLOW_CTX_TRY_NUMBER='1' AIRFLOW_CTX_DAG_RUN_ID='scheduled__2025-07-02T07:58:00+00:00'
[2025-07-03T04:09:47.211+0000] {taskinstance.py:731} INFO - ::endgroup::
[2025-07-03T04:09:47.227+0000] {sql.py:266} INFO - Executing: DROP TABLE IF EXISTS driven_raw.raw_batch_data;
[2025-07-03T04:09:47.238+0000] {base.py:84} INFO - Retrieving connection 'postgres_conn'
[2025-07-03T04:09:47.251+0000] {base.py:84} INFO - Retrieving connection 'postgres_conn'
[2025-07-03T04:09:47.255+0000] {sql.py:509} INFO - Running statement: DROP TABLE IF EXISTS driven_raw.raw_batch_data;, parameters: None
[2025-07-03T04:09:47.270+0000] {taskinstance.py:340} INFO - ::group::Post task execution logs
[2025-07-03T04:09:47.271+0000] {taskinstance.py:352} INFO - Marking task as SUCCESS. dag_id=extract_raw_data_pipeline, task_id=drop_raw_table, run_id=scheduled__2025-07-02T07:58:00+00:00, execution_date=20250702T075800, start_date=20250703T040946, end_date=20250703T040947
[2025-07-03T04:09:47.303+0000] {local_task_job_runner.py:266} INFO - Task exited with return code 0
[2025-07-03T04:09:47.312+0000] {local_task_job_runner.py:245} INFO - ::endgroup::
