[2025-07-03T21:26:35.282+0000] {local_task_job_runner.py:123} INFO - ::group::Pre task execution logs
[2025-07-03T21:26:35.297+0000] {taskinstance.py:2612} INFO - Dependencies all met for dep_context=non-requeueable deps ti=<TaskInstance: extract_raw_data_pipeline.run_dbt_staging manual__2025-07-03T21:26:29.352186+00:00 [queued]>
[2025-07-03T21:26:35.305+0000] {taskinstance.py:2612} INFO - Dependencies all met for dep_context=requeueable deps ti=<TaskInstance: extract_raw_data_pipeline.run_dbt_staging manual__2025-07-03T21:26:29.352186+00:00 [queued]>
[2025-07-03T21:26:35.305+0000] {taskinstance.py:2865} INFO - Starting attempt 1 of 1
[2025-07-03T21:26:35.319+0000] {taskinstance.py:2888} INFO - Executing <Task(BashOperator): run_dbt_staging> on 2025-07-03 21:26:29.352186+00:00
[2025-07-03T21:26:35.324+0000] {warnings.py:112} WARNING - /home/***/.local/lib/python3.12/site-packages/***/task/task_runner/standard_task_runner.py:70: DeprecationWarning: This process (pid=347) is multi-threaded, use of fork() may lead to deadlocks in the child.
  pid = os.fork()

[2025-07-03T21:26:35.325+0000] {standard_task_runner.py:72} INFO - Started process 349 to run task
[2025-07-03T21:26:35.326+0000] {standard_task_runner.py:104} INFO - Running: ['***', 'tasks', 'run', 'extract_raw_data_pipeline', 'run_dbt_staging', 'manual__2025-07-03T21:26:29.352186+00:00', '--job-id', '46', '--raw', '--subdir', 'DAGS_FOLDER/driven_data_pipeline.py', '--cfg-path', '/tmp/tmp0mjr8yqp']
[2025-07-03T21:26:35.327+0000] {standard_task_runner.py:105} INFO - Job 46: Subtask run_dbt_staging
[2025-07-03T21:26:35.385+0000] {task_command.py:467} INFO - Running <TaskInstance: extract_raw_data_pipeline.run_dbt_staging manual__2025-07-03T21:26:29.352186+00:00 [running]> on host 6000e8bcb2e1
[2025-07-03T21:26:35.459+0000] {taskinstance.py:3131} INFO - Exporting env vars: AIRFLOW_CTX_DAG_OWNER='***' AIRFLOW_CTX_DAG_ID='extract_raw_data_pipeline' AIRFLOW_CTX_TASK_ID='run_dbt_staging' AIRFLOW_CTX_EXECUTION_DATE='2025-07-03T21:26:29.352186+00:00' AIRFLOW_CTX_TRY_NUMBER='1' AIRFLOW_CTX_DAG_RUN_ID='manual__2025-07-03T21:26:29.352186+00:00'
[2025-07-03T21:26:35.460+0000] {taskinstance.py:731} INFO - ::endgroup::
[2025-07-03T21:26:35.472+0000] {subprocess.py:63} INFO - Tmp dir root location: /tmp
[2025-07-03T21:26:35.474+0000] {subprocess.py:75} INFO - Running command: ['/usr/bin/bash', '-c', 'set -x; cd /opt/***/dbt && dbt run --select tag:staging']
[2025-07-03T21:26:35.484+0000] {subprocess.py:86} INFO - Output:
[2025-07-03T21:26:35.486+0000] {subprocess.py:93} INFO - + cd /opt/***/dbt
[2025-07-03T21:26:35.486+0000] {subprocess.py:93} INFO - + dbt run --select tag:staging
[2025-07-03T21:26:37.446+0000] {subprocess.py:93} INFO - [0m21:26:37  Running with dbt=1.8.0
[2025-07-03T21:26:37.834+0000] {subprocess.py:93} INFO - [0m21:26:37  Registered adapter: postgres=1.8.2
[2025-07-03T21:26:37.947+0000] {subprocess.py:93} INFO - [0m21:26:37  Unable to do partial parsing because saved manifest not found. Starting full parse.
[2025-07-03T21:26:39.642+0000] {subprocess.py:93} INFO - [0m21:26:39  Found 9 models, 10 sources, 428 macros
[2025-07-03T21:26:39.645+0000] {subprocess.py:93} INFO - [0m21:26:39
[2025-07-03T21:26:39.885+0000] {subprocess.py:93} INFO - [0m21:26:39  Concurrency: 1 threads (target='dev')
[2025-07-03T21:26:39.885+0000] {subprocess.py:93} INFO - [0m21:26:39
[2025-07-03T21:26:39.895+0000] {subprocess.py:93} INFO - [0m21:26:39  1 of 5 START sql table model driven_staging.dim_address ........................ [RUN]
[2025-07-03T21:26:40.063+0000] {subprocess.py:93} INFO - [0m21:26:40  1 of 5 OK created sql table model driven_staging.dim_address ................... [[32mSELECT 1101[0m in 0.16s]
[2025-07-03T21:26:40.066+0000] {subprocess.py:93} INFO - [0m21:26:40  2 of 5 START sql table model driven_staging.dim_date ........................... [RUN]
[2025-07-03T21:26:40.145+0000] {subprocess.py:93} INFO - [0m21:26:40  2 of 5 OK created sql table model driven_staging.dim_date ...................... [[32mSELECT 1101[0m in 0.08s]
[2025-07-03T21:26:40.148+0000] {subprocess.py:93} INFO - [0m21:26:40  3 of 5 START sql table model driven_staging.dim_finance ........................ [RUN]
[2025-07-03T21:26:40.222+0000] {subprocess.py:93} INFO - [0m21:26:40  3 of 5 OK created sql table model driven_staging.dim_finance ................... [[32mSELECT 1101[0m in 0.07s]
[2025-07-03T21:26:40.225+0000] {subprocess.py:93} INFO - [0m21:26:40  4 of 5 START sql table model driven_staging.dim_person ......................... [RUN]
[2025-07-03T21:26:40.297+0000] {subprocess.py:93} INFO - [0m21:26:40  4 of 5 OK created sql table model driven_staging.dim_person .................... [[32mSELECT 1101[0m in 0.07s]
[2025-07-03T21:26:40.300+0000] {subprocess.py:93} INFO - [0m21:26:40  5 of 5 START sql table model driven_staging.fact_network_usage ................. [RUN]
[2025-07-03T21:26:40.360+0000] {subprocess.py:93} INFO - [0m21:26:40  5 of 5 OK created sql table model driven_staging.fact_network_usage ............ [[32mSELECT 1101[0m in 0.06s]
[2025-07-03T21:26:40.379+0000] {subprocess.py:93} INFO - [0m21:26:40
[2025-07-03T21:26:40.381+0000] {subprocess.py:93} INFO - [0m21:26:40  Finished running 5 table models in 0 hours 0 minutes and 0.73 seconds (0.73s).
[2025-07-03T21:26:40.437+0000] {subprocess.py:93} INFO - [0m21:26:40
[2025-07-03T21:26:40.439+0000] {subprocess.py:93} INFO - [0m21:26:40  [32mCompleted successfully[0m
[2025-07-03T21:26:40.439+0000] {subprocess.py:93} INFO - [0m21:26:40
[2025-07-03T21:26:40.440+0000] {subprocess.py:93} INFO - [0m21:26:40  Done. PASS=5 WARN=0 ERROR=0 SKIP=0 TOTAL=5
[2025-07-03T21:26:41.332+0000] {subprocess.py:97} INFO - Command exited with return code 0
[2025-07-03T21:26:41.358+0000] {taskinstance.py:340} INFO - ::group::Post task execution logs
[2025-07-03T21:26:41.359+0000] {taskinstance.py:352} INFO - Marking task as SUCCESS. dag_id=extract_raw_data_pipeline, task_id=run_dbt_staging, run_id=manual__2025-07-03T21:26:29.352186+00:00, execution_date=20250703T212629, start_date=20250703T212635, end_date=20250703T212641
[2025-07-03T21:26:41.404+0000] {local_task_job_runner.py:266} INFO - Task exited with return code 0
[2025-07-03T21:26:41.421+0000] {taskinstance.py:3900} INFO - 1 downstream tasks scheduled from follow-on schedule check
[2025-07-03T21:26:41.426+0000] {local_task_job_runner.py:245} INFO - ::endgroup::
