[2025-07-03T04:09:46.916+0000] {local_task_job_runner.py:123} INFO - ::group::Pre task execution logs
[2025-07-03T04:09:46.939+0000] {taskinstance.py:2612} INFO - Dependencies all met for dep_context=non-requeueable deps ti=<TaskInstance: extract_raw_data_pipeline.drop_raw_table manual__2025-07-03T04:09:45.025408+00:00 [queued]>
[2025-07-03T04:09:46.950+0000] {taskinstance.py:2612} INFO - Dependencies all met for dep_context=requeueable deps ti=<TaskInstance: extract_raw_data_pipeline.drop_raw_table manual__2025-07-03T04:09:45.025408+00:00 [queued]>
[2025-07-03T04:09:46.951+0000] {taskinstance.py:2865} INFO - Starting attempt 1 of 1
[2025-07-03T04:09:46.977+0000] {taskinstance.py:2888} INFO - Executing <Task(SQLExecuteQueryOperator): drop_raw_table> on 2025-07-03 04:09:45.025408+00:00
[2025-07-03T04:09:46.986+0000] {warnings.py:112} WARNING - /home/***/.local/lib/python3.12/site-packages/***/task/task_runner/standard_task_runner.py:70: DeprecationWarning: This process (pid=81) is multi-threaded, use of fork() may lead to deadlocks in the child.
  pid = os.fork()

[2025-07-03T04:09:46.989+0000] {standard_task_runner.py:72} INFO - Started process 96 to run task
[2025-07-03T04:09:46.989+0000] {standard_task_runner.py:104} INFO - Running: ['***', 'tasks', 'run', 'extract_raw_data_pipeline', 'drop_raw_table', 'manual__2025-07-03T04:09:45.025408+00:00', '--job-id', '5', '--raw', '--subdir', 'DAGS_FOLDER/driven_data_pipeline.py', '--cfg-path', '/tmp/tmpn679fx_4']
[2025-07-03T04:09:46.991+0000] {standard_task_runner.py:105} INFO - Job 5: Subtask drop_raw_table
[2025-07-03T04:09:47.078+0000] {task_command.py:467} INFO - Running <TaskInstance: extract_raw_data_pipeline.drop_raw_table manual__2025-07-03T04:09:45.025408+00:00 [running]> on host 6000e8bcb2e1
[2025-07-03T04:09:47.178+0000] {taskinstance.py:3131} INFO - Exporting env vars: AIRFLOW_CTX_DAG_OWNER='***' AIRFLOW_CTX_DAG_ID='extract_raw_data_pipeline' AIRFLOW_CTX_TASK_ID='drop_raw_table' AIRFLOW_CTX_EXECUTION_DATE='2025-07-03T04:09:45.025408+00:00' AIRFLOW_CTX_TRY_NUMBER='1' AIRFLOW_CTX_DAG_RUN_ID='manual__2025-07-03T04:09:45.025408+00:00'
[2025-07-03T04:09:47.180+0000] {taskinstance.py:731} INFO - ::endgroup::
[2025-07-03T04:09:47.218+0000] {sql.py:266} INFO - Executing: DROP TABLE IF EXISTS driven_raw.raw_batch_data;
[2025-07-03T04:09:47.229+0000] {base.py:84} INFO - Retrieving connection 'postgres_conn'
[2025-07-03T04:09:47.244+0000] {base.py:84} INFO - Retrieving connection 'postgres_conn'
[2025-07-03T04:09:47.249+0000] {sql.py:509} INFO - Running statement: DROP TABLE IF EXISTS driven_raw.raw_batch_data;, parameters: None
[2025-07-03T04:09:47.260+0000] {taskinstance.py:340} INFO - ::group::Post task execution logs
[2025-07-03T04:09:47.261+0000] {taskinstance.py:352} INFO - Marking task as SUCCESS. dag_id=extract_raw_data_pipeline, task_id=drop_raw_table, run_id=manual__2025-07-03T04:09:45.025408+00:00, execution_date=20250703T040945, start_date=20250703T040946, end_date=20250703T040947
[2025-07-03T04:09:47.326+0000] {local_task_job_runner.py:266} INFO - Task exited with return code 0
[2025-07-03T04:09:47.336+0000] {local_task_job_runner.py:245} INFO - ::endgroup::
