[2025-07-01T23:52:15.872+0000] {local_task_job_runner.py:123} INFO - ::group::Pre task execution logs
[2025-07-01T23:52:15.892+0000] {taskinstance.py:2612} INFO - Dependencies all met for dep_context=non-requeueable deps ti=<TaskInstance: extract_raw_data_pipeline.extract_raw_data manual__2025-07-01T23:52:14.389474+00:00 [queued]>
[2025-07-01T23:52:15.903+0000] {taskinstance.py:2612} INFO - Dependencies all met for dep_context=requeueable deps ti=<TaskInstance: extract_raw_data_pipeline.extract_raw_data manual__2025-07-01T23:52:14.389474+00:00 [queued]>
[2025-07-01T23:52:15.904+0000] {taskinstance.py:2865} INFO - Starting attempt 1 of 1
[2025-07-01T23:52:15.933+0000] {taskinstance.py:2888} INFO - Executing <Task(PythonOperator): extract_raw_data> on 2025-07-01 23:52:14.389474+00:00
[2025-07-01T23:52:15.940+0000] {warnings.py:112} WARNING - /home/***/.local/lib/python3.12/site-packages/***/task/task_runner/standard_task_runner.py:70: DeprecationWarning: This process (pid=428) is multi-threaded, use of fork() may lead to deadlocks in the child.
  pid = os.fork()

[2025-07-01T23:52:15.942+0000] {standard_task_runner.py:72} INFO - Started process 432 to run task
[2025-07-01T23:52:15.943+0000] {standard_task_runner.py:104} INFO - Running: ['***', 'tasks', 'run', 'extract_raw_data_pipeline', 'extract_raw_data', 'manual__2025-07-01T23:52:14.389474+00:00', '--job-id', '22', '--raw', '--subdir', 'DAGS_FOLDER/driven_data_pipeline.py', '--cfg-path', '/tmp/tmpplgnyq8a']
[2025-07-01T23:52:15.945+0000] {standard_task_runner.py:105} INFO - Job 22: Subtask extract_raw_data
[2025-07-01T23:52:16.021+0000] {task_command.py:467} INFO - Running <TaskInstance: extract_raw_data_pipeline.extract_raw_data manual__2025-07-01T23:52:14.389474+00:00 [running]> on host a03092e219e5
[2025-07-01T23:52:16.105+0000] {taskinstance.py:3131} INFO - Exporting env vars: AIRFLOW_CTX_DAG_OWNER='***' AIRFLOW_CTX_DAG_ID='extract_raw_data_pipeline' AIRFLOW_CTX_TASK_ID='extract_raw_data' AIRFLOW_CTX_EXECUTION_DATE='2025-07-01T23:52:14.389474+00:00' AIRFLOW_CTX_TRY_NUMBER='1' AIRFLOW_CTX_DAG_RUN_ID='manual__2025-07-01T23:52:14.389474+00:00'
[2025-07-01T23:52:16.107+0000] {taskinstance.py:731} INFO - ::endgroup::
[2025-07-01T23:52:16.118+0000] {driven_data_pipeline.py:142} INFO - Started batch processing for 2025-07-01.
[2025-07-01T23:52:16.119+0000] {driven_data_pipeline.py:34} INFO - Created synthetic data for MX country code.
[2025-07-01T23:52:16.304+0000] {driven_data_pipeline.py:99} INFO - Written 695 records to the CSV file.
[2025-07-01T23:52:16.335+0000] {driven_data_pipeline.py:115} INFO - Added UUID to the dataset.
[2025-07-01T23:52:16.357+0000] {driven_data_pipeline.py:134} INFO - Updated accessed timestamp.
[2025-07-01T23:52:16.358+0000] {driven_data_pipeline.py:150} INFO - Finished batch processing 2025-07-01.
[2025-07-01T23:52:16.358+0000] {python.py:240} INFO - Done. Returned value was: None
[2025-07-01T23:52:16.368+0000] {taskinstance.py:340} INFO - ::group::Post task execution logs
[2025-07-01T23:52:16.368+0000] {taskinstance.py:352} INFO - Marking task as SUCCESS. dag_id=extract_raw_data_pipeline, task_id=extract_raw_data, run_id=manual__2025-07-01T23:52:14.389474+00:00, execution_date=20250701T235214, start_date=20250701T235215, end_date=20250701T235216
[2025-07-01T23:52:16.401+0000] {local_task_job_runner.py:266} INFO - Task exited with return code 0
[2025-07-01T23:52:16.427+0000] {taskinstance.py:3900} INFO - 1 downstream tasks scheduled from follow-on schedule check
[2025-07-01T23:52:16.431+0000] {local_task_job_runner.py:245} INFO - ::endgroup::
