[2025-07-02T00:24:20.425+0000] {local_task_job_runner.py:123} INFO - ::group::Pre task execution logs
[2025-07-02T00:24:20.439+0000] {taskinstance.py:2612} INFO - Dependencies all met for dep_context=non-requeueable deps ti=<TaskInstance: extract_raw_data_pipeline.extract_raw_data manual__2025-07-02T00:24:18.859047+00:00 [queued]>
[2025-07-02T00:24:20.447+0000] {taskinstance.py:2612} INFO - Dependencies all met for dep_context=requeueable deps ti=<TaskInstance: extract_raw_data_pipeline.extract_raw_data manual__2025-07-02T00:24:18.859047+00:00 [queued]>
[2025-07-02T00:24:20.448+0000] {taskinstance.py:2865} INFO - Starting attempt 1 of 1
[2025-07-02T00:24:20.461+0000] {taskinstance.py:2888} INFO - Executing <Task(PythonOperator): extract_raw_data> on 2025-07-02 00:24:18.859047+00:00
[2025-07-02T00:24:20.468+0000] {warnings.py:112} WARNING - /home/***/.local/lib/python3.12/site-packages/***/task/task_runner/standard_task_runner.py:70: DeprecationWarning: This process (pid=169) is multi-threaded, use of fork() may lead to deadlocks in the child.
  pid = os.fork()

[2025-07-02T00:24:20.470+0000] {standard_task_runner.py:104} INFO - Running: ['***', 'tasks', 'run', 'extract_raw_data_pipeline', 'extract_raw_data', 'manual__2025-07-02T00:24:18.859047+00:00', '--job-id', '13', '--raw', '--subdir', 'DAGS_FOLDER/driven_data_pipeline.py', '--cfg-path', '/tmp/tmpec2vo38i']
[2025-07-02T00:24:20.471+0000] {standard_task_runner.py:72} INFO - Started process 173 to run task
[2025-07-02T00:24:20.471+0000] {standard_task_runner.py:105} INFO - Job 13: Subtask extract_raw_data
[2025-07-02T00:24:20.533+0000] {task_command.py:467} INFO - Running <TaskInstance: extract_raw_data_pipeline.extract_raw_data manual__2025-07-02T00:24:18.859047+00:00 [running]> on host c67788e29347
[2025-07-02T00:24:20.608+0000] {taskinstance.py:3131} INFO - Exporting env vars: AIRFLOW_CTX_DAG_OWNER='***' AIRFLOW_CTX_DAG_ID='extract_raw_data_pipeline' AIRFLOW_CTX_TASK_ID='extract_raw_data' AIRFLOW_CTX_EXECUTION_DATE='2025-07-02T00:24:18.859047+00:00' AIRFLOW_CTX_TRY_NUMBER='1' AIRFLOW_CTX_DAG_RUN_ID='manual__2025-07-02T00:24:18.859047+00:00'
[2025-07-02T00:24:20.609+0000] {taskinstance.py:731} INFO - ::endgroup::
[2025-07-02T00:24:20.621+0000] {driven_data_pipeline.py:142} INFO - Started batch processing for 2025-07-02.
[2025-07-02T00:24:20.622+0000] {driven_data_pipeline.py:34} INFO - Created synthetic data for MX country code.
[2025-07-02T00:24:20.699+0000] {driven_data_pipeline.py:99} INFO - Written 132 records to the CSV file.
[2025-07-02T00:24:20.738+0000] {driven_data_pipeline.py:115} INFO - Added UUID to the dataset.
[2025-07-02T00:24:20.761+0000] {driven_data_pipeline.py:134} INFO - Updated accessed timestamp.
[2025-07-02T00:24:20.762+0000] {driven_data_pipeline.py:150} INFO - Finished batch processing 2025-07-02.
[2025-07-02T00:24:20.763+0000] {python.py:240} INFO - Done. Returned value was: None
[2025-07-02T00:24:20.773+0000] {taskinstance.py:340} INFO - ::group::Post task execution logs
[2025-07-02T00:24:20.773+0000] {taskinstance.py:352} INFO - Marking task as SUCCESS. dag_id=extract_raw_data_pipeline, task_id=extract_raw_data, run_id=manual__2025-07-02T00:24:18.859047+00:00, execution_date=20250702T002418, start_date=20250702T002420, end_date=20250702T002420
[2025-07-02T00:24:20.806+0000] {local_task_job_runner.py:266} INFO - Task exited with return code 0
[2025-07-02T00:24:20.827+0000] {taskinstance.py:3900} INFO - 1 downstream tasks scheduled from follow-on schedule check
[2025-07-02T00:24:20.832+0000] {local_task_job_runner.py:245} INFO - ::endgroup::
