[2025-06-26T22:43:35.825+0000] {processor.py:186} INFO - Started process (PID=103) to work on /home/airflow/.local/lib/python3.12/site-packages/airflow/example_dags/example_latest_only.py
[2025-06-26T22:43:35.826+0000] {processor.py:914} INFO - Processing file /home/airflow/.local/lib/python3.12/site-packages/airflow/example_dags/example_latest_only.py for tasks to queue
[2025-06-26T22:43:35.829+0000] {logging_mixin.py:190} INFO - [2025-06-26T22:43:35.828+0000] {dagbag.py:588} INFO - Filling up the DagBag from /home/airflow/.local/lib/python3.12/site-packages/airflow/example_dags/example_latest_only.py
[2025-06-26T22:43:35.836+0000] {processor.py:925} INFO - DAG(s) 'latest_only' retrieved from /home/airflow/.local/lib/python3.12/site-packages/airflow/example_dags/example_latest_only.py
[2025-06-26T22:43:35.932+0000] {logging_mixin.py:190} INFO - [2025-06-26T22:43:35.931+0000] {override.py:1900} INFO - Created Permission View: can read on DAG:latest_only
[2025-06-26T22:43:35.946+0000] {logging_mixin.py:190} INFO - [2025-06-26T22:43:35.946+0000] {override.py:1900} INFO - Created Permission View: can edit on DAG:latest_only
[2025-06-26T22:43:35.960+0000] {logging_mixin.py:190} INFO - [2025-06-26T22:43:35.959+0000] {override.py:1900} INFO - Created Permission View: can delete on DAG:latest_only
[2025-06-26T22:43:35.975+0000] {logging_mixin.py:190} INFO - [2025-06-26T22:43:35.974+0000] {override.py:1900} INFO - Created Permission View: can read on DAG Run:latest_only
[2025-06-26T22:43:35.983+0000] {logging_mixin.py:190} INFO - [2025-06-26T22:43:35.983+0000] {override.py:1900} INFO - Created Permission View: can delete on DAG Run:latest_only
[2025-06-26T22:43:35.991+0000] {logging_mixin.py:190} INFO - [2025-06-26T22:43:35.991+0000] {override.py:1900} INFO - Created Permission View: menu access on DAG Run:latest_only
[2025-06-26T22:43:35.999+0000] {logging_mixin.py:190} INFO - [2025-06-26T22:43:35.999+0000] {override.py:1900} INFO - Created Permission View: can create on DAG Run:latest_only
[2025-06-26T22:43:36.001+0000] {logging_mixin.py:190} INFO - [2025-06-26T22:43:36.001+0000] {dag.py:3239} INFO - Sync 1 DAGs
[2025-06-26T22:43:36.011+0000] {logging_mixin.py:190} INFO - [2025-06-26T22:43:36.011+0000] {dag.py:3262} INFO - Creating ORM DAG for latest_only
[2025-06-26T22:43:36.021+0000] {logging_mixin.py:190} INFO - [2025-06-26T22:43:36.021+0000] {dag.py:4180} INFO - Setting next_dagrun for latest_only to 2025-06-26 16:00:00+00:00, run_after=2025-06-26 20:00:00+00:00
[2025-06-26T22:43:36.039+0000] {processor.py:208} INFO - Processing /home/airflow/.local/lib/python3.12/site-packages/airflow/example_dags/example_latest_only.py took 0.219 seconds
[2025-06-26T22:44:06.248+0000] {processor.py:186} INFO - Started process (PID=165) to work on /home/airflow/.local/lib/python3.12/site-packages/airflow/example_dags/example_latest_only.py
[2025-06-26T22:44:06.249+0000] {processor.py:914} INFO - Processing file /home/airflow/.local/lib/python3.12/site-packages/airflow/example_dags/example_latest_only.py for tasks to queue
[2025-06-26T22:44:06.252+0000] {logging_mixin.py:190} INFO - [2025-06-26T22:44:06.251+0000] {dagbag.py:588} INFO - Filling up the DagBag from /home/airflow/.local/lib/python3.12/site-packages/airflow/example_dags/example_latest_only.py
[2025-06-26T22:44:06.259+0000] {processor.py:925} INFO - DAG(s) 'latest_only' retrieved from /home/airflow/.local/lib/python3.12/site-packages/airflow/example_dags/example_latest_only.py
[2025-06-26T22:44:06.280+0000] {logging_mixin.py:190} INFO - [2025-06-26T22:44:06.280+0000] {dag.py:3239} INFO - Sync 1 DAGs
[2025-06-26T22:44:06.300+0000] {logging_mixin.py:190} INFO - [2025-06-26T22:44:06.300+0000] {dag.py:4180} INFO - Setting next_dagrun for latest_only to 2025-06-26 16:00:00+00:00, run_after=2025-06-26 20:00:00+00:00
[2025-06-26T22:44:06.321+0000] {processor.py:208} INFO - Processing /home/airflow/.local/lib/python3.12/site-packages/airflow/example_dags/example_latest_only.py took 0.080 seconds
[2025-06-26T22:44:36.776+0000] {processor.py:186} INFO - Started process (PID=227) to work on /home/airflow/.local/lib/python3.12/site-packages/airflow/example_dags/example_latest_only.py
[2025-06-26T22:44:36.777+0000] {processor.py:914} INFO - Processing file /home/airflow/.local/lib/python3.12/site-packages/airflow/example_dags/example_latest_only.py for tasks to queue
[2025-06-26T22:44:36.779+0000] {logging_mixin.py:190} INFO - [2025-06-26T22:44:36.779+0000] {dagbag.py:588} INFO - Filling up the DagBag from /home/airflow/.local/lib/python3.12/site-packages/airflow/example_dags/example_latest_only.py
[2025-06-26T22:44:36.787+0000] {processor.py:925} INFO - DAG(s) 'latest_only' retrieved from /home/airflow/.local/lib/python3.12/site-packages/airflow/example_dags/example_latest_only.py
[2025-06-26T22:44:36.806+0000] {logging_mixin.py:190} INFO - [2025-06-26T22:44:36.806+0000] {dag.py:3239} INFO - Sync 1 DAGs
[2025-06-26T22:44:36.827+0000] {logging_mixin.py:190} INFO - [2025-06-26T22:44:36.827+0000] {dag.py:4180} INFO - Setting next_dagrun for latest_only to 2025-06-26 16:00:00+00:00, run_after=2025-06-26 20:00:00+00:00
[2025-06-26T22:44:36.845+0000] {processor.py:208} INFO - Processing /home/airflow/.local/lib/python3.12/site-packages/airflow/example_dags/example_latest_only.py took 0.075 seconds
[2025-06-26T22:45:07.162+0000] {processor.py:186} INFO - Started process (PID=289) to work on /home/airflow/.local/lib/python3.12/site-packages/airflow/example_dags/example_latest_only.py
[2025-06-26T22:45:07.163+0000] {processor.py:914} INFO - Processing file /home/airflow/.local/lib/python3.12/site-packages/airflow/example_dags/example_latest_only.py for tasks to queue
[2025-06-26T22:45:07.166+0000] {logging_mixin.py:190} INFO - [2025-06-26T22:45:07.165+0000] {dagbag.py:588} INFO - Filling up the DagBag from /home/airflow/.local/lib/python3.12/site-packages/airflow/example_dags/example_latest_only.py
[2025-06-26T22:45:07.172+0000] {processor.py:925} INFO - DAG(s) 'latest_only' retrieved from /home/airflow/.local/lib/python3.12/site-packages/airflow/example_dags/example_latest_only.py
[2025-06-26T22:45:07.190+0000] {logging_mixin.py:190} INFO - [2025-06-26T22:45:07.190+0000] {dag.py:3239} INFO - Sync 1 DAGs
[2025-06-26T22:45:07.210+0000] {logging_mixin.py:190} INFO - [2025-06-26T22:45:07.210+0000] {dag.py:4180} INFO - Setting next_dagrun for latest_only to 2025-06-26 16:00:00+00:00, run_after=2025-06-26 20:00:00+00:00
[2025-06-26T22:45:07.228+0000] {processor.py:208} INFO - Processing /home/airflow/.local/lib/python3.12/site-packages/airflow/example_dags/example_latest_only.py took 0.071 seconds
[2025-06-26T22:45:37.463+0000] {processor.py:186} INFO - Started process (PID=351) to work on /home/airflow/.local/lib/python3.12/site-packages/airflow/example_dags/example_latest_only.py
[2025-06-26T22:45:37.464+0000] {processor.py:914} INFO - Processing file /home/airflow/.local/lib/python3.12/site-packages/airflow/example_dags/example_latest_only.py for tasks to queue
[2025-06-26T22:45:37.467+0000] {logging_mixin.py:190} INFO - [2025-06-26T22:45:37.466+0000] {dagbag.py:588} INFO - Filling up the DagBag from /home/airflow/.local/lib/python3.12/site-packages/airflow/example_dags/example_latest_only.py
[2025-06-26T22:45:37.473+0000] {processor.py:925} INFO - DAG(s) 'latest_only' retrieved from /home/airflow/.local/lib/python3.12/site-packages/airflow/example_dags/example_latest_only.py
[2025-06-26T22:45:37.489+0000] {logging_mixin.py:190} INFO - [2025-06-26T22:45:37.489+0000] {dag.py:3239} INFO - Sync 1 DAGs
[2025-06-26T22:45:37.510+0000] {logging_mixin.py:190} INFO - [2025-06-26T22:45:37.510+0000] {dag.py:4180} INFO - Setting next_dagrun for latest_only to 2025-06-26 16:00:00+00:00, run_after=2025-06-26 20:00:00+00:00
[2025-06-26T22:45:37.531+0000] {processor.py:208} INFO - Processing /home/airflow/.local/lib/python3.12/site-packages/airflow/example_dags/example_latest_only.py took 0.073 seconds
[2025-06-26T22:46:08.015+0000] {processor.py:186} INFO - Started process (PID=413) to work on /home/airflow/.local/lib/python3.12/site-packages/airflow/example_dags/example_latest_only.py
[2025-06-26T22:46:08.017+0000] {processor.py:914} INFO - Processing file /home/airflow/.local/lib/python3.12/site-packages/airflow/example_dags/example_latest_only.py for tasks to queue
[2025-06-26T22:46:08.019+0000] {logging_mixin.py:190} INFO - [2025-06-26T22:46:08.019+0000] {dagbag.py:588} INFO - Filling up the DagBag from /home/airflow/.local/lib/python3.12/site-packages/airflow/example_dags/example_latest_only.py
[2025-06-26T22:46:08.026+0000] {processor.py:925} INFO - DAG(s) 'latest_only' retrieved from /home/airflow/.local/lib/python3.12/site-packages/airflow/example_dags/example_latest_only.py
[2025-06-26T22:46:08.049+0000] {logging_mixin.py:190} INFO - [2025-06-26T22:46:08.049+0000] {dag.py:3239} INFO - Sync 1 DAGs
[2025-06-26T22:46:08.076+0000] {logging_mixin.py:190} INFO - [2025-06-26T22:46:08.076+0000] {dag.py:4180} INFO - Setting next_dagrun for latest_only to 2025-06-26 16:00:00+00:00, run_after=2025-06-26 20:00:00+00:00
[2025-06-26T22:46:08.091+0000] {processor.py:208} INFO - Processing /home/airflow/.local/lib/python3.12/site-packages/airflow/example_dags/example_latest_only.py took 0.082 seconds
[2025-06-26T22:46:38.623+0000] {processor.py:186} INFO - Started process (PID=475) to work on /home/airflow/.local/lib/python3.12/site-packages/airflow/example_dags/example_latest_only.py
[2025-06-26T22:46:38.624+0000] {processor.py:914} INFO - Processing file /home/airflow/.local/lib/python3.12/site-packages/airflow/example_dags/example_latest_only.py for tasks to queue
[2025-06-26T22:46:38.626+0000] {logging_mixin.py:190} INFO - [2025-06-26T22:46:38.626+0000] {dagbag.py:588} INFO - Filling up the DagBag from /home/airflow/.local/lib/python3.12/site-packages/airflow/example_dags/example_latest_only.py
[2025-06-26T22:46:38.634+0000] {processor.py:925} INFO - DAG(s) 'latest_only' retrieved from /home/airflow/.local/lib/python3.12/site-packages/airflow/example_dags/example_latest_only.py
[2025-06-26T22:46:38.652+0000] {logging_mixin.py:190} INFO - [2025-06-26T22:46:38.652+0000] {dag.py:3239} INFO - Sync 1 DAGs
[2025-06-26T22:46:38.674+0000] {logging_mixin.py:190} INFO - [2025-06-26T22:46:38.674+0000] {dag.py:4180} INFO - Setting next_dagrun for latest_only to 2025-06-26 16:00:00+00:00, run_after=2025-06-26 20:00:00+00:00
[2025-06-26T22:46:38.694+0000] {processor.py:208} INFO - Processing /home/airflow/.local/lib/python3.12/site-packages/airflow/example_dags/example_latest_only.py took 0.076 seconds
[2025-06-26T22:47:08.936+0000] {processor.py:186} INFO - Started process (PID=537) to work on /home/airflow/.local/lib/python3.12/site-packages/airflow/example_dags/example_latest_only.py
[2025-06-26T22:47:08.938+0000] {processor.py:914} INFO - Processing file /home/airflow/.local/lib/python3.12/site-packages/airflow/example_dags/example_latest_only.py for tasks to queue
[2025-06-26T22:47:08.940+0000] {logging_mixin.py:190} INFO - [2025-06-26T22:47:08.940+0000] {dagbag.py:588} INFO - Filling up the DagBag from /home/airflow/.local/lib/python3.12/site-packages/airflow/example_dags/example_latest_only.py
[2025-06-26T22:47:08.947+0000] {processor.py:925} INFO - DAG(s) 'latest_only' retrieved from /home/airflow/.local/lib/python3.12/site-packages/airflow/example_dags/example_latest_only.py
[2025-06-26T22:47:08.965+0000] {logging_mixin.py:190} INFO - [2025-06-26T22:47:08.965+0000] {dag.py:3239} INFO - Sync 1 DAGs
[2025-06-26T22:47:08.989+0000] {logging_mixin.py:190} INFO - [2025-06-26T22:47:08.988+0000] {dag.py:4180} INFO - Setting next_dagrun for latest_only to 2025-06-26 16:00:00+00:00, run_after=2025-06-26 20:00:00+00:00
[2025-06-26T22:47:09.006+0000] {processor.py:208} INFO - Processing /home/airflow/.local/lib/python3.12/site-packages/airflow/example_dags/example_latest_only.py took 0.076 seconds
[2025-06-26T22:47:39.360+0000] {processor.py:186} INFO - Started process (PID=599) to work on /home/airflow/.local/lib/python3.12/site-packages/airflow/example_dags/example_latest_only.py
[2025-06-26T22:47:39.361+0000] {processor.py:914} INFO - Processing file /home/airflow/.local/lib/python3.12/site-packages/airflow/example_dags/example_latest_only.py for tasks to queue
[2025-06-26T22:47:39.363+0000] {logging_mixin.py:190} INFO - [2025-06-26T22:47:39.362+0000] {dagbag.py:588} INFO - Filling up the DagBag from /home/airflow/.local/lib/python3.12/site-packages/airflow/example_dags/example_latest_only.py
[2025-06-26T22:47:39.369+0000] {processor.py:925} INFO - DAG(s) 'latest_only' retrieved from /home/airflow/.local/lib/python3.12/site-packages/airflow/example_dags/example_latest_only.py
[2025-06-26T22:47:39.386+0000] {logging_mixin.py:190} INFO - [2025-06-26T22:47:39.386+0000] {dag.py:3239} INFO - Sync 1 DAGs
[2025-06-26T22:47:39.405+0000] {logging_mixin.py:190} INFO - [2025-06-26T22:47:39.405+0000] {dag.py:4180} INFO - Setting next_dagrun for latest_only to 2025-06-26 16:00:00+00:00, run_after=2025-06-26 20:00:00+00:00
[2025-06-26T22:47:39.424+0000] {processor.py:208} INFO - Processing /home/airflow/.local/lib/python3.12/site-packages/airflow/example_dags/example_latest_only.py took 0.070 seconds
[2025-06-26T22:48:09.692+0000] {processor.py:186} INFO - Started process (PID=661) to work on /home/airflow/.local/lib/python3.12/site-packages/airflow/example_dags/example_latest_only.py
[2025-06-26T22:48:09.693+0000] {processor.py:914} INFO - Processing file /home/airflow/.local/lib/python3.12/site-packages/airflow/example_dags/example_latest_only.py for tasks to queue
[2025-06-26T22:48:09.695+0000] {logging_mixin.py:190} INFO - [2025-06-26T22:48:09.695+0000] {dagbag.py:588} INFO - Filling up the DagBag from /home/airflow/.local/lib/python3.12/site-packages/airflow/example_dags/example_latest_only.py
[2025-06-26T22:48:09.702+0000] {processor.py:925} INFO - DAG(s) 'latest_only' retrieved from /home/airflow/.local/lib/python3.12/site-packages/airflow/example_dags/example_latest_only.py
[2025-06-26T22:48:09.720+0000] {logging_mixin.py:190} INFO - [2025-06-26T22:48:09.720+0000] {dag.py:3239} INFO - Sync 1 DAGs
[2025-06-26T22:48:09.741+0000] {logging_mixin.py:190} INFO - [2025-06-26T22:48:09.740+0000] {dag.py:4180} INFO - Setting next_dagrun for latest_only to 2025-06-26 16:00:00+00:00, run_after=2025-06-26 20:00:00+00:00
[2025-06-26T22:48:09.758+0000] {processor.py:208} INFO - Processing /home/airflow/.local/lib/python3.12/site-packages/airflow/example_dags/example_latest_only.py took 0.071 seconds
[2025-06-26T22:48:40.019+0000] {processor.py:186} INFO - Started process (PID=723) to work on /home/airflow/.local/lib/python3.12/site-packages/airflow/example_dags/example_latest_only.py
[2025-06-26T22:48:40.020+0000] {processor.py:914} INFO - Processing file /home/airflow/.local/lib/python3.12/site-packages/airflow/example_dags/example_latest_only.py for tasks to queue
[2025-06-26T22:48:40.025+0000] {logging_mixin.py:190} INFO - [2025-06-26T22:48:40.024+0000] {dagbag.py:588} INFO - Filling up the DagBag from /home/airflow/.local/lib/python3.12/site-packages/airflow/example_dags/example_latest_only.py
[2025-06-26T22:48:40.032+0000] {processor.py:925} INFO - DAG(s) 'latest_only' retrieved from /home/airflow/.local/lib/python3.12/site-packages/airflow/example_dags/example_latest_only.py
[2025-06-26T22:48:40.052+0000] {logging_mixin.py:190} INFO - [2025-06-26T22:48:40.052+0000] {dag.py:3239} INFO - Sync 1 DAGs
[2025-06-26T22:48:40.074+0000] {logging_mixin.py:190} INFO - [2025-06-26T22:48:40.074+0000] {dag.py:4180} INFO - Setting next_dagrun for latest_only to 2025-06-26 16:00:00+00:00, run_after=2025-06-26 20:00:00+00:00
[2025-06-26T22:48:40.092+0000] {processor.py:208} INFO - Processing /home/airflow/.local/lib/python3.12/site-packages/airflow/example_dags/example_latest_only.py took 0.078 seconds
[2025-06-26T22:49:10.330+0000] {processor.py:186} INFO - Started process (PID=785) to work on /home/airflow/.local/lib/python3.12/site-packages/airflow/example_dags/example_latest_only.py
[2025-06-26T22:49:10.331+0000] {processor.py:914} INFO - Processing file /home/airflow/.local/lib/python3.12/site-packages/airflow/example_dags/example_latest_only.py for tasks to queue
[2025-06-26T22:49:10.334+0000] {logging_mixin.py:190} INFO - [2025-06-26T22:49:10.334+0000] {dagbag.py:588} INFO - Filling up the DagBag from /home/airflow/.local/lib/python3.12/site-packages/airflow/example_dags/example_latest_only.py
[2025-06-26T22:49:10.341+0000] {processor.py:925} INFO - DAG(s) 'latest_only' retrieved from /home/airflow/.local/lib/python3.12/site-packages/airflow/example_dags/example_latest_only.py
[2025-06-26T22:49:10.360+0000] {logging_mixin.py:190} INFO - [2025-06-26T22:49:10.360+0000] {dag.py:3239} INFO - Sync 1 DAGs
[2025-06-26T22:49:10.381+0000] {logging_mixin.py:190} INFO - [2025-06-26T22:49:10.381+0000] {dag.py:4180} INFO - Setting next_dagrun for latest_only to 2025-06-26 16:00:00+00:00, run_after=2025-06-26 20:00:00+00:00
[2025-06-26T22:49:10.402+0000] {processor.py:208} INFO - Processing /home/airflow/.local/lib/python3.12/site-packages/airflow/example_dags/example_latest_only.py took 0.077 seconds
[2025-06-26T22:49:40.689+0000] {processor.py:186} INFO - Started process (PID=847) to work on /home/airflow/.local/lib/python3.12/site-packages/airflow/example_dags/example_latest_only.py
[2025-06-26T22:49:40.690+0000] {processor.py:914} INFO - Processing file /home/airflow/.local/lib/python3.12/site-packages/airflow/example_dags/example_latest_only.py for tasks to queue
[2025-06-26T22:49:40.693+0000] {logging_mixin.py:190} INFO - [2025-06-26T22:49:40.692+0000] {dagbag.py:588} INFO - Filling up the DagBag from /home/airflow/.local/lib/python3.12/site-packages/airflow/example_dags/example_latest_only.py
[2025-06-26T22:49:40.699+0000] {processor.py:925} INFO - DAG(s) 'latest_only' retrieved from /home/airflow/.local/lib/python3.12/site-packages/airflow/example_dags/example_latest_only.py
[2025-06-26T22:49:40.717+0000] {logging_mixin.py:190} INFO - [2025-06-26T22:49:40.717+0000] {dag.py:3239} INFO - Sync 1 DAGs
[2025-06-26T22:49:40.739+0000] {logging_mixin.py:190} INFO - [2025-06-26T22:49:40.738+0000] {dag.py:4180} INFO - Setting next_dagrun for latest_only to 2025-06-26 16:00:00+00:00, run_after=2025-06-26 20:00:00+00:00
[2025-06-26T22:49:40.757+0000] {processor.py:208} INFO - Processing /home/airflow/.local/lib/python3.12/site-packages/airflow/example_dags/example_latest_only.py took 0.073 seconds
[2025-06-26T22:50:11.134+0000] {processor.py:186} INFO - Started process (PID=909) to work on /home/airflow/.local/lib/python3.12/site-packages/airflow/example_dags/example_latest_only.py
[2025-06-26T22:50:11.135+0000] {processor.py:914} INFO - Processing file /home/airflow/.local/lib/python3.12/site-packages/airflow/example_dags/example_latest_only.py for tasks to queue
[2025-06-26T22:50:11.138+0000] {logging_mixin.py:190} INFO - [2025-06-26T22:50:11.138+0000] {dagbag.py:588} INFO - Filling up the DagBag from /home/airflow/.local/lib/python3.12/site-packages/airflow/example_dags/example_latest_only.py
[2025-06-26T22:50:11.145+0000] {processor.py:925} INFO - DAG(s) 'latest_only' retrieved from /home/airflow/.local/lib/python3.12/site-packages/airflow/example_dags/example_latest_only.py
[2025-06-26T22:50:11.163+0000] {logging_mixin.py:190} INFO - [2025-06-26T22:50:11.162+0000] {dag.py:3239} INFO - Sync 1 DAGs
[2025-06-26T22:50:11.183+0000] {logging_mixin.py:190} INFO - [2025-06-26T22:50:11.183+0000] {dag.py:4180} INFO - Setting next_dagrun for latest_only to 2025-06-26 16:00:00+00:00, run_after=2025-06-26 20:00:00+00:00
[2025-06-26T22:50:11.199+0000] {processor.py:208} INFO - Processing /home/airflow/.local/lib/python3.12/site-packages/airflow/example_dags/example_latest_only.py took 0.071 seconds
[2025-06-26T22:50:41.500+0000] {processor.py:186} INFO - Started process (PID=970) to work on /home/airflow/.local/lib/python3.12/site-packages/airflow/example_dags/example_latest_only.py
[2025-06-26T22:50:41.501+0000] {processor.py:914} INFO - Processing file /home/airflow/.local/lib/python3.12/site-packages/airflow/example_dags/example_latest_only.py for tasks to queue
[2025-06-26T22:50:41.504+0000] {logging_mixin.py:190} INFO - [2025-06-26T22:50:41.504+0000] {dagbag.py:588} INFO - Filling up the DagBag from /home/airflow/.local/lib/python3.12/site-packages/airflow/example_dags/example_latest_only.py
[2025-06-26T22:50:41.512+0000] {processor.py:925} INFO - DAG(s) 'latest_only' retrieved from /home/airflow/.local/lib/python3.12/site-packages/airflow/example_dags/example_latest_only.py
[2025-06-26T22:50:41.535+0000] {logging_mixin.py:190} INFO - [2025-06-26T22:50:41.535+0000] {dag.py:3239} INFO - Sync 1 DAGs
[2025-06-26T22:50:41.558+0000] {logging_mixin.py:190} INFO - [2025-06-26T22:50:41.557+0000] {dag.py:4180} INFO - Setting next_dagrun for latest_only to 2025-06-26 16:00:00+00:00, run_after=2025-06-26 20:00:00+00:00
[2025-06-26T22:50:41.588+0000] {processor.py:208} INFO - Processing /home/airflow/.local/lib/python3.12/site-packages/airflow/example_dags/example_latest_only.py took 0.093 seconds
[2025-06-26T22:51:12.055+0000] {processor.py:186} INFO - Started process (PID=1032) to work on /home/airflow/.local/lib/python3.12/site-packages/airflow/example_dags/example_latest_only.py
[2025-06-26T22:51:12.056+0000] {processor.py:914} INFO - Processing file /home/airflow/.local/lib/python3.12/site-packages/airflow/example_dags/example_latest_only.py for tasks to queue
[2025-06-26T22:51:12.058+0000] {logging_mixin.py:190} INFO - [2025-06-26T22:51:12.058+0000] {dagbag.py:588} INFO - Filling up the DagBag from /home/airflow/.local/lib/python3.12/site-packages/airflow/example_dags/example_latest_only.py
[2025-06-26T22:51:12.065+0000] {processor.py:925} INFO - DAG(s) 'latest_only' retrieved from /home/airflow/.local/lib/python3.12/site-packages/airflow/example_dags/example_latest_only.py
[2025-06-26T22:51:12.084+0000] {logging_mixin.py:190} INFO - [2025-06-26T22:51:12.083+0000] {dag.py:3239} INFO - Sync 1 DAGs
[2025-06-26T22:51:12.103+0000] {logging_mixin.py:190} INFO - [2025-06-26T22:51:12.103+0000] {dag.py:4180} INFO - Setting next_dagrun for latest_only to 2025-06-26 16:00:00+00:00, run_after=2025-06-26 20:00:00+00:00
[2025-06-26T22:51:12.119+0000] {processor.py:208} INFO - Processing /home/airflow/.local/lib/python3.12/site-packages/airflow/example_dags/example_latest_only.py took 0.070 seconds
[2025-06-26T22:51:42.418+0000] {processor.py:186} INFO - Started process (PID=1094) to work on /home/airflow/.local/lib/python3.12/site-packages/airflow/example_dags/example_latest_only.py
[2025-06-26T22:51:42.419+0000] {processor.py:914} INFO - Processing file /home/airflow/.local/lib/python3.12/site-packages/airflow/example_dags/example_latest_only.py for tasks to queue
[2025-06-26T22:51:42.421+0000] {logging_mixin.py:190} INFO - [2025-06-26T22:51:42.421+0000] {dagbag.py:588} INFO - Filling up the DagBag from /home/airflow/.local/lib/python3.12/site-packages/airflow/example_dags/example_latest_only.py
[2025-06-26T22:51:42.428+0000] {processor.py:925} INFO - DAG(s) 'latest_only' retrieved from /home/airflow/.local/lib/python3.12/site-packages/airflow/example_dags/example_latest_only.py
[2025-06-26T22:51:42.447+0000] {logging_mixin.py:190} INFO - [2025-06-26T22:51:42.447+0000] {dag.py:3239} INFO - Sync 1 DAGs
[2025-06-26T22:51:42.470+0000] {logging_mixin.py:190} INFO - [2025-06-26T22:51:42.470+0000] {dag.py:4180} INFO - Setting next_dagrun for latest_only to 2025-06-26 16:00:00+00:00, run_after=2025-06-26 20:00:00+00:00
[2025-06-26T22:51:42.489+0000] {processor.py:208} INFO - Processing /home/airflow/.local/lib/python3.12/site-packages/airflow/example_dags/example_latest_only.py took 0.076 seconds
[2025-06-26T22:52:12.726+0000] {processor.py:186} INFO - Started process (PID=1156) to work on /home/airflow/.local/lib/python3.12/site-packages/airflow/example_dags/example_latest_only.py
[2025-06-26T22:52:12.727+0000] {processor.py:914} INFO - Processing file /home/airflow/.local/lib/python3.12/site-packages/airflow/example_dags/example_latest_only.py for tasks to queue
[2025-06-26T22:52:12.730+0000] {logging_mixin.py:190} INFO - [2025-06-26T22:52:12.729+0000] {dagbag.py:588} INFO - Filling up the DagBag from /home/airflow/.local/lib/python3.12/site-packages/airflow/example_dags/example_latest_only.py
[2025-06-26T22:52:12.737+0000] {processor.py:925} INFO - DAG(s) 'latest_only' retrieved from /home/airflow/.local/lib/python3.12/site-packages/airflow/example_dags/example_latest_only.py
[2025-06-26T22:52:12.755+0000] {logging_mixin.py:190} INFO - [2025-06-26T22:52:12.755+0000] {dag.py:3239} INFO - Sync 1 DAGs
[2025-06-26T22:52:12.774+0000] {logging_mixin.py:190} INFO - [2025-06-26T22:52:12.773+0000] {dag.py:4180} INFO - Setting next_dagrun for latest_only to 2025-06-26 16:00:00+00:00, run_after=2025-06-26 20:00:00+00:00
[2025-06-26T22:52:12.790+0000] {processor.py:208} INFO - Processing /home/airflow/.local/lib/python3.12/site-packages/airflow/example_dags/example_latest_only.py took 0.069 seconds
[2025-06-26T22:52:43.741+0000] {processor.py:186} INFO - Started process (PID=1218) to work on /home/airflow/.local/lib/python3.12/site-packages/airflow/example_dags/example_latest_only.py
[2025-06-26T22:52:43.742+0000] {processor.py:914} INFO - Processing file /home/airflow/.local/lib/python3.12/site-packages/airflow/example_dags/example_latest_only.py for tasks to queue
[2025-06-26T22:52:43.744+0000] {logging_mixin.py:190} INFO - [2025-06-26T22:52:43.744+0000] {dagbag.py:588} INFO - Filling up the DagBag from /home/airflow/.local/lib/python3.12/site-packages/airflow/example_dags/example_latest_only.py
[2025-06-26T22:52:43.751+0000] {processor.py:925} INFO - DAG(s) 'latest_only' retrieved from /home/airflow/.local/lib/python3.12/site-packages/airflow/example_dags/example_latest_only.py
[2025-06-26T22:52:43.769+0000] {logging_mixin.py:190} INFO - [2025-06-26T22:52:43.769+0000] {dag.py:3239} INFO - Sync 1 DAGs
[2025-06-26T22:52:43.792+0000] {logging_mixin.py:190} INFO - [2025-06-26T22:52:43.792+0000] {dag.py:4180} INFO - Setting next_dagrun for latest_only to 2025-06-26 16:00:00+00:00, run_after=2025-06-26 20:00:00+00:00
[2025-06-26T22:52:43.809+0000] {processor.py:208} INFO - Processing /home/airflow/.local/lib/python3.12/site-packages/airflow/example_dags/example_latest_only.py took 0.074 seconds
[2025-06-26T22:53:14.250+0000] {processor.py:186} INFO - Started process (PID=1280) to work on /home/airflow/.local/lib/python3.12/site-packages/airflow/example_dags/example_latest_only.py
[2025-06-26T22:53:14.251+0000] {processor.py:914} INFO - Processing file /home/airflow/.local/lib/python3.12/site-packages/airflow/example_dags/example_latest_only.py for tasks to queue
[2025-06-26T22:53:14.254+0000] {logging_mixin.py:190} INFO - [2025-06-26T22:53:14.253+0000] {dagbag.py:588} INFO - Filling up the DagBag from /home/airflow/.local/lib/python3.12/site-packages/airflow/example_dags/example_latest_only.py
[2025-06-26T22:53:14.261+0000] {processor.py:925} INFO - DAG(s) 'latest_only' retrieved from /home/airflow/.local/lib/python3.12/site-packages/airflow/example_dags/example_latest_only.py
[2025-06-26T22:53:14.279+0000] {logging_mixin.py:190} INFO - [2025-06-26T22:53:14.278+0000] {dag.py:3239} INFO - Sync 1 DAGs
[2025-06-26T22:53:14.301+0000] {logging_mixin.py:190} INFO - [2025-06-26T22:53:14.301+0000] {dag.py:4180} INFO - Setting next_dagrun for latest_only to 2025-06-26 16:00:00+00:00, run_after=2025-06-26 20:00:00+00:00
[2025-06-26T22:53:14.319+0000] {processor.py:208} INFO - Processing /home/airflow/.local/lib/python3.12/site-packages/airflow/example_dags/example_latest_only.py took 0.075 seconds
[2025-06-26T22:53:44.530+0000] {processor.py:186} INFO - Started process (PID=1342) to work on /home/airflow/.local/lib/python3.12/site-packages/airflow/example_dags/example_latest_only.py
[2025-06-26T22:53:44.531+0000] {processor.py:914} INFO - Processing file /home/airflow/.local/lib/python3.12/site-packages/airflow/example_dags/example_latest_only.py for tasks to queue
[2025-06-26T22:53:44.534+0000] {logging_mixin.py:190} INFO - [2025-06-26T22:53:44.534+0000] {dagbag.py:588} INFO - Filling up the DagBag from /home/airflow/.local/lib/python3.12/site-packages/airflow/example_dags/example_latest_only.py
[2025-06-26T22:53:44.543+0000] {processor.py:925} INFO - DAG(s) 'latest_only' retrieved from /home/airflow/.local/lib/python3.12/site-packages/airflow/example_dags/example_latest_only.py
[2025-06-26T22:53:44.562+0000] {logging_mixin.py:190} INFO - [2025-06-26T22:53:44.562+0000] {dag.py:3239} INFO - Sync 1 DAGs
[2025-06-26T22:53:44.584+0000] {logging_mixin.py:190} INFO - [2025-06-26T22:53:44.584+0000] {dag.py:4180} INFO - Setting next_dagrun for latest_only to 2025-06-26 16:00:00+00:00, run_after=2025-06-26 20:00:00+00:00
[2025-06-26T22:53:44.608+0000] {processor.py:208} INFO - Processing /home/airflow/.local/lib/python3.12/site-packages/airflow/example_dags/example_latest_only.py took 0.084 seconds
[2025-06-26T22:54:14.975+0000] {processor.py:186} INFO - Started process (PID=1404) to work on /home/airflow/.local/lib/python3.12/site-packages/airflow/example_dags/example_latest_only.py
[2025-06-26T22:54:14.976+0000] {processor.py:914} INFO - Processing file /home/airflow/.local/lib/python3.12/site-packages/airflow/example_dags/example_latest_only.py for tasks to queue
[2025-06-26T22:54:14.979+0000] {logging_mixin.py:190} INFO - [2025-06-26T22:54:14.979+0000] {dagbag.py:588} INFO - Filling up the DagBag from /home/airflow/.local/lib/python3.12/site-packages/airflow/example_dags/example_latest_only.py
[2025-06-26T22:54:14.990+0000] {processor.py:925} INFO - DAG(s) 'latest_only' retrieved from /home/airflow/.local/lib/python3.12/site-packages/airflow/example_dags/example_latest_only.py
[2025-06-26T22:54:15.016+0000] {logging_mixin.py:190} INFO - [2025-06-26T22:54:15.016+0000] {dag.py:3239} INFO - Sync 1 DAGs
[2025-06-26T22:54:15.057+0000] {logging_mixin.py:190} INFO - [2025-06-26T22:54:15.056+0000] {dag.py:4180} INFO - Setting next_dagrun for latest_only to 2025-06-26 16:00:00+00:00, run_after=2025-06-26 20:00:00+00:00
[2025-06-26T22:54:15.093+0000] {processor.py:208} INFO - Processing /home/airflow/.local/lib/python3.12/site-packages/airflow/example_dags/example_latest_only.py took 0.125 seconds
[2025-06-26T22:54:45.493+0000] {processor.py:186} INFO - Started process (PID=1466) to work on /home/airflow/.local/lib/python3.12/site-packages/airflow/example_dags/example_latest_only.py
[2025-06-26T22:54:45.494+0000] {processor.py:914} INFO - Processing file /home/airflow/.local/lib/python3.12/site-packages/airflow/example_dags/example_latest_only.py for tasks to queue
[2025-06-26T22:54:45.496+0000] {logging_mixin.py:190} INFO - [2025-06-26T22:54:45.496+0000] {dagbag.py:588} INFO - Filling up the DagBag from /home/airflow/.local/lib/python3.12/site-packages/airflow/example_dags/example_latest_only.py
[2025-06-26T22:54:45.504+0000] {processor.py:925} INFO - DAG(s) 'latest_only' retrieved from /home/airflow/.local/lib/python3.12/site-packages/airflow/example_dags/example_latest_only.py
[2025-06-26T22:54:45.525+0000] {logging_mixin.py:190} INFO - [2025-06-26T22:54:45.525+0000] {dag.py:3239} INFO - Sync 1 DAGs
[2025-06-26T22:54:45.547+0000] {logging_mixin.py:190} INFO - [2025-06-26T22:54:45.546+0000] {dag.py:4180} INFO - Setting next_dagrun for latest_only to 2025-06-26 16:00:00+00:00, run_after=2025-06-26 20:00:00+00:00
[2025-06-26T22:54:45.568+0000] {processor.py:208} INFO - Processing /home/airflow/.local/lib/python3.12/site-packages/airflow/example_dags/example_latest_only.py took 0.081 seconds
[2025-06-26T22:55:15.936+0000] {processor.py:186} INFO - Started process (PID=1528) to work on /home/airflow/.local/lib/python3.12/site-packages/airflow/example_dags/example_latest_only.py
[2025-06-26T22:55:15.937+0000] {processor.py:914} INFO - Processing file /home/airflow/.local/lib/python3.12/site-packages/airflow/example_dags/example_latest_only.py for tasks to queue
[2025-06-26T22:55:15.940+0000] {logging_mixin.py:190} INFO - [2025-06-26T22:55:15.939+0000] {dagbag.py:588} INFO - Filling up the DagBag from /home/airflow/.local/lib/python3.12/site-packages/airflow/example_dags/example_latest_only.py
[2025-06-26T22:55:15.947+0000] {processor.py:925} INFO - DAG(s) 'latest_only' retrieved from /home/airflow/.local/lib/python3.12/site-packages/airflow/example_dags/example_latest_only.py
[2025-06-26T22:55:15.966+0000] {logging_mixin.py:190} INFO - [2025-06-26T22:55:15.966+0000] {dag.py:3239} INFO - Sync 1 DAGs
[2025-06-26T22:55:15.988+0000] {logging_mixin.py:190} INFO - [2025-06-26T22:55:15.988+0000] {dag.py:4180} INFO - Setting next_dagrun for latest_only to 2025-06-26 16:00:00+00:00, run_after=2025-06-26 20:00:00+00:00
[2025-06-26T22:55:16.007+0000] {processor.py:208} INFO - Processing /home/airflow/.local/lib/python3.12/site-packages/airflow/example_dags/example_latest_only.py took 0.077 seconds
[2025-06-26T22:55:46.245+0000] {processor.py:186} INFO - Started process (PID=1590) to work on /home/airflow/.local/lib/python3.12/site-packages/airflow/example_dags/example_latest_only.py
[2025-06-26T22:55:46.247+0000] {processor.py:914} INFO - Processing file /home/airflow/.local/lib/python3.12/site-packages/airflow/example_dags/example_latest_only.py for tasks to queue
[2025-06-26T22:55:46.249+0000] {logging_mixin.py:190} INFO - [2025-06-26T22:55:46.249+0000] {dagbag.py:588} INFO - Filling up the DagBag from /home/airflow/.local/lib/python3.12/site-packages/airflow/example_dags/example_latest_only.py
[2025-06-26T22:55:46.256+0000] {processor.py:925} INFO - DAG(s) 'latest_only' retrieved from /home/airflow/.local/lib/python3.12/site-packages/airflow/example_dags/example_latest_only.py
[2025-06-26T22:55:46.275+0000] {logging_mixin.py:190} INFO - [2025-06-26T22:55:46.275+0000] {dag.py:3239} INFO - Sync 1 DAGs
[2025-06-26T22:55:46.295+0000] {logging_mixin.py:190} INFO - [2025-06-26T22:55:46.295+0000] {dag.py:4180} INFO - Setting next_dagrun for latest_only to 2025-06-26 16:00:00+00:00, run_after=2025-06-26 20:00:00+00:00
[2025-06-26T22:55:46.312+0000] {processor.py:208} INFO - Processing /home/airflow/.local/lib/python3.12/site-packages/airflow/example_dags/example_latest_only.py took 0.073 seconds
[2025-06-26T22:56:16.546+0000] {processor.py:186} INFO - Started process (PID=1652) to work on /home/airflow/.local/lib/python3.12/site-packages/airflow/example_dags/example_latest_only.py
[2025-06-26T22:56:16.547+0000] {processor.py:914} INFO - Processing file /home/airflow/.local/lib/python3.12/site-packages/airflow/example_dags/example_latest_only.py for tasks to queue
[2025-06-26T22:56:16.550+0000] {logging_mixin.py:190} INFO - [2025-06-26T22:56:16.549+0000] {dagbag.py:588} INFO - Filling up the DagBag from /home/airflow/.local/lib/python3.12/site-packages/airflow/example_dags/example_latest_only.py
[2025-06-26T22:56:16.556+0000] {processor.py:925} INFO - DAG(s) 'latest_only' retrieved from /home/airflow/.local/lib/python3.12/site-packages/airflow/example_dags/example_latest_only.py
[2025-06-26T22:56:16.574+0000] {logging_mixin.py:190} INFO - [2025-06-26T22:56:16.574+0000] {dag.py:3239} INFO - Sync 1 DAGs
[2025-06-26T22:56:16.594+0000] {logging_mixin.py:190} INFO - [2025-06-26T22:56:16.594+0000] {dag.py:4180} INFO - Setting next_dagrun for latest_only to 2025-06-26 16:00:00+00:00, run_after=2025-06-26 20:00:00+00:00
[2025-06-26T22:56:16.613+0000] {processor.py:208} INFO - Processing /home/airflow/.local/lib/python3.12/site-packages/airflow/example_dags/example_latest_only.py took 0.073 seconds
[2025-06-26T22:56:47.458+0000] {processor.py:186} INFO - Started process (PID=1714) to work on /home/airflow/.local/lib/python3.12/site-packages/airflow/example_dags/example_latest_only.py
[2025-06-26T22:56:47.460+0000] {processor.py:914} INFO - Processing file /home/airflow/.local/lib/python3.12/site-packages/airflow/example_dags/example_latest_only.py for tasks to queue
[2025-06-26T22:56:47.463+0000] {logging_mixin.py:190} INFO - [2025-06-26T22:56:47.463+0000] {dagbag.py:588} INFO - Filling up the DagBag from /home/airflow/.local/lib/python3.12/site-packages/airflow/example_dags/example_latest_only.py
[2025-06-26T22:56:47.471+0000] {processor.py:925} INFO - DAG(s) 'latest_only' retrieved from /home/airflow/.local/lib/python3.12/site-packages/airflow/example_dags/example_latest_only.py
[2025-06-26T22:56:47.494+0000] {logging_mixin.py:190} INFO - [2025-06-26T22:56:47.494+0000] {dag.py:3239} INFO - Sync 1 DAGs
[2025-06-26T22:56:47.523+0000] {logging_mixin.py:190} INFO - [2025-06-26T22:56:47.523+0000] {dag.py:4180} INFO - Setting next_dagrun for latest_only to 2025-06-26 16:00:00+00:00, run_after=2025-06-26 20:00:00+00:00
[2025-06-26T22:56:47.551+0000] {processor.py:208} INFO - Processing /home/airflow/.local/lib/python3.12/site-packages/airflow/example_dags/example_latest_only.py took 0.100 seconds
[2025-06-26T22:57:17.761+0000] {processor.py:186} INFO - Started process (PID=1776) to work on /home/airflow/.local/lib/python3.12/site-packages/airflow/example_dags/example_latest_only.py
[2025-06-26T22:57:17.762+0000] {processor.py:914} INFO - Processing file /home/airflow/.local/lib/python3.12/site-packages/airflow/example_dags/example_latest_only.py for tasks to queue
[2025-06-26T22:57:17.764+0000] {logging_mixin.py:190} INFO - [2025-06-26T22:57:17.764+0000] {dagbag.py:588} INFO - Filling up the DagBag from /home/airflow/.local/lib/python3.12/site-packages/airflow/example_dags/example_latest_only.py
[2025-06-26T22:57:17.771+0000] {processor.py:925} INFO - DAG(s) 'latest_only' retrieved from /home/airflow/.local/lib/python3.12/site-packages/airflow/example_dags/example_latest_only.py
[2025-06-26T22:57:17.789+0000] {logging_mixin.py:190} INFO - [2025-06-26T22:57:17.789+0000] {dag.py:3239} INFO - Sync 1 DAGs
[2025-06-26T22:57:17.810+0000] {logging_mixin.py:190} INFO - [2025-06-26T22:57:17.809+0000] {dag.py:4180} INFO - Setting next_dagrun for latest_only to 2025-06-26 16:00:00+00:00, run_after=2025-06-26 20:00:00+00:00
[2025-06-26T22:57:17.831+0000] {processor.py:208} INFO - Processing /home/airflow/.local/lib/python3.12/site-packages/airflow/example_dags/example_latest_only.py took 0.075 seconds
[2025-06-26T22:57:48.460+0000] {processor.py:186} INFO - Started process (PID=1838) to work on /home/airflow/.local/lib/python3.12/site-packages/airflow/example_dags/example_latest_only.py
[2025-06-26T22:57:48.462+0000] {processor.py:914} INFO - Processing file /home/airflow/.local/lib/python3.12/site-packages/airflow/example_dags/example_latest_only.py for tasks to queue
[2025-06-26T22:57:48.464+0000] {logging_mixin.py:190} INFO - [2025-06-26T22:57:48.464+0000] {dagbag.py:588} INFO - Filling up the DagBag from /home/airflow/.local/lib/python3.12/site-packages/airflow/example_dags/example_latest_only.py
[2025-06-26T22:57:48.473+0000] {processor.py:925} INFO - DAG(s) 'latest_only' retrieved from /home/airflow/.local/lib/python3.12/site-packages/airflow/example_dags/example_latest_only.py
[2025-06-26T22:57:48.493+0000] {logging_mixin.py:190} INFO - [2025-06-26T22:57:48.493+0000] {dag.py:3239} INFO - Sync 1 DAGs
[2025-06-26T22:57:48.526+0000] {logging_mixin.py:190} INFO - [2025-06-26T22:57:48.526+0000] {dag.py:4180} INFO - Setting next_dagrun for latest_only to 2025-06-26 16:00:00+00:00, run_after=2025-06-26 20:00:00+00:00
[2025-06-26T22:57:48.546+0000] {processor.py:208} INFO - Processing /home/airflow/.local/lib/python3.12/site-packages/airflow/example_dags/example_latest_only.py took 0.092 seconds
[2025-06-26T22:58:18.760+0000] {processor.py:186} INFO - Started process (PID=1900) to work on /home/airflow/.local/lib/python3.12/site-packages/airflow/example_dags/example_latest_only.py
[2025-06-26T22:58:18.761+0000] {processor.py:914} INFO - Processing file /home/airflow/.local/lib/python3.12/site-packages/airflow/example_dags/example_latest_only.py for tasks to queue
[2025-06-26T22:58:18.764+0000] {logging_mixin.py:190} INFO - [2025-06-26T22:58:18.764+0000] {dagbag.py:588} INFO - Filling up the DagBag from /home/airflow/.local/lib/python3.12/site-packages/airflow/example_dags/example_latest_only.py
[2025-06-26T22:58:18.770+0000] {processor.py:925} INFO - DAG(s) 'latest_only' retrieved from /home/airflow/.local/lib/python3.12/site-packages/airflow/example_dags/example_latest_only.py
[2025-06-26T22:58:18.790+0000] {logging_mixin.py:190} INFO - [2025-06-26T22:58:18.790+0000] {dag.py:3239} INFO - Sync 1 DAGs
[2025-06-26T22:58:18.812+0000] {logging_mixin.py:190} INFO - [2025-06-26T22:58:18.812+0000] {dag.py:4180} INFO - Setting next_dagrun for latest_only to 2025-06-26 16:00:00+00:00, run_after=2025-06-26 20:00:00+00:00
[2025-06-26T22:58:18.838+0000] {processor.py:208} INFO - Processing /home/airflow/.local/lib/python3.12/site-packages/airflow/example_dags/example_latest_only.py took 0.083 seconds
[2025-06-26T22:58:49.188+0000] {processor.py:186} INFO - Started process (PID=1962) to work on /home/airflow/.local/lib/python3.12/site-packages/airflow/example_dags/example_latest_only.py
[2025-06-26T22:58:49.190+0000] {processor.py:914} INFO - Processing file /home/airflow/.local/lib/python3.12/site-packages/airflow/example_dags/example_latest_only.py for tasks to queue
[2025-06-26T22:58:49.192+0000] {logging_mixin.py:190} INFO - [2025-06-26T22:58:49.192+0000] {dagbag.py:588} INFO - Filling up the DagBag from /home/airflow/.local/lib/python3.12/site-packages/airflow/example_dags/example_latest_only.py
[2025-06-26T22:58:49.201+0000] {processor.py:925} INFO - DAG(s) 'latest_only' retrieved from /home/airflow/.local/lib/python3.12/site-packages/airflow/example_dags/example_latest_only.py
[2025-06-26T22:58:49.225+0000] {logging_mixin.py:190} INFO - [2025-06-26T22:58:49.225+0000] {dag.py:3239} INFO - Sync 1 DAGs
[2025-06-26T22:58:49.247+0000] {logging_mixin.py:190} INFO - [2025-06-26T22:58:49.247+0000] {dag.py:4180} INFO - Setting next_dagrun for latest_only to 2025-06-26 16:00:00+00:00, run_after=2025-06-26 20:00:00+00:00
[2025-06-26T22:58:49.265+0000] {processor.py:208} INFO - Processing /home/airflow/.local/lib/python3.12/site-packages/airflow/example_dags/example_latest_only.py took 0.084 seconds
[2025-06-26T22:59:19.692+0000] {processor.py:186} INFO - Started process (PID=2024) to work on /home/airflow/.local/lib/python3.12/site-packages/airflow/example_dags/example_latest_only.py
[2025-06-26T22:59:19.693+0000] {processor.py:914} INFO - Processing file /home/airflow/.local/lib/python3.12/site-packages/airflow/example_dags/example_latest_only.py for tasks to queue
[2025-06-26T22:59:19.695+0000] {logging_mixin.py:190} INFO - [2025-06-26T22:59:19.695+0000] {dagbag.py:588} INFO - Filling up the DagBag from /home/airflow/.local/lib/python3.12/site-packages/airflow/example_dags/example_latest_only.py
[2025-06-26T22:59:19.703+0000] {processor.py:925} INFO - DAG(s) 'latest_only' retrieved from /home/airflow/.local/lib/python3.12/site-packages/airflow/example_dags/example_latest_only.py
[2025-06-26T22:59:19.723+0000] {logging_mixin.py:190} INFO - [2025-06-26T22:59:19.722+0000] {dag.py:3239} INFO - Sync 1 DAGs
[2025-06-26T22:59:19.745+0000] {logging_mixin.py:190} INFO - [2025-06-26T22:59:19.745+0000] {dag.py:4180} INFO - Setting next_dagrun for latest_only to 2025-06-26 16:00:00+00:00, run_after=2025-06-26 20:00:00+00:00
[2025-06-26T22:59:19.766+0000] {processor.py:208} INFO - Processing /home/airflow/.local/lib/python3.12/site-packages/airflow/example_dags/example_latest_only.py took 0.079 seconds
[2025-06-26T22:59:50.218+0000] {processor.py:186} INFO - Started process (PID=2086) to work on /home/airflow/.local/lib/python3.12/site-packages/airflow/example_dags/example_latest_only.py
[2025-06-26T22:59:50.220+0000] {processor.py:914} INFO - Processing file /home/airflow/.local/lib/python3.12/site-packages/airflow/example_dags/example_latest_only.py for tasks to queue
[2025-06-26T22:59:50.223+0000] {logging_mixin.py:190} INFO - [2025-06-26T22:59:50.222+0000] {dagbag.py:588} INFO - Filling up the DagBag from /home/airflow/.local/lib/python3.12/site-packages/airflow/example_dags/example_latest_only.py
[2025-06-26T22:59:50.230+0000] {processor.py:925} INFO - DAG(s) 'latest_only' retrieved from /home/airflow/.local/lib/python3.12/site-packages/airflow/example_dags/example_latest_only.py
[2025-06-26T22:59:50.250+0000] {logging_mixin.py:190} INFO - [2025-06-26T22:59:50.250+0000] {dag.py:3239} INFO - Sync 1 DAGs
[2025-06-26T22:59:50.271+0000] {logging_mixin.py:190} INFO - [2025-06-26T22:59:50.271+0000] {dag.py:4180} INFO - Setting next_dagrun for latest_only to 2025-06-26 16:00:00+00:00, run_after=2025-06-26 20:00:00+00:00
[2025-06-26T22:59:50.288+0000] {processor.py:208} INFO - Processing /home/airflow/.local/lib/python3.12/site-packages/airflow/example_dags/example_latest_only.py took 0.077 seconds
[2025-06-26T23:00:20.662+0000] {processor.py:186} INFO - Started process (PID=2149) to work on /home/airflow/.local/lib/python3.12/site-packages/airflow/example_dags/example_latest_only.py
[2025-06-26T23:00:20.663+0000] {processor.py:914} INFO - Processing file /home/airflow/.local/lib/python3.12/site-packages/airflow/example_dags/example_latest_only.py for tasks to queue
[2025-06-26T23:00:20.666+0000] {logging_mixin.py:190} INFO - [2025-06-26T23:00:20.665+0000] {dagbag.py:588} INFO - Filling up the DagBag from /home/airflow/.local/lib/python3.12/site-packages/airflow/example_dags/example_latest_only.py
[2025-06-26T23:00:20.672+0000] {processor.py:925} INFO - DAG(s) 'latest_only' retrieved from /home/airflow/.local/lib/python3.12/site-packages/airflow/example_dags/example_latest_only.py
[2025-06-26T23:00:20.690+0000] {logging_mixin.py:190} INFO - [2025-06-26T23:00:20.690+0000] {dag.py:3239} INFO - Sync 1 DAGs
[2025-06-26T23:00:20.710+0000] {logging_mixin.py:190} INFO - [2025-06-26T23:00:20.709+0000] {dag.py:4180} INFO - Setting next_dagrun for latest_only to 2025-06-26 16:00:00+00:00, run_after=2025-06-26 20:00:00+00:00
[2025-06-26T23:00:20.727+0000] {processor.py:208} INFO - Processing /home/airflow/.local/lib/python3.12/site-packages/airflow/example_dags/example_latest_only.py took 0.070 seconds
[2025-06-26T23:00:51.359+0000] {processor.py:186} INFO - Started process (PID=2211) to work on /home/airflow/.local/lib/python3.12/site-packages/airflow/example_dags/example_latest_only.py
[2025-06-26T23:00:51.360+0000] {processor.py:914} INFO - Processing file /home/airflow/.local/lib/python3.12/site-packages/airflow/example_dags/example_latest_only.py for tasks to queue
[2025-06-26T23:00:51.362+0000] {logging_mixin.py:190} INFO - [2025-06-26T23:00:51.362+0000] {dagbag.py:588} INFO - Filling up the DagBag from /home/airflow/.local/lib/python3.12/site-packages/airflow/example_dags/example_latest_only.py
[2025-06-26T23:00:51.369+0000] {processor.py:925} INFO - DAG(s) 'latest_only' retrieved from /home/airflow/.local/lib/python3.12/site-packages/airflow/example_dags/example_latest_only.py
[2025-06-26T23:00:51.387+0000] {logging_mixin.py:190} INFO - [2025-06-26T23:00:51.387+0000] {dag.py:3239} INFO - Sync 1 DAGs
[2025-06-26T23:00:51.407+0000] {logging_mixin.py:190} INFO - [2025-06-26T23:00:51.407+0000] {dag.py:4180} INFO - Setting next_dagrun for latest_only to 2025-06-26 16:00:00+00:00, run_after=2025-06-26 20:00:00+00:00
[2025-06-26T23:00:51.427+0000] {processor.py:208} INFO - Processing /home/airflow/.local/lib/python3.12/site-packages/airflow/example_dags/example_latest_only.py took 0.073 seconds
[2025-06-26T23:01:21.908+0000] {processor.py:186} INFO - Started process (PID=2273) to work on /home/airflow/.local/lib/python3.12/site-packages/airflow/example_dags/example_latest_only.py
[2025-06-26T23:01:21.909+0000] {processor.py:914} INFO - Processing file /home/airflow/.local/lib/python3.12/site-packages/airflow/example_dags/example_latest_only.py for tasks to queue
[2025-06-26T23:01:21.911+0000] {logging_mixin.py:190} INFO - [2025-06-26T23:01:21.910+0000] {dagbag.py:588} INFO - Filling up the DagBag from /home/airflow/.local/lib/python3.12/site-packages/airflow/example_dags/example_latest_only.py
[2025-06-26T23:01:21.918+0000] {processor.py:925} INFO - DAG(s) 'latest_only' retrieved from /home/airflow/.local/lib/python3.12/site-packages/airflow/example_dags/example_latest_only.py
[2025-06-26T23:01:21.941+0000] {logging_mixin.py:190} INFO - [2025-06-26T23:01:21.941+0000] {dag.py:3239} INFO - Sync 1 DAGs
[2025-06-26T23:01:21.964+0000] {logging_mixin.py:190} INFO - [2025-06-26T23:01:21.964+0000] {dag.py:4180} INFO - Setting next_dagrun for latest_only to 2025-06-26 16:00:00+00:00, run_after=2025-06-26 20:00:00+00:00
[2025-06-26T23:01:21.987+0000] {processor.py:208} INFO - Processing /home/airflow/.local/lib/python3.12/site-packages/airflow/example_dags/example_latest_only.py took 0.085 seconds
[2025-06-26T23:01:53.097+0000] {processor.py:186} INFO - Started process (PID=2335) to work on /home/airflow/.local/lib/python3.12/site-packages/airflow/example_dags/example_latest_only.py
[2025-06-26T23:01:53.098+0000] {processor.py:914} INFO - Processing file /home/airflow/.local/lib/python3.12/site-packages/airflow/example_dags/example_latest_only.py for tasks to queue
[2025-06-26T23:01:53.101+0000] {logging_mixin.py:190} INFO - [2025-06-26T23:01:53.101+0000] {dagbag.py:588} INFO - Filling up the DagBag from /home/airflow/.local/lib/python3.12/site-packages/airflow/example_dags/example_latest_only.py
[2025-06-26T23:01:53.109+0000] {processor.py:925} INFO - DAG(s) 'latest_only' retrieved from /home/airflow/.local/lib/python3.12/site-packages/airflow/example_dags/example_latest_only.py
[2025-06-26T23:01:53.129+0000] {logging_mixin.py:190} INFO - [2025-06-26T23:01:53.128+0000] {dag.py:3239} INFO - Sync 1 DAGs
[2025-06-26T23:01:53.153+0000] {logging_mixin.py:190} INFO - [2025-06-26T23:01:53.152+0000] {dag.py:4180} INFO - Setting next_dagrun for latest_only to 2025-06-26 16:00:00+00:00, run_after=2025-06-26 20:00:00+00:00
[2025-06-26T23:01:53.171+0000] {processor.py:208} INFO - Processing /home/airflow/.local/lib/python3.12/site-packages/airflow/example_dags/example_latest_only.py took 0.080 seconds
[2025-06-26T23:02:23.765+0000] {processor.py:186} INFO - Started process (PID=2397) to work on /home/airflow/.local/lib/python3.12/site-packages/airflow/example_dags/example_latest_only.py
[2025-06-26T23:02:23.766+0000] {processor.py:914} INFO - Processing file /home/airflow/.local/lib/python3.12/site-packages/airflow/example_dags/example_latest_only.py for tasks to queue
[2025-06-26T23:02:23.769+0000] {logging_mixin.py:190} INFO - [2025-06-26T23:02:23.768+0000] {dagbag.py:588} INFO - Filling up the DagBag from /home/airflow/.local/lib/python3.12/site-packages/airflow/example_dags/example_latest_only.py
[2025-06-26T23:02:23.776+0000] {processor.py:925} INFO - DAG(s) 'latest_only' retrieved from /home/airflow/.local/lib/python3.12/site-packages/airflow/example_dags/example_latest_only.py
[2025-06-26T23:02:23.798+0000] {logging_mixin.py:190} INFO - [2025-06-26T23:02:23.798+0000] {dag.py:3239} INFO - Sync 1 DAGs
[2025-06-26T23:02:23.827+0000] {logging_mixin.py:190} INFO - [2025-06-26T23:02:23.827+0000] {dag.py:4180} INFO - Setting next_dagrun for latest_only to 2025-06-26 16:00:00+00:00, run_after=2025-06-26 20:00:00+00:00
[2025-06-26T23:02:23.853+0000] {processor.py:208} INFO - Processing /home/airflow/.local/lib/python3.12/site-packages/airflow/example_dags/example_latest_only.py took 0.094 seconds
[2025-06-26T23:02:54.717+0000] {processor.py:186} INFO - Started process (PID=2459) to work on /home/airflow/.local/lib/python3.12/site-packages/airflow/example_dags/example_latest_only.py
[2025-06-26T23:02:54.718+0000] {processor.py:914} INFO - Processing file /home/airflow/.local/lib/python3.12/site-packages/airflow/example_dags/example_latest_only.py for tasks to queue
[2025-06-26T23:02:54.720+0000] {logging_mixin.py:190} INFO - [2025-06-26T23:02:54.720+0000] {dagbag.py:588} INFO - Filling up the DagBag from /home/airflow/.local/lib/python3.12/site-packages/airflow/example_dags/example_latest_only.py
[2025-06-26T23:02:54.726+0000] {processor.py:925} INFO - DAG(s) 'latest_only' retrieved from /home/airflow/.local/lib/python3.12/site-packages/airflow/example_dags/example_latest_only.py
[2025-06-26T23:02:54.748+0000] {logging_mixin.py:190} INFO - [2025-06-26T23:02:54.747+0000] {dag.py:3239} INFO - Sync 1 DAGs
[2025-06-26T23:02:54.767+0000] {logging_mixin.py:190} INFO - [2025-06-26T23:02:54.767+0000] {dag.py:4180} INFO - Setting next_dagrun for latest_only to 2025-06-26 16:00:00+00:00, run_after=2025-06-26 20:00:00+00:00
[2025-06-26T23:02:54.785+0000] {processor.py:208} INFO - Processing /home/airflow/.local/lib/python3.12/site-packages/airflow/example_dags/example_latest_only.py took 0.074 seconds
[2025-06-26T23:03:25.536+0000] {processor.py:186} INFO - Started process (PID=2521) to work on /home/airflow/.local/lib/python3.12/site-packages/airflow/example_dags/example_latest_only.py
[2025-06-26T23:03:25.537+0000] {processor.py:914} INFO - Processing file /home/airflow/.local/lib/python3.12/site-packages/airflow/example_dags/example_latest_only.py for tasks to queue
[2025-06-26T23:03:25.539+0000] {logging_mixin.py:190} INFO - [2025-06-26T23:03:25.539+0000] {dagbag.py:588} INFO - Filling up the DagBag from /home/airflow/.local/lib/python3.12/site-packages/airflow/example_dags/example_latest_only.py
[2025-06-26T23:03:25.546+0000] {processor.py:925} INFO - DAG(s) 'latest_only' retrieved from /home/airflow/.local/lib/python3.12/site-packages/airflow/example_dags/example_latest_only.py
[2025-06-26T23:03:25.567+0000] {logging_mixin.py:190} INFO - [2025-06-26T23:03:25.567+0000] {dag.py:3239} INFO - Sync 1 DAGs
[2025-06-26T23:03:25.590+0000] {logging_mixin.py:190} INFO - [2025-06-26T23:03:25.590+0000] {dag.py:4180} INFO - Setting next_dagrun for latest_only to 2025-06-26 16:00:00+00:00, run_after=2025-06-26 20:00:00+00:00
[2025-06-26T23:03:25.613+0000] {processor.py:208} INFO - Processing /home/airflow/.local/lib/python3.12/site-packages/airflow/example_dags/example_latest_only.py took 0.083 seconds
[2025-06-26T23:03:56.955+0000] {processor.py:186} INFO - Started process (PID=2583) to work on /home/airflow/.local/lib/python3.12/site-packages/airflow/example_dags/example_latest_only.py
[2025-06-26T23:03:56.957+0000] {processor.py:914} INFO - Processing file /home/airflow/.local/lib/python3.12/site-packages/airflow/example_dags/example_latest_only.py for tasks to queue
[2025-06-26T23:03:56.960+0000] {logging_mixin.py:190} INFO - [2025-06-26T23:03:56.959+0000] {dagbag.py:588} INFO - Filling up the DagBag from /home/airflow/.local/lib/python3.12/site-packages/airflow/example_dags/example_latest_only.py
[2025-06-26T23:03:56.969+0000] {processor.py:925} INFO - DAG(s) 'latest_only' retrieved from /home/airflow/.local/lib/python3.12/site-packages/airflow/example_dags/example_latest_only.py
[2025-06-26T23:03:56.993+0000] {logging_mixin.py:190} INFO - [2025-06-26T23:03:56.993+0000] {dag.py:3239} INFO - Sync 1 DAGs
[2025-06-26T23:03:57.016+0000] {logging_mixin.py:190} INFO - [2025-06-26T23:03:57.016+0000] {dag.py:4180} INFO - Setting next_dagrun for latest_only to 2025-06-26 16:00:00+00:00, run_after=2025-06-26 20:00:00+00:00
[2025-06-26T23:03:57.039+0000] {processor.py:208} INFO - Processing /home/airflow/.local/lib/python3.12/site-packages/airflow/example_dags/example_latest_only.py took 0.092 seconds
[2025-06-26T23:04:27.916+0000] {processor.py:186} INFO - Started process (PID=2645) to work on /home/airflow/.local/lib/python3.12/site-packages/airflow/example_dags/example_latest_only.py
[2025-06-26T23:04:27.917+0000] {processor.py:914} INFO - Processing file /home/airflow/.local/lib/python3.12/site-packages/airflow/example_dags/example_latest_only.py for tasks to queue
[2025-06-26T23:04:27.920+0000] {logging_mixin.py:190} INFO - [2025-06-26T23:04:27.919+0000] {dagbag.py:588} INFO - Filling up the DagBag from /home/airflow/.local/lib/python3.12/site-packages/airflow/example_dags/example_latest_only.py
[2025-06-26T23:04:27.928+0000] {processor.py:925} INFO - DAG(s) 'latest_only' retrieved from /home/airflow/.local/lib/python3.12/site-packages/airflow/example_dags/example_latest_only.py
[2025-06-26T23:04:27.949+0000] {logging_mixin.py:190} INFO - [2025-06-26T23:04:27.948+0000] {dag.py:3239} INFO - Sync 1 DAGs
[2025-06-26T23:04:27.974+0000] {logging_mixin.py:190} INFO - [2025-06-26T23:04:27.974+0000] {dag.py:4180} INFO - Setting next_dagrun for latest_only to 2025-06-26 16:00:00+00:00, run_after=2025-06-26 20:00:00+00:00
[2025-06-26T23:04:27.994+0000] {processor.py:208} INFO - Processing /home/airflow/.local/lib/python3.12/site-packages/airflow/example_dags/example_latest_only.py took 0.084 seconds
[2025-06-26T23:04:58.376+0000] {processor.py:186} INFO - Started process (PID=2707) to work on /home/airflow/.local/lib/python3.12/site-packages/airflow/example_dags/example_latest_only.py
[2025-06-26T23:04:58.377+0000] {processor.py:914} INFO - Processing file /home/airflow/.local/lib/python3.12/site-packages/airflow/example_dags/example_latest_only.py for tasks to queue
[2025-06-26T23:04:58.380+0000] {logging_mixin.py:190} INFO - [2025-06-26T23:04:58.379+0000] {dagbag.py:588} INFO - Filling up the DagBag from /home/airflow/.local/lib/python3.12/site-packages/airflow/example_dags/example_latest_only.py
[2025-06-26T23:04:58.387+0000] {processor.py:925} INFO - DAG(s) 'latest_only' retrieved from /home/airflow/.local/lib/python3.12/site-packages/airflow/example_dags/example_latest_only.py
[2025-06-26T23:04:58.405+0000] {logging_mixin.py:190} INFO - [2025-06-26T23:04:58.405+0000] {dag.py:3239} INFO - Sync 1 DAGs
[2025-06-26T23:04:58.429+0000] {logging_mixin.py:190} INFO - [2025-06-26T23:04:58.429+0000] {dag.py:4180} INFO - Setting next_dagrun for latest_only to 2025-06-26 16:00:00+00:00, run_after=2025-06-26 20:00:00+00:00
[2025-06-26T23:04:58.446+0000] {processor.py:208} INFO - Processing /home/airflow/.local/lib/python3.12/site-packages/airflow/example_dags/example_latest_only.py took 0.076 seconds
[2025-06-26T23:05:29.726+0000] {processor.py:186} INFO - Started process (PID=2769) to work on /home/airflow/.local/lib/python3.12/site-packages/airflow/example_dags/example_latest_only.py
[2025-06-26T23:05:29.727+0000] {processor.py:914} INFO - Processing file /home/airflow/.local/lib/python3.12/site-packages/airflow/example_dags/example_latest_only.py for tasks to queue
[2025-06-26T23:05:29.729+0000] {logging_mixin.py:190} INFO - [2025-06-26T23:05:29.729+0000] {dagbag.py:588} INFO - Filling up the DagBag from /home/airflow/.local/lib/python3.12/site-packages/airflow/example_dags/example_latest_only.py
[2025-06-26T23:05:29.736+0000] {processor.py:925} INFO - DAG(s) 'latest_only' retrieved from /home/airflow/.local/lib/python3.12/site-packages/airflow/example_dags/example_latest_only.py
[2025-06-26T23:05:29.757+0000] {logging_mixin.py:190} INFO - [2025-06-26T23:05:29.757+0000] {dag.py:3239} INFO - Sync 1 DAGs
[2025-06-26T23:05:29.782+0000] {logging_mixin.py:190} INFO - [2025-06-26T23:05:29.782+0000] {dag.py:4180} INFO - Setting next_dagrun for latest_only to 2025-06-26 16:00:00+00:00, run_after=2025-06-26 20:00:00+00:00
[2025-06-26T23:05:29.808+0000] {processor.py:208} INFO - Processing /home/airflow/.local/lib/python3.12/site-packages/airflow/example_dags/example_latest_only.py took 0.088 seconds
[2025-06-26T23:06:00.711+0000] {processor.py:186} INFO - Started process (PID=2831) to work on /home/airflow/.local/lib/python3.12/site-packages/airflow/example_dags/example_latest_only.py
[2025-06-26T23:06:00.712+0000] {processor.py:914} INFO - Processing file /home/airflow/.local/lib/python3.12/site-packages/airflow/example_dags/example_latest_only.py for tasks to queue
[2025-06-26T23:06:00.715+0000] {logging_mixin.py:190} INFO - [2025-06-26T23:06:00.714+0000] {dagbag.py:588} INFO - Filling up the DagBag from /home/airflow/.local/lib/python3.12/site-packages/airflow/example_dags/example_latest_only.py
[2025-06-26T23:06:00.722+0000] {processor.py:925} INFO - DAG(s) 'latest_only' retrieved from /home/airflow/.local/lib/python3.12/site-packages/airflow/example_dags/example_latest_only.py
[2025-06-26T23:06:00.746+0000] {logging_mixin.py:190} INFO - [2025-06-26T23:06:00.745+0000] {dag.py:3239} INFO - Sync 1 DAGs
[2025-06-26T23:06:00.775+0000] {logging_mixin.py:190} INFO - [2025-06-26T23:06:00.774+0000] {dag.py:4180} INFO - Setting next_dagrun for latest_only to 2025-06-26 16:00:00+00:00, run_after=2025-06-26 20:00:00+00:00
[2025-06-26T23:06:00.802+0000] {processor.py:208} INFO - Processing /home/airflow/.local/lib/python3.12/site-packages/airflow/example_dags/example_latest_only.py took 0.096 seconds
[2025-06-26T23:06:31.517+0000] {processor.py:186} INFO - Started process (PID=2893) to work on /home/airflow/.local/lib/python3.12/site-packages/airflow/example_dags/example_latest_only.py
[2025-06-26T23:06:31.518+0000] {processor.py:914} INFO - Processing file /home/airflow/.local/lib/python3.12/site-packages/airflow/example_dags/example_latest_only.py for tasks to queue
[2025-06-26T23:06:31.521+0000] {logging_mixin.py:190} INFO - [2025-06-26T23:06:31.520+0000] {dagbag.py:588} INFO - Filling up the DagBag from /home/airflow/.local/lib/python3.12/site-packages/airflow/example_dags/example_latest_only.py
[2025-06-26T23:06:31.527+0000] {processor.py:925} INFO - DAG(s) 'latest_only' retrieved from /home/airflow/.local/lib/python3.12/site-packages/airflow/example_dags/example_latest_only.py
[2025-06-26T23:06:31.546+0000] {logging_mixin.py:190} INFO - [2025-06-26T23:06:31.545+0000] {dag.py:3239} INFO - Sync 1 DAGs
[2025-06-26T23:06:31.565+0000] {logging_mixin.py:190} INFO - [2025-06-26T23:06:31.565+0000] {dag.py:4180} INFO - Setting next_dagrun for latest_only to 2025-06-26 16:00:00+00:00, run_after=2025-06-26 20:00:00+00:00
[2025-06-26T23:06:31.586+0000] {processor.py:208} INFO - Processing /home/airflow/.local/lib/python3.12/site-packages/airflow/example_dags/example_latest_only.py took 0.075 seconds
[2025-06-26T23:07:02.425+0000] {processor.py:186} INFO - Started process (PID=2955) to work on /home/airflow/.local/lib/python3.12/site-packages/airflow/example_dags/example_latest_only.py
[2025-06-26T23:07:02.426+0000] {processor.py:914} INFO - Processing file /home/airflow/.local/lib/python3.12/site-packages/airflow/example_dags/example_latest_only.py for tasks to queue
[2025-06-26T23:07:02.428+0000] {logging_mixin.py:190} INFO - [2025-06-26T23:07:02.428+0000] {dagbag.py:588} INFO - Filling up the DagBag from /home/airflow/.local/lib/python3.12/site-packages/airflow/example_dags/example_latest_only.py
[2025-06-26T23:07:02.436+0000] {processor.py:925} INFO - DAG(s) 'latest_only' retrieved from /home/airflow/.local/lib/python3.12/site-packages/airflow/example_dags/example_latest_only.py
[2025-06-26T23:07:02.456+0000] {logging_mixin.py:190} INFO - [2025-06-26T23:07:02.456+0000] {dag.py:3239} INFO - Sync 1 DAGs
[2025-06-26T23:07:02.478+0000] {logging_mixin.py:190} INFO - [2025-06-26T23:07:02.478+0000] {dag.py:4180} INFO - Setting next_dagrun for latest_only to 2025-06-26 16:00:00+00:00, run_after=2025-06-26 20:00:00+00:00
[2025-06-26T23:07:02.498+0000] {processor.py:208} INFO - Processing /home/airflow/.local/lib/python3.12/site-packages/airflow/example_dags/example_latest_only.py took 0.079 seconds
[2025-06-26T23:07:33.191+0000] {processor.py:186} INFO - Started process (PID=3017) to work on /home/airflow/.local/lib/python3.12/site-packages/airflow/example_dags/example_latest_only.py
[2025-06-26T23:07:33.192+0000] {processor.py:914} INFO - Processing file /home/airflow/.local/lib/python3.12/site-packages/airflow/example_dags/example_latest_only.py for tasks to queue
[2025-06-26T23:07:33.194+0000] {logging_mixin.py:190} INFO - [2025-06-26T23:07:33.194+0000] {dagbag.py:588} INFO - Filling up the DagBag from /home/airflow/.local/lib/python3.12/site-packages/airflow/example_dags/example_latest_only.py
[2025-06-26T23:07:33.200+0000] {processor.py:925} INFO - DAG(s) 'latest_only' retrieved from /home/airflow/.local/lib/python3.12/site-packages/airflow/example_dags/example_latest_only.py
[2025-06-26T23:07:33.217+0000] {logging_mixin.py:190} INFO - [2025-06-26T23:07:33.217+0000] {dag.py:3239} INFO - Sync 1 DAGs
[2025-06-26T23:07:33.239+0000] {logging_mixin.py:190} INFO - [2025-06-26T23:07:33.239+0000] {dag.py:4180} INFO - Setting next_dagrun for latest_only to 2025-06-26 16:00:00+00:00, run_after=2025-06-26 20:00:00+00:00
[2025-06-26T23:07:33.257+0000] {processor.py:208} INFO - Processing /home/airflow/.local/lib/python3.12/site-packages/airflow/example_dags/example_latest_only.py took 0.072 seconds
[2025-06-26T23:08:04.386+0000] {processor.py:186} INFO - Started process (PID=3079) to work on /home/airflow/.local/lib/python3.12/site-packages/airflow/example_dags/example_latest_only.py
[2025-06-26T23:08:04.387+0000] {processor.py:914} INFO - Processing file /home/airflow/.local/lib/python3.12/site-packages/airflow/example_dags/example_latest_only.py for tasks to queue
[2025-06-26T23:08:04.389+0000] {logging_mixin.py:190} INFO - [2025-06-26T23:08:04.389+0000] {dagbag.py:588} INFO - Filling up the DagBag from /home/airflow/.local/lib/python3.12/site-packages/airflow/example_dags/example_latest_only.py
[2025-06-26T23:08:04.396+0000] {processor.py:925} INFO - DAG(s) 'latest_only' retrieved from /home/airflow/.local/lib/python3.12/site-packages/airflow/example_dags/example_latest_only.py
[2025-06-26T23:08:04.412+0000] {logging_mixin.py:190} INFO - [2025-06-26T23:08:04.412+0000] {dag.py:3239} INFO - Sync 1 DAGs
[2025-06-26T23:08:04.434+0000] {logging_mixin.py:190} INFO - [2025-06-26T23:08:04.433+0000] {dag.py:4180} INFO - Setting next_dagrun for latest_only to 2025-06-26 16:00:00+00:00, run_after=2025-06-26 20:00:00+00:00
[2025-06-26T23:08:04.453+0000] {processor.py:208} INFO - Processing /home/airflow/.local/lib/python3.12/site-packages/airflow/example_dags/example_latest_only.py took 0.072 seconds
[2025-06-26T23:08:35.190+0000] {processor.py:186} INFO - Started process (PID=3147) to work on /home/airflow/.local/lib/python3.12/site-packages/airflow/example_dags/example_latest_only.py
[2025-06-26T23:08:35.191+0000] {processor.py:914} INFO - Processing file /home/airflow/.local/lib/python3.12/site-packages/airflow/example_dags/example_latest_only.py for tasks to queue
[2025-06-26T23:08:35.193+0000] {logging_mixin.py:190} INFO - [2025-06-26T23:08:35.193+0000] {dagbag.py:588} INFO - Filling up the DagBag from /home/airflow/.local/lib/python3.12/site-packages/airflow/example_dags/example_latest_only.py
[2025-06-26T23:08:35.201+0000] {processor.py:925} INFO - DAG(s) 'latest_only' retrieved from /home/airflow/.local/lib/python3.12/site-packages/airflow/example_dags/example_latest_only.py
[2025-06-26T23:08:35.220+0000] {logging_mixin.py:190} INFO - [2025-06-26T23:08:35.219+0000] {dag.py:3239} INFO - Sync 1 DAGs
[2025-06-26T23:08:35.242+0000] {logging_mixin.py:190} INFO - [2025-06-26T23:08:35.242+0000] {dag.py:4180} INFO - Setting next_dagrun for latest_only to 2025-06-26 16:00:00+00:00, run_after=2025-06-26 20:00:00+00:00
[2025-06-26T23:08:35.261+0000] {processor.py:208} INFO - Processing /home/airflow/.local/lib/python3.12/site-packages/airflow/example_dags/example_latest_only.py took 0.076 seconds
[2025-06-26T23:09:06.104+0000] {processor.py:186} INFO - Started process (PID=3209) to work on /home/airflow/.local/lib/python3.12/site-packages/airflow/example_dags/example_latest_only.py
[2025-06-26T23:09:06.105+0000] {processor.py:914} INFO - Processing file /home/airflow/.local/lib/python3.12/site-packages/airflow/example_dags/example_latest_only.py for tasks to queue
[2025-06-26T23:09:06.107+0000] {logging_mixin.py:190} INFO - [2025-06-26T23:09:06.107+0000] {dagbag.py:588} INFO - Filling up the DagBag from /home/airflow/.local/lib/python3.12/site-packages/airflow/example_dags/example_latest_only.py
[2025-06-26T23:09:06.114+0000] {processor.py:925} INFO - DAG(s) 'latest_only' retrieved from /home/airflow/.local/lib/python3.12/site-packages/airflow/example_dags/example_latest_only.py
[2025-06-26T23:09:06.131+0000] {logging_mixin.py:190} INFO - [2025-06-26T23:09:06.131+0000] {dag.py:3239} INFO - Sync 1 DAGs
[2025-06-26T23:09:06.150+0000] {logging_mixin.py:190} INFO - [2025-06-26T23:09:06.150+0000] {dag.py:4180} INFO - Setting next_dagrun for latest_only to 2025-06-26 16:00:00+00:00, run_after=2025-06-26 20:00:00+00:00
[2025-06-26T23:09:06.169+0000] {processor.py:208} INFO - Processing /home/airflow/.local/lib/python3.12/site-packages/airflow/example_dags/example_latest_only.py took 0.071 seconds
[2025-06-26T23:09:37.233+0000] {processor.py:186} INFO - Started process (PID=3271) to work on /home/airflow/.local/lib/python3.12/site-packages/airflow/example_dags/example_latest_only.py
[2025-06-26T23:09:37.234+0000] {processor.py:914} INFO - Processing file /home/airflow/.local/lib/python3.12/site-packages/airflow/example_dags/example_latest_only.py for tasks to queue
[2025-06-26T23:09:37.237+0000] {logging_mixin.py:190} INFO - [2025-06-26T23:09:37.236+0000] {dagbag.py:588} INFO - Filling up the DagBag from /home/airflow/.local/lib/python3.12/site-packages/airflow/example_dags/example_latest_only.py
[2025-06-26T23:09:37.243+0000] {processor.py:925} INFO - DAG(s) 'latest_only' retrieved from /home/airflow/.local/lib/python3.12/site-packages/airflow/example_dags/example_latest_only.py
[2025-06-26T23:09:37.261+0000] {logging_mixin.py:190} INFO - [2025-06-26T23:09:37.261+0000] {dag.py:3239} INFO - Sync 1 DAGs
[2025-06-26T23:09:37.279+0000] {logging_mixin.py:190} INFO - [2025-06-26T23:09:37.279+0000] {dag.py:4180} INFO - Setting next_dagrun for latest_only to 2025-06-26 16:00:00+00:00, run_after=2025-06-26 20:00:00+00:00
[2025-06-26T23:09:37.298+0000] {processor.py:208} INFO - Processing /home/airflow/.local/lib/python3.12/site-packages/airflow/example_dags/example_latest_only.py took 0.070 seconds
[2025-06-26T23:10:08.459+0000] {processor.py:186} INFO - Started process (PID=3333) to work on /home/airflow/.local/lib/python3.12/site-packages/airflow/example_dags/example_latest_only.py
[2025-06-26T23:10:08.460+0000] {processor.py:914} INFO - Processing file /home/airflow/.local/lib/python3.12/site-packages/airflow/example_dags/example_latest_only.py for tasks to queue
[2025-06-26T23:10:08.463+0000] {logging_mixin.py:190} INFO - [2025-06-26T23:10:08.462+0000] {dagbag.py:588} INFO - Filling up the DagBag from /home/airflow/.local/lib/python3.12/site-packages/airflow/example_dags/example_latest_only.py
[2025-06-26T23:10:08.474+0000] {processor.py:925} INFO - DAG(s) 'latest_only' retrieved from /home/airflow/.local/lib/python3.12/site-packages/airflow/example_dags/example_latest_only.py
[2025-06-26T23:10:08.492+0000] {logging_mixin.py:190} INFO - [2025-06-26T23:10:08.491+0000] {dag.py:3239} INFO - Sync 1 DAGs
[2025-06-26T23:10:08.681+0000] {logging_mixin.py:190} INFO - [2025-06-26T23:10:08.681+0000] {dag.py:4180} INFO - Setting next_dagrun for latest_only to 2025-06-26 16:00:00+00:00, run_after=2025-06-26 20:00:00+00:00
[2025-06-26T23:10:08.700+0000] {processor.py:208} INFO - Processing /home/airflow/.local/lib/python3.12/site-packages/airflow/example_dags/example_latest_only.py took 0.246 seconds
