[2025-06-26T22:43:33.120+0000] {processor.py:186} INFO - Started process (PID=87) to work on /home/airflow/.local/lib/python3.12/site-packages/airflow/example_dags/example_python_operator.py
[2025-06-26T22:43:33.121+0000] {processor.py:914} INFO - Processing file /home/airflow/.local/lib/python3.12/site-packages/airflow/example_dags/example_python_operator.py for tasks to queue
[2025-06-26T22:43:33.123+0000] {logging_mixin.py:190} INFO - [2025-06-26T22:43:33.123+0000] {dagbag.py:588} INFO - Filling up the DagBag from /home/airflow/.local/lib/python3.12/site-packages/airflow/example_dags/example_python_operator.py
[2025-06-26T22:43:33.136+0000] {processor.py:925} INFO - DAG(s) 'example_python_operator' retrieved from /home/airflow/.local/lib/python3.12/site-packages/airflow/example_dags/example_python_operator.py
[2025-06-26T22:43:33.232+0000] {logging_mixin.py:190} INFO - [2025-06-26T22:43:33.232+0000] {override.py:1900} INFO - Created Permission View: can read on DAG:example_python_operator
[2025-06-26T22:43:33.244+0000] {logging_mixin.py:190} INFO - [2025-06-26T22:43:33.244+0000] {override.py:1900} INFO - Created Permission View: can edit on DAG:example_python_operator
[2025-06-26T22:43:33.255+0000] {logging_mixin.py:190} INFO - [2025-06-26T22:43:33.255+0000] {override.py:1900} INFO - Created Permission View: can delete on DAG:example_python_operator
[2025-06-26T22:43:33.267+0000] {logging_mixin.py:190} INFO - [2025-06-26T22:43:33.266+0000] {override.py:1900} INFO - Created Permission View: can read on DAG Run:example_python_operator
[2025-06-26T22:43:33.275+0000] {logging_mixin.py:190} INFO - [2025-06-26T22:43:33.275+0000] {override.py:1900} INFO - Created Permission View: can delete on DAG Run:example_python_operator
[2025-06-26T22:43:33.284+0000] {logging_mixin.py:190} INFO - [2025-06-26T22:43:33.284+0000] {override.py:1900} INFO - Created Permission View: menu access on DAG Run:example_python_operator
[2025-06-26T22:43:33.292+0000] {logging_mixin.py:190} INFO - [2025-06-26T22:43:33.292+0000] {override.py:1900} INFO - Created Permission View: can create on DAG Run:example_python_operator
[2025-06-26T22:43:33.293+0000] {logging_mixin.py:190} INFO - [2025-06-26T22:43:33.293+0000] {dag.py:3239} INFO - Sync 1 DAGs
[2025-06-26T22:43:33.305+0000] {logging_mixin.py:190} INFO - [2025-06-26T22:43:33.305+0000] {dag.py:3262} INFO - Creating ORM DAG for example_python_operator
[2025-06-26T22:43:33.307+0000] {logging_mixin.py:190} INFO - [2025-06-26T22:43:33.306+0000] {dag.py:4180} INFO - Setting next_dagrun for example_python_operator to None, run_after=None
[2025-06-26T22:43:33.326+0000] {processor.py:208} INFO - Processing /home/airflow/.local/lib/python3.12/site-packages/airflow/example_dags/example_python_operator.py took 0.211 seconds
[2025-06-26T22:44:04.260+0000] {processor.py:186} INFO - Started process (PID=149) to work on /home/airflow/.local/lib/python3.12/site-packages/airflow/example_dags/example_python_operator.py
[2025-06-26T22:44:04.261+0000] {processor.py:914} INFO - Processing file /home/airflow/.local/lib/python3.12/site-packages/airflow/example_dags/example_python_operator.py for tasks to queue
[2025-06-26T22:44:04.264+0000] {logging_mixin.py:190} INFO - [2025-06-26T22:44:04.264+0000] {dagbag.py:588} INFO - Filling up the DagBag from /home/airflow/.local/lib/python3.12/site-packages/airflow/example_dags/example_python_operator.py
[2025-06-26T22:44:04.275+0000] {processor.py:925} INFO - DAG(s) 'example_python_operator' retrieved from /home/airflow/.local/lib/python3.12/site-packages/airflow/example_dags/example_python_operator.py
[2025-06-26T22:44:04.295+0000] {logging_mixin.py:190} INFO - [2025-06-26T22:44:04.294+0000] {dag.py:3239} INFO - Sync 1 DAGs
[2025-06-26T22:44:04.309+0000] {logging_mixin.py:190} INFO - [2025-06-26T22:44:04.308+0000] {dag.py:4180} INFO - Setting next_dagrun for example_python_operator to None, run_after=None
[2025-06-26T22:44:04.330+0000] {processor.py:208} INFO - Processing /home/airflow/.local/lib/python3.12/site-packages/airflow/example_dags/example_python_operator.py took 0.075 seconds
[2025-06-26T22:44:34.666+0000] {processor.py:186} INFO - Started process (PID=211) to work on /home/airflow/.local/lib/python3.12/site-packages/airflow/example_dags/example_python_operator.py
[2025-06-26T22:44:34.667+0000] {processor.py:914} INFO - Processing file /home/airflow/.local/lib/python3.12/site-packages/airflow/example_dags/example_python_operator.py for tasks to queue
[2025-06-26T22:44:34.670+0000] {logging_mixin.py:190} INFO - [2025-06-26T22:44:34.670+0000] {dagbag.py:588} INFO - Filling up the DagBag from /home/airflow/.local/lib/python3.12/site-packages/airflow/example_dags/example_python_operator.py
[2025-06-26T22:44:34.681+0000] {processor.py:925} INFO - DAG(s) 'example_python_operator' retrieved from /home/airflow/.local/lib/python3.12/site-packages/airflow/example_dags/example_python_operator.py
[2025-06-26T22:44:34.701+0000] {logging_mixin.py:190} INFO - [2025-06-26T22:44:34.701+0000] {dag.py:3239} INFO - Sync 1 DAGs
[2025-06-26T22:44:34.714+0000] {logging_mixin.py:190} INFO - [2025-06-26T22:44:34.713+0000] {dag.py:4180} INFO - Setting next_dagrun for example_python_operator to None, run_after=None
[2025-06-26T22:44:34.734+0000] {processor.py:208} INFO - Processing /home/airflow/.local/lib/python3.12/site-packages/airflow/example_dags/example_python_operator.py took 0.073 seconds
[2025-06-26T22:45:05.056+0000] {processor.py:186} INFO - Started process (PID=273) to work on /home/airflow/.local/lib/python3.12/site-packages/airflow/example_dags/example_python_operator.py
[2025-06-26T22:45:05.057+0000] {processor.py:914} INFO - Processing file /home/airflow/.local/lib/python3.12/site-packages/airflow/example_dags/example_python_operator.py for tasks to queue
[2025-06-26T22:45:05.059+0000] {logging_mixin.py:190} INFO - [2025-06-26T22:45:05.059+0000] {dagbag.py:588} INFO - Filling up the DagBag from /home/airflow/.local/lib/python3.12/site-packages/airflow/example_dags/example_python_operator.py
[2025-06-26T22:45:05.069+0000] {processor.py:925} INFO - DAG(s) 'example_python_operator' retrieved from /home/airflow/.local/lib/python3.12/site-packages/airflow/example_dags/example_python_operator.py
[2025-06-26T22:45:05.088+0000] {logging_mixin.py:190} INFO - [2025-06-26T22:45:05.088+0000] {dag.py:3239} INFO - Sync 1 DAGs
[2025-06-26T22:45:05.099+0000] {logging_mixin.py:190} INFO - [2025-06-26T22:45:05.099+0000] {dag.py:4180} INFO - Setting next_dagrun for example_python_operator to None, run_after=None
[2025-06-26T22:45:05.120+0000] {processor.py:208} INFO - Processing /home/airflow/.local/lib/python3.12/site-packages/airflow/example_dags/example_python_operator.py took 0.070 seconds
[2025-06-26T22:45:35.501+0000] {processor.py:186} INFO - Started process (PID=335) to work on /home/airflow/.local/lib/python3.12/site-packages/airflow/example_dags/example_python_operator.py
[2025-06-26T22:45:35.502+0000] {processor.py:914} INFO - Processing file /home/airflow/.local/lib/python3.12/site-packages/airflow/example_dags/example_python_operator.py for tasks to queue
[2025-06-26T22:45:35.505+0000] {logging_mixin.py:190} INFO - [2025-06-26T22:45:35.505+0000] {dagbag.py:588} INFO - Filling up the DagBag from /home/airflow/.local/lib/python3.12/site-packages/airflow/example_dags/example_python_operator.py
[2025-06-26T22:45:35.516+0000] {processor.py:925} INFO - DAG(s) 'example_python_operator' retrieved from /home/airflow/.local/lib/python3.12/site-packages/airflow/example_dags/example_python_operator.py
[2025-06-26T22:45:35.537+0000] {logging_mixin.py:190} INFO - [2025-06-26T22:45:35.536+0000] {dag.py:3239} INFO - Sync 1 DAGs
[2025-06-26T22:45:35.554+0000] {logging_mixin.py:190} INFO - [2025-06-26T22:45:35.554+0000] {dag.py:4180} INFO - Setting next_dagrun for example_python_operator to None, run_after=None
[2025-06-26T22:45:35.574+0000] {processor.py:208} INFO - Processing /home/airflow/.local/lib/python3.12/site-packages/airflow/example_dags/example_python_operator.py took 0.079 seconds
[2025-06-26T22:46:05.798+0000] {processor.py:186} INFO - Started process (PID=397) to work on /home/airflow/.local/lib/python3.12/site-packages/airflow/example_dags/example_python_operator.py
[2025-06-26T22:46:05.800+0000] {processor.py:914} INFO - Processing file /home/airflow/.local/lib/python3.12/site-packages/airflow/example_dags/example_python_operator.py for tasks to queue
[2025-06-26T22:46:05.803+0000] {logging_mixin.py:190} INFO - [2025-06-26T22:46:05.802+0000] {dagbag.py:588} INFO - Filling up the DagBag from /home/airflow/.local/lib/python3.12/site-packages/airflow/example_dags/example_python_operator.py
[2025-06-26T22:46:05.816+0000] {processor.py:925} INFO - DAG(s) 'example_python_operator' retrieved from /home/airflow/.local/lib/python3.12/site-packages/airflow/example_dags/example_python_operator.py
[2025-06-26T22:46:05.838+0000] {logging_mixin.py:190} INFO - [2025-06-26T22:46:05.838+0000] {dag.py:3239} INFO - Sync 1 DAGs
[2025-06-26T22:46:05.853+0000] {logging_mixin.py:190} INFO - [2025-06-26T22:46:05.853+0000] {dag.py:4180} INFO - Setting next_dagrun for example_python_operator to None, run_after=None
[2025-06-26T22:46:05.878+0000] {processor.py:208} INFO - Processing /home/airflow/.local/lib/python3.12/site-packages/airflow/example_dags/example_python_operator.py took 0.088 seconds
[2025-06-26T22:46:36.412+0000] {processor.py:186} INFO - Started process (PID=459) to work on /home/airflow/.local/lib/python3.12/site-packages/airflow/example_dags/example_python_operator.py
[2025-06-26T22:46:36.413+0000] {processor.py:914} INFO - Processing file /home/airflow/.local/lib/python3.12/site-packages/airflow/example_dags/example_python_operator.py for tasks to queue
[2025-06-26T22:46:36.416+0000] {logging_mixin.py:190} INFO - [2025-06-26T22:46:36.415+0000] {dagbag.py:588} INFO - Filling up the DagBag from /home/airflow/.local/lib/python3.12/site-packages/airflow/example_dags/example_python_operator.py
[2025-06-26T22:46:36.426+0000] {processor.py:925} INFO - DAG(s) 'example_python_operator' retrieved from /home/airflow/.local/lib/python3.12/site-packages/airflow/example_dags/example_python_operator.py
[2025-06-26T22:46:36.447+0000] {logging_mixin.py:190} INFO - [2025-06-26T22:46:36.447+0000] {dag.py:3239} INFO - Sync 1 DAGs
[2025-06-26T22:46:36.462+0000] {logging_mixin.py:190} INFO - [2025-06-26T22:46:36.462+0000] {dag.py:4180} INFO - Setting next_dagrun for example_python_operator to None, run_after=None
[2025-06-26T22:46:36.483+0000] {processor.py:208} INFO - Processing /home/airflow/.local/lib/python3.12/site-packages/airflow/example_dags/example_python_operator.py took 0.076 seconds
[2025-06-26T22:47:06.855+0000] {processor.py:186} INFO - Started process (PID=521) to work on /home/airflow/.local/lib/python3.12/site-packages/airflow/example_dags/example_python_operator.py
[2025-06-26T22:47:06.856+0000] {processor.py:914} INFO - Processing file /home/airflow/.local/lib/python3.12/site-packages/airflow/example_dags/example_python_operator.py for tasks to queue
[2025-06-26T22:47:06.858+0000] {logging_mixin.py:190} INFO - [2025-06-26T22:47:06.858+0000] {dagbag.py:588} INFO - Filling up the DagBag from /home/airflow/.local/lib/python3.12/site-packages/airflow/example_dags/example_python_operator.py
[2025-06-26T22:47:06.869+0000] {processor.py:925} INFO - DAG(s) 'example_python_operator' retrieved from /home/airflow/.local/lib/python3.12/site-packages/airflow/example_dags/example_python_operator.py
[2025-06-26T22:47:06.889+0000] {logging_mixin.py:190} INFO - [2025-06-26T22:47:06.889+0000] {dag.py:3239} INFO - Sync 1 DAGs
[2025-06-26T22:47:06.904+0000] {logging_mixin.py:190} INFO - [2025-06-26T22:47:06.904+0000] {dag.py:4180} INFO - Setting next_dagrun for example_python_operator to None, run_after=None
[2025-06-26T22:47:06.926+0000] {processor.py:208} INFO - Processing /home/airflow/.local/lib/python3.12/site-packages/airflow/example_dags/example_python_operator.py took 0.077 seconds
[2025-06-26T22:47:37.297+0000] {processor.py:186} INFO - Started process (PID=583) to work on /home/airflow/.local/lib/python3.12/site-packages/airflow/example_dags/example_python_operator.py
[2025-06-26T22:47:37.298+0000] {processor.py:914} INFO - Processing file /home/airflow/.local/lib/python3.12/site-packages/airflow/example_dags/example_python_operator.py for tasks to queue
[2025-06-26T22:47:37.301+0000] {logging_mixin.py:190} INFO - [2025-06-26T22:47:37.300+0000] {dagbag.py:588} INFO - Filling up the DagBag from /home/airflow/.local/lib/python3.12/site-packages/airflow/example_dags/example_python_operator.py
[2025-06-26T22:47:37.313+0000] {processor.py:925} INFO - DAG(s) 'example_python_operator' retrieved from /home/airflow/.local/lib/python3.12/site-packages/airflow/example_dags/example_python_operator.py
[2025-06-26T22:47:37.332+0000] {logging_mixin.py:190} INFO - [2025-06-26T22:47:37.332+0000] {dag.py:3239} INFO - Sync 1 DAGs
[2025-06-26T22:47:37.344+0000] {logging_mixin.py:190} INFO - [2025-06-26T22:47:37.344+0000] {dag.py:4180} INFO - Setting next_dagrun for example_python_operator to None, run_after=None
[2025-06-26T22:47:37.364+0000] {processor.py:208} INFO - Processing /home/airflow/.local/lib/python3.12/site-packages/airflow/example_dags/example_python_operator.py took 0.073 seconds
[2025-06-26T22:48:07.708+0000] {processor.py:186} INFO - Started process (PID=645) to work on /home/airflow/.local/lib/python3.12/site-packages/airflow/example_dags/example_python_operator.py
[2025-06-26T22:48:07.709+0000] {processor.py:914} INFO - Processing file /home/airflow/.local/lib/python3.12/site-packages/airflow/example_dags/example_python_operator.py for tasks to queue
[2025-06-26T22:48:07.712+0000] {logging_mixin.py:190} INFO - [2025-06-26T22:48:07.711+0000] {dagbag.py:588} INFO - Filling up the DagBag from /home/airflow/.local/lib/python3.12/site-packages/airflow/example_dags/example_python_operator.py
[2025-06-26T22:48:07.724+0000] {processor.py:925} INFO - DAG(s) 'example_python_operator' retrieved from /home/airflow/.local/lib/python3.12/site-packages/airflow/example_dags/example_python_operator.py
[2025-06-26T22:48:07.747+0000] {logging_mixin.py:190} INFO - [2025-06-26T22:48:07.747+0000] {dag.py:3239} INFO - Sync 1 DAGs
[2025-06-26T22:48:07.761+0000] {logging_mixin.py:190} INFO - [2025-06-26T22:48:07.761+0000] {dag.py:4180} INFO - Setting next_dagrun for example_python_operator to None, run_after=None
[2025-06-26T22:48:07.782+0000] {processor.py:208} INFO - Processing /home/airflow/.local/lib/python3.12/site-packages/airflow/example_dags/example_python_operator.py took 0.080 seconds
[2025-06-26T22:48:38.077+0000] {processor.py:186} INFO - Started process (PID=707) to work on /home/airflow/.local/lib/python3.12/site-packages/airflow/example_dags/example_python_operator.py
[2025-06-26T22:48:38.078+0000] {processor.py:914} INFO - Processing file /home/airflow/.local/lib/python3.12/site-packages/airflow/example_dags/example_python_operator.py for tasks to queue
[2025-06-26T22:48:38.081+0000] {logging_mixin.py:190} INFO - [2025-06-26T22:48:38.080+0000] {dagbag.py:588} INFO - Filling up the DagBag from /home/airflow/.local/lib/python3.12/site-packages/airflow/example_dags/example_python_operator.py
[2025-06-26T22:48:38.094+0000] {processor.py:925} INFO - DAG(s) 'example_python_operator' retrieved from /home/airflow/.local/lib/python3.12/site-packages/airflow/example_dags/example_python_operator.py
[2025-06-26T22:48:38.113+0000] {logging_mixin.py:190} INFO - [2025-06-26T22:48:38.113+0000] {dag.py:3239} INFO - Sync 1 DAGs
[2025-06-26T22:48:38.127+0000] {logging_mixin.py:190} INFO - [2025-06-26T22:48:38.127+0000] {dag.py:4180} INFO - Setting next_dagrun for example_python_operator to None, run_after=None
[2025-06-26T22:48:38.147+0000] {processor.py:208} INFO - Processing /home/airflow/.local/lib/python3.12/site-packages/airflow/example_dags/example_python_operator.py took 0.076 seconds
[2025-06-26T22:49:08.340+0000] {processor.py:186} INFO - Started process (PID=769) to work on /home/airflow/.local/lib/python3.12/site-packages/airflow/example_dags/example_python_operator.py
[2025-06-26T22:49:08.341+0000] {processor.py:914} INFO - Processing file /home/airflow/.local/lib/python3.12/site-packages/airflow/example_dags/example_python_operator.py for tasks to queue
[2025-06-26T22:49:08.343+0000] {logging_mixin.py:190} INFO - [2025-06-26T22:49:08.343+0000] {dagbag.py:588} INFO - Filling up the DagBag from /home/airflow/.local/lib/python3.12/site-packages/airflow/example_dags/example_python_operator.py
[2025-06-26T22:49:08.353+0000] {processor.py:925} INFO - DAG(s) 'example_python_operator' retrieved from /home/airflow/.local/lib/python3.12/site-packages/airflow/example_dags/example_python_operator.py
[2025-06-26T22:49:08.372+0000] {logging_mixin.py:190} INFO - [2025-06-26T22:49:08.371+0000] {dag.py:3239} INFO - Sync 1 DAGs
[2025-06-26T22:49:08.384+0000] {logging_mixin.py:190} INFO - [2025-06-26T22:49:08.383+0000] {dag.py:4180} INFO - Setting next_dagrun for example_python_operator to None, run_after=None
[2025-06-26T22:49:08.404+0000] {processor.py:208} INFO - Processing /home/airflow/.local/lib/python3.12/site-packages/airflow/example_dags/example_python_operator.py took 0.069 seconds
[2025-06-26T22:49:38.699+0000] {processor.py:186} INFO - Started process (PID=831) to work on /home/airflow/.local/lib/python3.12/site-packages/airflow/example_dags/example_python_operator.py
[2025-06-26T22:49:38.701+0000] {processor.py:914} INFO - Processing file /home/airflow/.local/lib/python3.12/site-packages/airflow/example_dags/example_python_operator.py for tasks to queue
[2025-06-26T22:49:38.703+0000] {logging_mixin.py:190} INFO - [2025-06-26T22:49:38.703+0000] {dagbag.py:588} INFO - Filling up the DagBag from /home/airflow/.local/lib/python3.12/site-packages/airflow/example_dags/example_python_operator.py
[2025-06-26T22:49:38.718+0000] {processor.py:925} INFO - DAG(s) 'example_python_operator' retrieved from /home/airflow/.local/lib/python3.12/site-packages/airflow/example_dags/example_python_operator.py
[2025-06-26T22:49:38.740+0000] {logging_mixin.py:190} INFO - [2025-06-26T22:49:38.740+0000] {dag.py:3239} INFO - Sync 1 DAGs
[2025-06-26T22:49:38.753+0000] {logging_mixin.py:190} INFO - [2025-06-26T22:49:38.753+0000] {dag.py:4180} INFO - Setting next_dagrun for example_python_operator to None, run_after=None
[2025-06-26T22:49:38.776+0000] {processor.py:208} INFO - Processing /home/airflow/.local/lib/python3.12/site-packages/airflow/example_dags/example_python_operator.py took 0.082 seconds
[2025-06-26T22:50:09.118+0000] {processor.py:186} INFO - Started process (PID=893) to work on /home/airflow/.local/lib/python3.12/site-packages/airflow/example_dags/example_python_operator.py
[2025-06-26T22:50:09.119+0000] {processor.py:914} INFO - Processing file /home/airflow/.local/lib/python3.12/site-packages/airflow/example_dags/example_python_operator.py for tasks to queue
[2025-06-26T22:50:09.121+0000] {logging_mixin.py:190} INFO - [2025-06-26T22:50:09.120+0000] {dagbag.py:588} INFO - Filling up the DagBag from /home/airflow/.local/lib/python3.12/site-packages/airflow/example_dags/example_python_operator.py
[2025-06-26T22:50:09.131+0000] {processor.py:925} INFO - DAG(s) 'example_python_operator' retrieved from /home/airflow/.local/lib/python3.12/site-packages/airflow/example_dags/example_python_operator.py
[2025-06-26T22:50:09.150+0000] {logging_mixin.py:190} INFO - [2025-06-26T22:50:09.150+0000] {dag.py:3239} INFO - Sync 1 DAGs
[2025-06-26T22:50:09.163+0000] {logging_mixin.py:190} INFO - [2025-06-26T22:50:09.163+0000] {dag.py:4180} INFO - Setting next_dagrun for example_python_operator to None, run_after=None
[2025-06-26T22:50:09.184+0000] {processor.py:208} INFO - Processing /home/airflow/.local/lib/python3.12/site-packages/airflow/example_dags/example_python_operator.py took 0.072 seconds
[2025-06-26T22:50:39.341+0000] {processor.py:186} INFO - Started process (PID=954) to work on /home/airflow/.local/lib/python3.12/site-packages/airflow/example_dags/example_python_operator.py
[2025-06-26T22:50:39.342+0000] {processor.py:914} INFO - Processing file /home/airflow/.local/lib/python3.12/site-packages/airflow/example_dags/example_python_operator.py for tasks to queue
[2025-06-26T22:50:39.345+0000] {logging_mixin.py:190} INFO - [2025-06-26T22:50:39.344+0000] {dagbag.py:588} INFO - Filling up the DagBag from /home/airflow/.local/lib/python3.12/site-packages/airflow/example_dags/example_python_operator.py
[2025-06-26T22:50:39.358+0000] {processor.py:925} INFO - DAG(s) 'example_python_operator' retrieved from /home/airflow/.local/lib/python3.12/site-packages/airflow/example_dags/example_python_operator.py
[2025-06-26T22:50:39.380+0000] {logging_mixin.py:190} INFO - [2025-06-26T22:50:39.380+0000] {dag.py:3239} INFO - Sync 1 DAGs
[2025-06-26T22:50:39.394+0000] {logging_mixin.py:190} INFO - [2025-06-26T22:50:39.393+0000] {dag.py:4180} INFO - Setting next_dagrun for example_python_operator to None, run_after=None
[2025-06-26T22:50:39.415+0000] {processor.py:208} INFO - Processing /home/airflow/.local/lib/python3.12/site-packages/airflow/example_dags/example_python_operator.py took 0.079 seconds
[2025-06-26T22:51:09.958+0000] {processor.py:186} INFO - Started process (PID=1016) to work on /home/airflow/.local/lib/python3.12/site-packages/airflow/example_dags/example_python_operator.py
[2025-06-26T22:51:09.959+0000] {processor.py:914} INFO - Processing file /home/airflow/.local/lib/python3.12/site-packages/airflow/example_dags/example_python_operator.py for tasks to queue
[2025-06-26T22:51:09.961+0000] {logging_mixin.py:190} INFO - [2025-06-26T22:51:09.960+0000] {dagbag.py:588} INFO - Filling up the DagBag from /home/airflow/.local/lib/python3.12/site-packages/airflow/example_dags/example_python_operator.py
[2025-06-26T22:51:09.971+0000] {processor.py:925} INFO - DAG(s) 'example_python_operator' retrieved from /home/airflow/.local/lib/python3.12/site-packages/airflow/example_dags/example_python_operator.py
[2025-06-26T22:51:09.994+0000] {logging_mixin.py:190} INFO - [2025-06-26T22:51:09.994+0000] {dag.py:3239} INFO - Sync 1 DAGs
[2025-06-26T22:51:10.009+0000] {logging_mixin.py:190} INFO - [2025-06-26T22:51:10.008+0000] {dag.py:4180} INFO - Setting next_dagrun for example_python_operator to None, run_after=None
[2025-06-26T22:51:10.032+0000] {processor.py:208} INFO - Processing /home/airflow/.local/lib/python3.12/site-packages/airflow/example_dags/example_python_operator.py took 0.079 seconds
[2025-06-26T22:51:40.280+0000] {processor.py:186} INFO - Started process (PID=1078) to work on /home/airflow/.local/lib/python3.12/site-packages/airflow/example_dags/example_python_operator.py
[2025-06-26T22:51:40.281+0000] {processor.py:914} INFO - Processing file /home/airflow/.local/lib/python3.12/site-packages/airflow/example_dags/example_python_operator.py for tasks to queue
[2025-06-26T22:51:40.283+0000] {logging_mixin.py:190} INFO - [2025-06-26T22:51:40.283+0000] {dagbag.py:588} INFO - Filling up the DagBag from /home/airflow/.local/lib/python3.12/site-packages/airflow/example_dags/example_python_operator.py
[2025-06-26T22:51:40.295+0000] {processor.py:925} INFO - DAG(s) 'example_python_operator' retrieved from /home/airflow/.local/lib/python3.12/site-packages/airflow/example_dags/example_python_operator.py
[2025-06-26T22:51:40.318+0000] {logging_mixin.py:190} INFO - [2025-06-26T22:51:40.318+0000] {dag.py:3239} INFO - Sync 1 DAGs
[2025-06-26T22:51:40.331+0000] {logging_mixin.py:190} INFO - [2025-06-26T22:51:40.331+0000] {dag.py:4180} INFO - Setting next_dagrun for example_python_operator to None, run_after=None
[2025-06-26T22:51:40.352+0000] {processor.py:208} INFO - Processing /home/airflow/.local/lib/python3.12/site-packages/airflow/example_dags/example_python_operator.py took 0.078 seconds
[2025-06-26T22:52:10.627+0000] {processor.py:186} INFO - Started process (PID=1140) to work on /home/airflow/.local/lib/python3.12/site-packages/airflow/example_dags/example_python_operator.py
[2025-06-26T22:52:10.628+0000] {processor.py:914} INFO - Processing file /home/airflow/.local/lib/python3.12/site-packages/airflow/example_dags/example_python_operator.py for tasks to queue
[2025-06-26T22:52:10.631+0000] {logging_mixin.py:190} INFO - [2025-06-26T22:52:10.631+0000] {dagbag.py:588} INFO - Filling up the DagBag from /home/airflow/.local/lib/python3.12/site-packages/airflow/example_dags/example_python_operator.py
[2025-06-26T22:52:10.645+0000] {processor.py:925} INFO - DAG(s) 'example_python_operator' retrieved from /home/airflow/.local/lib/python3.12/site-packages/airflow/example_dags/example_python_operator.py
[2025-06-26T22:52:10.670+0000] {logging_mixin.py:190} INFO - [2025-06-26T22:52:10.669+0000] {dag.py:3239} INFO - Sync 1 DAGs
[2025-06-26T22:52:10.684+0000] {logging_mixin.py:190} INFO - [2025-06-26T22:52:10.684+0000] {dag.py:4180} INFO - Setting next_dagrun for example_python_operator to None, run_after=None
[2025-06-26T22:52:10.709+0000] {processor.py:208} INFO - Processing /home/airflow/.local/lib/python3.12/site-packages/airflow/example_dags/example_python_operator.py took 0.090 seconds
[2025-06-26T22:52:40.811+0000] {processor.py:186} INFO - Started process (PID=1202) to work on /home/airflow/.local/lib/python3.12/site-packages/airflow/example_dags/example_python_operator.py
[2025-06-26T22:52:40.812+0000] {processor.py:914} INFO - Processing file /home/airflow/.local/lib/python3.12/site-packages/airflow/example_dags/example_python_operator.py for tasks to queue
[2025-06-26T22:52:40.814+0000] {logging_mixin.py:190} INFO - [2025-06-26T22:52:40.814+0000] {dagbag.py:588} INFO - Filling up the DagBag from /home/airflow/.local/lib/python3.12/site-packages/airflow/example_dags/example_python_operator.py
[2025-06-26T22:52:40.825+0000] {processor.py:925} INFO - DAG(s) 'example_python_operator' retrieved from /home/airflow/.local/lib/python3.12/site-packages/airflow/example_dags/example_python_operator.py
[2025-06-26T22:52:40.846+0000] {logging_mixin.py:190} INFO - [2025-06-26T22:52:40.846+0000] {dag.py:3239} INFO - Sync 1 DAGs
[2025-06-26T22:52:40.858+0000] {logging_mixin.py:190} INFO - [2025-06-26T22:52:40.858+0000] {dag.py:4180} INFO - Setting next_dagrun for example_python_operator to None, run_after=None
[2025-06-26T22:52:40.878+0000] {processor.py:208} INFO - Processing /home/airflow/.local/lib/python3.12/site-packages/airflow/example_dags/example_python_operator.py took 0.075 seconds
[2025-06-26T22:53:11.256+0000] {processor.py:186} INFO - Started process (PID=1264) to work on /home/airflow/.local/lib/python3.12/site-packages/airflow/example_dags/example_python_operator.py
[2025-06-26T22:53:11.257+0000] {processor.py:914} INFO - Processing file /home/airflow/.local/lib/python3.12/site-packages/airflow/example_dags/example_python_operator.py for tasks to queue
[2025-06-26T22:53:11.259+0000] {logging_mixin.py:190} INFO - [2025-06-26T22:53:11.259+0000] {dagbag.py:588} INFO - Filling up the DagBag from /home/airflow/.local/lib/python3.12/site-packages/airflow/example_dags/example_python_operator.py
[2025-06-26T22:53:11.271+0000] {processor.py:925} INFO - DAG(s) 'example_python_operator' retrieved from /home/airflow/.local/lib/python3.12/site-packages/airflow/example_dags/example_python_operator.py
[2025-06-26T22:53:11.291+0000] {logging_mixin.py:190} INFO - [2025-06-26T22:53:11.291+0000] {dag.py:3239} INFO - Sync 1 DAGs
[2025-06-26T22:53:11.306+0000] {logging_mixin.py:190} INFO - [2025-06-26T22:53:11.306+0000] {dag.py:4180} INFO - Setting next_dagrun for example_python_operator to None, run_after=None
[2025-06-26T22:53:11.328+0000] {processor.py:208} INFO - Processing /home/airflow/.local/lib/python3.12/site-packages/airflow/example_dags/example_python_operator.py took 0.078 seconds
[2025-06-26T22:53:41.630+0000] {processor.py:186} INFO - Started process (PID=1326) to work on /home/airflow/.local/lib/python3.12/site-packages/airflow/example_dags/example_python_operator.py
[2025-06-26T22:53:41.631+0000] {processor.py:914} INFO - Processing file /home/airflow/.local/lib/python3.12/site-packages/airflow/example_dags/example_python_operator.py for tasks to queue
[2025-06-26T22:53:41.633+0000] {logging_mixin.py:190} INFO - [2025-06-26T22:53:41.633+0000] {dagbag.py:588} INFO - Filling up the DagBag from /home/airflow/.local/lib/python3.12/site-packages/airflow/example_dags/example_python_operator.py
[2025-06-26T22:53:41.644+0000] {processor.py:925} INFO - DAG(s) 'example_python_operator' retrieved from /home/airflow/.local/lib/python3.12/site-packages/airflow/example_dags/example_python_operator.py
[2025-06-26T22:53:41.661+0000] {logging_mixin.py:190} INFO - [2025-06-26T22:53:41.660+0000] {dag.py:3239} INFO - Sync 1 DAGs
[2025-06-26T22:53:41.672+0000] {logging_mixin.py:190} INFO - [2025-06-26T22:53:41.672+0000] {dag.py:4180} INFO - Setting next_dagrun for example_python_operator to None, run_after=None
[2025-06-26T22:53:41.692+0000] {processor.py:208} INFO - Processing /home/airflow/.local/lib/python3.12/site-packages/airflow/example_dags/example_python_operator.py took 0.068 seconds
[2025-06-26T22:54:11.924+0000] {processor.py:186} INFO - Started process (PID=1388) to work on /home/airflow/.local/lib/python3.12/site-packages/airflow/example_dags/example_python_operator.py
[2025-06-26T22:54:11.926+0000] {processor.py:914} INFO - Processing file /home/airflow/.local/lib/python3.12/site-packages/airflow/example_dags/example_python_operator.py for tasks to queue
[2025-06-26T22:54:11.929+0000] {logging_mixin.py:190} INFO - [2025-06-26T22:54:11.929+0000] {dagbag.py:588} INFO - Filling up the DagBag from /home/airflow/.local/lib/python3.12/site-packages/airflow/example_dags/example_python_operator.py
[2025-06-26T22:54:11.945+0000] {processor.py:925} INFO - DAG(s) 'example_python_operator' retrieved from /home/airflow/.local/lib/python3.12/site-packages/airflow/example_dags/example_python_operator.py
[2025-06-26T22:54:11.968+0000] {logging_mixin.py:190} INFO - [2025-06-26T22:54:11.968+0000] {dag.py:3239} INFO - Sync 1 DAGs
[2025-06-26T22:54:11.982+0000] {logging_mixin.py:190} INFO - [2025-06-26T22:54:11.982+0000] {dag.py:4180} INFO - Setting next_dagrun for example_python_operator to None, run_after=None
[2025-06-26T22:54:12.007+0000] {processor.py:208} INFO - Processing /home/airflow/.local/lib/python3.12/site-packages/airflow/example_dags/example_python_operator.py took 0.091 seconds
[2025-06-26T22:54:42.421+0000] {processor.py:186} INFO - Started process (PID=1450) to work on /home/airflow/.local/lib/python3.12/site-packages/airflow/example_dags/example_python_operator.py
[2025-06-26T22:54:42.422+0000] {processor.py:914} INFO - Processing file /home/airflow/.local/lib/python3.12/site-packages/airflow/example_dags/example_python_operator.py for tasks to queue
[2025-06-26T22:54:42.425+0000] {logging_mixin.py:190} INFO - [2025-06-26T22:54:42.425+0000] {dagbag.py:588} INFO - Filling up the DagBag from /home/airflow/.local/lib/python3.12/site-packages/airflow/example_dags/example_python_operator.py
[2025-06-26T22:54:42.437+0000] {processor.py:925} INFO - DAG(s) 'example_python_operator' retrieved from /home/airflow/.local/lib/python3.12/site-packages/airflow/example_dags/example_python_operator.py
[2025-06-26T22:54:42.465+0000] {logging_mixin.py:190} INFO - [2025-06-26T22:54:42.465+0000] {dag.py:3239} INFO - Sync 1 DAGs
[2025-06-26T22:54:42.480+0000] {logging_mixin.py:190} INFO - [2025-06-26T22:54:42.480+0000] {dag.py:4180} INFO - Setting next_dagrun for example_python_operator to None, run_after=None
[2025-06-26T22:54:42.505+0000] {processor.py:208} INFO - Processing /home/airflow/.local/lib/python3.12/site-packages/airflow/example_dags/example_python_operator.py took 0.090 seconds
[2025-06-26T22:55:12.819+0000] {processor.py:186} INFO - Started process (PID=1512) to work on /home/airflow/.local/lib/python3.12/site-packages/airflow/example_dags/example_python_operator.py
[2025-06-26T22:55:12.820+0000] {processor.py:914} INFO - Processing file /home/airflow/.local/lib/python3.12/site-packages/airflow/example_dags/example_python_operator.py for tasks to queue
[2025-06-26T22:55:12.823+0000] {logging_mixin.py:190} INFO - [2025-06-26T22:55:12.822+0000] {dagbag.py:588} INFO - Filling up the DagBag from /home/airflow/.local/lib/python3.12/site-packages/airflow/example_dags/example_python_operator.py
[2025-06-26T22:55:12.834+0000] {processor.py:925} INFO - DAG(s) 'example_python_operator' retrieved from /home/airflow/.local/lib/python3.12/site-packages/airflow/example_dags/example_python_operator.py
[2025-06-26T22:55:12.855+0000] {logging_mixin.py:190} INFO - [2025-06-26T22:55:12.855+0000] {dag.py:3239} INFO - Sync 1 DAGs
[2025-06-26T22:55:12.870+0000] {logging_mixin.py:190} INFO - [2025-06-26T22:55:12.870+0000] {dag.py:4180} INFO - Setting next_dagrun for example_python_operator to None, run_after=None
[2025-06-26T22:55:12.892+0000] {processor.py:208} INFO - Processing /home/airflow/.local/lib/python3.12/site-packages/airflow/example_dags/example_python_operator.py took 0.078 seconds
[2025-06-26T22:55:43.259+0000] {processor.py:186} INFO - Started process (PID=1574) to work on /home/airflow/.local/lib/python3.12/site-packages/airflow/example_dags/example_python_operator.py
[2025-06-26T22:55:43.260+0000] {processor.py:914} INFO - Processing file /home/airflow/.local/lib/python3.12/site-packages/airflow/example_dags/example_python_operator.py for tasks to queue
[2025-06-26T22:55:43.262+0000] {logging_mixin.py:190} INFO - [2025-06-26T22:55:43.262+0000] {dagbag.py:588} INFO - Filling up the DagBag from /home/airflow/.local/lib/python3.12/site-packages/airflow/example_dags/example_python_operator.py
[2025-06-26T22:55:43.273+0000] {processor.py:925} INFO - DAG(s) 'example_python_operator' retrieved from /home/airflow/.local/lib/python3.12/site-packages/airflow/example_dags/example_python_operator.py
[2025-06-26T22:55:43.291+0000] {logging_mixin.py:190} INFO - [2025-06-26T22:55:43.291+0000] {dag.py:3239} INFO - Sync 1 DAGs
[2025-06-26T22:55:43.306+0000] {logging_mixin.py:190} INFO - [2025-06-26T22:55:43.305+0000] {dag.py:4180} INFO - Setting next_dagrun for example_python_operator to None, run_after=None
[2025-06-26T22:55:43.327+0000] {processor.py:208} INFO - Processing /home/airflow/.local/lib/python3.12/site-packages/airflow/example_dags/example_python_operator.py took 0.074 seconds
[2025-06-26T22:56:13.507+0000] {processor.py:186} INFO - Started process (PID=1636) to work on /home/airflow/.local/lib/python3.12/site-packages/airflow/example_dags/example_python_operator.py
[2025-06-26T22:56:13.508+0000] {processor.py:914} INFO - Processing file /home/airflow/.local/lib/python3.12/site-packages/airflow/example_dags/example_python_operator.py for tasks to queue
[2025-06-26T22:56:13.510+0000] {logging_mixin.py:190} INFO - [2025-06-26T22:56:13.510+0000] {dagbag.py:588} INFO - Filling up the DagBag from /home/airflow/.local/lib/python3.12/site-packages/airflow/example_dags/example_python_operator.py
[2025-06-26T22:56:13.525+0000] {processor.py:925} INFO - DAG(s) 'example_python_operator' retrieved from /home/airflow/.local/lib/python3.12/site-packages/airflow/example_dags/example_python_operator.py
[2025-06-26T22:56:13.545+0000] {logging_mixin.py:190} INFO - [2025-06-26T22:56:13.544+0000] {dag.py:3239} INFO - Sync 1 DAGs
[2025-06-26T22:56:13.556+0000] {logging_mixin.py:190} INFO - [2025-06-26T22:56:13.556+0000] {dag.py:4180} INFO - Setting next_dagrun for example_python_operator to None, run_after=None
[2025-06-26T22:56:13.576+0000] {processor.py:208} INFO - Processing /home/airflow/.local/lib/python3.12/site-packages/airflow/example_dags/example_python_operator.py took 0.075 seconds
[2025-06-26T22:56:44.466+0000] {processor.py:186} INFO - Started process (PID=1698) to work on /home/airflow/.local/lib/python3.12/site-packages/airflow/example_dags/example_python_operator.py
[2025-06-26T22:56:44.467+0000] {processor.py:914} INFO - Processing file /home/airflow/.local/lib/python3.12/site-packages/airflow/example_dags/example_python_operator.py for tasks to queue
[2025-06-26T22:56:44.469+0000] {logging_mixin.py:190} INFO - [2025-06-26T22:56:44.469+0000] {dagbag.py:588} INFO - Filling up the DagBag from /home/airflow/.local/lib/python3.12/site-packages/airflow/example_dags/example_python_operator.py
[2025-06-26T22:56:44.479+0000] {processor.py:925} INFO - DAG(s) 'example_python_operator' retrieved from /home/airflow/.local/lib/python3.12/site-packages/airflow/example_dags/example_python_operator.py
[2025-06-26T22:56:44.497+0000] {logging_mixin.py:190} INFO - [2025-06-26T22:56:44.497+0000] {dag.py:3239} INFO - Sync 1 DAGs
[2025-06-26T22:56:44.509+0000] {logging_mixin.py:190} INFO - [2025-06-26T22:56:44.509+0000] {dag.py:4180} INFO - Setting next_dagrun for example_python_operator to None, run_after=None
[2025-06-26T22:56:44.529+0000] {processor.py:208} INFO - Processing /home/airflow/.local/lib/python3.12/site-packages/airflow/example_dags/example_python_operator.py took 0.068 seconds
[2025-06-26T22:57:14.787+0000] {processor.py:186} INFO - Started process (PID=1760) to work on /home/airflow/.local/lib/python3.12/site-packages/airflow/example_dags/example_python_operator.py
[2025-06-26T22:57:14.788+0000] {processor.py:914} INFO - Processing file /home/airflow/.local/lib/python3.12/site-packages/airflow/example_dags/example_python_operator.py for tasks to queue
[2025-06-26T22:57:14.791+0000] {logging_mixin.py:190} INFO - [2025-06-26T22:57:14.790+0000] {dagbag.py:588} INFO - Filling up the DagBag from /home/airflow/.local/lib/python3.12/site-packages/airflow/example_dags/example_python_operator.py
[2025-06-26T22:57:14.802+0000] {processor.py:925} INFO - DAG(s) 'example_python_operator' retrieved from /home/airflow/.local/lib/python3.12/site-packages/airflow/example_dags/example_python_operator.py
[2025-06-26T22:57:14.822+0000] {logging_mixin.py:190} INFO - [2025-06-26T22:57:14.821+0000] {dag.py:3239} INFO - Sync 1 DAGs
[2025-06-26T22:57:14.837+0000] {logging_mixin.py:190} INFO - [2025-06-26T22:57:14.837+0000] {dag.py:4180} INFO - Setting next_dagrun for example_python_operator to None, run_after=None
[2025-06-26T22:57:14.860+0000] {processor.py:208} INFO - Processing /home/airflow/.local/lib/python3.12/site-packages/airflow/example_dags/example_python_operator.py took 0.078 seconds
[2025-06-26T22:57:45.223+0000] {processor.py:186} INFO - Started process (PID=1822) to work on /home/airflow/.local/lib/python3.12/site-packages/airflow/example_dags/example_python_operator.py
[2025-06-26T22:57:45.224+0000] {processor.py:914} INFO - Processing file /home/airflow/.local/lib/python3.12/site-packages/airflow/example_dags/example_python_operator.py for tasks to queue
[2025-06-26T22:57:45.226+0000] {logging_mixin.py:190} INFO - [2025-06-26T22:57:45.226+0000] {dagbag.py:588} INFO - Filling up the DagBag from /home/airflow/.local/lib/python3.12/site-packages/airflow/example_dags/example_python_operator.py
[2025-06-26T22:57:45.238+0000] {processor.py:925} INFO - DAG(s) 'example_python_operator' retrieved from /home/airflow/.local/lib/python3.12/site-packages/airflow/example_dags/example_python_operator.py
[2025-06-26T22:57:45.261+0000] {logging_mixin.py:190} INFO - [2025-06-26T22:57:45.260+0000] {dag.py:3239} INFO - Sync 1 DAGs
[2025-06-26T22:57:45.277+0000] {logging_mixin.py:190} INFO - [2025-06-26T22:57:45.276+0000] {dag.py:4180} INFO - Setting next_dagrun for example_python_operator to None, run_after=None
[2025-06-26T22:57:45.300+0000] {processor.py:208} INFO - Processing /home/airflow/.local/lib/python3.12/site-packages/airflow/example_dags/example_python_operator.py took 0.083 seconds
[2025-06-26T22:58:15.646+0000] {processor.py:186} INFO - Started process (PID=1884) to work on /home/airflow/.local/lib/python3.12/site-packages/airflow/example_dags/example_python_operator.py
[2025-06-26T22:58:15.647+0000] {processor.py:914} INFO - Processing file /home/airflow/.local/lib/python3.12/site-packages/airflow/example_dags/example_python_operator.py for tasks to queue
[2025-06-26T22:58:15.649+0000] {logging_mixin.py:190} INFO - [2025-06-26T22:58:15.649+0000] {dagbag.py:588} INFO - Filling up the DagBag from /home/airflow/.local/lib/python3.12/site-packages/airflow/example_dags/example_python_operator.py
[2025-06-26T22:58:15.661+0000] {processor.py:925} INFO - DAG(s) 'example_python_operator' retrieved from /home/airflow/.local/lib/python3.12/site-packages/airflow/example_dags/example_python_operator.py
[2025-06-26T22:58:15.682+0000] {logging_mixin.py:190} INFO - [2025-06-26T22:58:15.681+0000] {dag.py:3239} INFO - Sync 1 DAGs
[2025-06-26T22:58:15.694+0000] {logging_mixin.py:190} INFO - [2025-06-26T22:58:15.694+0000] {dag.py:4180} INFO - Setting next_dagrun for example_python_operator to None, run_after=None
[2025-06-26T22:58:15.716+0000] {processor.py:208} INFO - Processing /home/airflow/.local/lib/python3.12/site-packages/airflow/example_dags/example_python_operator.py took 0.075 seconds
[2025-06-26T22:58:46.133+0000] {processor.py:186} INFO - Started process (PID=1946) to work on /home/airflow/.local/lib/python3.12/site-packages/airflow/example_dags/example_python_operator.py
[2025-06-26T22:58:46.134+0000] {processor.py:914} INFO - Processing file /home/airflow/.local/lib/python3.12/site-packages/airflow/example_dags/example_python_operator.py for tasks to queue
[2025-06-26T22:58:46.136+0000] {logging_mixin.py:190} INFO - [2025-06-26T22:58:46.136+0000] {dagbag.py:588} INFO - Filling up the DagBag from /home/airflow/.local/lib/python3.12/site-packages/airflow/example_dags/example_python_operator.py
[2025-06-26T22:58:46.146+0000] {processor.py:925} INFO - DAG(s) 'example_python_operator' retrieved from /home/airflow/.local/lib/python3.12/site-packages/airflow/example_dags/example_python_operator.py
[2025-06-26T22:58:46.165+0000] {logging_mixin.py:190} INFO - [2025-06-26T22:58:46.165+0000] {dag.py:3239} INFO - Sync 1 DAGs
[2025-06-26T22:58:46.177+0000] {logging_mixin.py:190} INFO - [2025-06-26T22:58:46.177+0000] {dag.py:4180} INFO - Setting next_dagrun for example_python_operator to None, run_after=None
[2025-06-26T22:58:46.196+0000] {processor.py:208} INFO - Processing /home/airflow/.local/lib/python3.12/site-packages/airflow/example_dags/example_python_operator.py took 0.068 seconds
[2025-06-26T22:59:16.465+0000] {processor.py:186} INFO - Started process (PID=2008) to work on /home/airflow/.local/lib/python3.12/site-packages/airflow/example_dags/example_python_operator.py
[2025-06-26T22:59:16.467+0000] {processor.py:914} INFO - Processing file /home/airflow/.local/lib/python3.12/site-packages/airflow/example_dags/example_python_operator.py for tasks to queue
[2025-06-26T22:59:16.469+0000] {logging_mixin.py:190} INFO - [2025-06-26T22:59:16.469+0000] {dagbag.py:588} INFO - Filling up the DagBag from /home/airflow/.local/lib/python3.12/site-packages/airflow/example_dags/example_python_operator.py
[2025-06-26T22:59:16.480+0000] {processor.py:925} INFO - DAG(s) 'example_python_operator' retrieved from /home/airflow/.local/lib/python3.12/site-packages/airflow/example_dags/example_python_operator.py
[2025-06-26T22:59:16.498+0000] {logging_mixin.py:190} INFO - [2025-06-26T22:59:16.498+0000] {dag.py:3239} INFO - Sync 1 DAGs
[2025-06-26T22:59:16.511+0000] {logging_mixin.py:190} INFO - [2025-06-26T22:59:16.511+0000] {dag.py:4180} INFO - Setting next_dagrun for example_python_operator to None, run_after=None
[2025-06-26T22:59:16.532+0000] {processor.py:208} INFO - Processing /home/airflow/.local/lib/python3.12/site-packages/airflow/example_dags/example_python_operator.py took 0.072 seconds
[2025-06-26T22:59:47.051+0000] {processor.py:186} INFO - Started process (PID=2070) to work on /home/airflow/.local/lib/python3.12/site-packages/airflow/example_dags/example_python_operator.py
[2025-06-26T22:59:47.052+0000] {processor.py:914} INFO - Processing file /home/airflow/.local/lib/python3.12/site-packages/airflow/example_dags/example_python_operator.py for tasks to queue
[2025-06-26T22:59:47.054+0000] {logging_mixin.py:190} INFO - [2025-06-26T22:59:47.054+0000] {dagbag.py:588} INFO - Filling up the DagBag from /home/airflow/.local/lib/python3.12/site-packages/airflow/example_dags/example_python_operator.py
[2025-06-26T22:59:47.068+0000] {processor.py:925} INFO - DAG(s) 'example_python_operator' retrieved from /home/airflow/.local/lib/python3.12/site-packages/airflow/example_dags/example_python_operator.py
[2025-06-26T22:59:47.086+0000] {logging_mixin.py:190} INFO - [2025-06-26T22:59:47.086+0000] {dag.py:3239} INFO - Sync 1 DAGs
[2025-06-26T22:59:47.098+0000] {logging_mixin.py:190} INFO - [2025-06-26T22:59:47.098+0000] {dag.py:4180} INFO - Setting next_dagrun for example_python_operator to None, run_after=None
[2025-06-26T22:59:47.117+0000] {processor.py:208} INFO - Processing /home/airflow/.local/lib/python3.12/site-packages/airflow/example_dags/example_python_operator.py took 0.072 seconds
[2025-06-26T23:00:17.603+0000] {processor.py:186} INFO - Started process (PID=2133) to work on /home/airflow/.local/lib/python3.12/site-packages/airflow/example_dags/example_python_operator.py
[2025-06-26T23:00:17.604+0000] {processor.py:914} INFO - Processing file /home/airflow/.local/lib/python3.12/site-packages/airflow/example_dags/example_python_operator.py for tasks to queue
[2025-06-26T23:00:17.607+0000] {logging_mixin.py:190} INFO - [2025-06-26T23:00:17.606+0000] {dagbag.py:588} INFO - Filling up the DagBag from /home/airflow/.local/lib/python3.12/site-packages/airflow/example_dags/example_python_operator.py
[2025-06-26T23:00:17.619+0000] {processor.py:925} INFO - DAG(s) 'example_python_operator' retrieved from /home/airflow/.local/lib/python3.12/site-packages/airflow/example_dags/example_python_operator.py
[2025-06-26T23:00:17.639+0000] {logging_mixin.py:190} INFO - [2025-06-26T23:00:17.639+0000] {dag.py:3239} INFO - Sync 1 DAGs
[2025-06-26T23:00:17.652+0000] {logging_mixin.py:190} INFO - [2025-06-26T23:00:17.652+0000] {dag.py:4180} INFO - Setting next_dagrun for example_python_operator to None, run_after=None
[2025-06-26T23:00:17.675+0000] {processor.py:208} INFO - Processing /home/airflow/.local/lib/python3.12/site-packages/airflow/example_dags/example_python_operator.py took 0.078 seconds
[2025-06-26T23:00:48.202+0000] {processor.py:186} INFO - Started process (PID=2195) to work on /home/airflow/.local/lib/python3.12/site-packages/airflow/example_dags/example_python_operator.py
[2025-06-26T23:00:48.203+0000] {processor.py:914} INFO - Processing file /home/airflow/.local/lib/python3.12/site-packages/airflow/example_dags/example_python_operator.py for tasks to queue
[2025-06-26T23:00:48.205+0000] {logging_mixin.py:190} INFO - [2025-06-26T23:00:48.205+0000] {dagbag.py:588} INFO - Filling up the DagBag from /home/airflow/.local/lib/python3.12/site-packages/airflow/example_dags/example_python_operator.py
[2025-06-26T23:00:48.217+0000] {processor.py:925} INFO - DAG(s) 'example_python_operator' retrieved from /home/airflow/.local/lib/python3.12/site-packages/airflow/example_dags/example_python_operator.py
[2025-06-26T23:00:48.236+0000] {logging_mixin.py:190} INFO - [2025-06-26T23:00:48.236+0000] {dag.py:3239} INFO - Sync 1 DAGs
[2025-06-26T23:00:48.248+0000] {logging_mixin.py:190} INFO - [2025-06-26T23:00:48.248+0000] {dag.py:4180} INFO - Setting next_dagrun for example_python_operator to None, run_after=None
[2025-06-26T23:00:48.268+0000] {processor.py:208} INFO - Processing /home/airflow/.local/lib/python3.12/site-packages/airflow/example_dags/example_python_operator.py took 0.072 seconds
[2025-06-26T23:01:18.633+0000] {processor.py:186} INFO - Started process (PID=2257) to work on /home/airflow/.local/lib/python3.12/site-packages/airflow/example_dags/example_python_operator.py
[2025-06-26T23:01:18.634+0000] {processor.py:914} INFO - Processing file /home/airflow/.local/lib/python3.12/site-packages/airflow/example_dags/example_python_operator.py for tasks to queue
[2025-06-26T23:01:18.636+0000] {logging_mixin.py:190} INFO - [2025-06-26T23:01:18.636+0000] {dagbag.py:588} INFO - Filling up the DagBag from /home/airflow/.local/lib/python3.12/site-packages/airflow/example_dags/example_python_operator.py
[2025-06-26T23:01:18.648+0000] {processor.py:925} INFO - DAG(s) 'example_python_operator' retrieved from /home/airflow/.local/lib/python3.12/site-packages/airflow/example_dags/example_python_operator.py
[2025-06-26T23:01:18.668+0000] {logging_mixin.py:190} INFO - [2025-06-26T23:01:18.668+0000] {dag.py:3239} INFO - Sync 1 DAGs
[2025-06-26T23:01:18.682+0000] {logging_mixin.py:190} INFO - [2025-06-26T23:01:18.682+0000] {dag.py:4180} INFO - Setting next_dagrun for example_python_operator to None, run_after=None
[2025-06-26T23:01:18.704+0000] {processor.py:208} INFO - Processing /home/airflow/.local/lib/python3.12/site-packages/airflow/example_dags/example_python_operator.py took 0.076 seconds
[2025-06-26T23:01:49.644+0000] {processor.py:186} INFO - Started process (PID=2319) to work on /home/airflow/.local/lib/python3.12/site-packages/airflow/example_dags/example_python_operator.py
[2025-06-26T23:01:49.645+0000] {processor.py:914} INFO - Processing file /home/airflow/.local/lib/python3.12/site-packages/airflow/example_dags/example_python_operator.py for tasks to queue
[2025-06-26T23:01:49.647+0000] {logging_mixin.py:190} INFO - [2025-06-26T23:01:49.647+0000] {dagbag.py:588} INFO - Filling up the DagBag from /home/airflow/.local/lib/python3.12/site-packages/airflow/example_dags/example_python_operator.py
[2025-06-26T23:01:49.658+0000] {processor.py:925} INFO - DAG(s) 'example_python_operator' retrieved from /home/airflow/.local/lib/python3.12/site-packages/airflow/example_dags/example_python_operator.py
[2025-06-26T23:01:49.678+0000] {logging_mixin.py:190} INFO - [2025-06-26T23:01:49.678+0000] {dag.py:3239} INFO - Sync 1 DAGs
[2025-06-26T23:01:49.692+0000] {logging_mixin.py:190} INFO - [2025-06-26T23:01:49.691+0000] {dag.py:4180} INFO - Setting next_dagrun for example_python_operator to None, run_after=None
[2025-06-26T23:01:49.717+0000] {processor.py:208} INFO - Processing /home/airflow/.local/lib/python3.12/site-packages/airflow/example_dags/example_python_operator.py took 0.079 seconds
[2025-06-26T23:02:20.177+0000] {processor.py:186} INFO - Started process (PID=2381) to work on /home/airflow/.local/lib/python3.12/site-packages/airflow/example_dags/example_python_operator.py
[2025-06-26T23:02:20.179+0000] {processor.py:914} INFO - Processing file /home/airflow/.local/lib/python3.12/site-packages/airflow/example_dags/example_python_operator.py for tasks to queue
[2025-06-26T23:02:20.183+0000] {logging_mixin.py:190} INFO - [2025-06-26T23:02:20.183+0000] {dagbag.py:588} INFO - Filling up the DagBag from /home/airflow/.local/lib/python3.12/site-packages/airflow/example_dags/example_python_operator.py
[2025-06-26T23:02:20.202+0000] {processor.py:925} INFO - DAG(s) 'example_python_operator' retrieved from /home/airflow/.local/lib/python3.12/site-packages/airflow/example_dags/example_python_operator.py
[2025-06-26T23:02:20.233+0000] {logging_mixin.py:190} INFO - [2025-06-26T23:02:20.232+0000] {dag.py:3239} INFO - Sync 1 DAGs
[2025-06-26T23:02:20.258+0000] {logging_mixin.py:190} INFO - [2025-06-26T23:02:20.257+0000] {dag.py:4180} INFO - Setting next_dagrun for example_python_operator to None, run_after=None
[2025-06-26T23:02:20.284+0000] {processor.py:208} INFO - Processing /home/airflow/.local/lib/python3.12/site-packages/airflow/example_dags/example_python_operator.py took 0.116 seconds
[2025-06-26T23:02:50.492+0000] {processor.py:186} INFO - Started process (PID=2443) to work on /home/airflow/.local/lib/python3.12/site-packages/airflow/example_dags/example_python_operator.py
[2025-06-26T23:02:50.493+0000] {processor.py:914} INFO - Processing file /home/airflow/.local/lib/python3.12/site-packages/airflow/example_dags/example_python_operator.py for tasks to queue
[2025-06-26T23:02:50.496+0000] {logging_mixin.py:190} INFO - [2025-06-26T23:02:50.495+0000] {dagbag.py:588} INFO - Filling up the DagBag from /home/airflow/.local/lib/python3.12/site-packages/airflow/example_dags/example_python_operator.py
[2025-06-26T23:02:50.510+0000] {processor.py:925} INFO - DAG(s) 'example_python_operator' retrieved from /home/airflow/.local/lib/python3.12/site-packages/airflow/example_dags/example_python_operator.py
[2025-06-26T23:02:50.532+0000] {logging_mixin.py:190} INFO - [2025-06-26T23:02:50.532+0000] {dag.py:3239} INFO - Sync 1 DAGs
[2025-06-26T23:02:50.551+0000] {logging_mixin.py:190} INFO - [2025-06-26T23:02:50.550+0000] {dag.py:4180} INFO - Setting next_dagrun for example_python_operator to None, run_after=None
[2025-06-26T23:02:50.575+0000] {processor.py:208} INFO - Processing /home/airflow/.local/lib/python3.12/site-packages/airflow/example_dags/example_python_operator.py took 0.089 seconds
[2025-06-26T23:03:21.247+0000] {processor.py:186} INFO - Started process (PID=2505) to work on /home/airflow/.local/lib/python3.12/site-packages/airflow/example_dags/example_python_operator.py
[2025-06-26T23:03:21.248+0000] {processor.py:914} INFO - Processing file /home/airflow/.local/lib/python3.12/site-packages/airflow/example_dags/example_python_operator.py for tasks to queue
[2025-06-26T23:03:21.250+0000] {logging_mixin.py:190} INFO - [2025-06-26T23:03:21.250+0000] {dagbag.py:588} INFO - Filling up the DagBag from /home/airflow/.local/lib/python3.12/site-packages/airflow/example_dags/example_python_operator.py
[2025-06-26T23:03:21.261+0000] {processor.py:925} INFO - DAG(s) 'example_python_operator' retrieved from /home/airflow/.local/lib/python3.12/site-packages/airflow/example_dags/example_python_operator.py
[2025-06-26T23:03:21.280+0000] {logging_mixin.py:190} INFO - [2025-06-26T23:03:21.280+0000] {dag.py:3239} INFO - Sync 1 DAGs
[2025-06-26T23:03:21.292+0000] {logging_mixin.py:190} INFO - [2025-06-26T23:03:21.291+0000] {dag.py:4180} INFO - Setting next_dagrun for example_python_operator to None, run_after=None
[2025-06-26T23:03:21.312+0000] {processor.py:208} INFO - Processing /home/airflow/.local/lib/python3.12/site-packages/airflow/example_dags/example_python_operator.py took 0.070 seconds
[2025-06-26T23:03:51.414+0000] {processor.py:186} INFO - Started process (PID=2567) to work on /home/airflow/.local/lib/python3.12/site-packages/airflow/example_dags/example_python_operator.py
[2025-06-26T23:03:51.415+0000] {processor.py:914} INFO - Processing file /home/airflow/.local/lib/python3.12/site-packages/airflow/example_dags/example_python_operator.py for tasks to queue
[2025-06-26T23:03:51.417+0000] {logging_mixin.py:190} INFO - [2025-06-26T23:03:51.417+0000] {dagbag.py:588} INFO - Filling up the DagBag from /home/airflow/.local/lib/python3.12/site-packages/airflow/example_dags/example_python_operator.py
[2025-06-26T23:03:51.431+0000] {processor.py:925} INFO - DAG(s) 'example_python_operator' retrieved from /home/airflow/.local/lib/python3.12/site-packages/airflow/example_dags/example_python_operator.py
[2025-06-26T23:03:51.452+0000] {logging_mixin.py:190} INFO - [2025-06-26T23:03:51.451+0000] {dag.py:3239} INFO - Sync 1 DAGs
[2025-06-26T23:03:51.468+0000] {logging_mixin.py:190} INFO - [2025-06-26T23:03:51.468+0000] {dag.py:4180} INFO - Setting next_dagrun for example_python_operator to None, run_after=None
[2025-06-26T23:03:51.487+0000] {processor.py:208} INFO - Processing /home/airflow/.local/lib/python3.12/site-packages/airflow/example_dags/example_python_operator.py took 0.080 seconds
[2025-06-26T23:04:21.717+0000] {processor.py:186} INFO - Started process (PID=2629) to work on /home/airflow/.local/lib/python3.12/site-packages/airflow/example_dags/example_python_operator.py
[2025-06-26T23:04:21.718+0000] {processor.py:914} INFO - Processing file /home/airflow/.local/lib/python3.12/site-packages/airflow/example_dags/example_python_operator.py for tasks to queue
[2025-06-26T23:04:21.720+0000] {logging_mixin.py:190} INFO - [2025-06-26T23:04:21.720+0000] {dagbag.py:588} INFO - Filling up the DagBag from /home/airflow/.local/lib/python3.12/site-packages/airflow/example_dags/example_python_operator.py
[2025-06-26T23:04:21.732+0000] {processor.py:925} INFO - DAG(s) 'example_python_operator' retrieved from /home/airflow/.local/lib/python3.12/site-packages/airflow/example_dags/example_python_operator.py
[2025-06-26T23:04:21.750+0000] {logging_mixin.py:190} INFO - [2025-06-26T23:04:21.750+0000] {dag.py:3239} INFO - Sync 1 DAGs
[2025-06-26T23:04:21.762+0000] {logging_mixin.py:190} INFO - [2025-06-26T23:04:21.762+0000] {dag.py:4180} INFO - Setting next_dagrun for example_python_operator to None, run_after=None
[2025-06-26T23:04:21.782+0000] {processor.py:208} INFO - Processing /home/airflow/.local/lib/python3.12/site-packages/airflow/example_dags/example_python_operator.py took 0.070 seconds
[2025-06-26T23:04:52.055+0000] {processor.py:186} INFO - Started process (PID=2691) to work on /home/airflow/.local/lib/python3.12/site-packages/airflow/example_dags/example_python_operator.py
[2025-06-26T23:04:52.056+0000] {processor.py:914} INFO - Processing file /home/airflow/.local/lib/python3.12/site-packages/airflow/example_dags/example_python_operator.py for tasks to queue
[2025-06-26T23:04:52.060+0000] {logging_mixin.py:190} INFO - [2025-06-26T23:04:52.059+0000] {dagbag.py:588} INFO - Filling up the DagBag from /home/airflow/.local/lib/python3.12/site-packages/airflow/example_dags/example_python_operator.py
[2025-06-26T23:04:52.072+0000] {processor.py:925} INFO - DAG(s) 'example_python_operator' retrieved from /home/airflow/.local/lib/python3.12/site-packages/airflow/example_dags/example_python_operator.py
[2025-06-26T23:04:52.091+0000] {logging_mixin.py:190} INFO - [2025-06-26T23:04:52.091+0000] {dag.py:3239} INFO - Sync 1 DAGs
[2025-06-26T23:04:52.104+0000] {logging_mixin.py:190} INFO - [2025-06-26T23:04:52.104+0000] {dag.py:4180} INFO - Setting next_dagrun for example_python_operator to None, run_after=None
[2025-06-26T23:04:52.125+0000] {processor.py:208} INFO - Processing /home/airflow/.local/lib/python3.12/site-packages/airflow/example_dags/example_python_operator.py took 0.075 seconds
[2025-06-26T23:05:22.241+0000] {processor.py:186} INFO - Started process (PID=2753) to work on /home/airflow/.local/lib/python3.12/site-packages/airflow/example_dags/example_python_operator.py
[2025-06-26T23:05:22.242+0000] {processor.py:914} INFO - Processing file /home/airflow/.local/lib/python3.12/site-packages/airflow/example_dags/example_python_operator.py for tasks to queue
[2025-06-26T23:05:22.244+0000] {logging_mixin.py:190} INFO - [2025-06-26T23:05:22.244+0000] {dagbag.py:588} INFO - Filling up the DagBag from /home/airflow/.local/lib/python3.12/site-packages/airflow/example_dags/example_python_operator.py
[2025-06-26T23:05:22.258+0000] {processor.py:925} INFO - DAG(s) 'example_python_operator' retrieved from /home/airflow/.local/lib/python3.12/site-packages/airflow/example_dags/example_python_operator.py
[2025-06-26T23:05:22.281+0000] {logging_mixin.py:190} INFO - [2025-06-26T23:05:22.281+0000] {dag.py:3239} INFO - Sync 1 DAGs
[2025-06-26T23:05:22.295+0000] {logging_mixin.py:190} INFO - [2025-06-26T23:05:22.294+0000] {dag.py:4180} INFO - Setting next_dagrun for example_python_operator to None, run_after=None
[2025-06-26T23:05:22.316+0000] {processor.py:208} INFO - Processing /home/airflow/.local/lib/python3.12/site-packages/airflow/example_dags/example_python_operator.py took 0.082 seconds
[2025-06-26T23:05:52.539+0000] {processor.py:186} INFO - Started process (PID=2815) to work on /home/airflow/.local/lib/python3.12/site-packages/airflow/example_dags/example_python_operator.py
[2025-06-26T23:05:52.540+0000] {processor.py:914} INFO - Processing file /home/airflow/.local/lib/python3.12/site-packages/airflow/example_dags/example_python_operator.py for tasks to queue
[2025-06-26T23:05:52.543+0000] {logging_mixin.py:190} INFO - [2025-06-26T23:05:52.542+0000] {dagbag.py:588} INFO - Filling up the DagBag from /home/airflow/.local/lib/python3.12/site-packages/airflow/example_dags/example_python_operator.py
[2025-06-26T23:05:52.554+0000] {processor.py:925} INFO - DAG(s) 'example_python_operator' retrieved from /home/airflow/.local/lib/python3.12/site-packages/airflow/example_dags/example_python_operator.py
[2025-06-26T23:05:52.572+0000] {logging_mixin.py:190} INFO - [2025-06-26T23:05:52.572+0000] {dag.py:3239} INFO - Sync 1 DAGs
[2025-06-26T23:05:52.584+0000] {logging_mixin.py:190} INFO - [2025-06-26T23:05:52.584+0000] {dag.py:4180} INFO - Setting next_dagrun for example_python_operator to None, run_after=None
[2025-06-26T23:05:52.603+0000] {processor.py:208} INFO - Processing /home/airflow/.local/lib/python3.12/site-packages/airflow/example_dags/example_python_operator.py took 0.070 seconds
[2025-06-26T23:06:23.403+0000] {processor.py:186} INFO - Started process (PID=2877) to work on /home/airflow/.local/lib/python3.12/site-packages/airflow/example_dags/example_python_operator.py
[2025-06-26T23:06:23.404+0000] {processor.py:914} INFO - Processing file /home/airflow/.local/lib/python3.12/site-packages/airflow/example_dags/example_python_operator.py for tasks to queue
[2025-06-26T23:06:23.406+0000] {logging_mixin.py:190} INFO - [2025-06-26T23:06:23.406+0000] {dagbag.py:588} INFO - Filling up the DagBag from /home/airflow/.local/lib/python3.12/site-packages/airflow/example_dags/example_python_operator.py
[2025-06-26T23:06:23.416+0000] {processor.py:925} INFO - DAG(s) 'example_python_operator' retrieved from /home/airflow/.local/lib/python3.12/site-packages/airflow/example_dags/example_python_operator.py
[2025-06-26T23:06:23.435+0000] {logging_mixin.py:190} INFO - [2025-06-26T23:06:23.435+0000] {dag.py:3239} INFO - Sync 1 DAGs
[2025-06-26T23:06:23.447+0000] {logging_mixin.py:190} INFO - [2025-06-26T23:06:23.446+0000] {dag.py:4180} INFO - Setting next_dagrun for example_python_operator to None, run_after=None
[2025-06-26T23:06:23.467+0000] {processor.py:208} INFO - Processing /home/airflow/.local/lib/python3.12/site-packages/airflow/example_dags/example_python_operator.py took 0.069 seconds
[2025-06-26T23:06:54.228+0000] {processor.py:186} INFO - Started process (PID=2939) to work on /home/airflow/.local/lib/python3.12/site-packages/airflow/example_dags/example_python_operator.py
[2025-06-26T23:06:54.229+0000] {processor.py:914} INFO - Processing file /home/airflow/.local/lib/python3.12/site-packages/airflow/example_dags/example_python_operator.py for tasks to queue
[2025-06-26T23:06:54.232+0000] {logging_mixin.py:190} INFO - [2025-06-26T23:06:54.231+0000] {dagbag.py:588} INFO - Filling up the DagBag from /home/airflow/.local/lib/python3.12/site-packages/airflow/example_dags/example_python_operator.py
[2025-06-26T23:06:54.242+0000] {processor.py:925} INFO - DAG(s) 'example_python_operator' retrieved from /home/airflow/.local/lib/python3.12/site-packages/airflow/example_dags/example_python_operator.py
[2025-06-26T23:06:54.261+0000] {logging_mixin.py:190} INFO - [2025-06-26T23:06:54.261+0000] {dag.py:3239} INFO - Sync 1 DAGs
[2025-06-26T23:06:54.274+0000] {logging_mixin.py:190} INFO - [2025-06-26T23:06:54.273+0000] {dag.py:4180} INFO - Setting next_dagrun for example_python_operator to None, run_after=None
[2025-06-26T23:06:54.290+0000] {processor.py:208} INFO - Processing /home/airflow/.local/lib/python3.12/site-packages/airflow/example_dags/example_python_operator.py took 0.067 seconds
[2025-06-26T23:07:25.011+0000] {processor.py:186} INFO - Started process (PID=3001) to work on /home/airflow/.local/lib/python3.12/site-packages/airflow/example_dags/example_python_operator.py
[2025-06-26T23:07:25.012+0000] {processor.py:914} INFO - Processing file /home/airflow/.local/lib/python3.12/site-packages/airflow/example_dags/example_python_operator.py for tasks to queue
[2025-06-26T23:07:25.014+0000] {logging_mixin.py:190} INFO - [2025-06-26T23:07:25.014+0000] {dagbag.py:588} INFO - Filling up the DagBag from /home/airflow/.local/lib/python3.12/site-packages/airflow/example_dags/example_python_operator.py
[2025-06-26T23:07:25.025+0000] {processor.py:925} INFO - DAG(s) 'example_python_operator' retrieved from /home/airflow/.local/lib/python3.12/site-packages/airflow/example_dags/example_python_operator.py
[2025-06-26T23:07:25.045+0000] {logging_mixin.py:190} INFO - [2025-06-26T23:07:25.045+0000] {dag.py:3239} INFO - Sync 1 DAGs
[2025-06-26T23:07:25.058+0000] {logging_mixin.py:190} INFO - [2025-06-26T23:07:25.058+0000] {dag.py:4180} INFO - Setting next_dagrun for example_python_operator to None, run_after=None
[2025-06-26T23:07:25.082+0000] {processor.py:208} INFO - Processing /home/airflow/.local/lib/python3.12/site-packages/airflow/example_dags/example_python_operator.py took 0.076 seconds
[2025-06-26T23:07:56.037+0000] {processor.py:186} INFO - Started process (PID=3063) to work on /home/airflow/.local/lib/python3.12/site-packages/airflow/example_dags/example_python_operator.py
[2025-06-26T23:07:56.038+0000] {processor.py:914} INFO - Processing file /home/airflow/.local/lib/python3.12/site-packages/airflow/example_dags/example_python_operator.py for tasks to queue
[2025-06-26T23:07:56.040+0000] {logging_mixin.py:190} INFO - [2025-06-26T23:07:56.040+0000] {dagbag.py:588} INFO - Filling up the DagBag from /home/airflow/.local/lib/python3.12/site-packages/airflow/example_dags/example_python_operator.py
[2025-06-26T23:07:56.051+0000] {processor.py:925} INFO - DAG(s) 'example_python_operator' retrieved from /home/airflow/.local/lib/python3.12/site-packages/airflow/example_dags/example_python_operator.py
[2025-06-26T23:07:56.072+0000] {logging_mixin.py:190} INFO - [2025-06-26T23:07:56.071+0000] {dag.py:3239} INFO - Sync 1 DAGs
[2025-06-26T23:07:56.084+0000] {logging_mixin.py:190} INFO - [2025-06-26T23:07:56.084+0000] {dag.py:4180} INFO - Setting next_dagrun for example_python_operator to None, run_after=None
[2025-06-26T23:07:56.104+0000] {processor.py:208} INFO - Processing /home/airflow/.local/lib/python3.12/site-packages/airflow/example_dags/example_python_operator.py took 0.073 seconds
[2025-06-26T23:08:26.996+0000] {processor.py:186} INFO - Started process (PID=3125) to work on /home/airflow/.local/lib/python3.12/site-packages/airflow/example_dags/example_python_operator.py
[2025-06-26T23:08:26.997+0000] {processor.py:914} INFO - Processing file /home/airflow/.local/lib/python3.12/site-packages/airflow/example_dags/example_python_operator.py for tasks to queue
[2025-06-26T23:08:27.000+0000] {logging_mixin.py:190} INFO - [2025-06-26T23:08:26.999+0000] {dagbag.py:588} INFO - Filling up the DagBag from /home/airflow/.local/lib/python3.12/site-packages/airflow/example_dags/example_python_operator.py
[2025-06-26T23:08:27.013+0000] {processor.py:925} INFO - DAG(s) 'example_python_operator' retrieved from /home/airflow/.local/lib/python3.12/site-packages/airflow/example_dags/example_python_operator.py
[2025-06-26T23:08:27.033+0000] {logging_mixin.py:190} INFO - [2025-06-26T23:08:27.033+0000] {dag.py:3239} INFO - Sync 1 DAGs
[2025-06-26T23:08:27.045+0000] {logging_mixin.py:190} INFO - [2025-06-26T23:08:27.045+0000] {dag.py:4180} INFO - Setting next_dagrun for example_python_operator to None, run_after=None
[2025-06-26T23:08:27.064+0000] {processor.py:208} INFO - Processing /home/airflow/.local/lib/python3.12/site-packages/airflow/example_dags/example_python_operator.py took 0.073 seconds
[2025-06-26T23:08:57.876+0000] {processor.py:186} INFO - Started process (PID=3187) to work on /home/airflow/.local/lib/python3.12/site-packages/airflow/example_dags/example_python_operator.py
[2025-06-26T23:08:57.877+0000] {processor.py:914} INFO - Processing file /home/airflow/.local/lib/python3.12/site-packages/airflow/example_dags/example_python_operator.py for tasks to queue
[2025-06-26T23:08:57.879+0000] {logging_mixin.py:190} INFO - [2025-06-26T23:08:57.879+0000] {dagbag.py:588} INFO - Filling up the DagBag from /home/airflow/.local/lib/python3.12/site-packages/airflow/example_dags/example_python_operator.py
[2025-06-26T23:08:57.890+0000] {processor.py:925} INFO - DAG(s) 'example_python_operator' retrieved from /home/airflow/.local/lib/python3.12/site-packages/airflow/example_dags/example_python_operator.py
[2025-06-26T23:08:57.916+0000] {logging_mixin.py:190} INFO - [2025-06-26T23:08:57.915+0000] {dag.py:3239} INFO - Sync 1 DAGs
[2025-06-26T23:08:57.931+0000] {logging_mixin.py:190} INFO - [2025-06-26T23:08:57.930+0000] {dag.py:4180} INFO - Setting next_dagrun for example_python_operator to None, run_after=None
[2025-06-26T23:08:57.959+0000] {processor.py:208} INFO - Processing /home/airflow/.local/lib/python3.12/site-packages/airflow/example_dags/example_python_operator.py took 0.088 seconds
[2025-06-26T23:09:28.986+0000] {processor.py:186} INFO - Started process (PID=3249) to work on /home/airflow/.local/lib/python3.12/site-packages/airflow/example_dags/example_python_operator.py
[2025-06-26T23:09:28.987+0000] {processor.py:914} INFO - Processing file /home/airflow/.local/lib/python3.12/site-packages/airflow/example_dags/example_python_operator.py for tasks to queue
[2025-06-26T23:09:28.989+0000] {logging_mixin.py:190} INFO - [2025-06-26T23:09:28.988+0000] {dagbag.py:588} INFO - Filling up the DagBag from /home/airflow/.local/lib/python3.12/site-packages/airflow/example_dags/example_python_operator.py
[2025-06-26T23:09:29.000+0000] {processor.py:925} INFO - DAG(s) 'example_python_operator' retrieved from /home/airflow/.local/lib/python3.12/site-packages/airflow/example_dags/example_python_operator.py
[2025-06-26T23:09:29.020+0000] {logging_mixin.py:190} INFO - [2025-06-26T23:09:29.019+0000] {dag.py:3239} INFO - Sync 1 DAGs
[2025-06-26T23:09:29.034+0000] {logging_mixin.py:190} INFO - [2025-06-26T23:09:29.033+0000] {dag.py:4180} INFO - Setting next_dagrun for example_python_operator to None, run_after=None
[2025-06-26T23:09:29.056+0000] {processor.py:208} INFO - Processing /home/airflow/.local/lib/python3.12/site-packages/airflow/example_dags/example_python_operator.py took 0.076 seconds
[2025-06-26T23:09:59.803+0000] {processor.py:186} INFO - Started process (PID=3311) to work on /home/airflow/.local/lib/python3.12/site-packages/airflow/example_dags/example_python_operator.py
[2025-06-26T23:09:59.804+0000] {processor.py:914} INFO - Processing file /home/airflow/.local/lib/python3.12/site-packages/airflow/example_dags/example_python_operator.py for tasks to queue
[2025-06-26T23:09:59.806+0000] {logging_mixin.py:190} INFO - [2025-06-26T23:09:59.805+0000] {dagbag.py:588} INFO - Filling up the DagBag from /home/airflow/.local/lib/python3.12/site-packages/airflow/example_dags/example_python_operator.py
[2025-06-26T23:09:59.816+0000] {processor.py:925} INFO - DAG(s) 'example_python_operator' retrieved from /home/airflow/.local/lib/python3.12/site-packages/airflow/example_dags/example_python_operator.py
[2025-06-26T23:09:59.835+0000] {logging_mixin.py:190} INFO - [2025-06-26T23:09:59.835+0000] {dag.py:3239} INFO - Sync 1 DAGs
[2025-06-26T23:09:59.847+0000] {logging_mixin.py:190} INFO - [2025-06-26T23:09:59.847+0000] {dag.py:4180} INFO - Setting next_dagrun for example_python_operator to None, run_after=None
[2025-06-26T23:09:59.866+0000] {processor.py:208} INFO - Processing /home/airflow/.local/lib/python3.12/site-packages/airflow/example_dags/example_python_operator.py took 0.069 seconds
[2025-06-26T23:10:30.768+0000] {processor.py:186} INFO - Started process (PID=3373) to work on /home/airflow/.local/lib/python3.12/site-packages/airflow/example_dags/example_python_operator.py
[2025-06-26T23:10:30.769+0000] {processor.py:914} INFO - Processing file /home/airflow/.local/lib/python3.12/site-packages/airflow/example_dags/example_python_operator.py for tasks to queue
[2025-06-26T23:10:30.771+0000] {logging_mixin.py:190} INFO - [2025-06-26T23:10:30.771+0000] {dagbag.py:588} INFO - Filling up the DagBag from /home/airflow/.local/lib/python3.12/site-packages/airflow/example_dags/example_python_operator.py
[2025-06-26T23:10:30.782+0000] {processor.py:925} INFO - DAG(s) 'example_python_operator' retrieved from /home/airflow/.local/lib/python3.12/site-packages/airflow/example_dags/example_python_operator.py
[2025-06-26T23:10:30.802+0000] {logging_mixin.py:190} INFO - [2025-06-26T23:10:30.802+0000] {dag.py:3239} INFO - Sync 1 DAGs
[2025-06-26T23:10:30.815+0000] {logging_mixin.py:190} INFO - [2025-06-26T23:10:30.814+0000] {dag.py:4180} INFO - Setting next_dagrun for example_python_operator to None, run_after=None
[2025-06-26T23:10:30.834+0000] {processor.py:208} INFO - Processing /home/airflow/.local/lib/python3.12/site-packages/airflow/example_dags/example_python_operator.py took 0.072 seconds
