[2025-06-26T22:43:34.936+0000] {processor.py:186} INFO - Started process (PID=99) to work on /home/airflow/.local/lib/python3.12/site-packages/airflow/example_dags/example_display_name.py
[2025-06-26T22:43:34.937+0000] {processor.py:914} INFO - Processing file /home/airflow/.local/lib/python3.12/site-packages/airflow/example_dags/example_display_name.py for tasks to queue
[2025-06-26T22:43:34.940+0000] {logging_mixin.py:190} INFO - [2025-06-26T22:43:34.939+0000] {dagbag.py:588} INFO - Filling up the DagBag from /home/airflow/.local/lib/python3.12/site-packages/airflow/example_dags/example_display_name.py
[2025-06-26T22:43:34.948+0000] {processor.py:925} INFO - DAG(s) 'example_display_name' retrieved from /home/airflow/.local/lib/python3.12/site-packages/airflow/example_dags/example_display_name.py
[2025-06-26T22:43:35.061+0000] {logging_mixin.py:190} INFO - [2025-06-26T22:43:35.060+0000] {override.py:1900} INFO - Created Permission View: can read on DAG:example_display_name
[2025-06-26T22:43:35.073+0000] {logging_mixin.py:190} INFO - [2025-06-26T22:43:35.073+0000] {override.py:1900} INFO - Created Permission View: can edit on DAG:example_display_name
[2025-06-26T22:43:35.084+0000] {logging_mixin.py:190} INFO - [2025-06-26T22:43:35.083+0000] {override.py:1900} INFO - Created Permission View: can delete on DAG:example_display_name
[2025-06-26T22:43:35.100+0000] {logging_mixin.py:190} INFO - [2025-06-26T22:43:35.100+0000] {override.py:1900} INFO - Created Permission View: can read on DAG Run:example_display_name
[2025-06-26T22:43:35.109+0000] {logging_mixin.py:190} INFO - [2025-06-26T22:43:35.109+0000] {override.py:1900} INFO - Created Permission View: can delete on DAG Run:example_display_name
[2025-06-26T22:43:35.118+0000] {logging_mixin.py:190} INFO - [2025-06-26T22:43:35.118+0000] {override.py:1900} INFO - Created Permission View: menu access on DAG Run:example_display_name
[2025-06-26T22:43:35.126+0000] {logging_mixin.py:190} INFO - [2025-06-26T22:43:35.125+0000] {override.py:1900} INFO - Created Permission View: can create on DAG Run:example_display_name
[2025-06-26T22:43:35.126+0000] {logging_mixin.py:190} INFO - [2025-06-26T22:43:35.126+0000] {dag.py:3239} INFO - Sync 1 DAGs
[2025-06-26T22:43:35.138+0000] {logging_mixin.py:190} INFO - [2025-06-26T22:43:35.137+0000] {dag.py:3262} INFO - Creating ORM DAG for example_display_name
[2025-06-26T22:43:35.138+0000] {logging_mixin.py:190} INFO - [2025-06-26T22:43:35.138+0000] {dag.py:4180} INFO - Setting next_dagrun for example_display_name to None, run_after=None
[2025-06-26T22:43:35.157+0000] {processor.py:208} INFO - Processing /home/airflow/.local/lib/python3.12/site-packages/airflow/example_dags/example_display_name.py took 0.227 seconds
[2025-06-26T22:44:05.917+0000] {processor.py:186} INFO - Started process (PID=161) to work on /home/airflow/.local/lib/python3.12/site-packages/airflow/example_dags/example_display_name.py
[2025-06-26T22:44:05.918+0000] {processor.py:914} INFO - Processing file /home/airflow/.local/lib/python3.12/site-packages/airflow/example_dags/example_display_name.py for tasks to queue
[2025-06-26T22:44:05.920+0000] {logging_mixin.py:190} INFO - [2025-06-26T22:44:05.920+0000] {dagbag.py:588} INFO - Filling up the DagBag from /home/airflow/.local/lib/python3.12/site-packages/airflow/example_dags/example_display_name.py
[2025-06-26T22:44:05.928+0000] {processor.py:925} INFO - DAG(s) 'example_display_name' retrieved from /home/airflow/.local/lib/python3.12/site-packages/airflow/example_dags/example_display_name.py
[2025-06-26T22:44:05.947+0000] {logging_mixin.py:190} INFO - [2025-06-26T22:44:05.947+0000] {dag.py:3239} INFO - Sync 1 DAGs
[2025-06-26T22:44:05.961+0000] {logging_mixin.py:190} INFO - [2025-06-26T22:44:05.961+0000] {dag.py:4180} INFO - Setting next_dagrun for example_display_name to None, run_after=None
[2025-06-26T22:44:05.981+0000] {processor.py:208} INFO - Processing /home/airflow/.local/lib/python3.12/site-packages/airflow/example_dags/example_display_name.py took 0.070 seconds
[2025-06-26T22:44:36.437+0000] {processor.py:186} INFO - Started process (PID=223) to work on /home/airflow/.local/lib/python3.12/site-packages/airflow/example_dags/example_display_name.py
[2025-06-26T22:44:36.438+0000] {processor.py:914} INFO - Processing file /home/airflow/.local/lib/python3.12/site-packages/airflow/example_dags/example_display_name.py for tasks to queue
[2025-06-26T22:44:36.440+0000] {logging_mixin.py:190} INFO - [2025-06-26T22:44:36.440+0000] {dagbag.py:588} INFO - Filling up the DagBag from /home/airflow/.local/lib/python3.12/site-packages/airflow/example_dags/example_display_name.py
[2025-06-26T22:44:36.447+0000] {processor.py:925} INFO - DAG(s) 'example_display_name' retrieved from /home/airflow/.local/lib/python3.12/site-packages/airflow/example_dags/example_display_name.py
[2025-06-26T22:44:36.466+0000] {logging_mixin.py:190} INFO - [2025-06-26T22:44:36.466+0000] {dag.py:3239} INFO - Sync 1 DAGs
[2025-06-26T22:44:36.477+0000] {logging_mixin.py:190} INFO - [2025-06-26T22:44:36.477+0000] {dag.py:4180} INFO - Setting next_dagrun for example_display_name to None, run_after=None
[2025-06-26T22:44:36.506+0000] {processor.py:208} INFO - Processing /home/airflow/.local/lib/python3.12/site-packages/airflow/example_dags/example_display_name.py took 0.074 seconds
[2025-06-26T22:45:06.831+0000] {processor.py:186} INFO - Started process (PID=285) to work on /home/airflow/.local/lib/python3.12/site-packages/airflow/example_dags/example_display_name.py
[2025-06-26T22:45:06.832+0000] {processor.py:914} INFO - Processing file /home/airflow/.local/lib/python3.12/site-packages/airflow/example_dags/example_display_name.py for tasks to queue
[2025-06-26T22:45:06.834+0000] {logging_mixin.py:190} INFO - [2025-06-26T22:45:06.834+0000] {dagbag.py:588} INFO - Filling up the DagBag from /home/airflow/.local/lib/python3.12/site-packages/airflow/example_dags/example_display_name.py
[2025-06-26T22:45:06.841+0000] {processor.py:925} INFO - DAG(s) 'example_display_name' retrieved from /home/airflow/.local/lib/python3.12/site-packages/airflow/example_dags/example_display_name.py
[2025-06-26T22:45:06.858+0000] {logging_mixin.py:190} INFO - [2025-06-26T22:45:06.858+0000] {dag.py:3239} INFO - Sync 1 DAGs
[2025-06-26T22:45:06.872+0000] {logging_mixin.py:190} INFO - [2025-06-26T22:45:06.872+0000] {dag.py:4180} INFO - Setting next_dagrun for example_display_name to None, run_after=None
[2025-06-26T22:45:06.894+0000] {processor.py:208} INFO - Processing /home/airflow/.local/lib/python3.12/site-packages/airflow/example_dags/example_display_name.py took 0.069 seconds
[2025-06-26T22:45:37.153+0000] {processor.py:186} INFO - Started process (PID=347) to work on /home/airflow/.local/lib/python3.12/site-packages/airflow/example_dags/example_display_name.py
[2025-06-26T22:45:37.154+0000] {processor.py:914} INFO - Processing file /home/airflow/.local/lib/python3.12/site-packages/airflow/example_dags/example_display_name.py for tasks to queue
[2025-06-26T22:45:37.156+0000] {logging_mixin.py:190} INFO - [2025-06-26T22:45:37.156+0000] {dagbag.py:588} INFO - Filling up the DagBag from /home/airflow/.local/lib/python3.12/site-packages/airflow/example_dags/example_display_name.py
[2025-06-26T22:45:37.163+0000] {processor.py:925} INFO - DAG(s) 'example_display_name' retrieved from /home/airflow/.local/lib/python3.12/site-packages/airflow/example_dags/example_display_name.py
[2025-06-26T22:45:37.180+0000] {logging_mixin.py:190} INFO - [2025-06-26T22:45:37.180+0000] {dag.py:3239} INFO - Sync 1 DAGs
[2025-06-26T22:45:37.194+0000] {logging_mixin.py:190} INFO - [2025-06-26T22:45:37.194+0000] {dag.py:4180} INFO - Setting next_dagrun for example_display_name to None, run_after=None
[2025-06-26T22:45:37.215+0000] {processor.py:208} INFO - Processing /home/airflow/.local/lib/python3.12/site-packages/airflow/example_dags/example_display_name.py took 0.068 seconds
[2025-06-26T22:46:07.558+0000] {processor.py:186} INFO - Started process (PID=409) to work on /home/airflow/.local/lib/python3.12/site-packages/airflow/example_dags/example_display_name.py
[2025-06-26T22:46:07.559+0000] {processor.py:914} INFO - Processing file /home/airflow/.local/lib/python3.12/site-packages/airflow/example_dags/example_display_name.py for tasks to queue
[2025-06-26T22:46:07.562+0000] {logging_mixin.py:190} INFO - [2025-06-26T22:46:07.562+0000] {dagbag.py:588} INFO - Filling up the DagBag from /home/airflow/.local/lib/python3.12/site-packages/airflow/example_dags/example_display_name.py
[2025-06-26T22:46:07.570+0000] {processor.py:925} INFO - DAG(s) 'example_display_name' retrieved from /home/airflow/.local/lib/python3.12/site-packages/airflow/example_dags/example_display_name.py
[2025-06-26T22:46:07.590+0000] {logging_mixin.py:190} INFO - [2025-06-26T22:46:07.590+0000] {dag.py:3239} INFO - Sync 1 DAGs
[2025-06-26T22:46:07.607+0000] {logging_mixin.py:190} INFO - [2025-06-26T22:46:07.607+0000] {dag.py:4180} INFO - Setting next_dagrun for example_display_name to None, run_after=None
[2025-06-26T22:46:07.626+0000] {processor.py:208} INFO - Processing /home/airflow/.local/lib/python3.12/site-packages/airflow/example_dags/example_display_name.py took 0.073 seconds
[2025-06-26T22:46:38.195+0000] {processor.py:186} INFO - Started process (PID=471) to work on /home/airflow/.local/lib/python3.12/site-packages/airflow/example_dags/example_display_name.py
[2025-06-26T22:46:38.196+0000] {processor.py:914} INFO - Processing file /home/airflow/.local/lib/python3.12/site-packages/airflow/example_dags/example_display_name.py for tasks to queue
[2025-06-26T22:46:38.198+0000] {logging_mixin.py:190} INFO - [2025-06-26T22:46:38.198+0000] {dagbag.py:588} INFO - Filling up the DagBag from /home/airflow/.local/lib/python3.12/site-packages/airflow/example_dags/example_display_name.py
[2025-06-26T22:46:38.206+0000] {processor.py:925} INFO - DAG(s) 'example_display_name' retrieved from /home/airflow/.local/lib/python3.12/site-packages/airflow/example_dags/example_display_name.py
[2025-06-26T22:46:38.225+0000] {logging_mixin.py:190} INFO - [2025-06-26T22:46:38.225+0000] {dag.py:3239} INFO - Sync 1 DAGs
[2025-06-26T22:46:38.243+0000] {logging_mixin.py:190} INFO - [2025-06-26T22:46:38.243+0000] {dag.py:4180} INFO - Setting next_dagrun for example_display_name to None, run_after=None
[2025-06-26T22:46:38.275+0000] {processor.py:208} INFO - Processing /home/airflow/.local/lib/python3.12/site-packages/airflow/example_dags/example_display_name.py took 0.087 seconds
[2025-06-26T22:47:08.585+0000] {processor.py:186} INFO - Started process (PID=533) to work on /home/airflow/.local/lib/python3.12/site-packages/airflow/example_dags/example_display_name.py
[2025-06-26T22:47:08.586+0000] {processor.py:914} INFO - Processing file /home/airflow/.local/lib/python3.12/site-packages/airflow/example_dags/example_display_name.py for tasks to queue
[2025-06-26T22:47:08.590+0000] {logging_mixin.py:190} INFO - [2025-06-26T22:47:08.590+0000] {dagbag.py:588} INFO - Filling up the DagBag from /home/airflow/.local/lib/python3.12/site-packages/airflow/example_dags/example_display_name.py
[2025-06-26T22:47:08.599+0000] {processor.py:925} INFO - DAG(s) 'example_display_name' retrieved from /home/airflow/.local/lib/python3.12/site-packages/airflow/example_dags/example_display_name.py
[2025-06-26T22:47:08.621+0000] {logging_mixin.py:190} INFO - [2025-06-26T22:47:08.620+0000] {dag.py:3239} INFO - Sync 1 DAGs
[2025-06-26T22:47:08.635+0000] {logging_mixin.py:190} INFO - [2025-06-26T22:47:08.635+0000] {dag.py:4180} INFO - Setting next_dagrun for example_display_name to None, run_after=None
[2025-06-26T22:47:08.658+0000] {processor.py:208} INFO - Processing /home/airflow/.local/lib/python3.12/site-packages/airflow/example_dags/example_display_name.py took 0.080 seconds
[2025-06-26T22:47:39.044+0000] {processor.py:186} INFO - Started process (PID=595) to work on /home/airflow/.local/lib/python3.12/site-packages/airflow/example_dags/example_display_name.py
[2025-06-26T22:47:39.045+0000] {processor.py:914} INFO - Processing file /home/airflow/.local/lib/python3.12/site-packages/airflow/example_dags/example_display_name.py for tasks to queue
[2025-06-26T22:47:39.047+0000] {logging_mixin.py:190} INFO - [2025-06-26T22:47:39.047+0000] {dagbag.py:588} INFO - Filling up the DagBag from /home/airflow/.local/lib/python3.12/site-packages/airflow/example_dags/example_display_name.py
[2025-06-26T22:47:39.056+0000] {processor.py:925} INFO - DAG(s) 'example_display_name' retrieved from /home/airflow/.local/lib/python3.12/site-packages/airflow/example_dags/example_display_name.py
[2025-06-26T22:47:39.074+0000] {logging_mixin.py:190} INFO - [2025-06-26T22:47:39.074+0000] {dag.py:3239} INFO - Sync 1 DAGs
[2025-06-26T22:47:39.087+0000] {logging_mixin.py:190} INFO - [2025-06-26T22:47:39.087+0000] {dag.py:4180} INFO - Setting next_dagrun for example_display_name to None, run_after=None
[2025-06-26T22:47:39.107+0000] {processor.py:208} INFO - Processing /home/airflow/.local/lib/python3.12/site-packages/airflow/example_dags/example_display_name.py took 0.068 seconds
[2025-06-26T22:48:09.366+0000] {processor.py:186} INFO - Started process (PID=657) to work on /home/airflow/.local/lib/python3.12/site-packages/airflow/example_dags/example_display_name.py
[2025-06-26T22:48:09.367+0000] {processor.py:914} INFO - Processing file /home/airflow/.local/lib/python3.12/site-packages/airflow/example_dags/example_display_name.py for tasks to queue
[2025-06-26T22:48:09.369+0000] {logging_mixin.py:190} INFO - [2025-06-26T22:48:09.369+0000] {dagbag.py:588} INFO - Filling up the DagBag from /home/airflow/.local/lib/python3.12/site-packages/airflow/example_dags/example_display_name.py
[2025-06-26T22:48:09.376+0000] {processor.py:925} INFO - DAG(s) 'example_display_name' retrieved from /home/airflow/.local/lib/python3.12/site-packages/airflow/example_dags/example_display_name.py
[2025-06-26T22:48:09.394+0000] {logging_mixin.py:190} INFO - [2025-06-26T22:48:09.394+0000] {dag.py:3239} INFO - Sync 1 DAGs
[2025-06-26T22:48:09.408+0000] {logging_mixin.py:190} INFO - [2025-06-26T22:48:09.408+0000] {dag.py:4180} INFO - Setting next_dagrun for example_display_name to None, run_after=None
[2025-06-26T22:48:09.431+0000] {processor.py:208} INFO - Processing /home/airflow/.local/lib/python3.12/site-packages/airflow/example_dags/example_display_name.py took 0.071 seconds
[2025-06-26T22:48:39.681+0000] {processor.py:186} INFO - Started process (PID=719) to work on /home/airflow/.local/lib/python3.12/site-packages/airflow/example_dags/example_display_name.py
[2025-06-26T22:48:39.682+0000] {processor.py:914} INFO - Processing file /home/airflow/.local/lib/python3.12/site-packages/airflow/example_dags/example_display_name.py for tasks to queue
[2025-06-26T22:48:39.684+0000] {logging_mixin.py:190} INFO - [2025-06-26T22:48:39.684+0000] {dagbag.py:588} INFO - Filling up the DagBag from /home/airflow/.local/lib/python3.12/site-packages/airflow/example_dags/example_display_name.py
[2025-06-26T22:48:39.691+0000] {processor.py:925} INFO - DAG(s) 'example_display_name' retrieved from /home/airflow/.local/lib/python3.12/site-packages/airflow/example_dags/example_display_name.py
[2025-06-26T22:48:39.708+0000] {logging_mixin.py:190} INFO - [2025-06-26T22:48:39.708+0000] {dag.py:3239} INFO - Sync 1 DAGs
[2025-06-26T22:48:39.722+0000] {logging_mixin.py:190} INFO - [2025-06-26T22:48:39.722+0000] {dag.py:4180} INFO - Setting next_dagrun for example_display_name to None, run_after=None
[2025-06-26T22:48:39.743+0000] {processor.py:208} INFO - Processing /home/airflow/.local/lib/python3.12/site-packages/airflow/example_dags/example_display_name.py took 0.068 seconds
[2025-06-26T22:49:09.985+0000] {processor.py:186} INFO - Started process (PID=781) to work on /home/airflow/.local/lib/python3.12/site-packages/airflow/example_dags/example_display_name.py
[2025-06-26T22:49:09.986+0000] {processor.py:914} INFO - Processing file /home/airflow/.local/lib/python3.12/site-packages/airflow/example_dags/example_display_name.py for tasks to queue
[2025-06-26T22:49:09.988+0000] {logging_mixin.py:190} INFO - [2025-06-26T22:49:09.988+0000] {dagbag.py:588} INFO - Filling up the DagBag from /home/airflow/.local/lib/python3.12/site-packages/airflow/example_dags/example_display_name.py
[2025-06-26T22:49:09.996+0000] {processor.py:925} INFO - DAG(s) 'example_display_name' retrieved from /home/airflow/.local/lib/python3.12/site-packages/airflow/example_dags/example_display_name.py
[2025-06-26T22:49:10.015+0000] {logging_mixin.py:190} INFO - [2025-06-26T22:49:10.015+0000] {dag.py:3239} INFO - Sync 1 DAGs
[2025-06-26T22:49:10.028+0000] {logging_mixin.py:190} INFO - [2025-06-26T22:49:10.028+0000] {dag.py:4180} INFO - Setting next_dagrun for example_display_name to None, run_after=None
[2025-06-26T22:49:10.052+0000] {processor.py:208} INFO - Processing /home/airflow/.local/lib/python3.12/site-packages/airflow/example_dags/example_display_name.py took 0.073 seconds
[2025-06-26T22:49:40.352+0000] {processor.py:186} INFO - Started process (PID=843) to work on /home/airflow/.local/lib/python3.12/site-packages/airflow/example_dags/example_display_name.py
[2025-06-26T22:49:40.353+0000] {processor.py:914} INFO - Processing file /home/airflow/.local/lib/python3.12/site-packages/airflow/example_dags/example_display_name.py for tasks to queue
[2025-06-26T22:49:40.356+0000] {logging_mixin.py:190} INFO - [2025-06-26T22:49:40.355+0000] {dagbag.py:588} INFO - Filling up the DagBag from /home/airflow/.local/lib/python3.12/site-packages/airflow/example_dags/example_display_name.py
[2025-06-26T22:49:40.363+0000] {processor.py:925} INFO - DAG(s) 'example_display_name' retrieved from /home/airflow/.local/lib/python3.12/site-packages/airflow/example_dags/example_display_name.py
[2025-06-26T22:49:40.385+0000] {logging_mixin.py:190} INFO - [2025-06-26T22:49:40.384+0000] {dag.py:3239} INFO - Sync 1 DAGs
[2025-06-26T22:49:40.399+0000] {logging_mixin.py:190} INFO - [2025-06-26T22:49:40.399+0000] {dag.py:4180} INFO - Setting next_dagrun for example_display_name to None, run_after=None
[2025-06-26T22:49:40.424+0000] {processor.py:208} INFO - Processing /home/airflow/.local/lib/python3.12/site-packages/airflow/example_dags/example_display_name.py took 0.077 seconds
[2025-06-26T22:50:10.814+0000] {processor.py:186} INFO - Started process (PID=905) to work on /home/airflow/.local/lib/python3.12/site-packages/airflow/example_dags/example_display_name.py
[2025-06-26T22:50:10.815+0000] {processor.py:914} INFO - Processing file /home/airflow/.local/lib/python3.12/site-packages/airflow/example_dags/example_display_name.py for tasks to queue
[2025-06-26T22:50:10.818+0000] {logging_mixin.py:190} INFO - [2025-06-26T22:50:10.817+0000] {dagbag.py:588} INFO - Filling up the DagBag from /home/airflow/.local/lib/python3.12/site-packages/airflow/example_dags/example_display_name.py
[2025-06-26T22:50:10.824+0000] {processor.py:925} INFO - DAG(s) 'example_display_name' retrieved from /home/airflow/.local/lib/python3.12/site-packages/airflow/example_dags/example_display_name.py
[2025-06-26T22:50:10.842+0000] {logging_mixin.py:190} INFO - [2025-06-26T22:50:10.841+0000] {dag.py:3239} INFO - Sync 1 DAGs
[2025-06-26T22:50:10.856+0000] {logging_mixin.py:190} INFO - [2025-06-26T22:50:10.855+0000] {dag.py:4180} INFO - Setting next_dagrun for example_display_name to None, run_after=None
[2025-06-26T22:50:10.876+0000] {processor.py:208} INFO - Processing /home/airflow/.local/lib/python3.12/site-packages/airflow/example_dags/example_display_name.py took 0.067 seconds
[2025-06-26T22:50:41.150+0000] {processor.py:186} INFO - Started process (PID=966) to work on /home/airflow/.local/lib/python3.12/site-packages/airflow/example_dags/example_display_name.py
[2025-06-26T22:50:41.151+0000] {processor.py:914} INFO - Processing file /home/airflow/.local/lib/python3.12/site-packages/airflow/example_dags/example_display_name.py for tasks to queue
[2025-06-26T22:50:41.154+0000] {logging_mixin.py:190} INFO - [2025-06-26T22:50:41.153+0000] {dagbag.py:588} INFO - Filling up the DagBag from /home/airflow/.local/lib/python3.12/site-packages/airflow/example_dags/example_display_name.py
[2025-06-26T22:50:41.161+0000] {processor.py:925} INFO - DAG(s) 'example_display_name' retrieved from /home/airflow/.local/lib/python3.12/site-packages/airflow/example_dags/example_display_name.py
[2025-06-26T22:50:41.180+0000] {logging_mixin.py:190} INFO - [2025-06-26T22:50:41.180+0000] {dag.py:3239} INFO - Sync 1 DAGs
[2025-06-26T22:50:41.193+0000] {logging_mixin.py:190} INFO - [2025-06-26T22:50:41.193+0000] {dag.py:4180} INFO - Setting next_dagrun for example_display_name to None, run_after=None
[2025-06-26T22:50:41.216+0000] {processor.py:208} INFO - Processing /home/airflow/.local/lib/python3.12/site-packages/airflow/example_dags/example_display_name.py took 0.072 seconds
[2025-06-26T22:51:11.749+0000] {processor.py:186} INFO - Started process (PID=1028) to work on /home/airflow/.local/lib/python3.12/site-packages/airflow/example_dags/example_display_name.py
[2025-06-26T22:51:11.750+0000] {processor.py:914} INFO - Processing file /home/airflow/.local/lib/python3.12/site-packages/airflow/example_dags/example_display_name.py for tasks to queue
[2025-06-26T22:51:11.752+0000] {logging_mixin.py:190} INFO - [2025-06-26T22:51:11.752+0000] {dagbag.py:588} INFO - Filling up the DagBag from /home/airflow/.local/lib/python3.12/site-packages/airflow/example_dags/example_display_name.py
[2025-06-26T22:51:11.759+0000] {processor.py:925} INFO - DAG(s) 'example_display_name' retrieved from /home/airflow/.local/lib/python3.12/site-packages/airflow/example_dags/example_display_name.py
[2025-06-26T22:51:11.775+0000] {logging_mixin.py:190} INFO - [2025-06-26T22:51:11.775+0000] {dag.py:3239} INFO - Sync 1 DAGs
[2025-06-26T22:51:11.788+0000] {logging_mixin.py:190} INFO - [2025-06-26T22:51:11.788+0000] {dag.py:4180} INFO - Setting next_dagrun for example_display_name to None, run_after=None
[2025-06-26T22:51:11.807+0000] {processor.py:208} INFO - Processing /home/airflow/.local/lib/python3.12/site-packages/airflow/example_dags/example_display_name.py took 0.064 seconds
[2025-06-26T22:51:41.861+0000] {processor.py:186} INFO - Started process (PID=1089) to work on /home/airflow/.local/lib/python3.12/site-packages/airflow/example_dags/example_display_name.py
[2025-06-26T22:51:41.862+0000] {processor.py:914} INFO - Processing file /home/airflow/.local/lib/python3.12/site-packages/airflow/example_dags/example_display_name.py for tasks to queue
[2025-06-26T22:51:41.864+0000] {logging_mixin.py:190} INFO - [2025-06-26T22:51:41.863+0000] {dagbag.py:588} INFO - Filling up the DagBag from /home/airflow/.local/lib/python3.12/site-packages/airflow/example_dags/example_display_name.py
[2025-06-26T22:51:41.871+0000] {processor.py:925} INFO - DAG(s) 'example_display_name' retrieved from /home/airflow/.local/lib/python3.12/site-packages/airflow/example_dags/example_display_name.py
[2025-06-26T22:51:41.890+0000] {logging_mixin.py:190} INFO - [2025-06-26T22:51:41.890+0000] {dag.py:3239} INFO - Sync 1 DAGs
[2025-06-26T22:51:41.902+0000] {logging_mixin.py:190} INFO - [2025-06-26T22:51:41.901+0000] {dag.py:4180} INFO - Setting next_dagrun for example_display_name to None, run_after=None
[2025-06-26T22:51:41.923+0000] {processor.py:208} INFO - Processing /home/airflow/.local/lib/python3.12/site-packages/airflow/example_dags/example_display_name.py took 0.068 seconds
[2025-06-26T22:52:12.196+0000] {processor.py:186} INFO - Started process (PID=1151) to work on /home/airflow/.local/lib/python3.12/site-packages/airflow/example_dags/example_display_name.py
[2025-06-26T22:52:12.197+0000] {processor.py:914} INFO - Processing file /home/airflow/.local/lib/python3.12/site-packages/airflow/example_dags/example_display_name.py for tasks to queue
[2025-06-26T22:52:12.199+0000] {logging_mixin.py:190} INFO - [2025-06-26T22:52:12.199+0000] {dagbag.py:588} INFO - Filling up the DagBag from /home/airflow/.local/lib/python3.12/site-packages/airflow/example_dags/example_display_name.py
[2025-06-26T22:52:12.205+0000] {processor.py:925} INFO - DAG(s) 'example_display_name' retrieved from /home/airflow/.local/lib/python3.12/site-packages/airflow/example_dags/example_display_name.py
[2025-06-26T22:52:12.223+0000] {logging_mixin.py:190} INFO - [2025-06-26T22:52:12.223+0000] {dag.py:3239} INFO - Sync 1 DAGs
[2025-06-26T22:52:12.234+0000] {logging_mixin.py:190} INFO - [2025-06-26T22:52:12.234+0000] {dag.py:4180} INFO - Setting next_dagrun for example_display_name to None, run_after=None
[2025-06-26T22:52:12.252+0000] {processor.py:208} INFO - Processing /home/airflow/.local/lib/python3.12/site-packages/airflow/example_dags/example_display_name.py took 0.061 seconds
[2025-06-26T22:52:42.337+0000] {processor.py:186} INFO - Started process (PID=1213) to work on /home/airflow/.local/lib/python3.12/site-packages/airflow/example_dags/example_display_name.py
[2025-06-26T22:52:42.338+0000] {processor.py:914} INFO - Processing file /home/airflow/.local/lib/python3.12/site-packages/airflow/example_dags/example_display_name.py for tasks to queue
[2025-06-26T22:52:42.341+0000] {logging_mixin.py:190} INFO - [2025-06-26T22:52:42.340+0000] {dagbag.py:588} INFO - Filling up the DagBag from /home/airflow/.local/lib/python3.12/site-packages/airflow/example_dags/example_display_name.py
[2025-06-26T22:52:42.350+0000] {processor.py:925} INFO - DAG(s) 'example_display_name' retrieved from /home/airflow/.local/lib/python3.12/site-packages/airflow/example_dags/example_display_name.py
[2025-06-26T22:52:42.373+0000] {logging_mixin.py:190} INFO - [2025-06-26T22:52:42.372+0000] {dag.py:3239} INFO - Sync 1 DAGs
[2025-06-26T22:52:42.389+0000] {logging_mixin.py:190} INFO - [2025-06-26T22:52:42.389+0000] {dag.py:4180} INFO - Setting next_dagrun for example_display_name to None, run_after=None
[2025-06-26T22:52:42.413+0000] {processor.py:208} INFO - Processing /home/airflow/.local/lib/python3.12/site-packages/airflow/example_dags/example_display_name.py took 0.083 seconds
[2025-06-26T22:53:12.785+0000] {processor.py:186} INFO - Started process (PID=1275) to work on /home/airflow/.local/lib/python3.12/site-packages/airflow/example_dags/example_display_name.py
[2025-06-26T22:53:12.786+0000] {processor.py:914} INFO - Processing file /home/airflow/.local/lib/python3.12/site-packages/airflow/example_dags/example_display_name.py for tasks to queue
[2025-06-26T22:53:12.788+0000] {logging_mixin.py:190} INFO - [2025-06-26T22:53:12.788+0000] {dagbag.py:588} INFO - Filling up the DagBag from /home/airflow/.local/lib/python3.12/site-packages/airflow/example_dags/example_display_name.py
[2025-06-26T22:53:12.795+0000] {processor.py:925} INFO - DAG(s) 'example_display_name' retrieved from /home/airflow/.local/lib/python3.12/site-packages/airflow/example_dags/example_display_name.py
[2025-06-26T22:53:12.816+0000] {logging_mixin.py:190} INFO - [2025-06-26T22:53:12.815+0000] {dag.py:3239} INFO - Sync 1 DAGs
[2025-06-26T22:53:12.829+0000] {logging_mixin.py:190} INFO - [2025-06-26T22:53:12.828+0000] {dag.py:4180} INFO - Setting next_dagrun for example_display_name to None, run_after=None
[2025-06-26T22:53:12.856+0000] {processor.py:208} INFO - Processing /home/airflow/.local/lib/python3.12/site-packages/airflow/example_dags/example_display_name.py took 0.077 seconds
[2025-06-26T22:53:43.146+0000] {processor.py:186} INFO - Started process (PID=1337) to work on /home/airflow/.local/lib/python3.12/site-packages/airflow/example_dags/example_display_name.py
[2025-06-26T22:53:43.147+0000] {processor.py:914} INFO - Processing file /home/airflow/.local/lib/python3.12/site-packages/airflow/example_dags/example_display_name.py for tasks to queue
[2025-06-26T22:53:43.150+0000] {logging_mixin.py:190} INFO - [2025-06-26T22:53:43.149+0000] {dagbag.py:588} INFO - Filling up the DagBag from /home/airflow/.local/lib/python3.12/site-packages/airflow/example_dags/example_display_name.py
[2025-06-26T22:53:43.158+0000] {processor.py:925} INFO - DAG(s) 'example_display_name' retrieved from /home/airflow/.local/lib/python3.12/site-packages/airflow/example_dags/example_display_name.py
[2025-06-26T22:53:43.177+0000] {logging_mixin.py:190} INFO - [2025-06-26T22:53:43.177+0000] {dag.py:3239} INFO - Sync 1 DAGs
[2025-06-26T22:53:43.191+0000] {logging_mixin.py:190} INFO - [2025-06-26T22:53:43.191+0000] {dag.py:4180} INFO - Setting next_dagrun for example_display_name to None, run_after=None
[2025-06-26T22:53:43.215+0000] {processor.py:208} INFO - Processing /home/airflow/.local/lib/python3.12/site-packages/airflow/example_dags/example_display_name.py took 0.075 seconds
[2025-06-26T22:54:13.493+0000] {processor.py:186} INFO - Started process (PID=1399) to work on /home/airflow/.local/lib/python3.12/site-packages/airflow/example_dags/example_display_name.py
[2025-06-26T22:54:13.494+0000] {processor.py:914} INFO - Processing file /home/airflow/.local/lib/python3.12/site-packages/airflow/example_dags/example_display_name.py for tasks to queue
[2025-06-26T22:54:13.496+0000] {logging_mixin.py:190} INFO - [2025-06-26T22:54:13.496+0000] {dagbag.py:588} INFO - Filling up the DagBag from /home/airflow/.local/lib/python3.12/site-packages/airflow/example_dags/example_display_name.py
[2025-06-26T22:54:13.505+0000] {processor.py:925} INFO - DAG(s) 'example_display_name' retrieved from /home/airflow/.local/lib/python3.12/site-packages/airflow/example_dags/example_display_name.py
[2025-06-26T22:54:13.522+0000] {logging_mixin.py:190} INFO - [2025-06-26T22:54:13.522+0000] {dag.py:3239} INFO - Sync 1 DAGs
[2025-06-26T22:54:13.535+0000] {logging_mixin.py:190} INFO - [2025-06-26T22:54:13.535+0000] {dag.py:4180} INFO - Setting next_dagrun for example_display_name to None, run_after=None
[2025-06-26T22:54:13.557+0000] {processor.py:208} INFO - Processing /home/airflow/.local/lib/python3.12/site-packages/airflow/example_dags/example_display_name.py took 0.071 seconds
[2025-06-26T22:54:43.995+0000] {processor.py:186} INFO - Started process (PID=1461) to work on /home/airflow/.local/lib/python3.12/site-packages/airflow/example_dags/example_display_name.py
[2025-06-26T22:54:43.996+0000] {processor.py:914} INFO - Processing file /home/airflow/.local/lib/python3.12/site-packages/airflow/example_dags/example_display_name.py for tasks to queue
[2025-06-26T22:54:43.999+0000] {logging_mixin.py:190} INFO - [2025-06-26T22:54:43.999+0000] {dagbag.py:588} INFO - Filling up the DagBag from /home/airflow/.local/lib/python3.12/site-packages/airflow/example_dags/example_display_name.py
[2025-06-26T22:54:44.006+0000] {processor.py:925} INFO - DAG(s) 'example_display_name' retrieved from /home/airflow/.local/lib/python3.12/site-packages/airflow/example_dags/example_display_name.py
[2025-06-26T22:54:44.029+0000] {logging_mixin.py:190} INFO - [2025-06-26T22:54:44.028+0000] {dag.py:3239} INFO - Sync 1 DAGs
[2025-06-26T22:54:44.044+0000] {logging_mixin.py:190} INFO - [2025-06-26T22:54:44.043+0000] {dag.py:4180} INFO - Setting next_dagrun for example_display_name to None, run_after=None
[2025-06-26T22:54:44.065+0000] {processor.py:208} INFO - Processing /home/airflow/.local/lib/python3.12/site-packages/airflow/example_dags/example_display_name.py took 0.075 seconds
[2025-06-26T22:55:14.461+0000] {processor.py:186} INFO - Started process (PID=1523) to work on /home/airflow/.local/lib/python3.12/site-packages/airflow/example_dags/example_display_name.py
[2025-06-26T22:55:14.462+0000] {processor.py:914} INFO - Processing file /home/airflow/.local/lib/python3.12/site-packages/airflow/example_dags/example_display_name.py for tasks to queue
[2025-06-26T22:55:14.464+0000] {logging_mixin.py:190} INFO - [2025-06-26T22:55:14.464+0000] {dagbag.py:588} INFO - Filling up the DagBag from /home/airflow/.local/lib/python3.12/site-packages/airflow/example_dags/example_display_name.py
[2025-06-26T22:55:14.471+0000] {processor.py:925} INFO - DAG(s) 'example_display_name' retrieved from /home/airflow/.local/lib/python3.12/site-packages/airflow/example_dags/example_display_name.py
[2025-06-26T22:55:14.489+0000] {logging_mixin.py:190} INFO - [2025-06-26T22:55:14.489+0000] {dag.py:3239} INFO - Sync 1 DAGs
[2025-06-26T22:55:14.500+0000] {logging_mixin.py:190} INFO - [2025-06-26T22:55:14.500+0000] {dag.py:4180} INFO - Setting next_dagrun for example_display_name to None, run_after=None
[2025-06-26T22:55:14.521+0000] {processor.py:208} INFO - Processing /home/airflow/.local/lib/python3.12/site-packages/airflow/example_dags/example_display_name.py took 0.065 seconds
[2025-06-26T22:55:44.891+0000] {processor.py:186} INFO - Started process (PID=1585) to work on /home/airflow/.local/lib/python3.12/site-packages/airflow/example_dags/example_display_name.py
[2025-06-26T22:55:44.892+0000] {processor.py:914} INFO - Processing file /home/airflow/.local/lib/python3.12/site-packages/airflow/example_dags/example_display_name.py for tasks to queue
[2025-06-26T22:55:44.894+0000] {logging_mixin.py:190} INFO - [2025-06-26T22:55:44.894+0000] {dagbag.py:588} INFO - Filling up the DagBag from /home/airflow/.local/lib/python3.12/site-packages/airflow/example_dags/example_display_name.py
[2025-06-26T22:55:44.901+0000] {processor.py:925} INFO - DAG(s) 'example_display_name' retrieved from /home/airflow/.local/lib/python3.12/site-packages/airflow/example_dags/example_display_name.py
[2025-06-26T22:55:44.917+0000] {logging_mixin.py:190} INFO - [2025-06-26T22:55:44.917+0000] {dag.py:3239} INFO - Sync 1 DAGs
[2025-06-26T22:55:44.929+0000] {logging_mixin.py:190} INFO - [2025-06-26T22:55:44.929+0000] {dag.py:4180} INFO - Setting next_dagrun for example_display_name to None, run_after=None
[2025-06-26T22:55:44.951+0000] {processor.py:208} INFO - Processing /home/airflow/.local/lib/python3.12/site-packages/airflow/example_dags/example_display_name.py took 0.065 seconds
[2025-06-26T22:56:15.159+0000] {processor.py:186} INFO - Started process (PID=1647) to work on /home/airflow/.local/lib/python3.12/site-packages/airflow/example_dags/example_display_name.py
[2025-06-26T22:56:15.160+0000] {processor.py:914} INFO - Processing file /home/airflow/.local/lib/python3.12/site-packages/airflow/example_dags/example_display_name.py for tasks to queue
[2025-06-26T22:56:15.162+0000] {logging_mixin.py:190} INFO - [2025-06-26T22:56:15.161+0000] {dagbag.py:588} INFO - Filling up the DagBag from /home/airflow/.local/lib/python3.12/site-packages/airflow/example_dags/example_display_name.py
[2025-06-26T22:56:15.168+0000] {processor.py:925} INFO - DAG(s) 'example_display_name' retrieved from /home/airflow/.local/lib/python3.12/site-packages/airflow/example_dags/example_display_name.py
[2025-06-26T22:56:15.185+0000] {logging_mixin.py:190} INFO - [2025-06-26T22:56:15.185+0000] {dag.py:3239} INFO - Sync 1 DAGs
[2025-06-26T22:56:15.198+0000] {logging_mixin.py:190} INFO - [2025-06-26T22:56:15.197+0000] {dag.py:4180} INFO - Setting next_dagrun for example_display_name to None, run_after=None
[2025-06-26T22:56:15.220+0000] {processor.py:208} INFO - Processing /home/airflow/.local/lib/python3.12/site-packages/airflow/example_dags/example_display_name.py took 0.066 seconds
[2025-06-26T22:56:46.027+0000] {processor.py:186} INFO - Started process (PID=1709) to work on /home/airflow/.local/lib/python3.12/site-packages/airflow/example_dags/example_display_name.py
[2025-06-26T22:56:46.028+0000] {processor.py:914} INFO - Processing file /home/airflow/.local/lib/python3.12/site-packages/airflow/example_dags/example_display_name.py for tasks to queue
[2025-06-26T22:56:46.030+0000] {logging_mixin.py:190} INFO - [2025-06-26T22:56:46.030+0000] {dagbag.py:588} INFO - Filling up the DagBag from /home/airflow/.local/lib/python3.12/site-packages/airflow/example_dags/example_display_name.py
[2025-06-26T22:56:46.037+0000] {processor.py:925} INFO - DAG(s) 'example_display_name' retrieved from /home/airflow/.local/lib/python3.12/site-packages/airflow/example_dags/example_display_name.py
[2025-06-26T22:56:46.053+0000] {logging_mixin.py:190} INFO - [2025-06-26T22:56:46.053+0000] {dag.py:3239} INFO - Sync 1 DAGs
[2025-06-26T22:56:46.064+0000] {logging_mixin.py:190} INFO - [2025-06-26T22:56:46.064+0000] {dag.py:4180} INFO - Setting next_dagrun for example_display_name to None, run_after=None
[2025-06-26T22:56:46.084+0000] {processor.py:208} INFO - Processing /home/airflow/.local/lib/python3.12/site-packages/airflow/example_dags/example_display_name.py took 0.062 seconds
[2025-06-26T22:57:16.316+0000] {processor.py:186} INFO - Started process (PID=1771) to work on /home/airflow/.local/lib/python3.12/site-packages/airflow/example_dags/example_display_name.py
[2025-06-26T22:57:16.317+0000] {processor.py:914} INFO - Processing file /home/airflow/.local/lib/python3.12/site-packages/airflow/example_dags/example_display_name.py for tasks to queue
[2025-06-26T22:57:16.319+0000] {logging_mixin.py:190} INFO - [2025-06-26T22:57:16.319+0000] {dagbag.py:588} INFO - Filling up the DagBag from /home/airflow/.local/lib/python3.12/site-packages/airflow/example_dags/example_display_name.py
[2025-06-26T22:57:16.326+0000] {processor.py:925} INFO - DAG(s) 'example_display_name' retrieved from /home/airflow/.local/lib/python3.12/site-packages/airflow/example_dags/example_display_name.py
[2025-06-26T22:57:16.342+0000] {logging_mixin.py:190} INFO - [2025-06-26T22:57:16.342+0000] {dag.py:3239} INFO - Sync 1 DAGs
[2025-06-26T22:57:16.354+0000] {logging_mixin.py:190} INFO - [2025-06-26T22:57:16.354+0000] {dag.py:4180} INFO - Setting next_dagrun for example_display_name to None, run_after=None
[2025-06-26T22:57:16.372+0000] {processor.py:208} INFO - Processing /home/airflow/.local/lib/python3.12/site-packages/airflow/example_dags/example_display_name.py took 0.061 seconds
[2025-06-26T22:57:46.857+0000] {processor.py:186} INFO - Started process (PID=1833) to work on /home/airflow/.local/lib/python3.12/site-packages/airflow/example_dags/example_display_name.py
[2025-06-26T22:57:46.858+0000] {processor.py:914} INFO - Processing file /home/airflow/.local/lib/python3.12/site-packages/airflow/example_dags/example_display_name.py for tasks to queue
[2025-06-26T22:57:46.860+0000] {logging_mixin.py:190} INFO - [2025-06-26T22:57:46.860+0000] {dagbag.py:588} INFO - Filling up the DagBag from /home/airflow/.local/lib/python3.12/site-packages/airflow/example_dags/example_display_name.py
[2025-06-26T22:57:46.868+0000] {processor.py:925} INFO - DAG(s) 'example_display_name' retrieved from /home/airflow/.local/lib/python3.12/site-packages/airflow/example_dags/example_display_name.py
[2025-06-26T22:57:46.885+0000] {logging_mixin.py:190} INFO - [2025-06-26T22:57:46.885+0000] {dag.py:3239} INFO - Sync 1 DAGs
[2025-06-26T22:57:46.897+0000] {logging_mixin.py:190} INFO - [2025-06-26T22:57:46.897+0000] {dag.py:4180} INFO - Setting next_dagrun for example_display_name to None, run_after=None
[2025-06-26T22:57:46.922+0000] {processor.py:208} INFO - Processing /home/airflow/.local/lib/python3.12/site-packages/airflow/example_dags/example_display_name.py took 0.070 seconds
[2025-06-26T22:58:17.317+0000] {processor.py:186} INFO - Started process (PID=1895) to work on /home/airflow/.local/lib/python3.12/site-packages/airflow/example_dags/example_display_name.py
[2025-06-26T22:58:17.318+0000] {processor.py:914} INFO - Processing file /home/airflow/.local/lib/python3.12/site-packages/airflow/example_dags/example_display_name.py for tasks to queue
[2025-06-26T22:58:17.320+0000] {logging_mixin.py:190} INFO - [2025-06-26T22:58:17.320+0000] {dagbag.py:588} INFO - Filling up the DagBag from /home/airflow/.local/lib/python3.12/site-packages/airflow/example_dags/example_display_name.py
[2025-06-26T22:58:17.327+0000] {processor.py:925} INFO - DAG(s) 'example_display_name' retrieved from /home/airflow/.local/lib/python3.12/site-packages/airflow/example_dags/example_display_name.py
[2025-06-26T22:58:17.344+0000] {logging_mixin.py:190} INFO - [2025-06-26T22:58:17.344+0000] {dag.py:3239} INFO - Sync 1 DAGs
[2025-06-26T22:58:17.358+0000] {logging_mixin.py:190} INFO - [2025-06-26T22:58:17.357+0000] {dag.py:4180} INFO - Setting next_dagrun for example_display_name to None, run_after=None
[2025-06-26T22:58:17.377+0000] {processor.py:208} INFO - Processing /home/airflow/.local/lib/python3.12/site-packages/airflow/example_dags/example_display_name.py took 0.064 seconds
[2025-06-26T22:58:47.773+0000] {processor.py:186} INFO - Started process (PID=1957) to work on /home/airflow/.local/lib/python3.12/site-packages/airflow/example_dags/example_display_name.py
[2025-06-26T22:58:47.774+0000] {processor.py:914} INFO - Processing file /home/airflow/.local/lib/python3.12/site-packages/airflow/example_dags/example_display_name.py for tasks to queue
[2025-06-26T22:58:47.776+0000] {logging_mixin.py:190} INFO - [2025-06-26T22:58:47.776+0000] {dagbag.py:588} INFO - Filling up the DagBag from /home/airflow/.local/lib/python3.12/site-packages/airflow/example_dags/example_display_name.py
[2025-06-26T22:58:47.783+0000] {processor.py:925} INFO - DAG(s) 'example_display_name' retrieved from /home/airflow/.local/lib/python3.12/site-packages/airflow/example_dags/example_display_name.py
[2025-06-26T22:58:47.804+0000] {logging_mixin.py:190} INFO - [2025-06-26T22:58:47.804+0000] {dag.py:3239} INFO - Sync 1 DAGs
[2025-06-26T22:58:47.816+0000] {logging_mixin.py:190} INFO - [2025-06-26T22:58:47.816+0000] {dag.py:4180} INFO - Setting next_dagrun for example_display_name to None, run_after=None
[2025-06-26T22:58:47.838+0000] {processor.py:208} INFO - Processing /home/airflow/.local/lib/python3.12/site-packages/airflow/example_dags/example_display_name.py took 0.070 seconds
[2025-06-26T22:59:18.008+0000] {processor.py:186} INFO - Started process (PID=2019) to work on /home/airflow/.local/lib/python3.12/site-packages/airflow/example_dags/example_display_name.py
[2025-06-26T22:59:18.009+0000] {processor.py:914} INFO - Processing file /home/airflow/.local/lib/python3.12/site-packages/airflow/example_dags/example_display_name.py for tasks to queue
[2025-06-26T22:59:18.011+0000] {logging_mixin.py:190} INFO - [2025-06-26T22:59:18.011+0000] {dagbag.py:588} INFO - Filling up the DagBag from /home/airflow/.local/lib/python3.12/site-packages/airflow/example_dags/example_display_name.py
[2025-06-26T22:59:18.018+0000] {processor.py:925} INFO - DAG(s) 'example_display_name' retrieved from /home/airflow/.local/lib/python3.12/site-packages/airflow/example_dags/example_display_name.py
[2025-06-26T22:59:18.036+0000] {logging_mixin.py:190} INFO - [2025-06-26T22:59:18.036+0000] {dag.py:3239} INFO - Sync 1 DAGs
[2025-06-26T22:59:18.047+0000] {logging_mixin.py:190} INFO - [2025-06-26T22:59:18.047+0000] {dag.py:4180} INFO - Setting next_dagrun for example_display_name to None, run_after=None
[2025-06-26T22:59:18.072+0000] {processor.py:208} INFO - Processing /home/airflow/.local/lib/python3.12/site-packages/airflow/example_dags/example_display_name.py took 0.069 seconds
[2025-06-26T22:59:48.594+0000] {processor.py:186} INFO - Started process (PID=2081) to work on /home/airflow/.local/lib/python3.12/site-packages/airflow/example_dags/example_display_name.py
[2025-06-26T22:59:48.596+0000] {processor.py:914} INFO - Processing file /home/airflow/.local/lib/python3.12/site-packages/airflow/example_dags/example_display_name.py for tasks to queue
[2025-06-26T22:59:48.599+0000] {logging_mixin.py:190} INFO - [2025-06-26T22:59:48.599+0000] {dagbag.py:588} INFO - Filling up the DagBag from /home/airflow/.local/lib/python3.12/site-packages/airflow/example_dags/example_display_name.py
[2025-06-26T22:59:48.608+0000] {processor.py:925} INFO - DAG(s) 'example_display_name' retrieved from /home/airflow/.local/lib/python3.12/site-packages/airflow/example_dags/example_display_name.py
[2025-06-26T22:59:48.627+0000] {logging_mixin.py:190} INFO - [2025-06-26T22:59:48.627+0000] {dag.py:3239} INFO - Sync 1 DAGs
[2025-06-26T22:59:48.642+0000] {logging_mixin.py:190} INFO - [2025-06-26T22:59:48.641+0000] {dag.py:4180} INFO - Setting next_dagrun for example_display_name to None, run_after=None
[2025-06-26T22:59:48.661+0000] {processor.py:208} INFO - Processing /home/airflow/.local/lib/python3.12/site-packages/airflow/example_dags/example_display_name.py took 0.073 seconds
[2025-06-26T23:00:19.174+0000] {processor.py:186} INFO - Started process (PID=2144) to work on /home/airflow/.local/lib/python3.12/site-packages/airflow/example_dags/example_display_name.py
[2025-06-26T23:00:19.175+0000] {processor.py:914} INFO - Processing file /home/airflow/.local/lib/python3.12/site-packages/airflow/example_dags/example_display_name.py for tasks to queue
[2025-06-26T23:00:19.177+0000] {logging_mixin.py:190} INFO - [2025-06-26T23:00:19.176+0000] {dagbag.py:588} INFO - Filling up the DagBag from /home/airflow/.local/lib/python3.12/site-packages/airflow/example_dags/example_display_name.py
[2025-06-26T23:00:19.183+0000] {processor.py:925} INFO - DAG(s) 'example_display_name' retrieved from /home/airflow/.local/lib/python3.12/site-packages/airflow/example_dags/example_display_name.py
[2025-06-26T23:00:19.201+0000] {logging_mixin.py:190} INFO - [2025-06-26T23:00:19.201+0000] {dag.py:3239} INFO - Sync 1 DAGs
[2025-06-26T23:00:19.213+0000] {logging_mixin.py:190} INFO - [2025-06-26T23:00:19.213+0000] {dag.py:4180} INFO - Setting next_dagrun for example_display_name to None, run_after=None
[2025-06-26T23:00:19.230+0000] {processor.py:208} INFO - Processing /home/airflow/.local/lib/python3.12/site-packages/airflow/example_dags/example_display_name.py took 0.062 seconds
[2025-06-26T23:00:49.849+0000] {processor.py:186} INFO - Started process (PID=2206) to work on /home/airflow/.local/lib/python3.12/site-packages/airflow/example_dags/example_display_name.py
[2025-06-26T23:00:49.850+0000] {processor.py:914} INFO - Processing file /home/airflow/.local/lib/python3.12/site-packages/airflow/example_dags/example_display_name.py for tasks to queue
[2025-06-26T23:00:49.852+0000] {logging_mixin.py:190} INFO - [2025-06-26T23:00:49.852+0000] {dagbag.py:588} INFO - Filling up the DagBag from /home/airflow/.local/lib/python3.12/site-packages/airflow/example_dags/example_display_name.py
[2025-06-26T23:00:49.859+0000] {processor.py:925} INFO - DAG(s) 'example_display_name' retrieved from /home/airflow/.local/lib/python3.12/site-packages/airflow/example_dags/example_display_name.py
[2025-06-26T23:00:49.877+0000] {logging_mixin.py:190} INFO - [2025-06-26T23:00:49.877+0000] {dag.py:3239} INFO - Sync 1 DAGs
[2025-06-26T23:00:49.889+0000] {logging_mixin.py:190} INFO - [2025-06-26T23:00:49.888+0000] {dag.py:4180} INFO - Setting next_dagrun for example_display_name to None, run_after=None
[2025-06-26T23:00:49.913+0000] {processor.py:208} INFO - Processing /home/airflow/.local/lib/python3.12/site-packages/airflow/example_dags/example_display_name.py took 0.069 seconds
[2025-06-26T23:01:20.200+0000] {processor.py:186} INFO - Started process (PID=2268) to work on /home/airflow/.local/lib/python3.12/site-packages/airflow/example_dags/example_display_name.py
[2025-06-26T23:01:20.201+0000] {processor.py:914} INFO - Processing file /home/airflow/.local/lib/python3.12/site-packages/airflow/example_dags/example_display_name.py for tasks to queue
[2025-06-26T23:01:20.204+0000] {logging_mixin.py:190} INFO - [2025-06-26T23:01:20.203+0000] {dagbag.py:588} INFO - Filling up the DagBag from /home/airflow/.local/lib/python3.12/site-packages/airflow/example_dags/example_display_name.py
[2025-06-26T23:01:20.213+0000] {processor.py:925} INFO - DAG(s) 'example_display_name' retrieved from /home/airflow/.local/lib/python3.12/site-packages/airflow/example_dags/example_display_name.py
[2025-06-26T23:01:20.232+0000] {logging_mixin.py:190} INFO - [2025-06-26T23:01:20.232+0000] {dag.py:3239} INFO - Sync 1 DAGs
[2025-06-26T23:01:20.245+0000] {logging_mixin.py:190} INFO - [2025-06-26T23:01:20.245+0000] {dag.py:4180} INFO - Setting next_dagrun for example_display_name to None, run_after=None
[2025-06-26T23:01:20.265+0000] {processor.py:208} INFO - Processing /home/airflow/.local/lib/python3.12/site-packages/airflow/example_dags/example_display_name.py took 0.071 seconds
[2025-06-26T23:01:50.377+0000] {processor.py:186} INFO - Started process (PID=2330) to work on /home/airflow/.local/lib/python3.12/site-packages/airflow/example_dags/example_display_name.py
[2025-06-26T23:01:50.378+0000] {processor.py:914} INFO - Processing file /home/airflow/.local/lib/python3.12/site-packages/airflow/example_dags/example_display_name.py for tasks to queue
[2025-06-26T23:01:50.380+0000] {logging_mixin.py:190} INFO - [2025-06-26T23:01:50.380+0000] {dagbag.py:588} INFO - Filling up the DagBag from /home/airflow/.local/lib/python3.12/site-packages/airflow/example_dags/example_display_name.py
[2025-06-26T23:01:50.393+0000] {processor.py:925} INFO - DAG(s) 'example_display_name' retrieved from /home/airflow/.local/lib/python3.12/site-packages/airflow/example_dags/example_display_name.py
[2025-06-26T23:01:50.428+0000] {logging_mixin.py:190} INFO - [2025-06-26T23:01:50.428+0000] {dag.py:3239} INFO - Sync 1 DAGs
[2025-06-26T23:01:50.451+0000] {logging_mixin.py:190} INFO - [2025-06-26T23:01:50.450+0000] {dag.py:4180} INFO - Setting next_dagrun for example_display_name to None, run_after=None
[2025-06-26T23:01:50.477+0000] {processor.py:208} INFO - Processing /home/airflow/.local/lib/python3.12/site-packages/airflow/example_dags/example_display_name.py took 0.107 seconds
[2025-06-26T23:02:21.104+0000] {processor.py:186} INFO - Started process (PID=2392) to work on /home/airflow/.local/lib/python3.12/site-packages/airflow/example_dags/example_display_name.py
[2025-06-26T23:02:21.105+0000] {processor.py:914} INFO - Processing file /home/airflow/.local/lib/python3.12/site-packages/airflow/example_dags/example_display_name.py for tasks to queue
[2025-06-26T23:02:21.108+0000] {logging_mixin.py:190} INFO - [2025-06-26T23:02:21.108+0000] {dagbag.py:588} INFO - Filling up the DagBag from /home/airflow/.local/lib/python3.12/site-packages/airflow/example_dags/example_display_name.py
[2025-06-26T23:02:21.118+0000] {processor.py:925} INFO - DAG(s) 'example_display_name' retrieved from /home/airflow/.local/lib/python3.12/site-packages/airflow/example_dags/example_display_name.py
[2025-06-26T23:02:21.154+0000] {logging_mixin.py:190} INFO - [2025-06-26T23:02:21.154+0000] {dag.py:3239} INFO - Sync 1 DAGs
[2025-06-26T23:02:21.173+0000] {logging_mixin.py:190} INFO - [2025-06-26T23:02:21.173+0000] {dag.py:4180} INFO - Setting next_dagrun for example_display_name to None, run_after=None
[2025-06-26T23:02:21.205+0000] {processor.py:208} INFO - Processing /home/airflow/.local/lib/python3.12/site-packages/airflow/example_dags/example_display_name.py took 0.109 seconds
[2025-06-26T23:02:52.099+0000] {processor.py:186} INFO - Started process (PID=2454) to work on /home/airflow/.local/lib/python3.12/site-packages/airflow/example_dags/example_display_name.py
[2025-06-26T23:02:52.100+0000] {processor.py:914} INFO - Processing file /home/airflow/.local/lib/python3.12/site-packages/airflow/example_dags/example_display_name.py for tasks to queue
[2025-06-26T23:02:52.104+0000] {logging_mixin.py:190} INFO - [2025-06-26T23:02:52.103+0000] {dagbag.py:588} INFO - Filling up the DagBag from /home/airflow/.local/lib/python3.12/site-packages/airflow/example_dags/example_display_name.py
[2025-06-26T23:02:52.115+0000] {processor.py:925} INFO - DAG(s) 'example_display_name' retrieved from /home/airflow/.local/lib/python3.12/site-packages/airflow/example_dags/example_display_name.py
[2025-06-26T23:02:52.141+0000] {logging_mixin.py:190} INFO - [2025-06-26T23:02:52.141+0000] {dag.py:3239} INFO - Sync 1 DAGs
[2025-06-26T23:02:52.162+0000] {logging_mixin.py:190} INFO - [2025-06-26T23:02:52.162+0000] {dag.py:4180} INFO - Setting next_dagrun for example_display_name to None, run_after=None
[2025-06-26T23:02:52.185+0000] {processor.py:208} INFO - Processing /home/airflow/.local/lib/python3.12/site-packages/airflow/example_dags/example_display_name.py took 0.092 seconds
[2025-06-26T23:03:22.916+0000] {processor.py:186} INFO - Started process (PID=2516) to work on /home/airflow/.local/lib/python3.12/site-packages/airflow/example_dags/example_display_name.py
[2025-06-26T23:03:22.916+0000] {processor.py:914} INFO - Processing file /home/airflow/.local/lib/python3.12/site-packages/airflow/example_dags/example_display_name.py for tasks to queue
[2025-06-26T23:03:22.919+0000] {logging_mixin.py:190} INFO - [2025-06-26T23:03:22.919+0000] {dagbag.py:588} INFO - Filling up the DagBag from /home/airflow/.local/lib/python3.12/site-packages/airflow/example_dags/example_display_name.py
[2025-06-26T23:03:22.926+0000] {processor.py:925} INFO - DAG(s) 'example_display_name' retrieved from /home/airflow/.local/lib/python3.12/site-packages/airflow/example_dags/example_display_name.py
[2025-06-26T23:03:22.943+0000] {logging_mixin.py:190} INFO - [2025-06-26T23:03:22.942+0000] {dag.py:3239} INFO - Sync 1 DAGs
[2025-06-26T23:03:22.955+0000] {logging_mixin.py:190} INFO - [2025-06-26T23:03:22.954+0000] {dag.py:4180} INFO - Setting next_dagrun for example_display_name to None, run_after=None
[2025-06-26T23:03:22.976+0000] {processor.py:208} INFO - Processing /home/airflow/.local/lib/python3.12/site-packages/airflow/example_dags/example_display_name.py took 0.066 seconds
[2025-06-26T23:03:53.132+0000] {processor.py:186} INFO - Started process (PID=2578) to work on /home/airflow/.local/lib/python3.12/site-packages/airflow/example_dags/example_display_name.py
[2025-06-26T23:03:53.132+0000] {processor.py:914} INFO - Processing file /home/airflow/.local/lib/python3.12/site-packages/airflow/example_dags/example_display_name.py for tasks to queue
[2025-06-26T23:03:53.135+0000] {logging_mixin.py:190} INFO - [2025-06-26T23:03:53.135+0000] {dagbag.py:588} INFO - Filling up the DagBag from /home/airflow/.local/lib/python3.12/site-packages/airflow/example_dags/example_display_name.py
[2025-06-26T23:03:53.144+0000] {processor.py:925} INFO - DAG(s) 'example_display_name' retrieved from /home/airflow/.local/lib/python3.12/site-packages/airflow/example_dags/example_display_name.py
[2025-06-26T23:03:53.165+0000] {logging_mixin.py:190} INFO - [2025-06-26T23:03:53.164+0000] {dag.py:3239} INFO - Sync 1 DAGs
[2025-06-26T23:03:53.180+0000] {logging_mixin.py:190} INFO - [2025-06-26T23:03:53.179+0000] {dag.py:4180} INFO - Setting next_dagrun for example_display_name to None, run_after=None
[2025-06-26T23:03:53.205+0000] {processor.py:208} INFO - Processing /home/airflow/.local/lib/python3.12/site-packages/airflow/example_dags/example_display_name.py took 0.079 seconds
[2025-06-26T23:04:23.251+0000] {processor.py:186} INFO - Started process (PID=2640) to work on /home/airflow/.local/lib/python3.12/site-packages/airflow/example_dags/example_display_name.py
[2025-06-26T23:04:23.252+0000] {processor.py:914} INFO - Processing file /home/airflow/.local/lib/python3.12/site-packages/airflow/example_dags/example_display_name.py for tasks to queue
[2025-06-26T23:04:23.254+0000] {logging_mixin.py:190} INFO - [2025-06-26T23:04:23.254+0000] {dagbag.py:588} INFO - Filling up the DagBag from /home/airflow/.local/lib/python3.12/site-packages/airflow/example_dags/example_display_name.py
[2025-06-26T23:04:23.261+0000] {processor.py:925} INFO - DAG(s) 'example_display_name' retrieved from /home/airflow/.local/lib/python3.12/site-packages/airflow/example_dags/example_display_name.py
[2025-06-26T23:04:23.278+0000] {logging_mixin.py:190} INFO - [2025-06-26T23:04:23.278+0000] {dag.py:3239} INFO - Sync 1 DAGs
[2025-06-26T23:04:23.293+0000] {logging_mixin.py:190} INFO - [2025-06-26T23:04:23.292+0000] {dag.py:4180} INFO - Setting next_dagrun for example_display_name to None, run_after=None
[2025-06-26T23:04:23.311+0000] {processor.py:208} INFO - Processing /home/airflow/.local/lib/python3.12/site-packages/airflow/example_dags/example_display_name.py took 0.065 seconds
[2025-06-26T23:04:53.739+0000] {processor.py:186} INFO - Started process (PID=2702) to work on /home/airflow/.local/lib/python3.12/site-packages/airflow/example_dags/example_display_name.py
[2025-06-26T23:04:53.741+0000] {processor.py:914} INFO - Processing file /home/airflow/.local/lib/python3.12/site-packages/airflow/example_dags/example_display_name.py for tasks to queue
[2025-06-26T23:04:53.743+0000] {logging_mixin.py:190} INFO - [2025-06-26T23:04:53.743+0000] {dagbag.py:588} INFO - Filling up the DagBag from /home/airflow/.local/lib/python3.12/site-packages/airflow/example_dags/example_display_name.py
[2025-06-26T23:04:53.750+0000] {processor.py:925} INFO - DAG(s) 'example_display_name' retrieved from /home/airflow/.local/lib/python3.12/site-packages/airflow/example_dags/example_display_name.py
[2025-06-26T23:04:53.769+0000] {logging_mixin.py:190} INFO - [2025-06-26T23:04:53.769+0000] {dag.py:3239} INFO - Sync 1 DAGs
[2025-06-26T23:04:53.783+0000] {logging_mixin.py:190} INFO - [2025-06-26T23:04:53.782+0000] {dag.py:4180} INFO - Setting next_dagrun for example_display_name to None, run_after=None
[2025-06-26T23:04:53.805+0000] {processor.py:208} INFO - Processing /home/airflow/.local/lib/python3.12/site-packages/airflow/example_dags/example_display_name.py took 0.073 seconds
[2025-06-26T23:05:24.081+0000] {processor.py:186} INFO - Started process (PID=2764) to work on /home/airflow/.local/lib/python3.12/site-packages/airflow/example_dags/example_display_name.py
[2025-06-26T23:05:24.082+0000] {processor.py:914} INFO - Processing file /home/airflow/.local/lib/python3.12/site-packages/airflow/example_dags/example_display_name.py for tasks to queue
[2025-06-26T23:05:24.084+0000] {logging_mixin.py:190} INFO - [2025-06-26T23:05:24.083+0000] {dagbag.py:588} INFO - Filling up the DagBag from /home/airflow/.local/lib/python3.12/site-packages/airflow/example_dags/example_display_name.py
[2025-06-26T23:05:24.090+0000] {processor.py:925} INFO - DAG(s) 'example_display_name' retrieved from /home/airflow/.local/lib/python3.12/site-packages/airflow/example_dags/example_display_name.py
[2025-06-26T23:05:24.109+0000] {logging_mixin.py:190} INFO - [2025-06-26T23:05:24.109+0000] {dag.py:3239} INFO - Sync 1 DAGs
[2025-06-26T23:05:24.122+0000] {logging_mixin.py:190} INFO - [2025-06-26T23:05:24.121+0000] {dag.py:4180} INFO - Setting next_dagrun for example_display_name to None, run_after=None
[2025-06-26T23:05:24.140+0000] {processor.py:208} INFO - Processing /home/airflow/.local/lib/python3.12/site-packages/airflow/example_dags/example_display_name.py took 0.064 seconds
[2025-06-26T23:05:55.064+0000] {processor.py:186} INFO - Started process (PID=2826) to work on /home/airflow/.local/lib/python3.12/site-packages/airflow/example_dags/example_display_name.py
[2025-06-26T23:05:55.066+0000] {processor.py:914} INFO - Processing file /home/airflow/.local/lib/python3.12/site-packages/airflow/example_dags/example_display_name.py for tasks to queue
[2025-06-26T23:05:55.069+0000] {logging_mixin.py:190} INFO - [2025-06-26T23:05:55.068+0000] {dagbag.py:588} INFO - Filling up the DagBag from /home/airflow/.local/lib/python3.12/site-packages/airflow/example_dags/example_display_name.py
[2025-06-26T23:05:55.076+0000] {processor.py:925} INFO - DAG(s) 'example_display_name' retrieved from /home/airflow/.local/lib/python3.12/site-packages/airflow/example_dags/example_display_name.py
[2025-06-26T23:05:55.101+0000] {logging_mixin.py:190} INFO - [2025-06-26T23:05:55.100+0000] {dag.py:3239} INFO - Sync 1 DAGs
[2025-06-26T23:05:55.116+0000] {logging_mixin.py:190} INFO - [2025-06-26T23:05:55.116+0000] {dag.py:4180} INFO - Setting next_dagrun for example_display_name to None, run_after=None
[2025-06-26T23:05:55.135+0000] {processor.py:208} INFO - Processing /home/airflow/.local/lib/python3.12/site-packages/airflow/example_dags/example_display_name.py took 0.077 seconds
[2025-06-26T23:06:25.956+0000] {processor.py:186} INFO - Started process (PID=2888) to work on /home/airflow/.local/lib/python3.12/site-packages/airflow/example_dags/example_display_name.py
[2025-06-26T23:06:25.957+0000] {processor.py:914} INFO - Processing file /home/airflow/.local/lib/python3.12/site-packages/airflow/example_dags/example_display_name.py for tasks to queue
[2025-06-26T23:06:25.960+0000] {logging_mixin.py:190} INFO - [2025-06-26T23:06:25.959+0000] {dagbag.py:588} INFO - Filling up the DagBag from /home/airflow/.local/lib/python3.12/site-packages/airflow/example_dags/example_display_name.py
[2025-06-26T23:06:25.967+0000] {processor.py:925} INFO - DAG(s) 'example_display_name' retrieved from /home/airflow/.local/lib/python3.12/site-packages/airflow/example_dags/example_display_name.py
[2025-06-26T23:06:25.985+0000] {logging_mixin.py:190} INFO - [2025-06-26T23:06:25.985+0000] {dag.py:3239} INFO - Sync 1 DAGs
[2025-06-26T23:06:25.996+0000] {logging_mixin.py:190} INFO - [2025-06-26T23:06:25.996+0000] {dag.py:4180} INFO - Setting next_dagrun for example_display_name to None, run_after=None
[2025-06-26T23:06:26.015+0000] {processor.py:208} INFO - Processing /home/airflow/.local/lib/python3.12/site-packages/airflow/example_dags/example_display_name.py took 0.064 seconds
[2025-06-26T23:06:56.731+0000] {processor.py:186} INFO - Started process (PID=2950) to work on /home/airflow/.local/lib/python3.12/site-packages/airflow/example_dags/example_display_name.py
[2025-06-26T23:06:56.732+0000] {processor.py:914} INFO - Processing file /home/airflow/.local/lib/python3.12/site-packages/airflow/example_dags/example_display_name.py for tasks to queue
[2025-06-26T23:06:56.735+0000] {logging_mixin.py:190} INFO - [2025-06-26T23:06:56.734+0000] {dagbag.py:588} INFO - Filling up the DagBag from /home/airflow/.local/lib/python3.12/site-packages/airflow/example_dags/example_display_name.py
[2025-06-26T23:06:56.742+0000] {processor.py:925} INFO - DAG(s) 'example_display_name' retrieved from /home/airflow/.local/lib/python3.12/site-packages/airflow/example_dags/example_display_name.py
[2025-06-26T23:06:56.765+0000] {logging_mixin.py:190} INFO - [2025-06-26T23:06:56.765+0000] {dag.py:3239} INFO - Sync 1 DAGs
[2025-06-26T23:06:56.778+0000] {logging_mixin.py:190} INFO - [2025-06-26T23:06:56.778+0000] {dag.py:4180} INFO - Setting next_dagrun for example_display_name to None, run_after=None
[2025-06-26T23:06:56.797+0000] {processor.py:208} INFO - Processing /home/airflow/.local/lib/python3.12/site-packages/airflow/example_dags/example_display_name.py took 0.071 seconds
[2025-06-26T23:07:27.580+0000] {processor.py:186} INFO - Started process (PID=3012) to work on /home/airflow/.local/lib/python3.12/site-packages/airflow/example_dags/example_display_name.py
[2025-06-26T23:07:27.581+0000] {processor.py:914} INFO - Processing file /home/airflow/.local/lib/python3.12/site-packages/airflow/example_dags/example_display_name.py for tasks to queue
[2025-06-26T23:07:27.583+0000] {logging_mixin.py:190} INFO - [2025-06-26T23:07:27.583+0000] {dagbag.py:588} INFO - Filling up the DagBag from /home/airflow/.local/lib/python3.12/site-packages/airflow/example_dags/example_display_name.py
[2025-06-26T23:07:27.591+0000] {processor.py:925} INFO - DAG(s) 'example_display_name' retrieved from /home/airflow/.local/lib/python3.12/site-packages/airflow/example_dags/example_display_name.py
[2025-06-26T23:07:27.609+0000] {logging_mixin.py:190} INFO - [2025-06-26T23:07:27.609+0000] {dag.py:3239} INFO - Sync 1 DAGs
[2025-06-26T23:07:27.621+0000] {logging_mixin.py:190} INFO - [2025-06-26T23:07:27.621+0000] {dag.py:4180} INFO - Setting next_dagrun for example_display_name to None, run_after=None
[2025-06-26T23:07:27.640+0000] {processor.py:208} INFO - Processing /home/airflow/.local/lib/python3.12/site-packages/airflow/example_dags/example_display_name.py took 0.065 seconds
[2025-06-26T23:07:57.804+0000] {processor.py:186} INFO - Started process (PID=3074) to work on /home/airflow/.local/lib/python3.12/site-packages/airflow/example_dags/example_display_name.py
[2025-06-26T23:07:57.805+0000] {processor.py:914} INFO - Processing file /home/airflow/.local/lib/python3.12/site-packages/airflow/example_dags/example_display_name.py for tasks to queue
[2025-06-26T23:07:57.807+0000] {logging_mixin.py:190} INFO - [2025-06-26T23:07:57.807+0000] {dagbag.py:588} INFO - Filling up the DagBag from /home/airflow/.local/lib/python3.12/site-packages/airflow/example_dags/example_display_name.py
[2025-06-26T23:07:57.814+0000] {processor.py:925} INFO - DAG(s) 'example_display_name' retrieved from /home/airflow/.local/lib/python3.12/site-packages/airflow/example_dags/example_display_name.py
[2025-06-26T23:07:57.830+0000] {logging_mixin.py:190} INFO - [2025-06-26T23:07:57.829+0000] {dag.py:3239} INFO - Sync 1 DAGs
[2025-06-26T23:07:57.841+0000] {logging_mixin.py:190} INFO - [2025-06-26T23:07:57.841+0000] {dag.py:4180} INFO - Setting next_dagrun for example_display_name to None, run_after=None
[2025-06-26T23:07:57.863+0000] {processor.py:208} INFO - Processing /home/airflow/.local/lib/python3.12/site-packages/airflow/example_dags/example_display_name.py took 0.064 seconds
[2025-06-26T23:08:28.511+0000] {processor.py:186} INFO - Started process (PID=3136) to work on /home/airflow/.local/lib/python3.12/site-packages/airflow/example_dags/example_display_name.py
[2025-06-26T23:08:28.512+0000] {processor.py:914} INFO - Processing file /home/airflow/.local/lib/python3.12/site-packages/airflow/example_dags/example_display_name.py for tasks to queue
[2025-06-26T23:08:28.514+0000] {logging_mixin.py:190} INFO - [2025-06-26T23:08:28.514+0000] {dagbag.py:588} INFO - Filling up the DagBag from /home/airflow/.local/lib/python3.12/site-packages/airflow/example_dags/example_display_name.py
[2025-06-26T23:08:28.521+0000] {processor.py:925} INFO - DAG(s) 'example_display_name' retrieved from /home/airflow/.local/lib/python3.12/site-packages/airflow/example_dags/example_display_name.py
[2025-06-26T23:08:28.540+0000] {logging_mixin.py:190} INFO - [2025-06-26T23:08:28.539+0000] {dag.py:3239} INFO - Sync 1 DAGs
[2025-06-26T23:08:28.552+0000] {logging_mixin.py:190} INFO - [2025-06-26T23:08:28.552+0000] {dag.py:4180} INFO - Setting next_dagrun for example_display_name to None, run_after=None
[2025-06-26T23:08:28.574+0000] {processor.py:208} INFO - Processing /home/airflow/.local/lib/python3.12/site-packages/airflow/example_dags/example_display_name.py took 0.069 seconds
[2025-06-26T23:08:59.553+0000] {processor.py:186} INFO - Started process (PID=3198) to work on /home/airflow/.local/lib/python3.12/site-packages/airflow/example_dags/example_display_name.py
[2025-06-26T23:08:59.554+0000] {processor.py:914} INFO - Processing file /home/airflow/.local/lib/python3.12/site-packages/airflow/example_dags/example_display_name.py for tasks to queue
[2025-06-26T23:08:59.556+0000] {logging_mixin.py:190} INFO - [2025-06-26T23:08:59.556+0000] {dagbag.py:588} INFO - Filling up the DagBag from /home/airflow/.local/lib/python3.12/site-packages/airflow/example_dags/example_display_name.py
[2025-06-26T23:08:59.563+0000] {processor.py:925} INFO - DAG(s) 'example_display_name' retrieved from /home/airflow/.local/lib/python3.12/site-packages/airflow/example_dags/example_display_name.py
[2025-06-26T23:08:59.582+0000] {logging_mixin.py:190} INFO - [2025-06-26T23:08:59.581+0000] {dag.py:3239} INFO - Sync 1 DAGs
[2025-06-26T23:08:59.594+0000] {logging_mixin.py:190} INFO - [2025-06-26T23:08:59.594+0000] {dag.py:4180} INFO - Setting next_dagrun for example_display_name to None, run_after=None
[2025-06-26T23:08:59.613+0000] {processor.py:208} INFO - Processing /home/airflow/.local/lib/python3.12/site-packages/airflow/example_dags/example_display_name.py took 0.065 seconds
[2025-06-26T23:09:29.664+0000] {processor.py:186} INFO - Started process (PID=3260) to work on /home/airflow/.local/lib/python3.12/site-packages/airflow/example_dags/example_display_name.py
[2025-06-26T23:09:29.665+0000] {processor.py:914} INFO - Processing file /home/airflow/.local/lib/python3.12/site-packages/airflow/example_dags/example_display_name.py for tasks to queue
[2025-06-26T23:09:29.667+0000] {logging_mixin.py:190} INFO - [2025-06-26T23:09:29.666+0000] {dagbag.py:588} INFO - Filling up the DagBag from /home/airflow/.local/lib/python3.12/site-packages/airflow/example_dags/example_display_name.py
[2025-06-26T23:09:29.674+0000] {processor.py:925} INFO - DAG(s) 'example_display_name' retrieved from /home/airflow/.local/lib/python3.12/site-packages/airflow/example_dags/example_display_name.py
[2025-06-26T23:09:29.690+0000] {logging_mixin.py:190} INFO - [2025-06-26T23:09:29.690+0000] {dag.py:3239} INFO - Sync 1 DAGs
[2025-06-26T23:09:29.703+0000] {logging_mixin.py:190} INFO - [2025-06-26T23:09:29.702+0000] {dag.py:4180} INFO - Setting next_dagrun for example_display_name to None, run_after=None
[2025-06-26T23:09:29.719+0000] {processor.py:208} INFO - Processing /home/airflow/.local/lib/python3.12/site-packages/airflow/example_dags/example_display_name.py took 0.061 seconds
[2025-06-26T23:10:00.667+0000] {processor.py:186} INFO - Started process (PID=3322) to work on /home/airflow/.local/lib/python3.12/site-packages/airflow/example_dags/example_display_name.py
[2025-06-26T23:10:00.668+0000] {processor.py:914} INFO - Processing file /home/airflow/.local/lib/python3.12/site-packages/airflow/example_dags/example_display_name.py for tasks to queue
[2025-06-26T23:10:00.670+0000] {logging_mixin.py:190} INFO - [2025-06-26T23:10:00.670+0000] {dagbag.py:588} INFO - Filling up the DagBag from /home/airflow/.local/lib/python3.12/site-packages/airflow/example_dags/example_display_name.py
[2025-06-26T23:10:00.677+0000] {processor.py:925} INFO - DAG(s) 'example_display_name' retrieved from /home/airflow/.local/lib/python3.12/site-packages/airflow/example_dags/example_display_name.py
[2025-06-26T23:10:00.695+0000] {logging_mixin.py:190} INFO - [2025-06-26T23:10:00.695+0000] {dag.py:3239} INFO - Sync 1 DAGs
[2025-06-26T23:10:00.707+0000] {logging_mixin.py:190} INFO - [2025-06-26T23:10:00.706+0000] {dag.py:4180} INFO - Setting next_dagrun for example_display_name to None, run_after=None
[2025-06-26T23:10:00.725+0000] {processor.py:208} INFO - Processing /home/airflow/.local/lib/python3.12/site-packages/airflow/example_dags/example_display_name.py took 0.064 seconds
[2025-06-26T23:10:31.362+0000] {processor.py:186} INFO - Started process (PID=3384) to work on /home/airflow/.local/lib/python3.12/site-packages/airflow/example_dags/example_display_name.py
[2025-06-26T23:10:31.363+0000] {processor.py:914} INFO - Processing file /home/airflow/.local/lib/python3.12/site-packages/airflow/example_dags/example_display_name.py for tasks to queue
[2025-06-26T23:10:31.365+0000] {logging_mixin.py:190} INFO - [2025-06-26T23:10:31.365+0000] {dagbag.py:588} INFO - Filling up the DagBag from /home/airflow/.local/lib/python3.12/site-packages/airflow/example_dags/example_display_name.py
[2025-06-26T23:10:31.372+0000] {processor.py:925} INFO - DAG(s) 'example_display_name' retrieved from /home/airflow/.local/lib/python3.12/site-packages/airflow/example_dags/example_display_name.py
[2025-06-26T23:10:31.388+0000] {logging_mixin.py:190} INFO - [2025-06-26T23:10:31.388+0000] {dag.py:3239} INFO - Sync 1 DAGs
[2025-06-26T23:10:31.400+0000] {logging_mixin.py:190} INFO - [2025-06-26T23:10:31.399+0000] {dag.py:4180} INFO - Setting next_dagrun for example_display_name to None, run_after=None
[2025-06-26T23:10:31.417+0000] {processor.py:208} INFO - Processing /home/airflow/.local/lib/python3.12/site-packages/airflow/example_dags/example_display_name.py took 0.060 seconds
