[2025-06-26T22:43:35.982+0000] {processor.py:186} INFO - Started process (PID=104) to work on /home/airflow/.local/lib/python3.12/site-packages/airflow/example_dags/example_sensors.py
[2025-06-26T22:43:35.983+0000] {processor.py:914} INFO - Processing file /home/airflow/.local/lib/python3.12/site-packages/airflow/example_dags/example_sensors.py for tasks to queue
[2025-06-26T22:43:35.986+0000] {logging_mixin.py:190} INFO - [2025-06-26T22:43:35.985+0000] {dagbag.py:588} INFO - Filling up the DagBag from /home/airflow/.local/lib/python3.12/site-packages/airflow/example_dags/example_sensors.py
[2025-06-26T22:43:35.997+0000] {processor.py:925} INFO - DAG(s) 'example_sensors' retrieved from /home/airflow/.local/lib/python3.12/site-packages/airflow/example_dags/example_sensors.py
[2025-06-26T22:43:36.094+0000] {logging_mixin.py:190} INFO - [2025-06-26T22:43:36.094+0000] {override.py:1900} INFO - Created Permission View: can read on DAG:example_sensors
[2025-06-26T22:43:36.105+0000] {logging_mixin.py:190} INFO - [2025-06-26T22:43:36.105+0000] {override.py:1900} INFO - Created Permission View: can edit on DAG:example_sensors
[2025-06-26T22:43:36.115+0000] {logging_mixin.py:190} INFO - [2025-06-26T22:43:36.114+0000] {override.py:1900} INFO - Created Permission View: can delete on DAG:example_sensors
[2025-06-26T22:43:36.129+0000] {logging_mixin.py:190} INFO - [2025-06-26T22:43:36.128+0000] {override.py:1900} INFO - Created Permission View: can read on DAG Run:example_sensors
[2025-06-26T22:43:36.137+0000] {logging_mixin.py:190} INFO - [2025-06-26T22:43:36.137+0000] {override.py:1900} INFO - Created Permission View: can delete on DAG Run:example_sensors
[2025-06-26T22:43:36.145+0000] {logging_mixin.py:190} INFO - [2025-06-26T22:43:36.145+0000] {override.py:1900} INFO - Created Permission View: menu access on DAG Run:example_sensors
[2025-06-26T22:43:36.153+0000] {logging_mixin.py:190} INFO - [2025-06-26T22:43:36.152+0000] {override.py:1900} INFO - Created Permission View: can create on DAG Run:example_sensors
[2025-06-26T22:43:36.153+0000] {logging_mixin.py:190} INFO - [2025-06-26T22:43:36.153+0000] {dag.py:3239} INFO - Sync 1 DAGs
[2025-06-26T22:43:36.165+0000] {logging_mixin.py:190} INFO - [2025-06-26T22:43:36.165+0000] {dag.py:3262} INFO - Creating ORM DAG for example_sensors
[2025-06-26T22:43:36.166+0000] {logging_mixin.py:190} INFO - [2025-06-26T22:43:36.166+0000] {dag.py:4180} INFO - Setting next_dagrun for example_sensors to None, run_after=None
[2025-06-26T22:43:36.184+0000] {processor.py:208} INFO - Processing /home/airflow/.local/lib/python3.12/site-packages/airflow/example_dags/example_sensors.py took 0.208 seconds
[2025-06-26T22:44:06.327+0000] {processor.py:186} INFO - Started process (PID=166) to work on /home/airflow/.local/lib/python3.12/site-packages/airflow/example_dags/example_sensors.py
[2025-06-26T22:44:06.328+0000] {processor.py:914} INFO - Processing file /home/airflow/.local/lib/python3.12/site-packages/airflow/example_dags/example_sensors.py for tasks to queue
[2025-06-26T22:44:06.332+0000] {logging_mixin.py:190} INFO - [2025-06-26T22:44:06.331+0000] {dagbag.py:588} INFO - Filling up the DagBag from /home/airflow/.local/lib/python3.12/site-packages/airflow/example_dags/example_sensors.py
[2025-06-26T22:44:06.345+0000] {processor.py:925} INFO - DAG(s) 'example_sensors' retrieved from /home/airflow/.local/lib/python3.12/site-packages/airflow/example_dags/example_sensors.py
[2025-06-26T22:44:06.374+0000] {logging_mixin.py:190} INFO - [2025-06-26T22:44:06.374+0000] {dag.py:3239} INFO - Sync 1 DAGs
[2025-06-26T22:44:06.389+0000] {logging_mixin.py:190} INFO - [2025-06-26T22:44:06.389+0000] {dag.py:4180} INFO - Setting next_dagrun for example_sensors to None, run_after=None
[2025-06-26T22:44:06.410+0000] {processor.py:208} INFO - Processing /home/airflow/.local/lib/python3.12/site-packages/airflow/example_dags/example_sensors.py took 0.090 seconds
[2025-06-26T22:44:36.841+0000] {processor.py:186} INFO - Started process (PID=228) to work on /home/airflow/.local/lib/python3.12/site-packages/airflow/example_dags/example_sensors.py
[2025-06-26T22:44:36.842+0000] {processor.py:914} INFO - Processing file /home/airflow/.local/lib/python3.12/site-packages/airflow/example_dags/example_sensors.py for tasks to queue
[2025-06-26T22:44:36.845+0000] {logging_mixin.py:190} INFO - [2025-06-26T22:44:36.845+0000] {dagbag.py:588} INFO - Filling up the DagBag from /home/airflow/.local/lib/python3.12/site-packages/airflow/example_dags/example_sensors.py
[2025-06-26T22:44:36.855+0000] {processor.py:925} INFO - DAG(s) 'example_sensors' retrieved from /home/airflow/.local/lib/python3.12/site-packages/airflow/example_dags/example_sensors.py
[2025-06-26T22:44:36.878+0000] {logging_mixin.py:190} INFO - [2025-06-26T22:44:36.878+0000] {dag.py:3239} INFO - Sync 1 DAGs
[2025-06-26T22:44:36.891+0000] {logging_mixin.py:190} INFO - [2025-06-26T22:44:36.891+0000] {dag.py:4180} INFO - Setting next_dagrun for example_sensors to None, run_after=None
[2025-06-26T22:44:36.911+0000] {processor.py:208} INFO - Processing /home/airflow/.local/lib/python3.12/site-packages/airflow/example_dags/example_sensors.py took 0.075 seconds
[2025-06-26T22:45:07.208+0000] {processor.py:186} INFO - Started process (PID=290) to work on /home/airflow/.local/lib/python3.12/site-packages/airflow/example_dags/example_sensors.py
[2025-06-26T22:45:07.209+0000] {processor.py:914} INFO - Processing file /home/airflow/.local/lib/python3.12/site-packages/airflow/example_dags/example_sensors.py for tasks to queue
[2025-06-26T22:45:07.211+0000] {logging_mixin.py:190} INFO - [2025-06-26T22:45:07.211+0000] {dagbag.py:588} INFO - Filling up the DagBag from /home/airflow/.local/lib/python3.12/site-packages/airflow/example_dags/example_sensors.py
[2025-06-26T22:45:07.220+0000] {processor.py:925} INFO - DAG(s) 'example_sensors' retrieved from /home/airflow/.local/lib/python3.12/site-packages/airflow/example_dags/example_sensors.py
[2025-06-26T22:45:07.243+0000] {logging_mixin.py:190} INFO - [2025-06-26T22:45:07.243+0000] {dag.py:3239} INFO - Sync 1 DAGs
[2025-06-26T22:45:07.256+0000] {logging_mixin.py:190} INFO - [2025-06-26T22:45:07.256+0000] {dag.py:4180} INFO - Setting next_dagrun for example_sensors to None, run_after=None
[2025-06-26T22:45:07.274+0000] {processor.py:208} INFO - Processing /home/airflow/.local/lib/python3.12/site-packages/airflow/example_dags/example_sensors.py took 0.072 seconds
[2025-06-26T22:45:37.522+0000] {processor.py:186} INFO - Started process (PID=352) to work on /home/airflow/.local/lib/python3.12/site-packages/airflow/example_dags/example_sensors.py
[2025-06-26T22:45:37.523+0000] {processor.py:914} INFO - Processing file /home/airflow/.local/lib/python3.12/site-packages/airflow/example_dags/example_sensors.py for tasks to queue
[2025-06-26T22:45:37.526+0000] {logging_mixin.py:190} INFO - [2025-06-26T22:45:37.526+0000] {dagbag.py:588} INFO - Filling up the DagBag from /home/airflow/.local/lib/python3.12/site-packages/airflow/example_dags/example_sensors.py
[2025-06-26T22:45:37.537+0000] {processor.py:925} INFO - DAG(s) 'example_sensors' retrieved from /home/airflow/.local/lib/python3.12/site-packages/airflow/example_dags/example_sensors.py
[2025-06-26T22:45:37.562+0000] {logging_mixin.py:190} INFO - [2025-06-26T22:45:37.562+0000] {dag.py:3239} INFO - Sync 1 DAGs
[2025-06-26T22:45:37.575+0000] {logging_mixin.py:190} INFO - [2025-06-26T22:45:37.574+0000] {dag.py:4180} INFO - Setting next_dagrun for example_sensors to None, run_after=None
[2025-06-26T22:45:37.597+0000] {processor.py:208} INFO - Processing /home/airflow/.local/lib/python3.12/site-packages/airflow/example_dags/example_sensors.py took 0.082 seconds
[2025-06-26T22:46:08.127+0000] {processor.py:186} INFO - Started process (PID=414) to work on /home/airflow/.local/lib/python3.12/site-packages/airflow/example_dags/example_sensors.py
[2025-06-26T22:46:08.128+0000] {processor.py:914} INFO - Processing file /home/airflow/.local/lib/python3.12/site-packages/airflow/example_dags/example_sensors.py for tasks to queue
[2025-06-26T22:46:08.130+0000] {logging_mixin.py:190} INFO - [2025-06-26T22:46:08.130+0000] {dagbag.py:588} INFO - Filling up the DagBag from /home/airflow/.local/lib/python3.12/site-packages/airflow/example_dags/example_sensors.py
[2025-06-26T22:46:08.140+0000] {processor.py:925} INFO - DAG(s) 'example_sensors' retrieved from /home/airflow/.local/lib/python3.12/site-packages/airflow/example_dags/example_sensors.py
[2025-06-26T22:46:08.163+0000] {logging_mixin.py:190} INFO - [2025-06-26T22:46:08.163+0000] {dag.py:3239} INFO - Sync 1 DAGs
[2025-06-26T22:46:08.175+0000] {logging_mixin.py:190} INFO - [2025-06-26T22:46:08.175+0000] {dag.py:4180} INFO - Setting next_dagrun for example_sensors to None, run_after=None
[2025-06-26T22:46:08.192+0000] {processor.py:208} INFO - Processing /home/airflow/.local/lib/python3.12/site-packages/airflow/example_dags/example_sensors.py took 0.071 seconds
[2025-06-26T22:46:38.680+0000] {processor.py:186} INFO - Started process (PID=476) to work on /home/airflow/.local/lib/python3.12/site-packages/airflow/example_dags/example_sensors.py
[2025-06-26T22:46:38.681+0000] {processor.py:914} INFO - Processing file /home/airflow/.local/lib/python3.12/site-packages/airflow/example_dags/example_sensors.py for tasks to queue
[2025-06-26T22:46:38.683+0000] {logging_mixin.py:190} INFO - [2025-06-26T22:46:38.683+0000] {dagbag.py:588} INFO - Filling up the DagBag from /home/airflow/.local/lib/python3.12/site-packages/airflow/example_dags/example_sensors.py
[2025-06-26T22:46:38.693+0000] {processor.py:925} INFO - DAG(s) 'example_sensors' retrieved from /home/airflow/.local/lib/python3.12/site-packages/airflow/example_dags/example_sensors.py
[2025-06-26T22:46:38.717+0000] {logging_mixin.py:190} INFO - [2025-06-26T22:46:38.716+0000] {dag.py:3239} INFO - Sync 1 DAGs
[2025-06-26T22:46:38.729+0000] {logging_mixin.py:190} INFO - [2025-06-26T22:46:38.729+0000] {dag.py:4180} INFO - Setting next_dagrun for example_sensors to None, run_after=None
[2025-06-26T22:46:38.748+0000] {processor.py:208} INFO - Processing /home/airflow/.local/lib/python3.12/site-packages/airflow/example_dags/example_sensors.py took 0.074 seconds
[2025-06-26T22:47:08.994+0000] {processor.py:186} INFO - Started process (PID=538) to work on /home/airflow/.local/lib/python3.12/site-packages/airflow/example_dags/example_sensors.py
[2025-06-26T22:47:08.995+0000] {processor.py:914} INFO - Processing file /home/airflow/.local/lib/python3.12/site-packages/airflow/example_dags/example_sensors.py for tasks to queue
[2025-06-26T22:47:08.998+0000] {logging_mixin.py:190} INFO - [2025-06-26T22:47:08.997+0000] {dagbag.py:588} INFO - Filling up the DagBag from /home/airflow/.local/lib/python3.12/site-packages/airflow/example_dags/example_sensors.py
[2025-06-26T22:47:09.007+0000] {processor.py:925} INFO - DAG(s) 'example_sensors' retrieved from /home/airflow/.local/lib/python3.12/site-packages/airflow/example_dags/example_sensors.py
[2025-06-26T22:47:09.034+0000] {logging_mixin.py:190} INFO - [2025-06-26T22:47:09.033+0000] {dag.py:3239} INFO - Sync 1 DAGs
[2025-06-26T22:47:09.045+0000] {logging_mixin.py:190} INFO - [2025-06-26T22:47:09.045+0000] {dag.py:4180} INFO - Setting next_dagrun for example_sensors to None, run_after=None
[2025-06-26T22:47:09.066+0000] {processor.py:208} INFO - Processing /home/airflow/.local/lib/python3.12/site-packages/airflow/example_dags/example_sensors.py took 0.077 seconds
[2025-06-26T22:47:39.429+0000] {processor.py:186} INFO - Started process (PID=600) to work on /home/airflow/.local/lib/python3.12/site-packages/airflow/example_dags/example_sensors.py
[2025-06-26T22:47:39.431+0000] {processor.py:914} INFO - Processing file /home/airflow/.local/lib/python3.12/site-packages/airflow/example_dags/example_sensors.py for tasks to queue
[2025-06-26T22:47:39.433+0000] {logging_mixin.py:190} INFO - [2025-06-26T22:47:39.433+0000] {dagbag.py:588} INFO - Filling up the DagBag from /home/airflow/.local/lib/python3.12/site-packages/airflow/example_dags/example_sensors.py
[2025-06-26T22:47:39.443+0000] {processor.py:925} INFO - DAG(s) 'example_sensors' retrieved from /home/airflow/.local/lib/python3.12/site-packages/airflow/example_dags/example_sensors.py
[2025-06-26T22:47:39.465+0000] {logging_mixin.py:190} INFO - [2025-06-26T22:47:39.465+0000] {dag.py:3239} INFO - Sync 1 DAGs
[2025-06-26T22:47:39.477+0000] {logging_mixin.py:190} INFO - [2025-06-26T22:47:39.477+0000] {dag.py:4180} INFO - Setting next_dagrun for example_sensors to None, run_after=None
[2025-06-26T22:47:39.496+0000] {processor.py:208} INFO - Processing /home/airflow/.local/lib/python3.12/site-packages/airflow/example_dags/example_sensors.py took 0.072 seconds
[2025-06-26T22:48:09.748+0000] {processor.py:186} INFO - Started process (PID=662) to work on /home/airflow/.local/lib/python3.12/site-packages/airflow/example_dags/example_sensors.py
[2025-06-26T22:48:09.749+0000] {processor.py:914} INFO - Processing file /home/airflow/.local/lib/python3.12/site-packages/airflow/example_dags/example_sensors.py for tasks to queue
[2025-06-26T22:48:09.751+0000] {logging_mixin.py:190} INFO - [2025-06-26T22:48:09.751+0000] {dagbag.py:588} INFO - Filling up the DagBag from /home/airflow/.local/lib/python3.12/site-packages/airflow/example_dags/example_sensors.py
[2025-06-26T22:48:09.760+0000] {processor.py:925} INFO - DAG(s) 'example_sensors' retrieved from /home/airflow/.local/lib/python3.12/site-packages/airflow/example_dags/example_sensors.py
[2025-06-26T22:48:09.783+0000] {logging_mixin.py:190} INFO - [2025-06-26T22:48:09.783+0000] {dag.py:3239} INFO - Sync 1 DAGs
[2025-06-26T22:48:09.794+0000] {logging_mixin.py:190} INFO - [2025-06-26T22:48:09.794+0000] {dag.py:4180} INFO - Setting next_dagrun for example_sensors to None, run_after=None
[2025-06-26T22:48:09.813+0000] {processor.py:208} INFO - Processing /home/airflow/.local/lib/python3.12/site-packages/airflow/example_dags/example_sensors.py took 0.071 seconds
[2025-06-26T22:48:40.054+0000] {processor.py:186} INFO - Started process (PID=724) to work on /home/airflow/.local/lib/python3.12/site-packages/airflow/example_dags/example_sensors.py
[2025-06-26T22:48:40.055+0000] {processor.py:914} INFO - Processing file /home/airflow/.local/lib/python3.12/site-packages/airflow/example_dags/example_sensors.py for tasks to queue
[2025-06-26T22:48:40.057+0000] {logging_mixin.py:190} INFO - [2025-06-26T22:48:40.057+0000] {dagbag.py:588} INFO - Filling up the DagBag from /home/airflow/.local/lib/python3.12/site-packages/airflow/example_dags/example_sensors.py
[2025-06-26T22:48:40.068+0000] {processor.py:925} INFO - DAG(s) 'example_sensors' retrieved from /home/airflow/.local/lib/python3.12/site-packages/airflow/example_dags/example_sensors.py
[2025-06-26T22:48:40.089+0000] {logging_mixin.py:190} INFO - [2025-06-26T22:48:40.089+0000] {dag.py:3239} INFO - Sync 1 DAGs
[2025-06-26T22:48:40.101+0000] {logging_mixin.py:190} INFO - [2025-06-26T22:48:40.101+0000] {dag.py:4180} INFO - Setting next_dagrun for example_sensors to None, run_after=None
[2025-06-26T22:48:40.123+0000] {processor.py:208} INFO - Processing /home/airflow/.local/lib/python3.12/site-packages/airflow/example_dags/example_sensors.py took 0.074 seconds
[2025-06-26T22:49:10.414+0000] {processor.py:186} INFO - Started process (PID=786) to work on /home/airflow/.local/lib/python3.12/site-packages/airflow/example_dags/example_sensors.py
[2025-06-26T22:49:10.415+0000] {processor.py:914} INFO - Processing file /home/airflow/.local/lib/python3.12/site-packages/airflow/example_dags/example_sensors.py for tasks to queue
[2025-06-26T22:49:10.418+0000] {logging_mixin.py:190} INFO - [2025-06-26T22:49:10.418+0000] {dagbag.py:588} INFO - Filling up the DagBag from /home/airflow/.local/lib/python3.12/site-packages/airflow/example_dags/example_sensors.py
[2025-06-26T22:49:10.428+0000] {processor.py:925} INFO - DAG(s) 'example_sensors' retrieved from /home/airflow/.local/lib/python3.12/site-packages/airflow/example_dags/example_sensors.py
[2025-06-26T22:49:10.450+0000] {logging_mixin.py:190} INFO - [2025-06-26T22:49:10.450+0000] {dag.py:3239} INFO - Sync 1 DAGs
[2025-06-26T22:49:10.462+0000] {logging_mixin.py:190} INFO - [2025-06-26T22:49:10.462+0000] {dag.py:4180} INFO - Setting next_dagrun for example_sensors to None, run_after=None
[2025-06-26T22:49:10.481+0000] {processor.py:208} INFO - Processing /home/airflow/.local/lib/python3.12/site-packages/airflow/example_dags/example_sensors.py took 0.072 seconds
[2025-06-26T22:49:40.755+0000] {processor.py:186} INFO - Started process (PID=848) to work on /home/airflow/.local/lib/python3.12/site-packages/airflow/example_dags/example_sensors.py
[2025-06-26T22:49:40.756+0000] {processor.py:914} INFO - Processing file /home/airflow/.local/lib/python3.12/site-packages/airflow/example_dags/example_sensors.py for tasks to queue
[2025-06-26T22:49:40.758+0000] {logging_mixin.py:190} INFO - [2025-06-26T22:49:40.758+0000] {dagbag.py:588} INFO - Filling up the DagBag from /home/airflow/.local/lib/python3.12/site-packages/airflow/example_dags/example_sensors.py
[2025-06-26T22:49:40.768+0000] {processor.py:925} INFO - DAG(s) 'example_sensors' retrieved from /home/airflow/.local/lib/python3.12/site-packages/airflow/example_dags/example_sensors.py
[2025-06-26T22:49:40.789+0000] {logging_mixin.py:190} INFO - [2025-06-26T22:49:40.789+0000] {dag.py:3239} INFO - Sync 1 DAGs
[2025-06-26T22:49:40.801+0000] {logging_mixin.py:190} INFO - [2025-06-26T22:49:40.801+0000] {dag.py:4180} INFO - Setting next_dagrun for example_sensors to None, run_after=None
[2025-06-26T22:49:40.819+0000] {processor.py:208} INFO - Processing /home/airflow/.local/lib/python3.12/site-packages/airflow/example_dags/example_sensors.py took 0.070 seconds
[2025-06-26T22:50:11.188+0000] {processor.py:186} INFO - Started process (PID=910) to work on /home/airflow/.local/lib/python3.12/site-packages/airflow/example_dags/example_sensors.py
[2025-06-26T22:50:11.189+0000] {processor.py:914} INFO - Processing file /home/airflow/.local/lib/python3.12/site-packages/airflow/example_dags/example_sensors.py for tasks to queue
[2025-06-26T22:50:11.191+0000] {logging_mixin.py:190} INFO - [2025-06-26T22:50:11.191+0000] {dagbag.py:588} INFO - Filling up the DagBag from /home/airflow/.local/lib/python3.12/site-packages/airflow/example_dags/example_sensors.py
[2025-06-26T22:50:11.200+0000] {processor.py:925} INFO - DAG(s) 'example_sensors' retrieved from /home/airflow/.local/lib/python3.12/site-packages/airflow/example_dags/example_sensors.py
[2025-06-26T22:50:11.223+0000] {logging_mixin.py:190} INFO - [2025-06-26T22:50:11.222+0000] {dag.py:3239} INFO - Sync 1 DAGs
[2025-06-26T22:50:11.234+0000] {logging_mixin.py:190} INFO - [2025-06-26T22:50:11.234+0000] {dag.py:4180} INFO - Setting next_dagrun for example_sensors to None, run_after=None
[2025-06-26T22:50:11.253+0000] {processor.py:208} INFO - Processing /home/airflow/.local/lib/python3.12/site-packages/airflow/example_dags/example_sensors.py took 0.070 seconds
[2025-06-26T22:50:41.583+0000] {processor.py:186} INFO - Started process (PID=971) to work on /home/airflow/.local/lib/python3.12/site-packages/airflow/example_dags/example_sensors.py
[2025-06-26T22:50:41.584+0000] {processor.py:914} INFO - Processing file /home/airflow/.local/lib/python3.12/site-packages/airflow/example_dags/example_sensors.py for tasks to queue
[2025-06-26T22:50:41.588+0000] {logging_mixin.py:190} INFO - [2025-06-26T22:50:41.587+0000] {dagbag.py:588} INFO - Filling up the DagBag from /home/airflow/.local/lib/python3.12/site-packages/airflow/example_dags/example_sensors.py
[2025-06-26T22:50:41.604+0000] {processor.py:925} INFO - DAG(s) 'example_sensors' retrieved from /home/airflow/.local/lib/python3.12/site-packages/airflow/example_dags/example_sensors.py
[2025-06-26T22:50:41.633+0000] {logging_mixin.py:190} INFO - [2025-06-26T22:50:41.633+0000] {dag.py:3239} INFO - Sync 1 DAGs
[2025-06-26T22:50:41.646+0000] {logging_mixin.py:190} INFO - [2025-06-26T22:50:41.645+0000] {dag.py:4180} INFO - Setting next_dagrun for example_sensors to None, run_after=None
[2025-06-26T22:50:41.665+0000] {processor.py:208} INFO - Processing /home/airflow/.local/lib/python3.12/site-packages/airflow/example_dags/example_sensors.py took 0.090 seconds
[2025-06-26T22:51:12.110+0000] {processor.py:186} INFO - Started process (PID=1033) to work on /home/airflow/.local/lib/python3.12/site-packages/airflow/example_dags/example_sensors.py
[2025-06-26T22:51:12.111+0000] {processor.py:914} INFO - Processing file /home/airflow/.local/lib/python3.12/site-packages/airflow/example_dags/example_sensors.py for tasks to queue
[2025-06-26T22:51:12.114+0000] {logging_mixin.py:190} INFO - [2025-06-26T22:51:12.113+0000] {dagbag.py:588} INFO - Filling up the DagBag from /home/airflow/.local/lib/python3.12/site-packages/airflow/example_dags/example_sensors.py
[2025-06-26T22:51:12.123+0000] {processor.py:925} INFO - DAG(s) 'example_sensors' retrieved from /home/airflow/.local/lib/python3.12/site-packages/airflow/example_dags/example_sensors.py
[2025-06-26T22:51:12.144+0000] {logging_mixin.py:190} INFO - [2025-06-26T22:51:12.144+0000] {dag.py:3239} INFO - Sync 1 DAGs
[2025-06-26T22:51:12.156+0000] {logging_mixin.py:190} INFO - [2025-06-26T22:51:12.155+0000] {dag.py:4180} INFO - Setting next_dagrun for example_sensors to None, run_after=None
[2025-06-26T22:51:12.175+0000] {processor.py:208} INFO - Processing /home/airflow/.local/lib/python3.12/site-packages/airflow/example_dags/example_sensors.py took 0.070 seconds
[2025-06-26T22:51:42.461+0000] {processor.py:186} INFO - Started process (PID=1095) to work on /home/airflow/.local/lib/python3.12/site-packages/airflow/example_dags/example_sensors.py
[2025-06-26T22:51:42.462+0000] {processor.py:914} INFO - Processing file /home/airflow/.local/lib/python3.12/site-packages/airflow/example_dags/example_sensors.py for tasks to queue
[2025-06-26T22:51:42.465+0000] {logging_mixin.py:190} INFO - [2025-06-26T22:51:42.464+0000] {dagbag.py:588} INFO - Filling up the DagBag from /home/airflow/.local/lib/python3.12/site-packages/airflow/example_dags/example_sensors.py
[2025-06-26T22:51:42.475+0000] {processor.py:925} INFO - DAG(s) 'example_sensors' retrieved from /home/airflow/.local/lib/python3.12/site-packages/airflow/example_dags/example_sensors.py
[2025-06-26T22:51:42.497+0000] {logging_mixin.py:190} INFO - [2025-06-26T22:51:42.497+0000] {dag.py:3239} INFO - Sync 1 DAGs
[2025-06-26T22:51:42.512+0000] {logging_mixin.py:190} INFO - [2025-06-26T22:51:42.512+0000] {dag.py:4180} INFO - Setting next_dagrun for example_sensors to None, run_after=None
[2025-06-26T22:51:42.533+0000] {processor.py:208} INFO - Processing /home/airflow/.local/lib/python3.12/site-packages/airflow/example_dags/example_sensors.py took 0.079 seconds
[2025-06-26T22:52:12.763+0000] {processor.py:186} INFO - Started process (PID=1157) to work on /home/airflow/.local/lib/python3.12/site-packages/airflow/example_dags/example_sensors.py
[2025-06-26T22:52:12.764+0000] {processor.py:914} INFO - Processing file /home/airflow/.local/lib/python3.12/site-packages/airflow/example_dags/example_sensors.py for tasks to queue
[2025-06-26T22:52:12.766+0000] {logging_mixin.py:190} INFO - [2025-06-26T22:52:12.766+0000] {dagbag.py:588} INFO - Filling up the DagBag from /home/airflow/.local/lib/python3.12/site-packages/airflow/example_dags/example_sensors.py
[2025-06-26T22:52:12.775+0000] {processor.py:925} INFO - DAG(s) 'example_sensors' retrieved from /home/airflow/.local/lib/python3.12/site-packages/airflow/example_dags/example_sensors.py
[2025-06-26T22:52:12.798+0000] {logging_mixin.py:190} INFO - [2025-06-26T22:52:12.797+0000] {dag.py:3239} INFO - Sync 1 DAGs
[2025-06-26T22:52:12.810+0000] {logging_mixin.py:190} INFO - [2025-06-26T22:52:12.810+0000] {dag.py:4180} INFO - Setting next_dagrun for example_sensors to None, run_after=None
[2025-06-26T22:52:12.829+0000] {processor.py:208} INFO - Processing /home/airflow/.local/lib/python3.12/site-packages/airflow/example_dags/example_sensors.py took 0.072 seconds
[2025-06-26T22:52:43.789+0000] {processor.py:186} INFO - Started process (PID=1219) to work on /home/airflow/.local/lib/python3.12/site-packages/airflow/example_dags/example_sensors.py
[2025-06-26T22:52:43.790+0000] {processor.py:914} INFO - Processing file /home/airflow/.local/lib/python3.12/site-packages/airflow/example_dags/example_sensors.py for tasks to queue
[2025-06-26T22:52:43.792+0000] {logging_mixin.py:190} INFO - [2025-06-26T22:52:43.792+0000] {dagbag.py:588} INFO - Filling up the DagBag from /home/airflow/.local/lib/python3.12/site-packages/airflow/example_dags/example_sensors.py
[2025-06-26T22:52:43.802+0000] {processor.py:925} INFO - DAG(s) 'example_sensors' retrieved from /home/airflow/.local/lib/python3.12/site-packages/airflow/example_dags/example_sensors.py
[2025-06-26T22:52:43.825+0000] {logging_mixin.py:190} INFO - [2025-06-26T22:52:43.825+0000] {dag.py:3239} INFO - Sync 1 DAGs
[2025-06-26T22:52:43.839+0000] {logging_mixin.py:190} INFO - [2025-06-26T22:52:43.838+0000] {dag.py:4180} INFO - Setting next_dagrun for example_sensors to None, run_after=None
[2025-06-26T22:52:43.859+0000] {processor.py:208} INFO - Processing /home/airflow/.local/lib/python3.12/site-packages/airflow/example_dags/example_sensors.py took 0.075 seconds
[2025-06-26T22:53:14.314+0000] {processor.py:186} INFO - Started process (PID=1281) to work on /home/airflow/.local/lib/python3.12/site-packages/airflow/example_dags/example_sensors.py
[2025-06-26T22:53:14.315+0000] {processor.py:914} INFO - Processing file /home/airflow/.local/lib/python3.12/site-packages/airflow/example_dags/example_sensors.py for tasks to queue
[2025-06-26T22:53:14.318+0000] {logging_mixin.py:190} INFO - [2025-06-26T22:53:14.317+0000] {dagbag.py:588} INFO - Filling up the DagBag from /home/airflow/.local/lib/python3.12/site-packages/airflow/example_dags/example_sensors.py
[2025-06-26T22:53:14.327+0000] {processor.py:925} INFO - DAG(s) 'example_sensors' retrieved from /home/airflow/.local/lib/python3.12/site-packages/airflow/example_dags/example_sensors.py
[2025-06-26T22:53:14.353+0000] {logging_mixin.py:190} INFO - [2025-06-26T22:53:14.352+0000] {dag.py:3239} INFO - Sync 1 DAGs
[2025-06-26T22:53:14.369+0000] {logging_mixin.py:190} INFO - [2025-06-26T22:53:14.368+0000] {dag.py:4180} INFO - Setting next_dagrun for example_sensors to None, run_after=None
[2025-06-26T22:53:14.390+0000] {processor.py:208} INFO - Processing /home/airflow/.local/lib/python3.12/site-packages/airflow/example_dags/example_sensors.py took 0.081 seconds
[2025-06-26T22:53:44.565+0000] {processor.py:186} INFO - Started process (PID=1343) to work on /home/airflow/.local/lib/python3.12/site-packages/airflow/example_dags/example_sensors.py
[2025-06-26T22:53:44.566+0000] {processor.py:914} INFO - Processing file /home/airflow/.local/lib/python3.12/site-packages/airflow/example_dags/example_sensors.py for tasks to queue
[2025-06-26T22:53:44.568+0000] {logging_mixin.py:190} INFO - [2025-06-26T22:53:44.568+0000] {dagbag.py:588} INFO - Filling up the DagBag from /home/airflow/.local/lib/python3.12/site-packages/airflow/example_dags/example_sensors.py
[2025-06-26T22:53:44.579+0000] {processor.py:925} INFO - DAG(s) 'example_sensors' retrieved from /home/airflow/.local/lib/python3.12/site-packages/airflow/example_dags/example_sensors.py
[2025-06-26T22:53:44.608+0000] {logging_mixin.py:190} INFO - [2025-06-26T22:53:44.608+0000] {dag.py:3239} INFO - Sync 1 DAGs
[2025-06-26T22:53:44.625+0000] {logging_mixin.py:190} INFO - [2025-06-26T22:53:44.625+0000] {dag.py:4180} INFO - Setting next_dagrun for example_sensors to None, run_after=None
[2025-06-26T22:53:44.647+0000] {processor.py:208} INFO - Processing /home/airflow/.local/lib/python3.12/site-packages/airflow/example_dags/example_sensors.py took 0.089 seconds
[2025-06-26T22:54:15.079+0000] {processor.py:186} INFO - Started process (PID=1405) to work on /home/airflow/.local/lib/python3.12/site-packages/airflow/example_dags/example_sensors.py
[2025-06-26T22:54:15.081+0000] {processor.py:914} INFO - Processing file /home/airflow/.local/lib/python3.12/site-packages/airflow/example_dags/example_sensors.py for tasks to queue
[2025-06-26T22:54:15.084+0000] {logging_mixin.py:190} INFO - [2025-06-26T22:54:15.083+0000] {dagbag.py:588} INFO - Filling up the DagBag from /home/airflow/.local/lib/python3.12/site-packages/airflow/example_dags/example_sensors.py
[2025-06-26T22:54:15.103+0000] {processor.py:925} INFO - DAG(s) 'example_sensors' retrieved from /home/airflow/.local/lib/python3.12/site-packages/airflow/example_dags/example_sensors.py
[2025-06-26T22:54:15.137+0000] {logging_mixin.py:190} INFO - [2025-06-26T22:54:15.136+0000] {dag.py:3239} INFO - Sync 1 DAGs
[2025-06-26T22:54:15.160+0000] {logging_mixin.py:190} INFO - [2025-06-26T22:54:15.160+0000] {dag.py:4180} INFO - Setting next_dagrun for example_sensors to None, run_after=None
[2025-06-26T22:54:15.188+0000] {processor.py:208} INFO - Processing /home/airflow/.local/lib/python3.12/site-packages/airflow/example_dags/example_sensors.py took 0.119 seconds
[2025-06-26T22:54:45.542+0000] {processor.py:186} INFO - Started process (PID=1467) to work on /home/airflow/.local/lib/python3.12/site-packages/airflow/example_dags/example_sensors.py
[2025-06-26T22:54:45.543+0000] {processor.py:914} INFO - Processing file /home/airflow/.local/lib/python3.12/site-packages/airflow/example_dags/example_sensors.py for tasks to queue
[2025-06-26T22:54:45.546+0000] {logging_mixin.py:190} INFO - [2025-06-26T22:54:45.545+0000] {dagbag.py:588} INFO - Filling up the DagBag from /home/airflow/.local/lib/python3.12/site-packages/airflow/example_dags/example_sensors.py
[2025-06-26T22:54:45.557+0000] {processor.py:925} INFO - DAG(s) 'example_sensors' retrieved from /home/airflow/.local/lib/python3.12/site-packages/airflow/example_dags/example_sensors.py
[2025-06-26T22:54:45.581+0000] {logging_mixin.py:190} INFO - [2025-06-26T22:54:45.581+0000] {dag.py:3239} INFO - Sync 1 DAGs
[2025-06-26T22:54:45.598+0000] {logging_mixin.py:190} INFO - [2025-06-26T22:54:45.598+0000] {dag.py:4180} INFO - Setting next_dagrun for example_sensors to None, run_after=None
[2025-06-26T22:54:45.627+0000] {processor.py:208} INFO - Processing /home/airflow/.local/lib/python3.12/site-packages/airflow/example_dags/example_sensors.py took 0.090 seconds
[2025-06-26T22:55:15.989+0000] {processor.py:186} INFO - Started process (PID=1529) to work on /home/airflow/.local/lib/python3.12/site-packages/airflow/example_dags/example_sensors.py
[2025-06-26T22:55:15.990+0000] {processor.py:914} INFO - Processing file /home/airflow/.local/lib/python3.12/site-packages/airflow/example_dags/example_sensors.py for tasks to queue
[2025-06-26T22:55:15.992+0000] {logging_mixin.py:190} INFO - [2025-06-26T22:55:15.991+0000] {dagbag.py:588} INFO - Filling up the DagBag from /home/airflow/.local/lib/python3.12/site-packages/airflow/example_dags/example_sensors.py
[2025-06-26T22:55:16.001+0000] {processor.py:925} INFO - DAG(s) 'example_sensors' retrieved from /home/airflow/.local/lib/python3.12/site-packages/airflow/example_dags/example_sensors.py
[2025-06-26T22:55:16.024+0000] {logging_mixin.py:190} INFO - [2025-06-26T22:55:16.024+0000] {dag.py:3239} INFO - Sync 1 DAGs
[2025-06-26T22:55:16.040+0000] {logging_mixin.py:190} INFO - [2025-06-26T22:55:16.040+0000] {dag.py:4180} INFO - Setting next_dagrun for example_sensors to None, run_after=None
[2025-06-26T22:55:16.060+0000] {processor.py:208} INFO - Processing /home/airflow/.local/lib/python3.12/site-packages/airflow/example_dags/example_sensors.py took 0.076 seconds
[2025-06-26T22:55:46.293+0000] {processor.py:186} INFO - Started process (PID=1591) to work on /home/airflow/.local/lib/python3.12/site-packages/airflow/example_dags/example_sensors.py
[2025-06-26T22:55:46.294+0000] {processor.py:914} INFO - Processing file /home/airflow/.local/lib/python3.12/site-packages/airflow/example_dags/example_sensors.py for tasks to queue
[2025-06-26T22:55:46.296+0000] {logging_mixin.py:190} INFO - [2025-06-26T22:55:46.296+0000] {dagbag.py:588} INFO - Filling up the DagBag from /home/airflow/.local/lib/python3.12/site-packages/airflow/example_dags/example_sensors.py
[2025-06-26T22:55:46.306+0000] {processor.py:925} INFO - DAG(s) 'example_sensors' retrieved from /home/airflow/.local/lib/python3.12/site-packages/airflow/example_dags/example_sensors.py
[2025-06-26T22:55:46.328+0000] {logging_mixin.py:190} INFO - [2025-06-26T22:55:46.328+0000] {dag.py:3239} INFO - Sync 1 DAGs
[2025-06-26T22:55:46.340+0000] {logging_mixin.py:190} INFO - [2025-06-26T22:55:46.340+0000] {dag.py:4180} INFO - Setting next_dagrun for example_sensors to None, run_after=None
[2025-06-26T22:55:46.358+0000] {processor.py:208} INFO - Processing /home/airflow/.local/lib/python3.12/site-packages/airflow/example_dags/example_sensors.py took 0.071 seconds
[2025-06-26T22:56:16.620+0000] {processor.py:186} INFO - Started process (PID=1653) to work on /home/airflow/.local/lib/python3.12/site-packages/airflow/example_dags/example_sensors.py
[2025-06-26T22:56:16.621+0000] {processor.py:914} INFO - Processing file /home/airflow/.local/lib/python3.12/site-packages/airflow/example_dags/example_sensors.py for tasks to queue
[2025-06-26T22:56:16.623+0000] {logging_mixin.py:190} INFO - [2025-06-26T22:56:16.623+0000] {dagbag.py:588} INFO - Filling up the DagBag from /home/airflow/.local/lib/python3.12/site-packages/airflow/example_dags/example_sensors.py
[2025-06-26T22:56:16.634+0000] {processor.py:925} INFO - DAG(s) 'example_sensors' retrieved from /home/airflow/.local/lib/python3.12/site-packages/airflow/example_dags/example_sensors.py
[2025-06-26T22:56:16.656+0000] {logging_mixin.py:190} INFO - [2025-06-26T22:56:16.656+0000] {dag.py:3239} INFO - Sync 1 DAGs
[2025-06-26T22:56:16.668+0000] {logging_mixin.py:190} INFO - [2025-06-26T22:56:16.668+0000] {dag.py:4180} INFO - Setting next_dagrun for example_sensors to None, run_after=None
[2025-06-26T22:56:16.688+0000] {processor.py:208} INFO - Processing /home/airflow/.local/lib/python3.12/site-packages/airflow/example_dags/example_sensors.py took 0.074 seconds
[2025-06-26T22:56:47.522+0000] {processor.py:186} INFO - Started process (PID=1715) to work on /home/airflow/.local/lib/python3.12/site-packages/airflow/example_dags/example_sensors.py
[2025-06-26T22:56:47.524+0000] {processor.py:914} INFO - Processing file /home/airflow/.local/lib/python3.12/site-packages/airflow/example_dags/example_sensors.py for tasks to queue
[2025-06-26T22:56:47.527+0000] {logging_mixin.py:190} INFO - [2025-06-26T22:56:47.526+0000] {dagbag.py:588} INFO - Filling up the DagBag from /home/airflow/.local/lib/python3.12/site-packages/airflow/example_dags/example_sensors.py
[2025-06-26T22:56:47.539+0000] {processor.py:925} INFO - DAG(s) 'example_sensors' retrieved from /home/airflow/.local/lib/python3.12/site-packages/airflow/example_dags/example_sensors.py
[2025-06-26T22:56:47.580+0000] {logging_mixin.py:190} INFO - [2025-06-26T22:56:47.579+0000] {dag.py:3239} INFO - Sync 1 DAGs
[2025-06-26T22:56:47.597+0000] {logging_mixin.py:190} INFO - [2025-06-26T22:56:47.596+0000] {dag.py:4180} INFO - Setting next_dagrun for example_sensors to None, run_after=None
[2025-06-26T22:56:47.622+0000] {processor.py:208} INFO - Processing /home/airflow/.local/lib/python3.12/site-packages/airflow/example_dags/example_sensors.py took 0.107 seconds
[2025-06-26T22:57:17.809+0000] {processor.py:186} INFO - Started process (PID=1777) to work on /home/airflow/.local/lib/python3.12/site-packages/airflow/example_dags/example_sensors.py
[2025-06-26T22:57:17.810+0000] {processor.py:914} INFO - Processing file /home/airflow/.local/lib/python3.12/site-packages/airflow/example_dags/example_sensors.py for tasks to queue
[2025-06-26T22:57:17.812+0000] {logging_mixin.py:190} INFO - [2025-06-26T22:57:17.812+0000] {dagbag.py:588} INFO - Filling up the DagBag from /home/airflow/.local/lib/python3.12/site-packages/airflow/example_dags/example_sensors.py
[2025-06-26T22:57:17.823+0000] {processor.py:925} INFO - DAG(s) 'example_sensors' retrieved from /home/airflow/.local/lib/python3.12/site-packages/airflow/example_dags/example_sensors.py
[2025-06-26T22:57:17.851+0000] {logging_mixin.py:190} INFO - [2025-06-26T22:57:17.850+0000] {dag.py:3239} INFO - Sync 1 DAGs
[2025-06-26T22:57:17.865+0000] {logging_mixin.py:190} INFO - [2025-06-26T22:57:17.865+0000] {dag.py:4180} INFO - Setting next_dagrun for example_sensors to None, run_after=None
[2025-06-26T22:57:17.886+0000] {processor.py:208} INFO - Processing /home/airflow/.local/lib/python3.12/site-packages/airflow/example_dags/example_sensors.py took 0.083 seconds
[2025-06-26T22:57:48.535+0000] {processor.py:186} INFO - Started process (PID=1839) to work on /home/airflow/.local/lib/python3.12/site-packages/airflow/example_dags/example_sensors.py
[2025-06-26T22:57:48.536+0000] {processor.py:914} INFO - Processing file /home/airflow/.local/lib/python3.12/site-packages/airflow/example_dags/example_sensors.py for tasks to queue
[2025-06-26T22:57:48.538+0000] {logging_mixin.py:190} INFO - [2025-06-26T22:57:48.538+0000] {dagbag.py:588} INFO - Filling up the DagBag from /home/airflow/.local/lib/python3.12/site-packages/airflow/example_dags/example_sensors.py
[2025-06-26T22:57:48.550+0000] {processor.py:925} INFO - DAG(s) 'example_sensors' retrieved from /home/airflow/.local/lib/python3.12/site-packages/airflow/example_dags/example_sensors.py
[2025-06-26T22:57:48.574+0000] {logging_mixin.py:190} INFO - [2025-06-26T22:57:48.574+0000] {dag.py:3239} INFO - Sync 1 DAGs
[2025-06-26T22:57:48.589+0000] {logging_mixin.py:190} INFO - [2025-06-26T22:57:48.589+0000] {dag.py:4180} INFO - Setting next_dagrun for example_sensors to None, run_after=None
[2025-06-26T22:57:48.607+0000] {processor.py:208} INFO - Processing /home/airflow/.local/lib/python3.12/site-packages/airflow/example_dags/example_sensors.py took 0.078 seconds
[2025-06-26T22:58:18.801+0000] {processor.py:186} INFO - Started process (PID=1901) to work on /home/airflow/.local/lib/python3.12/site-packages/airflow/example_dags/example_sensors.py
[2025-06-26T22:58:18.802+0000] {processor.py:914} INFO - Processing file /home/airflow/.local/lib/python3.12/site-packages/airflow/example_dags/example_sensors.py for tasks to queue
[2025-06-26T22:58:18.805+0000] {logging_mixin.py:190} INFO - [2025-06-26T22:58:18.805+0000] {dagbag.py:588} INFO - Filling up the DagBag from /home/airflow/.local/lib/python3.12/site-packages/airflow/example_dags/example_sensors.py
[2025-06-26T22:58:18.817+0000] {processor.py:925} INFO - DAG(s) 'example_sensors' retrieved from /home/airflow/.local/lib/python3.12/site-packages/airflow/example_dags/example_sensors.py
[2025-06-26T22:58:18.846+0000] {logging_mixin.py:190} INFO - [2025-06-26T22:58:18.845+0000] {dag.py:3239} INFO - Sync 1 DAGs
[2025-06-26T22:58:18.860+0000] {logging_mixin.py:190} INFO - [2025-06-26T22:58:18.859+0000] {dag.py:4180} INFO - Setting next_dagrun for example_sensors to None, run_after=None
[2025-06-26T22:58:18.878+0000] {processor.py:208} INFO - Processing /home/airflow/.local/lib/python3.12/site-packages/airflow/example_dags/example_sensors.py took 0.083 seconds
[2025-06-26T22:58:49.238+0000] {processor.py:186} INFO - Started process (PID=1963) to work on /home/airflow/.local/lib/python3.12/site-packages/airflow/example_dags/example_sensors.py
[2025-06-26T22:58:49.239+0000] {processor.py:914} INFO - Processing file /home/airflow/.local/lib/python3.12/site-packages/airflow/example_dags/example_sensors.py for tasks to queue
[2025-06-26T22:58:49.241+0000] {logging_mixin.py:190} INFO - [2025-06-26T22:58:49.241+0000] {dagbag.py:588} INFO - Filling up the DagBag from /home/airflow/.local/lib/python3.12/site-packages/airflow/example_dags/example_sensors.py
[2025-06-26T22:58:49.250+0000] {processor.py:925} INFO - DAG(s) 'example_sensors' retrieved from /home/airflow/.local/lib/python3.12/site-packages/airflow/example_dags/example_sensors.py
[2025-06-26T22:58:49.272+0000] {logging_mixin.py:190} INFO - [2025-06-26T22:58:49.272+0000] {dag.py:3239} INFO - Sync 1 DAGs
[2025-06-26T22:58:49.285+0000] {logging_mixin.py:190} INFO - [2025-06-26T22:58:49.285+0000] {dag.py:4180} INFO - Setting next_dagrun for example_sensors to None, run_after=None
[2025-06-26T22:58:49.306+0000] {processor.py:208} INFO - Processing /home/airflow/.local/lib/python3.12/site-packages/airflow/example_dags/example_sensors.py took 0.074 seconds
[2025-06-26T22:59:19.735+0000] {processor.py:186} INFO - Started process (PID=2025) to work on /home/airflow/.local/lib/python3.12/site-packages/airflow/example_dags/example_sensors.py
[2025-06-26T22:59:19.736+0000] {processor.py:914} INFO - Processing file /home/airflow/.local/lib/python3.12/site-packages/airflow/example_dags/example_sensors.py for tasks to queue
[2025-06-26T22:59:19.738+0000] {logging_mixin.py:190} INFO - [2025-06-26T22:59:19.738+0000] {dagbag.py:588} INFO - Filling up the DagBag from /home/airflow/.local/lib/python3.12/site-packages/airflow/example_dags/example_sensors.py
[2025-06-26T22:59:19.749+0000] {processor.py:925} INFO - DAG(s) 'example_sensors' retrieved from /home/airflow/.local/lib/python3.12/site-packages/airflow/example_dags/example_sensors.py
[2025-06-26T22:59:19.776+0000] {logging_mixin.py:190} INFO - [2025-06-26T22:59:19.775+0000] {dag.py:3239} INFO - Sync 1 DAGs
[2025-06-26T22:59:19.789+0000] {logging_mixin.py:190} INFO - [2025-06-26T22:59:19.789+0000] {dag.py:4180} INFO - Setting next_dagrun for example_sensors to None, run_after=None
[2025-06-26T22:59:19.810+0000] {processor.py:208} INFO - Processing /home/airflow/.local/lib/python3.12/site-packages/airflow/example_dags/example_sensors.py took 0.082 seconds
[2025-06-26T22:59:50.274+0000] {processor.py:186} INFO - Started process (PID=2087) to work on /home/airflow/.local/lib/python3.12/site-packages/airflow/example_dags/example_sensors.py
[2025-06-26T22:59:50.275+0000] {processor.py:914} INFO - Processing file /home/airflow/.local/lib/python3.12/site-packages/airflow/example_dags/example_sensors.py for tasks to queue
[2025-06-26T22:59:50.277+0000] {logging_mixin.py:190} INFO - [2025-06-26T22:59:50.277+0000] {dagbag.py:588} INFO - Filling up the DagBag from /home/airflow/.local/lib/python3.12/site-packages/airflow/example_dags/example_sensors.py
[2025-06-26T22:59:50.286+0000] {processor.py:925} INFO - DAG(s) 'example_sensors' retrieved from /home/airflow/.local/lib/python3.12/site-packages/airflow/example_dags/example_sensors.py
[2025-06-26T22:59:50.313+0000] {logging_mixin.py:190} INFO - [2025-06-26T22:59:50.313+0000] {dag.py:3239} INFO - Sync 1 DAGs
[2025-06-26T22:59:50.325+0000] {logging_mixin.py:190} INFO - [2025-06-26T22:59:50.324+0000] {dag.py:4180} INFO - Setting next_dagrun for example_sensors to None, run_after=None
[2025-06-26T22:59:50.343+0000] {processor.py:208} INFO - Processing /home/airflow/.local/lib/python3.12/site-packages/airflow/example_dags/example_sensors.py took 0.074 seconds
[2025-06-26T23:00:20.765+0000] {processor.py:186} INFO - Started process (PID=2150) to work on /home/airflow/.local/lib/python3.12/site-packages/airflow/example_dags/example_sensors.py
[2025-06-26T23:00:20.766+0000] {processor.py:914} INFO - Processing file /home/airflow/.local/lib/python3.12/site-packages/airflow/example_dags/example_sensors.py for tasks to queue
[2025-06-26T23:00:20.769+0000] {logging_mixin.py:190} INFO - [2025-06-26T23:00:20.768+0000] {dagbag.py:588} INFO - Filling up the DagBag from /home/airflow/.local/lib/python3.12/site-packages/airflow/example_dags/example_sensors.py
[2025-06-26T23:00:20.778+0000] {processor.py:925} INFO - DAG(s) 'example_sensors' retrieved from /home/airflow/.local/lib/python3.12/site-packages/airflow/example_dags/example_sensors.py
[2025-06-26T23:00:20.799+0000] {logging_mixin.py:190} INFO - [2025-06-26T23:00:20.799+0000] {dag.py:3239} INFO - Sync 1 DAGs
[2025-06-26T23:00:20.811+0000] {logging_mixin.py:190} INFO - [2025-06-26T23:00:20.810+0000] {dag.py:4180} INFO - Setting next_dagrun for example_sensors to None, run_after=None
[2025-06-26T23:00:20.828+0000] {processor.py:208} INFO - Processing /home/airflow/.local/lib/python3.12/site-packages/airflow/example_dags/example_sensors.py took 0.069 seconds
[2025-06-26T23:00:51.429+0000] {processor.py:186} INFO - Started process (PID=2212) to work on /home/airflow/.local/lib/python3.12/site-packages/airflow/example_dags/example_sensors.py
[2025-06-26T23:00:51.430+0000] {processor.py:914} INFO - Processing file /home/airflow/.local/lib/python3.12/site-packages/airflow/example_dags/example_sensors.py for tasks to queue
[2025-06-26T23:00:51.433+0000] {logging_mixin.py:190} INFO - [2025-06-26T23:00:51.433+0000] {dagbag.py:588} INFO - Filling up the DagBag from /home/airflow/.local/lib/python3.12/site-packages/airflow/example_dags/example_sensors.py
[2025-06-26T23:00:51.448+0000] {processor.py:925} INFO - DAG(s) 'example_sensors' retrieved from /home/airflow/.local/lib/python3.12/site-packages/airflow/example_dags/example_sensors.py
[2025-06-26T23:00:51.472+0000] {logging_mixin.py:190} INFO - [2025-06-26T23:00:51.471+0000] {dag.py:3239} INFO - Sync 1 DAGs
[2025-06-26T23:00:51.484+0000] {logging_mixin.py:190} INFO - [2025-06-26T23:00:51.484+0000] {dag.py:4180} INFO - Setting next_dagrun for example_sensors to None, run_after=None
[2025-06-26T23:00:51.503+0000] {processor.py:208} INFO - Processing /home/airflow/.local/lib/python3.12/site-packages/airflow/example_dags/example_sensors.py took 0.081 seconds
[2025-06-26T23:01:22.020+0000] {processor.py:186} INFO - Started process (PID=2274) to work on /home/airflow/.local/lib/python3.12/site-packages/airflow/example_dags/example_sensors.py
[2025-06-26T23:01:22.021+0000] {processor.py:914} INFO - Processing file /home/airflow/.local/lib/python3.12/site-packages/airflow/example_dags/example_sensors.py for tasks to queue
[2025-06-26T23:01:22.024+0000] {logging_mixin.py:190} INFO - [2025-06-26T23:01:22.023+0000] {dagbag.py:588} INFO - Filling up the DagBag from /home/airflow/.local/lib/python3.12/site-packages/airflow/example_dags/example_sensors.py
[2025-06-26T23:01:22.038+0000] {processor.py:925} INFO - DAG(s) 'example_sensors' retrieved from /home/airflow/.local/lib/python3.12/site-packages/airflow/example_dags/example_sensors.py
[2025-06-26T23:01:22.069+0000] {logging_mixin.py:190} INFO - [2025-06-26T23:01:22.068+0000] {dag.py:3239} INFO - Sync 1 DAGs
[2025-06-26T23:01:22.083+0000] {logging_mixin.py:190} INFO - [2025-06-26T23:01:22.082+0000] {dag.py:4180} INFO - Setting next_dagrun for example_sensors to None, run_after=None
[2025-06-26T23:01:22.106+0000] {processor.py:208} INFO - Processing /home/airflow/.local/lib/python3.12/site-packages/airflow/example_dags/example_sensors.py took 0.092 seconds
[2025-06-26T23:01:53.150+0000] {processor.py:186} INFO - Started process (PID=2336) to work on /home/airflow/.local/lib/python3.12/site-packages/airflow/example_dags/example_sensors.py
[2025-06-26T23:01:53.151+0000] {processor.py:914} INFO - Processing file /home/airflow/.local/lib/python3.12/site-packages/airflow/example_dags/example_sensors.py for tasks to queue
[2025-06-26T23:01:53.153+0000] {logging_mixin.py:190} INFO - [2025-06-26T23:01:53.153+0000] {dagbag.py:588} INFO - Filling up the DagBag from /home/airflow/.local/lib/python3.12/site-packages/airflow/example_dags/example_sensors.py
[2025-06-26T23:01:53.163+0000] {processor.py:925} INFO - DAG(s) 'example_sensors' retrieved from /home/airflow/.local/lib/python3.12/site-packages/airflow/example_dags/example_sensors.py
[2025-06-26T23:01:53.186+0000] {logging_mixin.py:190} INFO - [2025-06-26T23:01:53.186+0000] {dag.py:3239} INFO - Sync 1 DAGs
[2025-06-26T23:01:53.199+0000] {logging_mixin.py:190} INFO - [2025-06-26T23:01:53.198+0000] {dag.py:4180} INFO - Setting next_dagrun for example_sensors to None, run_after=None
[2025-06-26T23:01:53.216+0000] {processor.py:208} INFO - Processing /home/airflow/.local/lib/python3.12/site-packages/airflow/example_dags/example_sensors.py took 0.072 seconds
[2025-06-26T23:02:23.828+0000] {processor.py:186} INFO - Started process (PID=2398) to work on /home/airflow/.local/lib/python3.12/site-packages/airflow/example_dags/example_sensors.py
[2025-06-26T23:02:23.829+0000] {processor.py:914} INFO - Processing file /home/airflow/.local/lib/python3.12/site-packages/airflow/example_dags/example_sensors.py for tasks to queue
[2025-06-26T23:02:23.832+0000] {logging_mixin.py:190} INFO - [2025-06-26T23:02:23.832+0000] {dagbag.py:588} INFO - Filling up the DagBag from /home/airflow/.local/lib/python3.12/site-packages/airflow/example_dags/example_sensors.py
[2025-06-26T23:02:23.845+0000] {processor.py:925} INFO - DAG(s) 'example_sensors' retrieved from /home/airflow/.local/lib/python3.12/site-packages/airflow/example_dags/example_sensors.py
[2025-06-26T23:02:23.881+0000] {logging_mixin.py:190} INFO - [2025-06-26T23:02:23.881+0000] {dag.py:3239} INFO - Sync 1 DAGs
[2025-06-26T23:02:23.898+0000] {logging_mixin.py:190} INFO - [2025-06-26T23:02:23.898+0000] {dag.py:4180} INFO - Setting next_dagrun for example_sensors to None, run_after=None
[2025-06-26T23:02:23.919+0000] {processor.py:208} INFO - Processing /home/airflow/.local/lib/python3.12/site-packages/airflow/example_dags/example_sensors.py took 0.098 seconds
[2025-06-26T23:02:54.765+0000] {processor.py:186} INFO - Started process (PID=2460) to work on /home/airflow/.local/lib/python3.12/site-packages/airflow/example_dags/example_sensors.py
[2025-06-26T23:02:54.766+0000] {processor.py:914} INFO - Processing file /home/airflow/.local/lib/python3.12/site-packages/airflow/example_dags/example_sensors.py for tasks to queue
[2025-06-26T23:02:54.768+0000] {logging_mixin.py:190} INFO - [2025-06-26T23:02:54.768+0000] {dagbag.py:588} INFO - Filling up the DagBag from /home/airflow/.local/lib/python3.12/site-packages/airflow/example_dags/example_sensors.py
[2025-06-26T23:02:54.778+0000] {processor.py:925} INFO - DAG(s) 'example_sensors' retrieved from /home/airflow/.local/lib/python3.12/site-packages/airflow/example_dags/example_sensors.py
[2025-06-26T23:02:54.801+0000] {logging_mixin.py:190} INFO - [2025-06-26T23:02:54.800+0000] {dag.py:3239} INFO - Sync 1 DAGs
[2025-06-26T23:02:54.814+0000] {logging_mixin.py:190} INFO - [2025-06-26T23:02:54.813+0000] {dag.py:4180} INFO - Setting next_dagrun for example_sensors to None, run_after=None
[2025-06-26T23:02:54.834+0000] {processor.py:208} INFO - Processing /home/airflow/.local/lib/python3.12/site-packages/airflow/example_dags/example_sensors.py took 0.075 seconds
[2025-06-26T23:03:25.591+0000] {processor.py:186} INFO - Started process (PID=2522) to work on /home/airflow/.local/lib/python3.12/site-packages/airflow/example_dags/example_sensors.py
[2025-06-26T23:03:25.592+0000] {processor.py:914} INFO - Processing file /home/airflow/.local/lib/python3.12/site-packages/airflow/example_dags/example_sensors.py for tasks to queue
[2025-06-26T23:03:25.594+0000] {logging_mixin.py:190} INFO - [2025-06-26T23:03:25.594+0000] {dagbag.py:588} INFO - Filling up the DagBag from /home/airflow/.local/lib/python3.12/site-packages/airflow/example_dags/example_sensors.py
[2025-06-26T23:03:25.607+0000] {processor.py:925} INFO - DAG(s) 'example_sensors' retrieved from /home/airflow/.local/lib/python3.12/site-packages/airflow/example_dags/example_sensors.py
[2025-06-26T23:03:25.635+0000] {logging_mixin.py:190} INFO - [2025-06-26T23:03:25.635+0000] {dag.py:3239} INFO - Sync 1 DAGs
[2025-06-26T23:03:25.647+0000] {logging_mixin.py:190} INFO - [2025-06-26T23:03:25.646+0000] {dag.py:4180} INFO - Setting next_dagrun for example_sensors to None, run_after=None
[2025-06-26T23:03:25.672+0000] {processor.py:208} INFO - Processing /home/airflow/.local/lib/python3.12/site-packages/airflow/example_dags/example_sensors.py took 0.087 seconds
[2025-06-26T23:03:56.998+0000] {processor.py:186} INFO - Started process (PID=2584) to work on /home/airflow/.local/lib/python3.12/site-packages/airflow/example_dags/example_sensors.py
[2025-06-26T23:03:56.999+0000] {processor.py:914} INFO - Processing file /home/airflow/.local/lib/python3.12/site-packages/airflow/example_dags/example_sensors.py for tasks to queue
[2025-06-26T23:03:57.002+0000] {logging_mixin.py:190} INFO - [2025-06-26T23:03:57.001+0000] {dagbag.py:588} INFO - Filling up the DagBag from /home/airflow/.local/lib/python3.12/site-packages/airflow/example_dags/example_sensors.py
[2025-06-26T23:03:57.013+0000] {processor.py:925} INFO - DAG(s) 'example_sensors' retrieved from /home/airflow/.local/lib/python3.12/site-packages/airflow/example_dags/example_sensors.py
[2025-06-26T23:03:57.040+0000] {logging_mixin.py:190} INFO - [2025-06-26T23:03:57.039+0000] {dag.py:3239} INFO - Sync 1 DAGs
[2025-06-26T23:03:57.056+0000] {logging_mixin.py:190} INFO - [2025-06-26T23:03:57.056+0000] {dag.py:4180} INFO - Setting next_dagrun for example_sensors to None, run_after=None
[2025-06-26T23:03:57.077+0000] {processor.py:208} INFO - Processing /home/airflow/.local/lib/python3.12/site-packages/airflow/example_dags/example_sensors.py took 0.086 seconds
[2025-06-26T23:04:27.974+0000] {processor.py:186} INFO - Started process (PID=2646) to work on /home/airflow/.local/lib/python3.12/site-packages/airflow/example_dags/example_sensors.py
[2025-06-26T23:04:27.976+0000] {processor.py:914} INFO - Processing file /home/airflow/.local/lib/python3.12/site-packages/airflow/example_dags/example_sensors.py for tasks to queue
[2025-06-26T23:04:27.979+0000] {logging_mixin.py:190} INFO - [2025-06-26T23:04:27.978+0000] {dagbag.py:588} INFO - Filling up the DagBag from /home/airflow/.local/lib/python3.12/site-packages/airflow/example_dags/example_sensors.py
[2025-06-26T23:04:27.989+0000] {processor.py:925} INFO - DAG(s) 'example_sensors' retrieved from /home/airflow/.local/lib/python3.12/site-packages/airflow/example_dags/example_sensors.py
[2025-06-26T23:04:28.012+0000] {logging_mixin.py:190} INFO - [2025-06-26T23:04:28.012+0000] {dag.py:3239} INFO - Sync 1 DAGs
[2025-06-26T23:04:28.026+0000] {logging_mixin.py:190} INFO - [2025-06-26T23:04:28.025+0000] {dag.py:4180} INFO - Setting next_dagrun for example_sensors to None, run_after=None
[2025-06-26T23:04:28.049+0000] {processor.py:208} INFO - Processing /home/airflow/.local/lib/python3.12/site-packages/airflow/example_dags/example_sensors.py took 0.081 seconds
[2025-06-26T23:04:58.431+0000] {processor.py:186} INFO - Started process (PID=2708) to work on /home/airflow/.local/lib/python3.12/site-packages/airflow/example_dags/example_sensors.py
[2025-06-26T23:04:58.432+0000] {processor.py:914} INFO - Processing file /home/airflow/.local/lib/python3.12/site-packages/airflow/example_dags/example_sensors.py for tasks to queue
[2025-06-26T23:04:58.434+0000] {logging_mixin.py:190} INFO - [2025-06-26T23:04:58.434+0000] {dagbag.py:588} INFO - Filling up the DagBag from /home/airflow/.local/lib/python3.12/site-packages/airflow/example_dags/example_sensors.py
[2025-06-26T23:04:58.444+0000] {processor.py:925} INFO - DAG(s) 'example_sensors' retrieved from /home/airflow/.local/lib/python3.12/site-packages/airflow/example_dags/example_sensors.py
[2025-06-26T23:04:58.469+0000] {logging_mixin.py:190} INFO - [2025-06-26T23:04:58.469+0000] {dag.py:3239} INFO - Sync 1 DAGs
[2025-06-26T23:04:58.484+0000] {logging_mixin.py:190} INFO - [2025-06-26T23:04:58.483+0000] {dag.py:4180} INFO - Setting next_dagrun for example_sensors to None, run_after=None
[2025-06-26T23:04:58.511+0000] {processor.py:208} INFO - Processing /home/airflow/.local/lib/python3.12/site-packages/airflow/example_dags/example_sensors.py took 0.086 seconds
[2025-06-26T23:05:29.772+0000] {processor.py:186} INFO - Started process (PID=2770) to work on /home/airflow/.local/lib/python3.12/site-packages/airflow/example_dags/example_sensors.py
[2025-06-26T23:05:29.774+0000] {processor.py:914} INFO - Processing file /home/airflow/.local/lib/python3.12/site-packages/airflow/example_dags/example_sensors.py for tasks to queue
[2025-06-26T23:05:29.776+0000] {logging_mixin.py:190} INFO - [2025-06-26T23:05:29.776+0000] {dagbag.py:588} INFO - Filling up the DagBag from /home/airflow/.local/lib/python3.12/site-packages/airflow/example_dags/example_sensors.py
[2025-06-26T23:05:29.788+0000] {processor.py:925} INFO - DAG(s) 'example_sensors' retrieved from /home/airflow/.local/lib/python3.12/site-packages/airflow/example_dags/example_sensors.py
[2025-06-26T23:05:29.815+0000] {logging_mixin.py:190} INFO - [2025-06-26T23:05:29.815+0000] {dag.py:3239} INFO - Sync 1 DAGs
[2025-06-26T23:05:29.832+0000] {logging_mixin.py:190} INFO - [2025-06-26T23:05:29.832+0000] {dag.py:4180} INFO - Setting next_dagrun for example_sensors to None, run_after=None
[2025-06-26T23:05:29.856+0000] {processor.py:208} INFO - Processing /home/airflow/.local/lib/python3.12/site-packages/airflow/example_dags/example_sensors.py took 0.092 seconds
[2025-06-26T23:06:00.773+0000] {processor.py:186} INFO - Started process (PID=2832) to work on /home/airflow/.local/lib/python3.12/site-packages/airflow/example_dags/example_sensors.py
[2025-06-26T23:06:00.775+0000] {processor.py:914} INFO - Processing file /home/airflow/.local/lib/python3.12/site-packages/airflow/example_dags/example_sensors.py for tasks to queue
[2025-06-26T23:06:00.778+0000] {logging_mixin.py:190} INFO - [2025-06-26T23:06:00.778+0000] {dagbag.py:588} INFO - Filling up the DagBag from /home/airflow/.local/lib/python3.12/site-packages/airflow/example_dags/example_sensors.py
[2025-06-26T23:06:00.798+0000] {processor.py:925} INFO - DAG(s) 'example_sensors' retrieved from /home/airflow/.local/lib/python3.12/site-packages/airflow/example_dags/example_sensors.py
[2025-06-26T23:06:00.834+0000] {logging_mixin.py:190} INFO - [2025-06-26T23:06:00.834+0000] {dag.py:3239} INFO - Sync 1 DAGs
[2025-06-26T23:06:00.853+0000] {logging_mixin.py:190} INFO - [2025-06-26T23:06:00.853+0000] {dag.py:4180} INFO - Setting next_dagrun for example_sensors to None, run_after=None
[2025-06-26T23:06:00.883+0000] {processor.py:208} INFO - Processing /home/airflow/.local/lib/python3.12/site-packages/airflow/example_dags/example_sensors.py took 0.119 seconds
[2025-06-26T23:06:31.557+0000] {processor.py:186} INFO - Started process (PID=2894) to work on /home/airflow/.local/lib/python3.12/site-packages/airflow/example_dags/example_sensors.py
[2025-06-26T23:06:31.558+0000] {processor.py:914} INFO - Processing file /home/airflow/.local/lib/python3.12/site-packages/airflow/example_dags/example_sensors.py for tasks to queue
[2025-06-26T23:06:31.561+0000] {logging_mixin.py:190} INFO - [2025-06-26T23:06:31.561+0000] {dagbag.py:588} INFO - Filling up the DagBag from /home/airflow/.local/lib/python3.12/site-packages/airflow/example_dags/example_sensors.py
[2025-06-26T23:06:31.572+0000] {processor.py:925} INFO - DAG(s) 'example_sensors' retrieved from /home/airflow/.local/lib/python3.12/site-packages/airflow/example_dags/example_sensors.py
[2025-06-26T23:06:31.596+0000] {logging_mixin.py:190} INFO - [2025-06-26T23:06:31.595+0000] {dag.py:3239} INFO - Sync 1 DAGs
[2025-06-26T23:06:31.608+0000] {logging_mixin.py:190} INFO - [2025-06-26T23:06:31.608+0000] {dag.py:4180} INFO - Setting next_dagrun for example_sensors to None, run_after=None
[2025-06-26T23:06:31.627+0000] {processor.py:208} INFO - Processing /home/airflow/.local/lib/python3.12/site-packages/airflow/example_dags/example_sensors.py took 0.076 seconds
[2025-06-26T23:07:02.496+0000] {processor.py:186} INFO - Started process (PID=2956) to work on /home/airflow/.local/lib/python3.12/site-packages/airflow/example_dags/example_sensors.py
[2025-06-26T23:07:02.497+0000] {processor.py:914} INFO - Processing file /home/airflow/.local/lib/python3.12/site-packages/airflow/example_dags/example_sensors.py for tasks to queue
[2025-06-26T23:07:02.500+0000] {logging_mixin.py:190} INFO - [2025-06-26T23:07:02.499+0000] {dagbag.py:588} INFO - Filling up the DagBag from /home/airflow/.local/lib/python3.12/site-packages/airflow/example_dags/example_sensors.py
[2025-06-26T23:07:02.509+0000] {processor.py:925} INFO - DAG(s) 'example_sensors' retrieved from /home/airflow/.local/lib/python3.12/site-packages/airflow/example_dags/example_sensors.py
[2025-06-26T23:07:02.531+0000] {logging_mixin.py:190} INFO - [2025-06-26T23:07:02.531+0000] {dag.py:3239} INFO - Sync 1 DAGs
[2025-06-26T23:07:02.542+0000] {logging_mixin.py:190} INFO - [2025-06-26T23:07:02.542+0000] {dag.py:4180} INFO - Setting next_dagrun for example_sensors to None, run_after=None
[2025-06-26T23:07:02.561+0000] {processor.py:208} INFO - Processing /home/airflow/.local/lib/python3.12/site-packages/airflow/example_dags/example_sensors.py took 0.071 seconds
[2025-06-26T23:07:33.250+0000] {processor.py:186} INFO - Started process (PID=3018) to work on /home/airflow/.local/lib/python3.12/site-packages/airflow/example_dags/example_sensors.py
[2025-06-26T23:07:33.251+0000] {processor.py:914} INFO - Processing file /home/airflow/.local/lib/python3.12/site-packages/airflow/example_dags/example_sensors.py for tasks to queue
[2025-06-26T23:07:33.253+0000] {logging_mixin.py:190} INFO - [2025-06-26T23:07:33.253+0000] {dagbag.py:588} INFO - Filling up the DagBag from /home/airflow/.local/lib/python3.12/site-packages/airflow/example_dags/example_sensors.py
[2025-06-26T23:07:33.263+0000] {processor.py:925} INFO - DAG(s) 'example_sensors' retrieved from /home/airflow/.local/lib/python3.12/site-packages/airflow/example_dags/example_sensors.py
[2025-06-26T23:07:33.287+0000] {logging_mixin.py:190} INFO - [2025-06-26T23:07:33.286+0000] {dag.py:3239} INFO - Sync 1 DAGs
[2025-06-26T23:07:33.299+0000] {logging_mixin.py:190} INFO - [2025-06-26T23:07:33.299+0000] {dag.py:4180} INFO - Setting next_dagrun for example_sensors to None, run_after=None
[2025-06-26T23:07:33.319+0000] {processor.py:208} INFO - Processing /home/airflow/.local/lib/python3.12/site-packages/airflow/example_dags/example_sensors.py took 0.075 seconds
[2025-06-26T23:08:04.445+0000] {processor.py:186} INFO - Started process (PID=3080) to work on /home/airflow/.local/lib/python3.12/site-packages/airflow/example_dags/example_sensors.py
[2025-06-26T23:08:04.447+0000] {processor.py:914} INFO - Processing file /home/airflow/.local/lib/python3.12/site-packages/airflow/example_dags/example_sensors.py for tasks to queue
[2025-06-26T23:08:04.449+0000] {logging_mixin.py:190} INFO - [2025-06-26T23:08:04.448+0000] {dagbag.py:588} INFO - Filling up the DagBag from /home/airflow/.local/lib/python3.12/site-packages/airflow/example_dags/example_sensors.py
[2025-06-26T23:08:04.458+0000] {processor.py:925} INFO - DAG(s) 'example_sensors' retrieved from /home/airflow/.local/lib/python3.12/site-packages/airflow/example_dags/example_sensors.py
[2025-06-26T23:08:04.482+0000] {logging_mixin.py:190} INFO - [2025-06-26T23:08:04.481+0000] {dag.py:3239} INFO - Sync 1 DAGs
[2025-06-26T23:08:04.494+0000] {logging_mixin.py:190} INFO - [2025-06-26T23:08:04.494+0000] {dag.py:4180} INFO - Setting next_dagrun for example_sensors to None, run_after=None
[2025-06-26T23:08:04.513+0000] {processor.py:208} INFO - Processing /home/airflow/.local/lib/python3.12/site-packages/airflow/example_dags/example_sensors.py took 0.074 seconds
[2025-06-26T23:08:35.247+0000] {processor.py:186} INFO - Started process (PID=3148) to work on /home/airflow/.local/lib/python3.12/site-packages/airflow/example_dags/example_sensors.py
[2025-06-26T23:08:35.247+0000] {processor.py:914} INFO - Processing file /home/airflow/.local/lib/python3.12/site-packages/airflow/example_dags/example_sensors.py for tasks to queue
[2025-06-26T23:08:35.250+0000] {logging_mixin.py:190} INFO - [2025-06-26T23:08:35.249+0000] {dagbag.py:588} INFO - Filling up the DagBag from /home/airflow/.local/lib/python3.12/site-packages/airflow/example_dags/example_sensors.py
[2025-06-26T23:08:35.260+0000] {processor.py:925} INFO - DAG(s) 'example_sensors' retrieved from /home/airflow/.local/lib/python3.12/site-packages/airflow/example_dags/example_sensors.py
[2025-06-26T23:08:35.283+0000] {logging_mixin.py:190} INFO - [2025-06-26T23:08:35.283+0000] {dag.py:3239} INFO - Sync 1 DAGs
[2025-06-26T23:08:35.295+0000] {logging_mixin.py:190} INFO - [2025-06-26T23:08:35.295+0000] {dag.py:4180} INFO - Setting next_dagrun for example_sensors to None, run_after=None
[2025-06-26T23:08:35.315+0000] {processor.py:208} INFO - Processing /home/airflow/.local/lib/python3.12/site-packages/airflow/example_dags/example_sensors.py took 0.073 seconds
[2025-06-26T23:09:06.140+0000] {processor.py:186} INFO - Started process (PID=3210) to work on /home/airflow/.local/lib/python3.12/site-packages/airflow/example_dags/example_sensors.py
[2025-06-26T23:09:06.141+0000] {processor.py:914} INFO - Processing file /home/airflow/.local/lib/python3.12/site-packages/airflow/example_dags/example_sensors.py for tasks to queue
[2025-06-26T23:09:06.143+0000] {logging_mixin.py:190} INFO - [2025-06-26T23:09:06.143+0000] {dagbag.py:588} INFO - Filling up the DagBag from /home/airflow/.local/lib/python3.12/site-packages/airflow/example_dags/example_sensors.py
[2025-06-26T23:09:06.152+0000] {processor.py:925} INFO - DAG(s) 'example_sensors' retrieved from /home/airflow/.local/lib/python3.12/site-packages/airflow/example_dags/example_sensors.py
[2025-06-26T23:09:06.176+0000] {logging_mixin.py:190} INFO - [2025-06-26T23:09:06.176+0000] {dag.py:3239} INFO - Sync 1 DAGs
[2025-06-26T23:09:06.189+0000] {logging_mixin.py:190} INFO - [2025-06-26T23:09:06.189+0000] {dag.py:4180} INFO - Setting next_dagrun for example_sensors to None, run_after=None
[2025-06-26T23:09:06.207+0000] {processor.py:208} INFO - Processing /home/airflow/.local/lib/python3.12/site-packages/airflow/example_dags/example_sensors.py took 0.073 seconds
[2025-06-26T23:09:37.255+0000] {processor.py:186} INFO - Started process (PID=3272) to work on /home/airflow/.local/lib/python3.12/site-packages/airflow/example_dags/example_sensors.py
[2025-06-26T23:09:37.256+0000] {processor.py:914} INFO - Processing file /home/airflow/.local/lib/python3.12/site-packages/airflow/example_dags/example_sensors.py for tasks to queue
[2025-06-26T23:09:37.258+0000] {logging_mixin.py:190} INFO - [2025-06-26T23:09:37.257+0000] {dagbag.py:588} INFO - Filling up the DagBag from /home/airflow/.local/lib/python3.12/site-packages/airflow/example_dags/example_sensors.py
[2025-06-26T23:09:37.267+0000] {processor.py:925} INFO - DAG(s) 'example_sensors' retrieved from /home/airflow/.local/lib/python3.12/site-packages/airflow/example_dags/example_sensors.py
[2025-06-26T23:09:37.288+0000] {logging_mixin.py:190} INFO - [2025-06-26T23:09:37.288+0000] {dag.py:3239} INFO - Sync 1 DAGs
[2025-06-26T23:09:37.300+0000] {logging_mixin.py:190} INFO - [2025-06-26T23:09:37.300+0000] {dag.py:4180} INFO - Setting next_dagrun for example_sensors to None, run_after=None
[2025-06-26T23:09:37.320+0000] {processor.py:208} INFO - Processing /home/airflow/.local/lib/python3.12/site-packages/airflow/example_dags/example_sensors.py took 0.070 seconds
[2025-06-26T23:10:08.494+0000] {processor.py:186} INFO - Started process (PID=3334) to work on /home/airflow/.local/lib/python3.12/site-packages/airflow/example_dags/example_sensors.py
[2025-06-26T23:10:08.495+0000] {processor.py:914} INFO - Processing file /home/airflow/.local/lib/python3.12/site-packages/airflow/example_dags/example_sensors.py for tasks to queue
[2025-06-26T23:10:08.497+0000] {logging_mixin.py:190} INFO - [2025-06-26T23:10:08.497+0000] {dagbag.py:588} INFO - Filling up the DagBag from /home/airflow/.local/lib/python3.12/site-packages/airflow/example_dags/example_sensors.py
[2025-06-26T23:10:08.506+0000] {processor.py:925} INFO - DAG(s) 'example_sensors' retrieved from /home/airflow/.local/lib/python3.12/site-packages/airflow/example_dags/example_sensors.py
[2025-06-26T23:10:08.529+0000] {logging_mixin.py:190} INFO - [2025-06-26T23:10:08.529+0000] {dag.py:3239} INFO - Sync 1 DAGs
[2025-06-26T23:10:08.704+0000] {logging_mixin.py:190} INFO - [2025-06-26T23:10:08.703+0000] {dag.py:4180} INFO - Setting next_dagrun for example_sensors to None, run_after=None
[2025-06-26T23:10:08.722+0000] {processor.py:208} INFO - Processing /home/airflow/.local/lib/python3.12/site-packages/airflow/example_dags/example_sensors.py took 0.233 seconds
