[2025-06-26T22:43:31.975+0000] {processor.py:186} INFO - Started process (PID=80) to work on /home/airflow/.local/lib/python3.12/site-packages/airflow/example_dags/example_latest_only_with_trigger.py
[2025-06-26T22:43:31.977+0000] {processor.py:914} INFO - Processing file /home/airflow/.local/lib/python3.12/site-packages/airflow/example_dags/example_latest_only_with_trigger.py for tasks to queue
[2025-06-26T22:43:31.979+0000] {logging_mixin.py:190} INFO - [2025-06-26T22:43:31.979+0000] {dagbag.py:588} INFO - Filling up the DagBag from /home/airflow/.local/lib/python3.12/site-packages/airflow/example_dags/example_latest_only_with_trigger.py
[2025-06-26T22:43:31.989+0000] {processor.py:925} INFO - DAG(s) 'latest_only_with_trigger' retrieved from /home/airflow/.local/lib/python3.12/site-packages/airflow/example_dags/example_latest_only_with_trigger.py
[2025-06-26T22:43:32.132+0000] {logging_mixin.py:190} INFO - [2025-06-26T22:43:32.131+0000] {override.py:1900} INFO - Created Permission View: can read on DAG:latest_only_with_trigger
[2025-06-26T22:43:32.154+0000] {logging_mixin.py:190} INFO - [2025-06-26T22:43:32.154+0000] {override.py:1900} INFO - Created Permission View: can edit on DAG:latest_only_with_trigger
[2025-06-26T22:43:32.165+0000] {logging_mixin.py:190} INFO - [2025-06-26T22:43:32.165+0000] {override.py:1900} INFO - Created Permission View: can delete on DAG:latest_only_with_trigger
[2025-06-26T22:43:32.180+0000] {logging_mixin.py:190} INFO - [2025-06-26T22:43:32.180+0000] {override.py:1900} INFO - Created Permission View: can read on DAG Run:latest_only_with_trigger
[2025-06-26T22:43:32.193+0000] {logging_mixin.py:190} INFO - [2025-06-26T22:43:32.192+0000] {override.py:1900} INFO - Created Permission View: can delete on DAG Run:latest_only_with_trigger
[2025-06-26T22:43:32.204+0000] {logging_mixin.py:190} INFO - [2025-06-26T22:43:32.204+0000] {override.py:1900} INFO - Created Permission View: menu access on DAG Run:latest_only_with_trigger
[2025-06-26T22:43:32.217+0000] {logging_mixin.py:190} INFO - [2025-06-26T22:43:32.216+0000] {override.py:1900} INFO - Created Permission View: can create on DAG Run:latest_only_with_trigger
[2025-06-26T22:43:32.218+0000] {logging_mixin.py:190} INFO - [2025-06-26T22:43:32.217+0000] {dag.py:3239} INFO - Sync 1 DAGs
[2025-06-26T22:43:32.233+0000] {logging_mixin.py:190} INFO - [2025-06-26T22:43:32.233+0000] {dag.py:3262} INFO - Creating ORM DAG for latest_only_with_trigger
[2025-06-26T22:43:32.248+0000] {logging_mixin.py:190} INFO - [2025-06-26T22:43:32.247+0000] {dag.py:4180} INFO - Setting next_dagrun for latest_only_with_trigger to 2025-06-26 16:00:00+00:00, run_after=2025-06-26 20:00:00+00:00
[2025-06-26T22:43:32.270+0000] {processor.py:208} INFO - Processing /home/airflow/.local/lib/python3.12/site-packages/airflow/example_dags/example_latest_only_with_trigger.py took 0.301 seconds
[2025-06-26T22:44:02.811+0000] {processor.py:186} INFO - Started process (PID=142) to work on /home/airflow/.local/lib/python3.12/site-packages/airflow/example_dags/example_latest_only_with_trigger.py
[2025-06-26T22:44:02.812+0000] {processor.py:914} INFO - Processing file /home/airflow/.local/lib/python3.12/site-packages/airflow/example_dags/example_latest_only_with_trigger.py for tasks to queue
[2025-06-26T22:44:02.815+0000] {logging_mixin.py:190} INFO - [2025-06-26T22:44:02.815+0000] {dagbag.py:588} INFO - Filling up the DagBag from /home/airflow/.local/lib/python3.12/site-packages/airflow/example_dags/example_latest_only_with_trigger.py
[2025-06-26T22:44:02.822+0000] {processor.py:925} INFO - DAG(s) 'latest_only_with_trigger' retrieved from /home/airflow/.local/lib/python3.12/site-packages/airflow/example_dags/example_latest_only_with_trigger.py
[2025-06-26T22:44:02.842+0000] {logging_mixin.py:190} INFO - [2025-06-26T22:44:02.842+0000] {dag.py:3239} INFO - Sync 1 DAGs
[2025-06-26T22:44:02.862+0000] {logging_mixin.py:190} INFO - [2025-06-26T22:44:02.862+0000] {dag.py:4180} INFO - Setting next_dagrun for latest_only_with_trigger to 2025-06-26 16:00:00+00:00, run_after=2025-06-26 20:00:00+00:00
[2025-06-26T22:44:02.882+0000] {processor.py:208} INFO - Processing /home/airflow/.local/lib/python3.12/site-packages/airflow/example_dags/example_latest_only_with_trigger.py took 0.076 seconds
[2025-06-26T22:44:33.250+0000] {processor.py:186} INFO - Started process (PID=204) to work on /home/airflow/.local/lib/python3.12/site-packages/airflow/example_dags/example_latest_only_with_trigger.py
[2025-06-26T22:44:33.251+0000] {processor.py:914} INFO - Processing file /home/airflow/.local/lib/python3.12/site-packages/airflow/example_dags/example_latest_only_with_trigger.py for tasks to queue
[2025-06-26T22:44:33.253+0000] {logging_mixin.py:190} INFO - [2025-06-26T22:44:33.252+0000] {dagbag.py:588} INFO - Filling up the DagBag from /home/airflow/.local/lib/python3.12/site-packages/airflow/example_dags/example_latest_only_with_trigger.py
[2025-06-26T22:44:33.260+0000] {processor.py:925} INFO - DAG(s) 'latest_only_with_trigger' retrieved from /home/airflow/.local/lib/python3.12/site-packages/airflow/example_dags/example_latest_only_with_trigger.py
[2025-06-26T22:44:33.279+0000] {logging_mixin.py:190} INFO - [2025-06-26T22:44:33.279+0000] {dag.py:3239} INFO - Sync 1 DAGs
[2025-06-26T22:44:33.302+0000] {logging_mixin.py:190} INFO - [2025-06-26T22:44:33.301+0000] {dag.py:4180} INFO - Setting next_dagrun for latest_only_with_trigger to 2025-06-26 16:00:00+00:00, run_after=2025-06-26 20:00:00+00:00
[2025-06-26T22:44:33.320+0000] {processor.py:208} INFO - Processing /home/airflow/.local/lib/python3.12/site-packages/airflow/example_dags/example_latest_only_with_trigger.py took 0.075 seconds
[2025-06-26T22:45:03.628+0000] {processor.py:186} INFO - Started process (PID=266) to work on /home/airflow/.local/lib/python3.12/site-packages/airflow/example_dags/example_latest_only_with_trigger.py
[2025-06-26T22:45:03.629+0000] {processor.py:914} INFO - Processing file /home/airflow/.local/lib/python3.12/site-packages/airflow/example_dags/example_latest_only_with_trigger.py for tasks to queue
[2025-06-26T22:45:03.631+0000] {logging_mixin.py:190} INFO - [2025-06-26T22:45:03.631+0000] {dagbag.py:588} INFO - Filling up the DagBag from /home/airflow/.local/lib/python3.12/site-packages/airflow/example_dags/example_latest_only_with_trigger.py
[2025-06-26T22:45:03.638+0000] {processor.py:925} INFO - DAG(s) 'latest_only_with_trigger' retrieved from /home/airflow/.local/lib/python3.12/site-packages/airflow/example_dags/example_latest_only_with_trigger.py
[2025-06-26T22:45:03.659+0000] {logging_mixin.py:190} INFO - [2025-06-26T22:45:03.658+0000] {dag.py:3239} INFO - Sync 1 DAGs
[2025-06-26T22:45:03.680+0000] {logging_mixin.py:190} INFO - [2025-06-26T22:45:03.680+0000] {dag.py:4180} INFO - Setting next_dagrun for latest_only_with_trigger to 2025-06-26 16:00:00+00:00, run_after=2025-06-26 20:00:00+00:00
[2025-06-26T22:45:03.698+0000] {processor.py:208} INFO - Processing /home/airflow/.local/lib/python3.12/site-packages/airflow/example_dags/example_latest_only_with_trigger.py took 0.076 seconds
[2025-06-26T22:45:34.110+0000] {processor.py:186} INFO - Started process (PID=328) to work on /home/airflow/.local/lib/python3.12/site-packages/airflow/example_dags/example_latest_only_with_trigger.py
[2025-06-26T22:45:34.111+0000] {processor.py:914} INFO - Processing file /home/airflow/.local/lib/python3.12/site-packages/airflow/example_dags/example_latest_only_with_trigger.py for tasks to queue
[2025-06-26T22:45:34.114+0000] {logging_mixin.py:190} INFO - [2025-06-26T22:45:34.114+0000] {dagbag.py:588} INFO - Filling up the DagBag from /home/airflow/.local/lib/python3.12/site-packages/airflow/example_dags/example_latest_only_with_trigger.py
[2025-06-26T22:45:34.121+0000] {processor.py:925} INFO - DAG(s) 'latest_only_with_trigger' retrieved from /home/airflow/.local/lib/python3.12/site-packages/airflow/example_dags/example_latest_only_with_trigger.py
[2025-06-26T22:45:34.140+0000] {logging_mixin.py:190} INFO - [2025-06-26T22:45:34.140+0000] {dag.py:3239} INFO - Sync 1 DAGs
[2025-06-26T22:45:34.161+0000] {logging_mixin.py:190} INFO - [2025-06-26T22:45:34.160+0000] {dag.py:4180} INFO - Setting next_dagrun for latest_only_with_trigger to 2025-06-26 16:00:00+00:00, run_after=2025-06-26 20:00:00+00:00
[2025-06-26T22:45:34.178+0000] {processor.py:208} INFO - Processing /home/airflow/.local/lib/python3.12/site-packages/airflow/example_dags/example_latest_only_with_trigger.py took 0.074 seconds
[2025-06-26T22:46:04.364+0000] {processor.py:186} INFO - Started process (PID=390) to work on /home/airflow/.local/lib/python3.12/site-packages/airflow/example_dags/example_latest_only_with_trigger.py
[2025-06-26T22:46:04.365+0000] {processor.py:914} INFO - Processing file /home/airflow/.local/lib/python3.12/site-packages/airflow/example_dags/example_latest_only_with_trigger.py for tasks to queue
[2025-06-26T22:46:04.368+0000] {logging_mixin.py:190} INFO - [2025-06-26T22:46:04.367+0000] {dagbag.py:588} INFO - Filling up the DagBag from /home/airflow/.local/lib/python3.12/site-packages/airflow/example_dags/example_latest_only_with_trigger.py
[2025-06-26T22:46:04.377+0000] {processor.py:925} INFO - DAG(s) 'latest_only_with_trigger' retrieved from /home/airflow/.local/lib/python3.12/site-packages/airflow/example_dags/example_latest_only_with_trigger.py
[2025-06-26T22:46:04.399+0000] {logging_mixin.py:190} INFO - [2025-06-26T22:46:04.399+0000] {dag.py:3239} INFO - Sync 1 DAGs
[2025-06-26T22:46:04.419+0000] {logging_mixin.py:190} INFO - [2025-06-26T22:46:04.419+0000] {dag.py:4180} INFO - Setting next_dagrun for latest_only_with_trigger to 2025-06-26 16:00:00+00:00, run_after=2025-06-26 20:00:00+00:00
[2025-06-26T22:46:04.437+0000] {processor.py:208} INFO - Processing /home/airflow/.local/lib/python3.12/site-packages/airflow/example_dags/example_latest_only_with_trigger.py took 0.079 seconds
[2025-06-26T22:46:35.015+0000] {processor.py:186} INFO - Started process (PID=452) to work on /home/airflow/.local/lib/python3.12/site-packages/airflow/example_dags/example_latest_only_with_trigger.py
[2025-06-26T22:46:35.016+0000] {processor.py:914} INFO - Processing file /home/airflow/.local/lib/python3.12/site-packages/airflow/example_dags/example_latest_only_with_trigger.py for tasks to queue
[2025-06-26T22:46:35.018+0000] {logging_mixin.py:190} INFO - [2025-06-26T22:46:35.018+0000] {dagbag.py:588} INFO - Filling up the DagBag from /home/airflow/.local/lib/python3.12/site-packages/airflow/example_dags/example_latest_only_with_trigger.py
[2025-06-26T22:46:35.026+0000] {processor.py:925} INFO - DAG(s) 'latest_only_with_trigger' retrieved from /home/airflow/.local/lib/python3.12/site-packages/airflow/example_dags/example_latest_only_with_trigger.py
[2025-06-26T22:46:35.046+0000] {logging_mixin.py:190} INFO - [2025-06-26T22:46:35.045+0000] {dag.py:3239} INFO - Sync 1 DAGs
[2025-06-26T22:46:35.066+0000] {logging_mixin.py:190} INFO - [2025-06-26T22:46:35.066+0000] {dag.py:4180} INFO - Setting next_dagrun for latest_only_with_trigger to 2025-06-26 16:00:00+00:00, run_after=2025-06-26 20:00:00+00:00
[2025-06-26T22:46:35.085+0000] {processor.py:208} INFO - Processing /home/airflow/.local/lib/python3.12/site-packages/airflow/example_dags/example_latest_only_with_trigger.py took 0.075 seconds
[2025-06-26T22:47:05.479+0000] {processor.py:186} INFO - Started process (PID=514) to work on /home/airflow/.local/lib/python3.12/site-packages/airflow/example_dags/example_latest_only_with_trigger.py
[2025-06-26T22:47:05.480+0000] {processor.py:914} INFO - Processing file /home/airflow/.local/lib/python3.12/site-packages/airflow/example_dags/example_latest_only_with_trigger.py for tasks to queue
[2025-06-26T22:47:05.482+0000] {logging_mixin.py:190} INFO - [2025-06-26T22:47:05.482+0000] {dagbag.py:588} INFO - Filling up the DagBag from /home/airflow/.local/lib/python3.12/site-packages/airflow/example_dags/example_latest_only_with_trigger.py
[2025-06-26T22:47:05.489+0000] {processor.py:925} INFO - DAG(s) 'latest_only_with_trigger' retrieved from /home/airflow/.local/lib/python3.12/site-packages/airflow/example_dags/example_latest_only_with_trigger.py
[2025-06-26T22:47:05.508+0000] {logging_mixin.py:190} INFO - [2025-06-26T22:47:05.508+0000] {dag.py:3239} INFO - Sync 1 DAGs
[2025-06-26T22:47:05.530+0000] {logging_mixin.py:190} INFO - [2025-06-26T22:47:05.530+0000] {dag.py:4180} INFO - Setting next_dagrun for latest_only_with_trigger to 2025-06-26 16:00:00+00:00, run_after=2025-06-26 20:00:00+00:00
[2025-06-26T22:47:05.548+0000] {processor.py:208} INFO - Processing /home/airflow/.local/lib/python3.12/site-packages/airflow/example_dags/example_latest_only_with_trigger.py took 0.075 seconds
[2025-06-26T22:47:35.881+0000] {processor.py:186} INFO - Started process (PID=576) to work on /home/airflow/.local/lib/python3.12/site-packages/airflow/example_dags/example_latest_only_with_trigger.py
[2025-06-26T22:47:35.882+0000] {processor.py:914} INFO - Processing file /home/airflow/.local/lib/python3.12/site-packages/airflow/example_dags/example_latest_only_with_trigger.py for tasks to queue
[2025-06-26T22:47:35.884+0000] {logging_mixin.py:190} INFO - [2025-06-26T22:47:35.884+0000] {dagbag.py:588} INFO - Filling up the DagBag from /home/airflow/.local/lib/python3.12/site-packages/airflow/example_dags/example_latest_only_with_trigger.py
[2025-06-26T22:47:35.891+0000] {processor.py:925} INFO - DAG(s) 'latest_only_with_trigger' retrieved from /home/airflow/.local/lib/python3.12/site-packages/airflow/example_dags/example_latest_only_with_trigger.py
[2025-06-26T22:47:35.910+0000] {logging_mixin.py:190} INFO - [2025-06-26T22:47:35.910+0000] {dag.py:3239} INFO - Sync 1 DAGs
[2025-06-26T22:47:35.930+0000] {logging_mixin.py:190} INFO - [2025-06-26T22:47:35.930+0000] {dag.py:4180} INFO - Setting next_dagrun for latest_only_with_trigger to 2025-06-26 16:00:00+00:00, run_after=2025-06-26 20:00:00+00:00
[2025-06-26T22:47:35.948+0000] {processor.py:208} INFO - Processing /home/airflow/.local/lib/python3.12/site-packages/airflow/example_dags/example_latest_only_with_trigger.py took 0.072 seconds
[2025-06-26T22:48:06.319+0000] {processor.py:186} INFO - Started process (PID=638) to work on /home/airflow/.local/lib/python3.12/site-packages/airflow/example_dags/example_latest_only_with_trigger.py
[2025-06-26T22:48:06.320+0000] {processor.py:914} INFO - Processing file /home/airflow/.local/lib/python3.12/site-packages/airflow/example_dags/example_latest_only_with_trigger.py for tasks to queue
[2025-06-26T22:48:06.322+0000] {logging_mixin.py:190} INFO - [2025-06-26T22:48:06.322+0000] {dagbag.py:588} INFO - Filling up the DagBag from /home/airflow/.local/lib/python3.12/site-packages/airflow/example_dags/example_latest_only_with_trigger.py
[2025-06-26T22:48:06.331+0000] {processor.py:925} INFO - DAG(s) 'latest_only_with_trigger' retrieved from /home/airflow/.local/lib/python3.12/site-packages/airflow/example_dags/example_latest_only_with_trigger.py
[2025-06-26T22:48:06.352+0000] {logging_mixin.py:190} INFO - [2025-06-26T22:48:06.351+0000] {dag.py:3239} INFO - Sync 1 DAGs
[2025-06-26T22:48:06.374+0000] {logging_mixin.py:190} INFO - [2025-06-26T22:48:06.373+0000] {dag.py:4180} INFO - Setting next_dagrun for latest_only_with_trigger to 2025-06-26 16:00:00+00:00, run_after=2025-06-26 20:00:00+00:00
[2025-06-26T22:48:06.395+0000] {processor.py:208} INFO - Processing /home/airflow/.local/lib/python3.12/site-packages/airflow/example_dags/example_latest_only_with_trigger.py took 0.082 seconds
[2025-06-26T22:48:36.673+0000] {processor.py:186} INFO - Started process (PID=700) to work on /home/airflow/.local/lib/python3.12/site-packages/airflow/example_dags/example_latest_only_with_trigger.py
[2025-06-26T22:48:36.674+0000] {processor.py:914} INFO - Processing file /home/airflow/.local/lib/python3.12/site-packages/airflow/example_dags/example_latest_only_with_trigger.py for tasks to queue
[2025-06-26T22:48:36.677+0000] {logging_mixin.py:190} INFO - [2025-06-26T22:48:36.676+0000] {dagbag.py:588} INFO - Filling up the DagBag from /home/airflow/.local/lib/python3.12/site-packages/airflow/example_dags/example_latest_only_with_trigger.py
[2025-06-26T22:48:36.683+0000] {processor.py:925} INFO - DAG(s) 'latest_only_with_trigger' retrieved from /home/airflow/.local/lib/python3.12/site-packages/airflow/example_dags/example_latest_only_with_trigger.py
[2025-06-26T22:48:36.702+0000] {logging_mixin.py:190} INFO - [2025-06-26T22:48:36.702+0000] {dag.py:3239} INFO - Sync 1 DAGs
[2025-06-26T22:48:36.724+0000] {logging_mixin.py:190} INFO - [2025-06-26T22:48:36.723+0000] {dag.py:4180} INFO - Setting next_dagrun for latest_only_with_trigger to 2025-06-26 16:00:00+00:00, run_after=2025-06-26 20:00:00+00:00
[2025-06-26T22:48:36.743+0000] {processor.py:208} INFO - Processing /home/airflow/.local/lib/python3.12/site-packages/airflow/example_dags/example_latest_only_with_trigger.py took 0.075 seconds
[2025-06-26T22:49:06.911+0000] {processor.py:186} INFO - Started process (PID=762) to work on /home/airflow/.local/lib/python3.12/site-packages/airflow/example_dags/example_latest_only_with_trigger.py
[2025-06-26T22:49:06.913+0000] {processor.py:914} INFO - Processing file /home/airflow/.local/lib/python3.12/site-packages/airflow/example_dags/example_latest_only_with_trigger.py for tasks to queue
[2025-06-26T22:49:06.915+0000] {logging_mixin.py:190} INFO - [2025-06-26T22:49:06.914+0000] {dagbag.py:588} INFO - Filling up the DagBag from /home/airflow/.local/lib/python3.12/site-packages/airflow/example_dags/example_latest_only_with_trigger.py
[2025-06-26T22:49:06.922+0000] {processor.py:925} INFO - DAG(s) 'latest_only_with_trigger' retrieved from /home/airflow/.local/lib/python3.12/site-packages/airflow/example_dags/example_latest_only_with_trigger.py
[2025-06-26T22:49:06.943+0000] {logging_mixin.py:190} INFO - [2025-06-26T22:49:06.943+0000] {dag.py:3239} INFO - Sync 1 DAGs
[2025-06-26T22:49:06.968+0000] {logging_mixin.py:190} INFO - [2025-06-26T22:49:06.968+0000] {dag.py:4180} INFO - Setting next_dagrun for latest_only_with_trigger to 2025-06-26 16:00:00+00:00, run_after=2025-06-26 20:00:00+00:00
[2025-06-26T22:49:06.993+0000] {processor.py:208} INFO - Processing /home/airflow/.local/lib/python3.12/site-packages/airflow/example_dags/example_latest_only_with_trigger.py took 0.088 seconds
[2025-06-26T22:49:37.266+0000] {processor.py:186} INFO - Started process (PID=824) to work on /home/airflow/.local/lib/python3.12/site-packages/airflow/example_dags/example_latest_only_with_trigger.py
[2025-06-26T22:49:37.267+0000] {processor.py:914} INFO - Processing file /home/airflow/.local/lib/python3.12/site-packages/airflow/example_dags/example_latest_only_with_trigger.py for tasks to queue
[2025-06-26T22:49:37.269+0000] {logging_mixin.py:190} INFO - [2025-06-26T22:49:37.269+0000] {dagbag.py:588} INFO - Filling up the DagBag from /home/airflow/.local/lib/python3.12/site-packages/airflow/example_dags/example_latest_only_with_trigger.py
[2025-06-26T22:49:37.277+0000] {processor.py:925} INFO - DAG(s) 'latest_only_with_trigger' retrieved from /home/airflow/.local/lib/python3.12/site-packages/airflow/example_dags/example_latest_only_with_trigger.py
[2025-06-26T22:49:37.297+0000] {logging_mixin.py:190} INFO - [2025-06-26T22:49:37.297+0000] {dag.py:3239} INFO - Sync 1 DAGs
[2025-06-26T22:49:37.319+0000] {logging_mixin.py:190} INFO - [2025-06-26T22:49:37.318+0000] {dag.py:4180} INFO - Setting next_dagrun for latest_only_with_trigger to 2025-06-26 16:00:00+00:00, run_after=2025-06-26 20:00:00+00:00
[2025-06-26T22:49:37.339+0000] {processor.py:208} INFO - Processing /home/airflow/.local/lib/python3.12/site-packages/airflow/example_dags/example_latest_only_with_trigger.py took 0.078 seconds
[2025-06-26T22:50:07.628+0000] {processor.py:186} INFO - Started process (PID=886) to work on /home/airflow/.local/lib/python3.12/site-packages/airflow/example_dags/example_latest_only_with_trigger.py
[2025-06-26T22:50:07.629+0000] {processor.py:914} INFO - Processing file /home/airflow/.local/lib/python3.12/site-packages/airflow/example_dags/example_latest_only_with_trigger.py for tasks to queue
[2025-06-26T22:50:07.632+0000] {logging_mixin.py:190} INFO - [2025-06-26T22:50:07.631+0000] {dagbag.py:588} INFO - Filling up the DagBag from /home/airflow/.local/lib/python3.12/site-packages/airflow/example_dags/example_latest_only_with_trigger.py
[2025-06-26T22:50:07.639+0000] {processor.py:925} INFO - DAG(s) 'latest_only_with_trigger' retrieved from /home/airflow/.local/lib/python3.12/site-packages/airflow/example_dags/example_latest_only_with_trigger.py
[2025-06-26T22:50:07.657+0000] {logging_mixin.py:190} INFO - [2025-06-26T22:50:07.657+0000] {dag.py:3239} INFO - Sync 1 DAGs
[2025-06-26T22:50:07.675+0000] {logging_mixin.py:190} INFO - [2025-06-26T22:50:07.675+0000] {dag.py:4180} INFO - Setting next_dagrun for latest_only_with_trigger to 2025-06-26 16:00:00+00:00, run_after=2025-06-26 20:00:00+00:00
[2025-06-26T22:50:07.695+0000] {processor.py:208} INFO - Processing /home/airflow/.local/lib/python3.12/site-packages/airflow/example_dags/example_latest_only_with_trigger.py took 0.071 seconds
[2025-06-26T22:50:37.879+0000] {processor.py:186} INFO - Started process (PID=947) to work on /home/airflow/.local/lib/python3.12/site-packages/airflow/example_dags/example_latest_only_with_trigger.py
[2025-06-26T22:50:37.880+0000] {processor.py:914} INFO - Processing file /home/airflow/.local/lib/python3.12/site-packages/airflow/example_dags/example_latest_only_with_trigger.py for tasks to queue
[2025-06-26T22:50:37.882+0000] {logging_mixin.py:190} INFO - [2025-06-26T22:50:37.882+0000] {dagbag.py:588} INFO - Filling up the DagBag from /home/airflow/.local/lib/python3.12/site-packages/airflow/example_dags/example_latest_only_with_trigger.py
[2025-06-26T22:50:37.889+0000] {processor.py:925} INFO - DAG(s) 'latest_only_with_trigger' retrieved from /home/airflow/.local/lib/python3.12/site-packages/airflow/example_dags/example_latest_only_with_trigger.py
[2025-06-26T22:50:37.909+0000] {logging_mixin.py:190} INFO - [2025-06-26T22:50:37.909+0000] {dag.py:3239} INFO - Sync 1 DAGs
[2025-06-26T22:50:37.930+0000] {logging_mixin.py:190} INFO - [2025-06-26T22:50:37.930+0000] {dag.py:4180} INFO - Setting next_dagrun for latest_only_with_trigger to 2025-06-26 16:00:00+00:00, run_after=2025-06-26 20:00:00+00:00
[2025-06-26T22:50:37.948+0000] {processor.py:208} INFO - Processing /home/airflow/.local/lib/python3.12/site-packages/airflow/example_dags/example_latest_only_with_trigger.py took 0.074 seconds
[2025-06-26T22:51:08.506+0000] {processor.py:186} INFO - Started process (PID=1009) to work on /home/airflow/.local/lib/python3.12/site-packages/airflow/example_dags/example_latest_only_with_trigger.py
[2025-06-26T22:51:08.507+0000] {processor.py:914} INFO - Processing file /home/airflow/.local/lib/python3.12/site-packages/airflow/example_dags/example_latest_only_with_trigger.py for tasks to queue
[2025-06-26T22:51:08.510+0000] {logging_mixin.py:190} INFO - [2025-06-26T22:51:08.509+0000] {dagbag.py:588} INFO - Filling up the DagBag from /home/airflow/.local/lib/python3.12/site-packages/airflow/example_dags/example_latest_only_with_trigger.py
[2025-06-26T22:51:08.517+0000] {processor.py:925} INFO - DAG(s) 'latest_only_with_trigger' retrieved from /home/airflow/.local/lib/python3.12/site-packages/airflow/example_dags/example_latest_only_with_trigger.py
[2025-06-26T22:51:08.537+0000] {logging_mixin.py:190} INFO - [2025-06-26T22:51:08.537+0000] {dag.py:3239} INFO - Sync 1 DAGs
[2025-06-26T22:51:08.560+0000] {logging_mixin.py:190} INFO - [2025-06-26T22:51:08.560+0000] {dag.py:4180} INFO - Setting next_dagrun for latest_only_with_trigger to 2025-06-26 16:00:00+00:00, run_after=2025-06-26 20:00:00+00:00
[2025-06-26T22:51:08.579+0000] {processor.py:208} INFO - Processing /home/airflow/.local/lib/python3.12/site-packages/airflow/example_dags/example_latest_only_with_trigger.py took 0.079 seconds
[2025-06-26T22:51:38.880+0000] {processor.py:186} INFO - Started process (PID=1071) to work on /home/airflow/.local/lib/python3.12/site-packages/airflow/example_dags/example_latest_only_with_trigger.py
[2025-06-26T22:51:38.881+0000] {processor.py:914} INFO - Processing file /home/airflow/.local/lib/python3.12/site-packages/airflow/example_dags/example_latest_only_with_trigger.py for tasks to queue
[2025-06-26T22:51:38.883+0000] {logging_mixin.py:190} INFO - [2025-06-26T22:51:38.883+0000] {dagbag.py:588} INFO - Filling up the DagBag from /home/airflow/.local/lib/python3.12/site-packages/airflow/example_dags/example_latest_only_with_trigger.py
[2025-06-26T22:51:38.890+0000] {processor.py:925} INFO - DAG(s) 'latest_only_with_trigger' retrieved from /home/airflow/.local/lib/python3.12/site-packages/airflow/example_dags/example_latest_only_with_trigger.py
[2025-06-26T22:51:38.911+0000] {logging_mixin.py:190} INFO - [2025-06-26T22:51:38.911+0000] {dag.py:3239} INFO - Sync 1 DAGs
[2025-06-26T22:51:38.932+0000] {logging_mixin.py:190} INFO - [2025-06-26T22:51:38.932+0000] {dag.py:4180} INFO - Setting next_dagrun for latest_only_with_trigger to 2025-06-26 16:00:00+00:00, run_after=2025-06-26 20:00:00+00:00
[2025-06-26T22:51:38.952+0000] {processor.py:208} INFO - Processing /home/airflow/.local/lib/python3.12/site-packages/airflow/example_dags/example_latest_only_with_trigger.py took 0.078 seconds
[2025-06-26T22:52:09.173+0000] {processor.py:186} INFO - Started process (PID=1133) to work on /home/airflow/.local/lib/python3.12/site-packages/airflow/example_dags/example_latest_only_with_trigger.py
[2025-06-26T22:52:09.174+0000] {processor.py:914} INFO - Processing file /home/airflow/.local/lib/python3.12/site-packages/airflow/example_dags/example_latest_only_with_trigger.py for tasks to queue
[2025-06-26T22:52:09.177+0000] {logging_mixin.py:190} INFO - [2025-06-26T22:52:09.177+0000] {dagbag.py:588} INFO - Filling up the DagBag from /home/airflow/.local/lib/python3.12/site-packages/airflow/example_dags/example_latest_only_with_trigger.py
[2025-06-26T22:52:09.185+0000] {processor.py:925} INFO - DAG(s) 'latest_only_with_trigger' retrieved from /home/airflow/.local/lib/python3.12/site-packages/airflow/example_dags/example_latest_only_with_trigger.py
[2025-06-26T22:52:09.206+0000] {logging_mixin.py:190} INFO - [2025-06-26T22:52:09.205+0000] {dag.py:3239} INFO - Sync 1 DAGs
[2025-06-26T22:52:09.228+0000] {logging_mixin.py:190} INFO - [2025-06-26T22:52:09.228+0000] {dag.py:4180} INFO - Setting next_dagrun for latest_only_with_trigger to 2025-06-26 16:00:00+00:00, run_after=2025-06-26 20:00:00+00:00
[2025-06-26T22:52:09.254+0000] {processor.py:208} INFO - Processing /home/airflow/.local/lib/python3.12/site-packages/airflow/example_dags/example_latest_only_with_trigger.py took 0.087 seconds
[2025-06-26T22:52:39.410+0000] {processor.py:186} INFO - Started process (PID=1195) to work on /home/airflow/.local/lib/python3.12/site-packages/airflow/example_dags/example_latest_only_with_trigger.py
[2025-06-26T22:52:39.411+0000] {processor.py:914} INFO - Processing file /home/airflow/.local/lib/python3.12/site-packages/airflow/example_dags/example_latest_only_with_trigger.py for tasks to queue
[2025-06-26T22:52:39.414+0000] {logging_mixin.py:190} INFO - [2025-06-26T22:52:39.413+0000] {dagbag.py:588} INFO - Filling up the DagBag from /home/airflow/.local/lib/python3.12/site-packages/airflow/example_dags/example_latest_only_with_trigger.py
[2025-06-26T22:52:39.420+0000] {processor.py:925} INFO - DAG(s) 'latest_only_with_trigger' retrieved from /home/airflow/.local/lib/python3.12/site-packages/airflow/example_dags/example_latest_only_with_trigger.py
[2025-06-26T22:52:39.438+0000] {logging_mixin.py:190} INFO - [2025-06-26T22:52:39.438+0000] {dag.py:3239} INFO - Sync 1 DAGs
[2025-06-26T22:52:39.461+0000] {logging_mixin.py:190} INFO - [2025-06-26T22:52:39.461+0000] {dag.py:4180} INFO - Setting next_dagrun for latest_only_with_trigger to 2025-06-26 16:00:00+00:00, run_after=2025-06-26 20:00:00+00:00
[2025-06-26T22:52:39.477+0000] {processor.py:208} INFO - Processing /home/airflow/.local/lib/python3.12/site-packages/airflow/example_dags/example_latest_only_with_trigger.py took 0.072 seconds
[2025-06-26T22:53:09.870+0000] {processor.py:186} INFO - Started process (PID=1257) to work on /home/airflow/.local/lib/python3.12/site-packages/airflow/example_dags/example_latest_only_with_trigger.py
[2025-06-26T22:53:09.871+0000] {processor.py:914} INFO - Processing file /home/airflow/.local/lib/python3.12/site-packages/airflow/example_dags/example_latest_only_with_trigger.py for tasks to queue
[2025-06-26T22:53:09.874+0000] {logging_mixin.py:190} INFO - [2025-06-26T22:53:09.873+0000] {dagbag.py:588} INFO - Filling up the DagBag from /home/airflow/.local/lib/python3.12/site-packages/airflow/example_dags/example_latest_only_with_trigger.py
[2025-06-26T22:53:09.880+0000] {processor.py:925} INFO - DAG(s) 'latest_only_with_trigger' retrieved from /home/airflow/.local/lib/python3.12/site-packages/airflow/example_dags/example_latest_only_with_trigger.py
[2025-06-26T22:53:09.898+0000] {logging_mixin.py:190} INFO - [2025-06-26T22:53:09.897+0000] {dag.py:3239} INFO - Sync 1 DAGs
[2025-06-26T22:53:09.920+0000] {logging_mixin.py:190} INFO - [2025-06-26T22:53:09.920+0000] {dag.py:4180} INFO - Setting next_dagrun for latest_only_with_trigger to 2025-06-26 16:00:00+00:00, run_after=2025-06-26 20:00:00+00:00
[2025-06-26T22:53:09.940+0000] {processor.py:208} INFO - Processing /home/airflow/.local/lib/python3.12/site-packages/airflow/example_dags/example_latest_only_with_trigger.py took 0.075 seconds
[2025-06-26T22:53:40.193+0000] {processor.py:186} INFO - Started process (PID=1319) to work on /home/airflow/.local/lib/python3.12/site-packages/airflow/example_dags/example_latest_only_with_trigger.py
[2025-06-26T22:53:40.194+0000] {processor.py:914} INFO - Processing file /home/airflow/.local/lib/python3.12/site-packages/airflow/example_dags/example_latest_only_with_trigger.py for tasks to queue
[2025-06-26T22:53:40.196+0000] {logging_mixin.py:190} INFO - [2025-06-26T22:53:40.196+0000] {dagbag.py:588} INFO - Filling up the DagBag from /home/airflow/.local/lib/python3.12/site-packages/airflow/example_dags/example_latest_only_with_trigger.py
[2025-06-26T22:53:40.203+0000] {processor.py:925} INFO - DAG(s) 'latest_only_with_trigger' retrieved from /home/airflow/.local/lib/python3.12/site-packages/airflow/example_dags/example_latest_only_with_trigger.py
[2025-06-26T22:53:40.224+0000] {logging_mixin.py:190} INFO - [2025-06-26T22:53:40.224+0000] {dag.py:3239} INFO - Sync 1 DAGs
[2025-06-26T22:53:40.249+0000] {logging_mixin.py:190} INFO - [2025-06-26T22:53:40.249+0000] {dag.py:4180} INFO - Setting next_dagrun for latest_only_with_trigger to 2025-06-26 16:00:00+00:00, run_after=2025-06-26 20:00:00+00:00
[2025-06-26T22:53:40.269+0000] {processor.py:208} INFO - Processing /home/airflow/.local/lib/python3.12/site-packages/airflow/example_dags/example_latest_only_with_trigger.py took 0.082 seconds
[2025-06-26T22:54:10.488+0000] {processor.py:186} INFO - Started process (PID=1381) to work on /home/airflow/.local/lib/python3.12/site-packages/airflow/example_dags/example_latest_only_with_trigger.py
[2025-06-26T22:54:10.489+0000] {processor.py:914} INFO - Processing file /home/airflow/.local/lib/python3.12/site-packages/airflow/example_dags/example_latest_only_with_trigger.py for tasks to queue
[2025-06-26T22:54:10.491+0000] {logging_mixin.py:190} INFO - [2025-06-26T22:54:10.491+0000] {dagbag.py:588} INFO - Filling up the DagBag from /home/airflow/.local/lib/python3.12/site-packages/airflow/example_dags/example_latest_only_with_trigger.py
[2025-06-26T22:54:10.498+0000] {processor.py:925} INFO - DAG(s) 'latest_only_with_trigger' retrieved from /home/airflow/.local/lib/python3.12/site-packages/airflow/example_dags/example_latest_only_with_trigger.py
[2025-06-26T22:54:10.517+0000] {logging_mixin.py:190} INFO - [2025-06-26T22:54:10.516+0000] {dag.py:3239} INFO - Sync 1 DAGs
[2025-06-26T22:54:10.538+0000] {logging_mixin.py:190} INFO - [2025-06-26T22:54:10.537+0000] {dag.py:4180} INFO - Setting next_dagrun for latest_only_with_trigger to 2025-06-26 16:00:00+00:00, run_after=2025-06-26 20:00:00+00:00
[2025-06-26T22:54:10.559+0000] {processor.py:208} INFO - Processing /home/airflow/.local/lib/python3.12/site-packages/airflow/example_dags/example_latest_only_with_trigger.py took 0.076 seconds
[2025-06-26T22:54:40.993+0000] {processor.py:186} INFO - Started process (PID=1443) to work on /home/airflow/.local/lib/python3.12/site-packages/airflow/example_dags/example_latest_only_with_trigger.py
[2025-06-26T22:54:40.994+0000] {processor.py:914} INFO - Processing file /home/airflow/.local/lib/python3.12/site-packages/airflow/example_dags/example_latest_only_with_trigger.py for tasks to queue
[2025-06-26T22:54:40.996+0000] {logging_mixin.py:190} INFO - [2025-06-26T22:54:40.996+0000] {dagbag.py:588} INFO - Filling up the DagBag from /home/airflow/.local/lib/python3.12/site-packages/airflow/example_dags/example_latest_only_with_trigger.py
[2025-06-26T22:54:41.003+0000] {processor.py:925} INFO - DAG(s) 'latest_only_with_trigger' retrieved from /home/airflow/.local/lib/python3.12/site-packages/airflow/example_dags/example_latest_only_with_trigger.py
[2025-06-26T22:54:41.023+0000] {logging_mixin.py:190} INFO - [2025-06-26T22:54:41.023+0000] {dag.py:3239} INFO - Sync 1 DAGs
[2025-06-26T22:54:41.045+0000] {logging_mixin.py:190} INFO - [2025-06-26T22:54:41.045+0000] {dag.py:4180} INFO - Setting next_dagrun for latest_only_with_trigger to 2025-06-26 16:00:00+00:00, run_after=2025-06-26 20:00:00+00:00
[2025-06-26T22:54:41.062+0000] {processor.py:208} INFO - Processing /home/airflow/.local/lib/python3.12/site-packages/airflow/example_dags/example_latest_only_with_trigger.py took 0.075 seconds
[2025-06-26T22:55:11.410+0000] {processor.py:186} INFO - Started process (PID=1505) to work on /home/airflow/.local/lib/python3.12/site-packages/airflow/example_dags/example_latest_only_with_trigger.py
[2025-06-26T22:55:11.411+0000] {processor.py:914} INFO - Processing file /home/airflow/.local/lib/python3.12/site-packages/airflow/example_dags/example_latest_only_with_trigger.py for tasks to queue
[2025-06-26T22:55:11.413+0000] {logging_mixin.py:190} INFO - [2025-06-26T22:55:11.413+0000] {dagbag.py:588} INFO - Filling up the DagBag from /home/airflow/.local/lib/python3.12/site-packages/airflow/example_dags/example_latest_only_with_trigger.py
[2025-06-26T22:55:11.420+0000] {processor.py:925} INFO - DAG(s) 'latest_only_with_trigger' retrieved from /home/airflow/.local/lib/python3.12/site-packages/airflow/example_dags/example_latest_only_with_trigger.py
[2025-06-26T22:55:11.440+0000] {logging_mixin.py:190} INFO - [2025-06-26T22:55:11.439+0000] {dag.py:3239} INFO - Sync 1 DAGs
[2025-06-26T22:55:11.461+0000] {logging_mixin.py:190} INFO - [2025-06-26T22:55:11.461+0000] {dag.py:4180} INFO - Setting next_dagrun for latest_only_with_trigger to 2025-06-26 16:00:00+00:00, run_after=2025-06-26 20:00:00+00:00
[2025-06-26T22:55:11.479+0000] {processor.py:208} INFO - Processing /home/airflow/.local/lib/python3.12/site-packages/airflow/example_dags/example_latest_only_with_trigger.py took 0.074 seconds
[2025-06-26T22:55:41.879+0000] {processor.py:186} INFO - Started process (PID=1567) to work on /home/airflow/.local/lib/python3.12/site-packages/airflow/example_dags/example_latest_only_with_trigger.py
[2025-06-26T22:55:41.880+0000] {processor.py:914} INFO - Processing file /home/airflow/.local/lib/python3.12/site-packages/airflow/example_dags/example_latest_only_with_trigger.py for tasks to queue
[2025-06-26T22:55:41.883+0000] {logging_mixin.py:190} INFO - [2025-06-26T22:55:41.882+0000] {dagbag.py:588} INFO - Filling up the DagBag from /home/airflow/.local/lib/python3.12/site-packages/airflow/example_dags/example_latest_only_with_trigger.py
[2025-06-26T22:55:41.889+0000] {processor.py:925} INFO - DAG(s) 'latest_only_with_trigger' retrieved from /home/airflow/.local/lib/python3.12/site-packages/airflow/example_dags/example_latest_only_with_trigger.py
[2025-06-26T22:55:41.909+0000] {logging_mixin.py:190} INFO - [2025-06-26T22:55:41.909+0000] {dag.py:3239} INFO - Sync 1 DAGs
[2025-06-26T22:55:41.932+0000] {logging_mixin.py:190} INFO - [2025-06-26T22:55:41.932+0000] {dag.py:4180} INFO - Setting next_dagrun for latest_only_with_trigger to 2025-06-26 16:00:00+00:00, run_after=2025-06-26 20:00:00+00:00
[2025-06-26T22:55:41.951+0000] {processor.py:208} INFO - Processing /home/airflow/.local/lib/python3.12/site-packages/airflow/example_dags/example_latest_only_with_trigger.py took 0.077 seconds
[2025-06-26T22:56:12.105+0000] {processor.py:186} INFO - Started process (PID=1629) to work on /home/airflow/.local/lib/python3.12/site-packages/airflow/example_dags/example_latest_only_with_trigger.py
[2025-06-26T22:56:12.106+0000] {processor.py:914} INFO - Processing file /home/airflow/.local/lib/python3.12/site-packages/airflow/example_dags/example_latest_only_with_trigger.py for tasks to queue
[2025-06-26T22:56:12.108+0000] {logging_mixin.py:190} INFO - [2025-06-26T22:56:12.108+0000] {dagbag.py:588} INFO - Filling up the DagBag from /home/airflow/.local/lib/python3.12/site-packages/airflow/example_dags/example_latest_only_with_trigger.py
[2025-06-26T22:56:12.115+0000] {processor.py:925} INFO - DAG(s) 'latest_only_with_trigger' retrieved from /home/airflow/.local/lib/python3.12/site-packages/airflow/example_dags/example_latest_only_with_trigger.py
[2025-06-26T22:56:12.136+0000] {logging_mixin.py:190} INFO - [2025-06-26T22:56:12.135+0000] {dag.py:3239} INFO - Sync 1 DAGs
[2025-06-26T22:56:12.158+0000] {logging_mixin.py:190} INFO - [2025-06-26T22:56:12.158+0000] {dag.py:4180} INFO - Setting next_dagrun for latest_only_with_trigger to 2025-06-26 16:00:00+00:00, run_after=2025-06-26 20:00:00+00:00
[2025-06-26T22:56:12.179+0000] {processor.py:208} INFO - Processing /home/airflow/.local/lib/python3.12/site-packages/airflow/example_dags/example_latest_only_with_trigger.py took 0.080 seconds
[2025-06-26T22:56:43.011+0000] {processor.py:186} INFO - Started process (PID=1691) to work on /home/airflow/.local/lib/python3.12/site-packages/airflow/example_dags/example_latest_only_with_trigger.py
[2025-06-26T22:56:43.012+0000] {processor.py:914} INFO - Processing file /home/airflow/.local/lib/python3.12/site-packages/airflow/example_dags/example_latest_only_with_trigger.py for tasks to queue
[2025-06-26T22:56:43.015+0000] {logging_mixin.py:190} INFO - [2025-06-26T22:56:43.014+0000] {dagbag.py:588} INFO - Filling up the DagBag from /home/airflow/.local/lib/python3.12/site-packages/airflow/example_dags/example_latest_only_with_trigger.py
[2025-06-26T22:56:43.022+0000] {processor.py:925} INFO - DAG(s) 'latest_only_with_trigger' retrieved from /home/airflow/.local/lib/python3.12/site-packages/airflow/example_dags/example_latest_only_with_trigger.py
[2025-06-26T22:56:43.041+0000] {logging_mixin.py:190} INFO - [2025-06-26T22:56:43.041+0000] {dag.py:3239} INFO - Sync 1 DAGs
[2025-06-26T22:56:43.061+0000] {logging_mixin.py:190} INFO - [2025-06-26T22:56:43.061+0000] {dag.py:4180} INFO - Setting next_dagrun for latest_only_with_trigger to 2025-06-26 16:00:00+00:00, run_after=2025-06-26 20:00:00+00:00
[2025-06-26T22:56:43.080+0000] {processor.py:208} INFO - Processing /home/airflow/.local/lib/python3.12/site-packages/airflow/example_dags/example_latest_only_with_trigger.py took 0.074 seconds
[2025-06-26T22:57:13.373+0000] {processor.py:186} INFO - Started process (PID=1753) to work on /home/airflow/.local/lib/python3.12/site-packages/airflow/example_dags/example_latest_only_with_trigger.py
[2025-06-26T22:57:13.374+0000] {processor.py:914} INFO - Processing file /home/airflow/.local/lib/python3.12/site-packages/airflow/example_dags/example_latest_only_with_trigger.py for tasks to queue
[2025-06-26T22:57:13.376+0000] {logging_mixin.py:190} INFO - [2025-06-26T22:57:13.376+0000] {dagbag.py:588} INFO - Filling up the DagBag from /home/airflow/.local/lib/python3.12/site-packages/airflow/example_dags/example_latest_only_with_trigger.py
[2025-06-26T22:57:13.383+0000] {processor.py:925} INFO - DAG(s) 'latest_only_with_trigger' retrieved from /home/airflow/.local/lib/python3.12/site-packages/airflow/example_dags/example_latest_only_with_trigger.py
[2025-06-26T22:57:13.402+0000] {logging_mixin.py:190} INFO - [2025-06-26T22:57:13.401+0000] {dag.py:3239} INFO - Sync 1 DAGs
[2025-06-26T22:57:13.422+0000] {logging_mixin.py:190} INFO - [2025-06-26T22:57:13.422+0000] {dag.py:4180} INFO - Setting next_dagrun for latest_only_with_trigger to 2025-06-26 16:00:00+00:00, run_after=2025-06-26 20:00:00+00:00
[2025-06-26T22:57:13.443+0000] {processor.py:208} INFO - Processing /home/airflow/.local/lib/python3.12/site-packages/airflow/example_dags/example_latest_only_with_trigger.py took 0.075 seconds
[2025-06-26T22:57:43.826+0000] {processor.py:186} INFO - Started process (PID=1815) to work on /home/airflow/.local/lib/python3.12/site-packages/airflow/example_dags/example_latest_only_with_trigger.py
[2025-06-26T22:57:43.827+0000] {processor.py:914} INFO - Processing file /home/airflow/.local/lib/python3.12/site-packages/airflow/example_dags/example_latest_only_with_trigger.py for tasks to queue
[2025-06-26T22:57:43.829+0000] {logging_mixin.py:190} INFO - [2025-06-26T22:57:43.829+0000] {dagbag.py:588} INFO - Filling up the DagBag from /home/airflow/.local/lib/python3.12/site-packages/airflow/example_dags/example_latest_only_with_trigger.py
[2025-06-26T22:57:43.837+0000] {processor.py:925} INFO - DAG(s) 'latest_only_with_trigger' retrieved from /home/airflow/.local/lib/python3.12/site-packages/airflow/example_dags/example_latest_only_with_trigger.py
[2025-06-26T22:57:43.857+0000] {logging_mixin.py:190} INFO - [2025-06-26T22:57:43.857+0000] {dag.py:3239} INFO - Sync 1 DAGs
[2025-06-26T22:57:43.877+0000] {logging_mixin.py:190} INFO - [2025-06-26T22:57:43.877+0000] {dag.py:4180} INFO - Setting next_dagrun for latest_only_with_trigger to 2025-06-26 16:00:00+00:00, run_after=2025-06-26 20:00:00+00:00
[2025-06-26T22:57:43.894+0000] {processor.py:208} INFO - Processing /home/airflow/.local/lib/python3.12/site-packages/airflow/example_dags/example_latest_only_with_trigger.py took 0.074 seconds
[2025-06-26T22:58:14.288+0000] {processor.py:186} INFO - Started process (PID=1877) to work on /home/airflow/.local/lib/python3.12/site-packages/airflow/example_dags/example_latest_only_with_trigger.py
[2025-06-26T22:58:14.289+0000] {processor.py:914} INFO - Processing file /home/airflow/.local/lib/python3.12/site-packages/airflow/example_dags/example_latest_only_with_trigger.py for tasks to queue
[2025-06-26T22:58:14.291+0000] {logging_mixin.py:190} INFO - [2025-06-26T22:58:14.291+0000] {dagbag.py:588} INFO - Filling up the DagBag from /home/airflow/.local/lib/python3.12/site-packages/airflow/example_dags/example_latest_only_with_trigger.py
[2025-06-26T22:58:14.300+0000] {processor.py:925} INFO - DAG(s) 'latest_only_with_trigger' retrieved from /home/airflow/.local/lib/python3.12/site-packages/airflow/example_dags/example_latest_only_with_trigger.py
[2025-06-26T22:58:14.319+0000] {logging_mixin.py:190} INFO - [2025-06-26T22:58:14.319+0000] {dag.py:3239} INFO - Sync 1 DAGs
[2025-06-26T22:58:14.339+0000] {logging_mixin.py:190} INFO - [2025-06-26T22:58:14.339+0000] {dag.py:4180} INFO - Setting next_dagrun for latest_only_with_trigger to 2025-06-26 16:00:00+00:00, run_after=2025-06-26 20:00:00+00:00
[2025-06-26T22:58:14.358+0000] {processor.py:208} INFO - Processing /home/airflow/.local/lib/python3.12/site-packages/airflow/example_dags/example_latest_only_with_trigger.py took 0.075 seconds
[2025-06-26T22:58:44.724+0000] {processor.py:186} INFO - Started process (PID=1939) to work on /home/airflow/.local/lib/python3.12/site-packages/airflow/example_dags/example_latest_only_with_trigger.py
[2025-06-26T22:58:44.725+0000] {processor.py:914} INFO - Processing file /home/airflow/.local/lib/python3.12/site-packages/airflow/example_dags/example_latest_only_with_trigger.py for tasks to queue
[2025-06-26T22:58:44.728+0000] {logging_mixin.py:190} INFO - [2025-06-26T22:58:44.727+0000] {dagbag.py:588} INFO - Filling up the DagBag from /home/airflow/.local/lib/python3.12/site-packages/airflow/example_dags/example_latest_only_with_trigger.py
[2025-06-26T22:58:44.735+0000] {processor.py:925} INFO - DAG(s) 'latest_only_with_trigger' retrieved from /home/airflow/.local/lib/python3.12/site-packages/airflow/example_dags/example_latest_only_with_trigger.py
[2025-06-26T22:58:44.758+0000] {logging_mixin.py:190} INFO - [2025-06-26T22:58:44.758+0000] {dag.py:3239} INFO - Sync 1 DAGs
[2025-06-26T22:58:44.778+0000] {logging_mixin.py:190} INFO - [2025-06-26T22:58:44.778+0000] {dag.py:4180} INFO - Setting next_dagrun for latest_only_with_trigger to 2025-06-26 16:00:00+00:00, run_after=2025-06-26 20:00:00+00:00
[2025-06-26T22:58:44.796+0000] {processor.py:208} INFO - Processing /home/airflow/.local/lib/python3.12/site-packages/airflow/example_dags/example_latest_only_with_trigger.py took 0.077 seconds
[2025-06-26T22:59:15.055+0000] {processor.py:186} INFO - Started process (PID=2001) to work on /home/airflow/.local/lib/python3.12/site-packages/airflow/example_dags/example_latest_only_with_trigger.py
[2025-06-26T22:59:15.056+0000] {processor.py:914} INFO - Processing file /home/airflow/.local/lib/python3.12/site-packages/airflow/example_dags/example_latest_only_with_trigger.py for tasks to queue
[2025-06-26T22:59:15.058+0000] {logging_mixin.py:190} INFO - [2025-06-26T22:59:15.058+0000] {dagbag.py:588} INFO - Filling up the DagBag from /home/airflow/.local/lib/python3.12/site-packages/airflow/example_dags/example_latest_only_with_trigger.py
[2025-06-26T22:59:15.065+0000] {processor.py:925} INFO - DAG(s) 'latest_only_with_trigger' retrieved from /home/airflow/.local/lib/python3.12/site-packages/airflow/example_dags/example_latest_only_with_trigger.py
[2025-06-26T22:59:15.084+0000] {logging_mixin.py:190} INFO - [2025-06-26T22:59:15.084+0000] {dag.py:3239} INFO - Sync 1 DAGs
[2025-06-26T22:59:15.105+0000] {logging_mixin.py:190} INFO - [2025-06-26T22:59:15.105+0000] {dag.py:4180} INFO - Setting next_dagrun for latest_only_with_trigger to 2025-06-26 16:00:00+00:00, run_after=2025-06-26 20:00:00+00:00
[2025-06-26T22:59:15.123+0000] {processor.py:208} INFO - Processing /home/airflow/.local/lib/python3.12/site-packages/airflow/example_dags/example_latest_only_with_trigger.py took 0.073 seconds
[2025-06-26T22:59:45.590+0000] {processor.py:186} INFO - Started process (PID=2063) to work on /home/airflow/.local/lib/python3.12/site-packages/airflow/example_dags/example_latest_only_with_trigger.py
[2025-06-26T22:59:45.591+0000] {processor.py:914} INFO - Processing file /home/airflow/.local/lib/python3.12/site-packages/airflow/example_dags/example_latest_only_with_trigger.py for tasks to queue
[2025-06-26T22:59:45.594+0000] {logging_mixin.py:190} INFO - [2025-06-26T22:59:45.594+0000] {dagbag.py:588} INFO - Filling up the DagBag from /home/airflow/.local/lib/python3.12/site-packages/airflow/example_dags/example_latest_only_with_trigger.py
[2025-06-26T22:59:45.601+0000] {processor.py:925} INFO - DAG(s) 'latest_only_with_trigger' retrieved from /home/airflow/.local/lib/python3.12/site-packages/airflow/example_dags/example_latest_only_with_trigger.py
[2025-06-26T22:59:45.620+0000] {logging_mixin.py:190} INFO - [2025-06-26T22:59:45.620+0000] {dag.py:3239} INFO - Sync 1 DAGs
[2025-06-26T22:59:45.640+0000] {logging_mixin.py:190} INFO - [2025-06-26T22:59:45.640+0000] {dag.py:4180} INFO - Setting next_dagrun for latest_only_with_trigger to 2025-06-26 16:00:00+00:00, run_after=2025-06-26 20:00:00+00:00
[2025-06-26T22:59:45.661+0000] {processor.py:208} INFO - Processing /home/airflow/.local/lib/python3.12/site-packages/airflow/example_dags/example_latest_only_with_trigger.py took 0.076 seconds
[2025-06-26T23:00:16.220+0000] {processor.py:186} INFO - Started process (PID=2126) to work on /home/airflow/.local/lib/python3.12/site-packages/airflow/example_dags/example_latest_only_with_trigger.py
[2025-06-26T23:00:16.221+0000] {processor.py:914} INFO - Processing file /home/airflow/.local/lib/python3.12/site-packages/airflow/example_dags/example_latest_only_with_trigger.py for tasks to queue
[2025-06-26T23:00:16.223+0000] {logging_mixin.py:190} INFO - [2025-06-26T23:00:16.223+0000] {dagbag.py:588} INFO - Filling up the DagBag from /home/airflow/.local/lib/python3.12/site-packages/airflow/example_dags/example_latest_only_with_trigger.py
[2025-06-26T23:00:16.230+0000] {processor.py:925} INFO - DAG(s) 'latest_only_with_trigger' retrieved from /home/airflow/.local/lib/python3.12/site-packages/airflow/example_dags/example_latest_only_with_trigger.py
[2025-06-26T23:00:16.248+0000] {logging_mixin.py:190} INFO - [2025-06-26T23:00:16.248+0000] {dag.py:3239} INFO - Sync 1 DAGs
[2025-06-26T23:00:16.267+0000] {logging_mixin.py:190} INFO - [2025-06-26T23:00:16.267+0000] {dag.py:4180} INFO - Setting next_dagrun for latest_only_with_trigger to 2025-06-26 16:00:00+00:00, run_after=2025-06-26 20:00:00+00:00
[2025-06-26T23:00:16.286+0000] {processor.py:208} INFO - Processing /home/airflow/.local/lib/python3.12/site-packages/airflow/example_dags/example_latest_only_with_trigger.py took 0.072 seconds
[2025-06-26T23:00:46.799+0000] {processor.py:186} INFO - Started process (PID=2188) to work on /home/airflow/.local/lib/python3.12/site-packages/airflow/example_dags/example_latest_only_with_trigger.py
[2025-06-26T23:00:46.800+0000] {processor.py:914} INFO - Processing file /home/airflow/.local/lib/python3.12/site-packages/airflow/example_dags/example_latest_only_with_trigger.py for tasks to queue
[2025-06-26T23:00:46.802+0000] {logging_mixin.py:190} INFO - [2025-06-26T23:00:46.802+0000] {dagbag.py:588} INFO - Filling up the DagBag from /home/airflow/.local/lib/python3.12/site-packages/airflow/example_dags/example_latest_only_with_trigger.py
[2025-06-26T23:00:46.809+0000] {processor.py:925} INFO - DAG(s) 'latest_only_with_trigger' retrieved from /home/airflow/.local/lib/python3.12/site-packages/airflow/example_dags/example_latest_only_with_trigger.py
[2025-06-26T23:00:46.829+0000] {logging_mixin.py:190} INFO - [2025-06-26T23:00:46.829+0000] {dag.py:3239} INFO - Sync 1 DAGs
[2025-06-26T23:00:46.849+0000] {logging_mixin.py:190} INFO - [2025-06-26T23:00:46.849+0000] {dag.py:4180} INFO - Setting next_dagrun for latest_only_with_trigger to 2025-06-26 16:00:00+00:00, run_after=2025-06-26 20:00:00+00:00
[2025-06-26T23:00:46.867+0000] {processor.py:208} INFO - Processing /home/airflow/.local/lib/python3.12/site-packages/airflow/example_dags/example_latest_only_with_trigger.py took 0.074 seconds
[2025-06-26T23:01:17.244+0000] {processor.py:186} INFO - Started process (PID=2250) to work on /home/airflow/.local/lib/python3.12/site-packages/airflow/example_dags/example_latest_only_with_trigger.py
[2025-06-26T23:01:17.245+0000] {processor.py:914} INFO - Processing file /home/airflow/.local/lib/python3.12/site-packages/airflow/example_dags/example_latest_only_with_trigger.py for tasks to queue
[2025-06-26T23:01:17.248+0000] {logging_mixin.py:190} INFO - [2025-06-26T23:01:17.247+0000] {dagbag.py:588} INFO - Filling up the DagBag from /home/airflow/.local/lib/python3.12/site-packages/airflow/example_dags/example_latest_only_with_trigger.py
[2025-06-26T23:01:17.256+0000] {processor.py:925} INFO - DAG(s) 'latest_only_with_trigger' retrieved from /home/airflow/.local/lib/python3.12/site-packages/airflow/example_dags/example_latest_only_with_trigger.py
[2025-06-26T23:01:17.278+0000] {logging_mixin.py:190} INFO - [2025-06-26T23:01:17.278+0000] {dag.py:3239} INFO - Sync 1 DAGs
[2025-06-26T23:01:17.300+0000] {logging_mixin.py:190} INFO - [2025-06-26T23:01:17.300+0000] {dag.py:4180} INFO - Setting next_dagrun for latest_only_with_trigger to 2025-06-26 16:00:00+00:00, run_after=2025-06-26 20:00:00+00:00
[2025-06-26T23:01:17.318+0000] {processor.py:208} INFO - Processing /home/airflow/.local/lib/python3.12/site-packages/airflow/example_dags/example_latest_only_with_trigger.py took 0.079 seconds
[2025-06-26T23:01:48.243+0000] {processor.py:186} INFO - Started process (PID=2312) to work on /home/airflow/.local/lib/python3.12/site-packages/airflow/example_dags/example_latest_only_with_trigger.py
[2025-06-26T23:01:48.244+0000] {processor.py:914} INFO - Processing file /home/airflow/.local/lib/python3.12/site-packages/airflow/example_dags/example_latest_only_with_trigger.py for tasks to queue
[2025-06-26T23:01:48.245+0000] {logging_mixin.py:190} INFO - [2025-06-26T23:01:48.245+0000] {dagbag.py:588} INFO - Filling up the DagBag from /home/airflow/.local/lib/python3.12/site-packages/airflow/example_dags/example_latest_only_with_trigger.py
[2025-06-26T23:01:48.252+0000] {processor.py:925} INFO - DAG(s) 'latest_only_with_trigger' retrieved from /home/airflow/.local/lib/python3.12/site-packages/airflow/example_dags/example_latest_only_with_trigger.py
[2025-06-26T23:01:48.272+0000] {logging_mixin.py:190} INFO - [2025-06-26T23:01:48.272+0000] {dag.py:3239} INFO - Sync 1 DAGs
[2025-06-26T23:01:48.294+0000] {logging_mixin.py:190} INFO - [2025-06-26T23:01:48.294+0000] {dag.py:4180} INFO - Setting next_dagrun for latest_only_with_trigger to 2025-06-26 16:00:00+00:00, run_after=2025-06-26 20:00:00+00:00
[2025-06-26T23:01:48.314+0000] {processor.py:208} INFO - Processing /home/airflow/.local/lib/python3.12/site-packages/airflow/example_dags/example_latest_only_with_trigger.py took 0.076 seconds
[2025-06-26T23:02:18.701+0000] {processor.py:186} INFO - Started process (PID=2374) to work on /home/airflow/.local/lib/python3.12/site-packages/airflow/example_dags/example_latest_only_with_trigger.py
[2025-06-26T23:02:18.703+0000] {processor.py:914} INFO - Processing file /home/airflow/.local/lib/python3.12/site-packages/airflow/example_dags/example_latest_only_with_trigger.py for tasks to queue
[2025-06-26T23:02:18.705+0000] {logging_mixin.py:190} INFO - [2025-06-26T23:02:18.705+0000] {dagbag.py:588} INFO - Filling up the DagBag from /home/airflow/.local/lib/python3.12/site-packages/airflow/example_dags/example_latest_only_with_trigger.py
[2025-06-26T23:02:18.714+0000] {processor.py:925} INFO - DAG(s) 'latest_only_with_trigger' retrieved from /home/airflow/.local/lib/python3.12/site-packages/airflow/example_dags/example_latest_only_with_trigger.py
[2025-06-26T23:02:18.735+0000] {logging_mixin.py:190} INFO - [2025-06-26T23:02:18.735+0000] {dag.py:3239} INFO - Sync 1 DAGs
[2025-06-26T23:02:18.756+0000] {logging_mixin.py:190} INFO - [2025-06-26T23:02:18.755+0000] {dag.py:4180} INFO - Setting next_dagrun for latest_only_with_trigger to 2025-06-26 16:00:00+00:00, run_after=2025-06-26 20:00:00+00:00
[2025-06-26T23:02:18.775+0000] {processor.py:208} INFO - Processing /home/airflow/.local/lib/python3.12/site-packages/airflow/example_dags/example_latest_only_with_trigger.py took 0.080 seconds
[2025-06-26T23:02:49.089+0000] {processor.py:186} INFO - Started process (PID=2436) to work on /home/airflow/.local/lib/python3.12/site-packages/airflow/example_dags/example_latest_only_with_trigger.py
[2025-06-26T23:02:49.090+0000] {processor.py:914} INFO - Processing file /home/airflow/.local/lib/python3.12/site-packages/airflow/example_dags/example_latest_only_with_trigger.py for tasks to queue
[2025-06-26T23:02:49.093+0000] {logging_mixin.py:190} INFO - [2025-06-26T23:02:49.092+0000] {dagbag.py:588} INFO - Filling up the DagBag from /home/airflow/.local/lib/python3.12/site-packages/airflow/example_dags/example_latest_only_with_trigger.py
[2025-06-26T23:02:49.099+0000] {processor.py:925} INFO - DAG(s) 'latest_only_with_trigger' retrieved from /home/airflow/.local/lib/python3.12/site-packages/airflow/example_dags/example_latest_only_with_trigger.py
[2025-06-26T23:02:49.118+0000] {logging_mixin.py:190} INFO - [2025-06-26T23:02:49.118+0000] {dag.py:3239} INFO - Sync 1 DAGs
[2025-06-26T23:02:49.140+0000] {logging_mixin.py:190} INFO - [2025-06-26T23:02:49.139+0000] {dag.py:4180} INFO - Setting next_dagrun for latest_only_with_trigger to 2025-06-26 16:00:00+00:00, run_after=2025-06-26 20:00:00+00:00
[2025-06-26T23:02:49.158+0000] {processor.py:208} INFO - Processing /home/airflow/.local/lib/python3.12/site-packages/airflow/example_dags/example_latest_only_with_trigger.py took 0.074 seconds
[2025-06-26T23:03:19.819+0000] {processor.py:186} INFO - Started process (PID=2498) to work on /home/airflow/.local/lib/python3.12/site-packages/airflow/example_dags/example_latest_only_with_trigger.py
[2025-06-26T23:03:19.820+0000] {processor.py:914} INFO - Processing file /home/airflow/.local/lib/python3.12/site-packages/airflow/example_dags/example_latest_only_with_trigger.py for tasks to queue
[2025-06-26T23:03:19.823+0000] {logging_mixin.py:190} INFO - [2025-06-26T23:03:19.823+0000] {dagbag.py:588} INFO - Filling up the DagBag from /home/airflow/.local/lib/python3.12/site-packages/airflow/example_dags/example_latest_only_with_trigger.py
[2025-06-26T23:03:19.833+0000] {processor.py:925} INFO - DAG(s) 'latest_only_with_trigger' retrieved from /home/airflow/.local/lib/python3.12/site-packages/airflow/example_dags/example_latest_only_with_trigger.py
[2025-06-26T23:03:19.861+0000] {logging_mixin.py:190} INFO - [2025-06-26T23:03:19.861+0000] {dag.py:3239} INFO - Sync 1 DAGs
[2025-06-26T23:03:19.888+0000] {logging_mixin.py:190} INFO - [2025-06-26T23:03:19.888+0000] {dag.py:4180} INFO - Setting next_dagrun for latest_only_with_trigger to 2025-06-26 16:00:00+00:00, run_after=2025-06-26 20:00:00+00:00
[2025-06-26T23:03:19.911+0000] {processor.py:208} INFO - Processing /home/airflow/.local/lib/python3.12/site-packages/airflow/example_dags/example_latest_only_with_trigger.py took 0.098 seconds
[2025-06-26T23:03:50.012+0000] {processor.py:186} INFO - Started process (PID=2560) to work on /home/airflow/.local/lib/python3.12/site-packages/airflow/example_dags/example_latest_only_with_trigger.py
[2025-06-26T23:03:50.013+0000] {processor.py:914} INFO - Processing file /home/airflow/.local/lib/python3.12/site-packages/airflow/example_dags/example_latest_only_with_trigger.py for tasks to queue
[2025-06-26T23:03:50.016+0000] {logging_mixin.py:190} INFO - [2025-06-26T23:03:50.015+0000] {dagbag.py:588} INFO - Filling up the DagBag from /home/airflow/.local/lib/python3.12/site-packages/airflow/example_dags/example_latest_only_with_trigger.py
[2025-06-26T23:03:50.023+0000] {processor.py:925} INFO - DAG(s) 'latest_only_with_trigger' retrieved from /home/airflow/.local/lib/python3.12/site-packages/airflow/example_dags/example_latest_only_with_trigger.py
[2025-06-26T23:03:50.042+0000] {logging_mixin.py:190} INFO - [2025-06-26T23:03:50.042+0000] {dag.py:3239} INFO - Sync 1 DAGs
[2025-06-26T23:03:50.066+0000] {logging_mixin.py:190} INFO - [2025-06-26T23:03:50.066+0000] {dag.py:4180} INFO - Setting next_dagrun for latest_only_with_trigger to 2025-06-26 16:00:00+00:00, run_after=2025-06-26 20:00:00+00:00
[2025-06-26T23:03:50.084+0000] {processor.py:208} INFO - Processing /home/airflow/.local/lib/python3.12/site-packages/airflow/example_dags/example_latest_only_with_trigger.py took 0.078 seconds
[2025-06-26T23:04:20.314+0000] {processor.py:186} INFO - Started process (PID=2622) to work on /home/airflow/.local/lib/python3.12/site-packages/airflow/example_dags/example_latest_only_with_trigger.py
[2025-06-26T23:04:20.315+0000] {processor.py:914} INFO - Processing file /home/airflow/.local/lib/python3.12/site-packages/airflow/example_dags/example_latest_only_with_trigger.py for tasks to queue
[2025-06-26T23:04:20.317+0000] {logging_mixin.py:190} INFO - [2025-06-26T23:04:20.317+0000] {dagbag.py:588} INFO - Filling up the DagBag from /home/airflow/.local/lib/python3.12/site-packages/airflow/example_dags/example_latest_only_with_trigger.py
[2025-06-26T23:04:20.324+0000] {processor.py:925} INFO - DAG(s) 'latest_only_with_trigger' retrieved from /home/airflow/.local/lib/python3.12/site-packages/airflow/example_dags/example_latest_only_with_trigger.py
[2025-06-26T23:04:20.344+0000] {logging_mixin.py:190} INFO - [2025-06-26T23:04:20.344+0000] {dag.py:3239} INFO - Sync 1 DAGs
[2025-06-26T23:04:20.365+0000] {logging_mixin.py:190} INFO - [2025-06-26T23:04:20.365+0000] {dag.py:4180} INFO - Setting next_dagrun for latest_only_with_trigger to 2025-06-26 16:00:00+00:00, run_after=2025-06-26 20:00:00+00:00
[2025-06-26T23:04:20.384+0000] {processor.py:208} INFO - Processing /home/airflow/.local/lib/python3.12/site-packages/airflow/example_dags/example_latest_only_with_trigger.py took 0.076 seconds
[2025-06-26T23:04:51.429+0000] {processor.py:186} INFO - Started process (PID=2684) to work on /home/airflow/.local/lib/python3.12/site-packages/airflow/example_dags/example_latest_only_with_trigger.py
[2025-06-26T23:04:51.430+0000] {processor.py:914} INFO - Processing file /home/airflow/.local/lib/python3.12/site-packages/airflow/example_dags/example_latest_only_with_trigger.py for tasks to queue
[2025-06-26T23:04:51.432+0000] {logging_mixin.py:190} INFO - [2025-06-26T23:04:51.432+0000] {dagbag.py:588} INFO - Filling up the DagBag from /home/airflow/.local/lib/python3.12/site-packages/airflow/example_dags/example_latest_only_with_trigger.py
[2025-06-26T23:04:51.439+0000] {processor.py:925} INFO - DAG(s) 'latest_only_with_trigger' retrieved from /home/airflow/.local/lib/python3.12/site-packages/airflow/example_dags/example_latest_only_with_trigger.py
[2025-06-26T23:04:51.459+0000] {logging_mixin.py:190} INFO - [2025-06-26T23:04:51.459+0000] {dag.py:3239} INFO - Sync 1 DAGs
[2025-06-26T23:04:51.480+0000] {logging_mixin.py:190} INFO - [2025-06-26T23:04:51.480+0000] {dag.py:4180} INFO - Setting next_dagrun for latest_only_with_trigger to 2025-06-26 16:00:00+00:00, run_after=2025-06-26 20:00:00+00:00
[2025-06-26T23:04:51.504+0000] {processor.py:208} INFO - Processing /home/airflow/.local/lib/python3.12/site-packages/airflow/example_dags/example_latest_only_with_trigger.py took 0.080 seconds
[2025-06-26T23:05:21.678+0000] {processor.py:186} INFO - Started process (PID=2746) to work on /home/airflow/.local/lib/python3.12/site-packages/airflow/example_dags/example_latest_only_with_trigger.py
[2025-06-26T23:05:21.679+0000] {processor.py:914} INFO - Processing file /home/airflow/.local/lib/python3.12/site-packages/airflow/example_dags/example_latest_only_with_trigger.py for tasks to queue
[2025-06-26T23:05:21.682+0000] {logging_mixin.py:190} INFO - [2025-06-26T23:05:21.682+0000] {dagbag.py:588} INFO - Filling up the DagBag from /home/airflow/.local/lib/python3.12/site-packages/airflow/example_dags/example_latest_only_with_trigger.py
[2025-06-26T23:05:21.691+0000] {processor.py:925} INFO - DAG(s) 'latest_only_with_trigger' retrieved from /home/airflow/.local/lib/python3.12/site-packages/airflow/example_dags/example_latest_only_with_trigger.py
[2025-06-26T23:05:21.713+0000] {logging_mixin.py:190} INFO - [2025-06-26T23:05:21.713+0000] {dag.py:3239} INFO - Sync 1 DAGs
[2025-06-26T23:05:21.736+0000] {logging_mixin.py:190} INFO - [2025-06-26T23:05:21.735+0000] {dag.py:4180} INFO - Setting next_dagrun for latest_only_with_trigger to 2025-06-26 16:00:00+00:00, run_after=2025-06-26 20:00:00+00:00
[2025-06-26T23:05:21.757+0000] {processor.py:208} INFO - Processing /home/airflow/.local/lib/python3.12/site-packages/airflow/example_dags/example_latest_only_with_trigger.py took 0.085 seconds
[2025-06-26T23:05:52.019+0000] {processor.py:186} INFO - Started process (PID=2808) to work on /home/airflow/.local/lib/python3.12/site-packages/airflow/example_dags/example_latest_only_with_trigger.py
[2025-06-26T23:05:52.021+0000] {processor.py:914} INFO - Processing file /home/airflow/.local/lib/python3.12/site-packages/airflow/example_dags/example_latest_only_with_trigger.py for tasks to queue
[2025-06-26T23:05:52.024+0000] {logging_mixin.py:190} INFO - [2025-06-26T23:05:52.023+0000] {dagbag.py:588} INFO - Filling up the DagBag from /home/airflow/.local/lib/python3.12/site-packages/airflow/example_dags/example_latest_only_with_trigger.py
[2025-06-26T23:05:52.030+0000] {processor.py:925} INFO - DAG(s) 'latest_only_with_trigger' retrieved from /home/airflow/.local/lib/python3.12/site-packages/airflow/example_dags/example_latest_only_with_trigger.py
[2025-06-26T23:05:52.048+0000] {logging_mixin.py:190} INFO - [2025-06-26T23:05:52.048+0000] {dag.py:3239} INFO - Sync 1 DAGs
[2025-06-26T23:05:52.067+0000] {logging_mixin.py:190} INFO - [2025-06-26T23:05:52.067+0000] {dag.py:4180} INFO - Setting next_dagrun for latest_only_with_trigger to 2025-06-26 16:00:00+00:00, run_after=2025-06-26 20:00:00+00:00
[2025-06-26T23:05:52.086+0000] {processor.py:208} INFO - Processing /home/airflow/.local/lib/python3.12/site-packages/airflow/example_dags/example_latest_only_with_trigger.py took 0.072 seconds
[2025-06-26T23:06:22.847+0000] {processor.py:186} INFO - Started process (PID=2870) to work on /home/airflow/.local/lib/python3.12/site-packages/airflow/example_dags/example_latest_only_with_trigger.py
[2025-06-26T23:06:22.848+0000] {processor.py:914} INFO - Processing file /home/airflow/.local/lib/python3.12/site-packages/airflow/example_dags/example_latest_only_with_trigger.py for tasks to queue
[2025-06-26T23:06:22.850+0000] {logging_mixin.py:190} INFO - [2025-06-26T23:06:22.850+0000] {dagbag.py:588} INFO - Filling up the DagBag from /home/airflow/.local/lib/python3.12/site-packages/airflow/example_dags/example_latest_only_with_trigger.py
[2025-06-26T23:06:22.858+0000] {processor.py:925} INFO - DAG(s) 'latest_only_with_trigger' retrieved from /home/airflow/.local/lib/python3.12/site-packages/airflow/example_dags/example_latest_only_with_trigger.py
[2025-06-26T23:06:22.877+0000] {logging_mixin.py:190} INFO - [2025-06-26T23:06:22.877+0000] {dag.py:3239} INFO - Sync 1 DAGs
[2025-06-26T23:06:22.898+0000] {logging_mixin.py:190} INFO - [2025-06-26T23:06:22.898+0000] {dag.py:4180} INFO - Setting next_dagrun for latest_only_with_trigger to 2025-06-26 16:00:00+00:00, run_after=2025-06-26 20:00:00+00:00
[2025-06-26T23:06:22.917+0000] {processor.py:208} INFO - Processing /home/airflow/.local/lib/python3.12/site-packages/airflow/example_dags/example_latest_only_with_trigger.py took 0.075 seconds
[2025-06-26T23:06:53.840+0000] {processor.py:186} INFO - Started process (PID=2932) to work on /home/airflow/.local/lib/python3.12/site-packages/airflow/example_dags/example_latest_only_with_trigger.py
[2025-06-26T23:06:53.841+0000] {processor.py:914} INFO - Processing file /home/airflow/.local/lib/python3.12/site-packages/airflow/example_dags/example_latest_only_with_trigger.py for tasks to queue
[2025-06-26T23:06:53.844+0000] {logging_mixin.py:190} INFO - [2025-06-26T23:06:53.843+0000] {dagbag.py:588} INFO - Filling up the DagBag from /home/airflow/.local/lib/python3.12/site-packages/airflow/example_dags/example_latest_only_with_trigger.py
[2025-06-26T23:06:53.850+0000] {processor.py:925} INFO - DAG(s) 'latest_only_with_trigger' retrieved from /home/airflow/.local/lib/python3.12/site-packages/airflow/example_dags/example_latest_only_with_trigger.py
[2025-06-26T23:06:53.868+0000] {logging_mixin.py:190} INFO - [2025-06-26T23:06:53.868+0000] {dag.py:3239} INFO - Sync 1 DAGs
[2025-06-26T23:06:53.888+0000] {logging_mixin.py:190} INFO - [2025-06-26T23:06:53.888+0000] {dag.py:4180} INFO - Setting next_dagrun for latest_only_with_trigger to 2025-06-26 16:00:00+00:00, run_after=2025-06-26 20:00:00+00:00
[2025-06-26T23:06:53.907+0000] {processor.py:208} INFO - Processing /home/airflow/.local/lib/python3.12/site-packages/airflow/example_dags/example_latest_only_with_trigger.py took 0.072 seconds
[2025-06-26T23:07:24.556+0000] {processor.py:186} INFO - Started process (PID=2994) to work on /home/airflow/.local/lib/python3.12/site-packages/airflow/example_dags/example_latest_only_with_trigger.py
[2025-06-26T23:07:24.557+0000] {processor.py:914} INFO - Processing file /home/airflow/.local/lib/python3.12/site-packages/airflow/example_dags/example_latest_only_with_trigger.py for tasks to queue
[2025-06-26T23:07:24.559+0000] {logging_mixin.py:190} INFO - [2025-06-26T23:07:24.559+0000] {dagbag.py:588} INFO - Filling up the DagBag from /home/airflow/.local/lib/python3.12/site-packages/airflow/example_dags/example_latest_only_with_trigger.py
[2025-06-26T23:07:24.566+0000] {processor.py:925} INFO - DAG(s) 'latest_only_with_trigger' retrieved from /home/airflow/.local/lib/python3.12/site-packages/airflow/example_dags/example_latest_only_with_trigger.py
[2025-06-26T23:07:24.584+0000] {logging_mixin.py:190} INFO - [2025-06-26T23:07:24.584+0000] {dag.py:3239} INFO - Sync 1 DAGs
[2025-06-26T23:07:24.606+0000] {logging_mixin.py:190} INFO - [2025-06-26T23:07:24.606+0000] {dag.py:4180} INFO - Setting next_dagrun for latest_only_with_trigger to 2025-06-26 16:00:00+00:00, run_after=2025-06-26 20:00:00+00:00
[2025-06-26T23:07:24.625+0000] {processor.py:208} INFO - Processing /home/airflow/.local/lib/python3.12/site-packages/airflow/example_dags/example_latest_only_with_trigger.py took 0.075 seconds
[2025-06-26T23:07:55.524+0000] {processor.py:186} INFO - Started process (PID=3056) to work on /home/airflow/.local/lib/python3.12/site-packages/airflow/example_dags/example_latest_only_with_trigger.py
[2025-06-26T23:07:55.525+0000] {processor.py:914} INFO - Processing file /home/airflow/.local/lib/python3.12/site-packages/airflow/example_dags/example_latest_only_with_trigger.py for tasks to queue
[2025-06-26T23:07:55.527+0000] {logging_mixin.py:190} INFO - [2025-06-26T23:07:55.527+0000] {dagbag.py:588} INFO - Filling up the DagBag from /home/airflow/.local/lib/python3.12/site-packages/airflow/example_dags/example_latest_only_with_trigger.py
[2025-06-26T23:07:55.535+0000] {processor.py:925} INFO - DAG(s) 'latest_only_with_trigger' retrieved from /home/airflow/.local/lib/python3.12/site-packages/airflow/example_dags/example_latest_only_with_trigger.py
[2025-06-26T23:07:55.556+0000] {logging_mixin.py:190} INFO - [2025-06-26T23:07:55.555+0000] {dag.py:3239} INFO - Sync 1 DAGs
[2025-06-26T23:07:55.580+0000] {logging_mixin.py:190} INFO - [2025-06-26T23:07:55.580+0000] {dag.py:4180} INFO - Setting next_dagrun for latest_only_with_trigger to 2025-06-26 16:00:00+00:00, run_after=2025-06-26 20:00:00+00:00
[2025-06-26T23:07:55.602+0000] {processor.py:208} INFO - Processing /home/airflow/.local/lib/python3.12/site-packages/airflow/example_dags/example_latest_only_with_trigger.py took 0.083 seconds
[2025-06-26T23:08:26.448+0000] {processor.py:186} INFO - Started process (PID=3118) to work on /home/airflow/.local/lib/python3.12/site-packages/airflow/example_dags/example_latest_only_with_trigger.py
[2025-06-26T23:08:26.449+0000] {processor.py:914} INFO - Processing file /home/airflow/.local/lib/python3.12/site-packages/airflow/example_dags/example_latest_only_with_trigger.py for tasks to queue
[2025-06-26T23:08:26.453+0000] {logging_mixin.py:190} INFO - [2025-06-26T23:08:26.452+0000] {dagbag.py:588} INFO - Filling up the DagBag from /home/airflow/.local/lib/python3.12/site-packages/airflow/example_dags/example_latest_only_with_trigger.py
[2025-06-26T23:08:26.466+0000] {processor.py:925} INFO - DAG(s) 'latest_only_with_trigger' retrieved from /home/airflow/.local/lib/python3.12/site-packages/airflow/example_dags/example_latest_only_with_trigger.py
[2025-06-26T23:08:26.493+0000] {logging_mixin.py:190} INFO - [2025-06-26T23:08:26.493+0000] {dag.py:3239} INFO - Sync 1 DAGs
[2025-06-26T23:08:26.516+0000] {logging_mixin.py:190} INFO - [2025-06-26T23:08:26.516+0000] {dag.py:4180} INFO - Setting next_dagrun for latest_only_with_trigger to 2025-06-26 16:00:00+00:00, run_after=2025-06-26 20:00:00+00:00
[2025-06-26T23:08:26.536+0000] {processor.py:208} INFO - Processing /home/airflow/.local/lib/python3.12/site-packages/airflow/example_dags/example_latest_only_with_trigger.py took 0.096 seconds
[2025-06-26T23:08:57.218+0000] {processor.py:186} INFO - Started process (PID=3180) to work on /home/airflow/.local/lib/python3.12/site-packages/airflow/example_dags/example_latest_only_with_trigger.py
[2025-06-26T23:08:57.219+0000] {processor.py:914} INFO - Processing file /home/airflow/.local/lib/python3.12/site-packages/airflow/example_dags/example_latest_only_with_trigger.py for tasks to queue
[2025-06-26T23:08:57.222+0000] {logging_mixin.py:190} INFO - [2025-06-26T23:08:57.221+0000] {dagbag.py:588} INFO - Filling up the DagBag from /home/airflow/.local/lib/python3.12/site-packages/airflow/example_dags/example_latest_only_with_trigger.py
[2025-06-26T23:08:57.229+0000] {processor.py:925} INFO - DAG(s) 'latest_only_with_trigger' retrieved from /home/airflow/.local/lib/python3.12/site-packages/airflow/example_dags/example_latest_only_with_trigger.py
[2025-06-26T23:08:57.248+0000] {logging_mixin.py:190} INFO - [2025-06-26T23:08:57.248+0000] {dag.py:3239} INFO - Sync 1 DAGs
[2025-06-26T23:08:57.268+0000] {logging_mixin.py:190} INFO - [2025-06-26T23:08:57.268+0000] {dag.py:4180} INFO - Setting next_dagrun for latest_only_with_trigger to 2025-06-26 16:00:00+00:00, run_after=2025-06-26 20:00:00+00:00
[2025-06-26T23:08:57.286+0000] {processor.py:208} INFO - Processing /home/airflow/.local/lib/python3.12/site-packages/airflow/example_dags/example_latest_only_with_trigger.py took 0.073 seconds
[2025-06-26T23:09:28.469+0000] {processor.py:186} INFO - Started process (PID=3242) to work on /home/airflow/.local/lib/python3.12/site-packages/airflow/example_dags/example_latest_only_with_trigger.py
[2025-06-26T23:09:28.470+0000] {processor.py:914} INFO - Processing file /home/airflow/.local/lib/python3.12/site-packages/airflow/example_dags/example_latest_only_with_trigger.py for tasks to queue
[2025-06-26T23:09:28.472+0000] {logging_mixin.py:190} INFO - [2025-06-26T23:09:28.472+0000] {dagbag.py:588} INFO - Filling up the DagBag from /home/airflow/.local/lib/python3.12/site-packages/airflow/example_dags/example_latest_only_with_trigger.py
[2025-06-26T23:09:28.479+0000] {processor.py:925} INFO - DAG(s) 'latest_only_with_trigger' retrieved from /home/airflow/.local/lib/python3.12/site-packages/airflow/example_dags/example_latest_only_with_trigger.py
[2025-06-26T23:09:28.498+0000] {logging_mixin.py:190} INFO - [2025-06-26T23:09:28.497+0000] {dag.py:3239} INFO - Sync 1 DAGs
[2025-06-26T23:09:28.517+0000] {logging_mixin.py:190} INFO - [2025-06-26T23:09:28.517+0000] {dag.py:4180} INFO - Setting next_dagrun for latest_only_with_trigger to 2025-06-26 16:00:00+00:00, run_after=2025-06-26 20:00:00+00:00
[2025-06-26T23:09:28.538+0000] {processor.py:208} INFO - Processing /home/airflow/.local/lib/python3.12/site-packages/airflow/example_dags/example_latest_only_with_trigger.py took 0.074 seconds
[2025-06-26T23:09:59.289+0000] {processor.py:186} INFO - Started process (PID=3304) to work on /home/airflow/.local/lib/python3.12/site-packages/airflow/example_dags/example_latest_only_with_trigger.py
[2025-06-26T23:09:59.290+0000] {processor.py:914} INFO - Processing file /home/airflow/.local/lib/python3.12/site-packages/airflow/example_dags/example_latest_only_with_trigger.py for tasks to queue
[2025-06-26T23:09:59.292+0000] {logging_mixin.py:190} INFO - [2025-06-26T23:09:59.292+0000] {dagbag.py:588} INFO - Filling up the DagBag from /home/airflow/.local/lib/python3.12/site-packages/airflow/example_dags/example_latest_only_with_trigger.py
[2025-06-26T23:09:59.299+0000] {processor.py:925} INFO - DAG(s) 'latest_only_with_trigger' retrieved from /home/airflow/.local/lib/python3.12/site-packages/airflow/example_dags/example_latest_only_with_trigger.py
[2025-06-26T23:09:59.318+0000] {logging_mixin.py:190} INFO - [2025-06-26T23:09:59.318+0000] {dag.py:3239} INFO - Sync 1 DAGs
[2025-06-26T23:09:59.336+0000] {logging_mixin.py:190} INFO - [2025-06-26T23:09:59.336+0000] {dag.py:4180} INFO - Setting next_dagrun for latest_only_with_trigger to 2025-06-26 16:00:00+00:00, run_after=2025-06-26 20:00:00+00:00
[2025-06-26T23:09:59.353+0000] {processor.py:208} INFO - Processing /home/airflow/.local/lib/python3.12/site-packages/airflow/example_dags/example_latest_only_with_trigger.py took 0.070 seconds
[2025-06-26T23:10:30.239+0000] {processor.py:186} INFO - Started process (PID=3366) to work on /home/airflow/.local/lib/python3.12/site-packages/airflow/example_dags/example_latest_only_with_trigger.py
[2025-06-26T23:10:30.240+0000] {processor.py:914} INFO - Processing file /home/airflow/.local/lib/python3.12/site-packages/airflow/example_dags/example_latest_only_with_trigger.py for tasks to queue
[2025-06-26T23:10:30.243+0000] {logging_mixin.py:190} INFO - [2025-06-26T23:10:30.243+0000] {dagbag.py:588} INFO - Filling up the DagBag from /home/airflow/.local/lib/python3.12/site-packages/airflow/example_dags/example_latest_only_with_trigger.py
[2025-06-26T23:10:30.250+0000] {processor.py:925} INFO - DAG(s) 'latest_only_with_trigger' retrieved from /home/airflow/.local/lib/python3.12/site-packages/airflow/example_dags/example_latest_only_with_trigger.py
[2025-06-26T23:10:30.269+0000] {logging_mixin.py:190} INFO - [2025-06-26T23:10:30.269+0000] {dag.py:3239} INFO - Sync 1 DAGs
[2025-06-26T23:10:30.290+0000] {logging_mixin.py:190} INFO - [2025-06-26T23:10:30.290+0000] {dag.py:4180} INFO - Setting next_dagrun for latest_only_with_trigger to 2025-06-26 16:00:00+00:00, run_after=2025-06-26 20:00:00+00:00
[2025-06-26T23:10:30.309+0000] {processor.py:208} INFO - Processing /home/airflow/.local/lib/python3.12/site-packages/airflow/example_dags/example_latest_only_with_trigger.py took 0.075 seconds
