[2025-06-26T22:43:36.222+0000] {processor.py:186} INFO - Started process (PID=106) to work on /home/airflow/.local/lib/python3.12/site-packages/airflow/example_dags/example_branch_labels.py
[2025-06-26T22:43:36.223+0000] {processor.py:914} INFO - Processing file /home/airflow/.local/lib/python3.12/site-packages/airflow/example_dags/example_branch_labels.py for tasks to queue
[2025-06-26T22:43:36.226+0000] {logging_mixin.py:190} INFO - [2025-06-26T22:43:36.226+0000] {dagbag.py:588} INFO - Filling up the DagBag from /home/airflow/.local/lib/python3.12/site-packages/airflow/example_dags/example_branch_labels.py
[2025-06-26T22:43:36.238+0000] {processor.py:925} INFO - DAG(s) 'example_branch_labels' retrieved from /home/airflow/.local/lib/python3.12/site-packages/airflow/example_dags/example_branch_labels.py
[2025-06-26T22:43:36.345+0000] {logging_mixin.py:190} INFO - [2025-06-26T22:43:36.344+0000] {override.py:1900} INFO - Created Permission View: can read on DAG:example_branch_labels
[2025-06-26T22:43:36.356+0000] {logging_mixin.py:190} INFO - [2025-06-26T22:43:36.356+0000] {override.py:1900} INFO - Created Permission View: can edit on DAG:example_branch_labels
[2025-06-26T22:43:36.364+0000] {logging_mixin.py:190} INFO - [2025-06-26T22:43:36.363+0000] {override.py:1900} INFO - Created Permission View: can delete on DAG:example_branch_labels
[2025-06-26T22:43:36.375+0000] {logging_mixin.py:190} INFO - [2025-06-26T22:43:36.375+0000] {override.py:1900} INFO - Created Permission View: can read on DAG Run:example_branch_labels
[2025-06-26T22:43:36.385+0000] {logging_mixin.py:190} INFO - [2025-06-26T22:43:36.385+0000] {override.py:1900} INFO - Created Permission View: can delete on DAG Run:example_branch_labels
[2025-06-26T22:43:36.393+0000] {logging_mixin.py:190} INFO - [2025-06-26T22:43:36.393+0000] {override.py:1900} INFO - Created Permission View: menu access on DAG Run:example_branch_labels
[2025-06-26T22:43:36.401+0000] {logging_mixin.py:190} INFO - [2025-06-26T22:43:36.400+0000] {override.py:1900} INFO - Created Permission View: can create on DAG Run:example_branch_labels
[2025-06-26T22:43:36.401+0000] {logging_mixin.py:190} INFO - [2025-06-26T22:43:36.401+0000] {dag.py:3239} INFO - Sync 1 DAGs
[2025-06-26T22:43:36.413+0000] {logging_mixin.py:190} INFO - [2025-06-26T22:43:36.412+0000] {dag.py:3262} INFO - Creating ORM DAG for example_branch_labels
[2025-06-26T22:43:36.422+0000] {logging_mixin.py:190} INFO - [2025-06-26T22:43:36.421+0000] {dag.py:4180} INFO - Setting next_dagrun for example_branch_labels to 2025-06-25 00:00:00+00:00, run_after=2025-06-26 00:00:00+00:00
[2025-06-26T22:43:36.438+0000] {processor.py:208} INFO - Processing /home/airflow/.local/lib/python3.12/site-packages/airflow/example_dags/example_branch_labels.py took 0.222 seconds
[2025-06-26T22:44:06.478+0000] {processor.py:186} INFO - Started process (PID=168) to work on /home/airflow/.local/lib/python3.12/site-packages/airflow/example_dags/example_branch_labels.py
[2025-06-26T22:44:06.479+0000] {processor.py:914} INFO - Processing file /home/airflow/.local/lib/python3.12/site-packages/airflow/example_dags/example_branch_labels.py for tasks to queue
[2025-06-26T22:44:06.482+0000] {logging_mixin.py:190} INFO - [2025-06-26T22:44:06.482+0000] {dagbag.py:588} INFO - Filling up the DagBag from /home/airflow/.local/lib/python3.12/site-packages/airflow/example_dags/example_branch_labels.py
[2025-06-26T22:44:06.491+0000] {processor.py:925} INFO - DAG(s) 'example_branch_labels' retrieved from /home/airflow/.local/lib/python3.12/site-packages/airflow/example_dags/example_branch_labels.py
[2025-06-26T22:44:06.514+0000] {logging_mixin.py:190} INFO - [2025-06-26T22:44:06.514+0000] {dag.py:3239} INFO - Sync 1 DAGs
[2025-06-26T22:44:06.535+0000] {logging_mixin.py:190} INFO - [2025-06-26T22:44:06.535+0000] {dag.py:4180} INFO - Setting next_dagrun for example_branch_labels to 2025-06-25 00:00:00+00:00, run_after=2025-06-26 00:00:00+00:00
[2025-06-26T22:44:06.557+0000] {processor.py:208} INFO - Processing /home/airflow/.local/lib/python3.12/site-packages/airflow/example_dags/example_branch_labels.py took 0.085 seconds
[2025-06-26T22:44:36.946+0000] {processor.py:186} INFO - Started process (PID=230) to work on /home/airflow/.local/lib/python3.12/site-packages/airflow/example_dags/example_branch_labels.py
[2025-06-26T22:44:36.948+0000] {processor.py:914} INFO - Processing file /home/airflow/.local/lib/python3.12/site-packages/airflow/example_dags/example_branch_labels.py for tasks to queue
[2025-06-26T22:44:36.950+0000] {logging_mixin.py:190} INFO - [2025-06-26T22:44:36.950+0000] {dagbag.py:588} INFO - Filling up the DagBag from /home/airflow/.local/lib/python3.12/site-packages/airflow/example_dags/example_branch_labels.py
[2025-06-26T22:44:36.960+0000] {processor.py:925} INFO - DAG(s) 'example_branch_labels' retrieved from /home/airflow/.local/lib/python3.12/site-packages/airflow/example_dags/example_branch_labels.py
[2025-06-26T22:44:36.978+0000] {logging_mixin.py:190} INFO - [2025-06-26T22:44:36.978+0000] {dag.py:3239} INFO - Sync 1 DAGs
[2025-06-26T22:44:36.998+0000] {logging_mixin.py:190} INFO - [2025-06-26T22:44:36.998+0000] {dag.py:4180} INFO - Setting next_dagrun for example_branch_labels to 2025-06-25 00:00:00+00:00, run_after=2025-06-26 00:00:00+00:00
[2025-06-26T22:44:37.017+0000] {processor.py:208} INFO - Processing /home/airflow/.local/lib/python3.12/site-packages/airflow/example_dags/example_branch_labels.py took 0.078 seconds
[2025-06-26T22:45:07.307+0000] {processor.py:186} INFO - Started process (PID=292) to work on /home/airflow/.local/lib/python3.12/site-packages/airflow/example_dags/example_branch_labels.py
[2025-06-26T22:45:07.308+0000] {processor.py:914} INFO - Processing file /home/airflow/.local/lib/python3.12/site-packages/airflow/example_dags/example_branch_labels.py for tasks to queue
[2025-06-26T22:45:07.310+0000] {logging_mixin.py:190} INFO - [2025-06-26T22:45:07.310+0000] {dagbag.py:588} INFO - Filling up the DagBag from /home/airflow/.local/lib/python3.12/site-packages/airflow/example_dags/example_branch_labels.py
[2025-06-26T22:45:07.319+0000] {processor.py:925} INFO - DAG(s) 'example_branch_labels' retrieved from /home/airflow/.local/lib/python3.12/site-packages/airflow/example_dags/example_branch_labels.py
[2025-06-26T22:45:07.338+0000] {logging_mixin.py:190} INFO - [2025-06-26T22:45:07.338+0000] {dag.py:3239} INFO - Sync 1 DAGs
[2025-06-26T22:45:07.357+0000] {logging_mixin.py:190} INFO - [2025-06-26T22:45:07.357+0000] {dag.py:4180} INFO - Setting next_dagrun for example_branch_labels to 2025-06-25 00:00:00+00:00, run_after=2025-06-26 00:00:00+00:00
[2025-06-26T22:45:07.373+0000] {processor.py:208} INFO - Processing /home/airflow/.local/lib/python3.12/site-packages/airflow/example_dags/example_branch_labels.py took 0.072 seconds
[2025-06-26T22:45:37.630+0000] {processor.py:186} INFO - Started process (PID=354) to work on /home/airflow/.local/lib/python3.12/site-packages/airflow/example_dags/example_branch_labels.py
[2025-06-26T22:45:37.631+0000] {processor.py:914} INFO - Processing file /home/airflow/.local/lib/python3.12/site-packages/airflow/example_dags/example_branch_labels.py for tasks to queue
[2025-06-26T22:45:37.634+0000] {logging_mixin.py:190} INFO - [2025-06-26T22:45:37.633+0000] {dagbag.py:588} INFO - Filling up the DagBag from /home/airflow/.local/lib/python3.12/site-packages/airflow/example_dags/example_branch_labels.py
[2025-06-26T22:45:37.644+0000] {processor.py:925} INFO - DAG(s) 'example_branch_labels' retrieved from /home/airflow/.local/lib/python3.12/site-packages/airflow/example_dags/example_branch_labels.py
[2025-06-26T22:45:37.663+0000] {logging_mixin.py:190} INFO - [2025-06-26T22:45:37.662+0000] {dag.py:3239} INFO - Sync 1 DAGs
[2025-06-26T22:45:37.683+0000] {logging_mixin.py:190} INFO - [2025-06-26T22:45:37.683+0000] {dag.py:4180} INFO - Setting next_dagrun for example_branch_labels to 2025-06-25 00:00:00+00:00, run_after=2025-06-26 00:00:00+00:00
[2025-06-26T22:45:37.702+0000] {processor.py:208} INFO - Processing /home/airflow/.local/lib/python3.12/site-packages/airflow/example_dags/example_branch_labels.py took 0.078 seconds
[2025-06-26T22:46:08.229+0000] {processor.py:186} INFO - Started process (PID=416) to work on /home/airflow/.local/lib/python3.12/site-packages/airflow/example_dags/example_branch_labels.py
[2025-06-26T22:46:08.230+0000] {processor.py:914} INFO - Processing file /home/airflow/.local/lib/python3.12/site-packages/airflow/example_dags/example_branch_labels.py for tasks to queue
[2025-06-26T22:46:08.232+0000] {logging_mixin.py:190} INFO - [2025-06-26T22:46:08.232+0000] {dagbag.py:588} INFO - Filling up the DagBag from /home/airflow/.local/lib/python3.12/site-packages/airflow/example_dags/example_branch_labels.py
[2025-06-26T22:46:08.240+0000] {processor.py:925} INFO - DAG(s) 'example_branch_labels' retrieved from /home/airflow/.local/lib/python3.12/site-packages/airflow/example_dags/example_branch_labels.py
[2025-06-26T22:46:08.259+0000] {logging_mixin.py:190} INFO - [2025-06-26T22:46:08.259+0000] {dag.py:3239} INFO - Sync 1 DAGs
[2025-06-26T22:46:08.279+0000] {logging_mixin.py:190} INFO - [2025-06-26T22:46:08.279+0000] {dag.py:4180} INFO - Setting next_dagrun for example_branch_labels to 2025-06-25 00:00:00+00:00, run_after=2025-06-26 00:00:00+00:00
[2025-06-26T22:46:08.298+0000] {processor.py:208} INFO - Processing /home/airflow/.local/lib/python3.12/site-packages/airflow/example_dags/example_branch_labels.py took 0.075 seconds
[2025-06-26T22:46:38.780+0000] {processor.py:186} INFO - Started process (PID=478) to work on /home/airflow/.local/lib/python3.12/site-packages/airflow/example_dags/example_branch_labels.py
[2025-06-26T22:46:38.781+0000] {processor.py:914} INFO - Processing file /home/airflow/.local/lib/python3.12/site-packages/airflow/example_dags/example_branch_labels.py for tasks to queue
[2025-06-26T22:46:38.784+0000] {logging_mixin.py:190} INFO - [2025-06-26T22:46:38.783+0000] {dagbag.py:588} INFO - Filling up the DagBag from /home/airflow/.local/lib/python3.12/site-packages/airflow/example_dags/example_branch_labels.py
[2025-06-26T22:46:38.794+0000] {processor.py:925} INFO - DAG(s) 'example_branch_labels' retrieved from /home/airflow/.local/lib/python3.12/site-packages/airflow/example_dags/example_branch_labels.py
[2025-06-26T22:46:38.814+0000] {logging_mixin.py:190} INFO - [2025-06-26T22:46:38.814+0000] {dag.py:3239} INFO - Sync 1 DAGs
[2025-06-26T22:46:38.835+0000] {logging_mixin.py:190} INFO - [2025-06-26T22:46:38.834+0000] {dag.py:4180} INFO - Setting next_dagrun for example_branch_labels to 2025-06-25 00:00:00+00:00, run_after=2025-06-26 00:00:00+00:00
[2025-06-26T22:46:38.854+0000] {processor.py:208} INFO - Processing /home/airflow/.local/lib/python3.12/site-packages/airflow/example_dags/example_branch_labels.py took 0.079 seconds
[2025-06-26T22:47:09.097+0000] {processor.py:186} INFO - Started process (PID=540) to work on /home/airflow/.local/lib/python3.12/site-packages/airflow/example_dags/example_branch_labels.py
[2025-06-26T22:47:09.098+0000] {processor.py:914} INFO - Processing file /home/airflow/.local/lib/python3.12/site-packages/airflow/example_dags/example_branch_labels.py for tasks to queue
[2025-06-26T22:47:09.100+0000] {logging_mixin.py:190} INFO - [2025-06-26T22:47:09.100+0000] {dagbag.py:588} INFO - Filling up the DagBag from /home/airflow/.local/lib/python3.12/site-packages/airflow/example_dags/example_branch_labels.py
[2025-06-26T22:47:09.111+0000] {processor.py:925} INFO - DAG(s) 'example_branch_labels' retrieved from /home/airflow/.local/lib/python3.12/site-packages/airflow/example_dags/example_branch_labels.py
[2025-06-26T22:47:09.130+0000] {logging_mixin.py:190} INFO - [2025-06-26T22:47:09.130+0000] {dag.py:3239} INFO - Sync 1 DAGs
[2025-06-26T22:47:09.154+0000] {logging_mixin.py:190} INFO - [2025-06-26T22:47:09.153+0000] {dag.py:4180} INFO - Setting next_dagrun for example_branch_labels to 2025-06-25 00:00:00+00:00, run_after=2025-06-26 00:00:00+00:00
[2025-06-26T22:47:09.178+0000] {processor.py:208} INFO - Processing /home/airflow/.local/lib/python3.12/site-packages/airflow/example_dags/example_branch_labels.py took 0.087 seconds
[2025-06-26T22:47:39.527+0000] {processor.py:186} INFO - Started process (PID=602) to work on /home/airflow/.local/lib/python3.12/site-packages/airflow/example_dags/example_branch_labels.py
[2025-06-26T22:47:39.528+0000] {processor.py:914} INFO - Processing file /home/airflow/.local/lib/python3.12/site-packages/airflow/example_dags/example_branch_labels.py for tasks to queue
[2025-06-26T22:47:39.531+0000] {logging_mixin.py:190} INFO - [2025-06-26T22:47:39.530+0000] {dagbag.py:588} INFO - Filling up the DagBag from /home/airflow/.local/lib/python3.12/site-packages/airflow/example_dags/example_branch_labels.py
[2025-06-26T22:47:39.540+0000] {processor.py:925} INFO - DAG(s) 'example_branch_labels' retrieved from /home/airflow/.local/lib/python3.12/site-packages/airflow/example_dags/example_branch_labels.py
[2025-06-26T22:47:39.557+0000] {logging_mixin.py:190} INFO - [2025-06-26T22:47:39.557+0000] {dag.py:3239} INFO - Sync 1 DAGs
[2025-06-26T22:47:39.577+0000] {logging_mixin.py:190} INFO - [2025-06-26T22:47:39.577+0000] {dag.py:4180} INFO - Setting next_dagrun for example_branch_labels to 2025-06-25 00:00:00+00:00, run_after=2025-06-26 00:00:00+00:00
[2025-06-26T22:47:39.594+0000] {processor.py:208} INFO - Processing /home/airflow/.local/lib/python3.12/site-packages/airflow/example_dags/example_branch_labels.py took 0.072 seconds
[2025-06-26T22:48:09.847+0000] {processor.py:186} INFO - Started process (PID=664) to work on /home/airflow/.local/lib/python3.12/site-packages/airflow/example_dags/example_branch_labels.py
[2025-06-26T22:48:09.849+0000] {processor.py:914} INFO - Processing file /home/airflow/.local/lib/python3.12/site-packages/airflow/example_dags/example_branch_labels.py for tasks to queue
[2025-06-26T22:48:09.851+0000] {logging_mixin.py:190} INFO - [2025-06-26T22:48:09.851+0000] {dagbag.py:588} INFO - Filling up the DagBag from /home/airflow/.local/lib/python3.12/site-packages/airflow/example_dags/example_branch_labels.py
[2025-06-26T22:48:09.864+0000] {processor.py:925} INFO - DAG(s) 'example_branch_labels' retrieved from /home/airflow/.local/lib/python3.12/site-packages/airflow/example_dags/example_branch_labels.py
[2025-06-26T22:48:09.887+0000] {logging_mixin.py:190} INFO - [2025-06-26T22:48:09.886+0000] {dag.py:3239} INFO - Sync 1 DAGs
[2025-06-26T22:48:09.907+0000] {logging_mixin.py:190} INFO - [2025-06-26T22:48:09.907+0000] {dag.py:4180} INFO - Setting next_dagrun for example_branch_labels to 2025-06-25 00:00:00+00:00, run_after=2025-06-26 00:00:00+00:00
[2025-06-26T22:48:09.925+0000] {processor.py:208} INFO - Processing /home/airflow/.local/lib/python3.12/site-packages/airflow/example_dags/example_branch_labels.py took 0.085 seconds
[2025-06-26T22:48:40.155+0000] {processor.py:186} INFO - Started process (PID=726) to work on /home/airflow/.local/lib/python3.12/site-packages/airflow/example_dags/example_branch_labels.py
[2025-06-26T22:48:40.156+0000] {processor.py:914} INFO - Processing file /home/airflow/.local/lib/python3.12/site-packages/airflow/example_dags/example_branch_labels.py for tasks to queue
[2025-06-26T22:48:40.158+0000] {logging_mixin.py:190} INFO - [2025-06-26T22:48:40.158+0000] {dagbag.py:588} INFO - Filling up the DagBag from /home/airflow/.local/lib/python3.12/site-packages/airflow/example_dags/example_branch_labels.py
[2025-06-26T22:48:40.167+0000] {processor.py:925} INFO - DAG(s) 'example_branch_labels' retrieved from /home/airflow/.local/lib/python3.12/site-packages/airflow/example_dags/example_branch_labels.py
[2025-06-26T22:48:40.185+0000] {logging_mixin.py:190} INFO - [2025-06-26T22:48:40.185+0000] {dag.py:3239} INFO - Sync 1 DAGs
[2025-06-26T22:48:40.207+0000] {logging_mixin.py:190} INFO - [2025-06-26T22:48:40.206+0000] {dag.py:4180} INFO - Setting next_dagrun for example_branch_labels to 2025-06-25 00:00:00+00:00, run_after=2025-06-26 00:00:00+00:00
[2025-06-26T22:48:40.225+0000] {processor.py:208} INFO - Processing /home/airflow/.local/lib/python3.12/site-packages/airflow/example_dags/example_branch_labels.py took 0.075 seconds
[2025-06-26T22:49:10.517+0000] {processor.py:186} INFO - Started process (PID=788) to work on /home/airflow/.local/lib/python3.12/site-packages/airflow/example_dags/example_branch_labels.py
[2025-06-26T22:49:10.518+0000] {processor.py:914} INFO - Processing file /home/airflow/.local/lib/python3.12/site-packages/airflow/example_dags/example_branch_labels.py for tasks to queue
[2025-06-26T22:49:10.520+0000] {logging_mixin.py:190} INFO - [2025-06-26T22:49:10.520+0000] {dagbag.py:588} INFO - Filling up the DagBag from /home/airflow/.local/lib/python3.12/site-packages/airflow/example_dags/example_branch_labels.py
[2025-06-26T22:49:10.528+0000] {processor.py:925} INFO - DAG(s) 'example_branch_labels' retrieved from /home/airflow/.local/lib/python3.12/site-packages/airflow/example_dags/example_branch_labels.py
[2025-06-26T22:49:10.547+0000] {logging_mixin.py:190} INFO - [2025-06-26T22:49:10.547+0000] {dag.py:3239} INFO - Sync 1 DAGs
[2025-06-26T22:49:10.567+0000] {logging_mixin.py:190} INFO - [2025-06-26T22:49:10.567+0000] {dag.py:4180} INFO - Setting next_dagrun for example_branch_labels to 2025-06-25 00:00:00+00:00, run_after=2025-06-26 00:00:00+00:00
[2025-06-26T22:49:10.586+0000] {processor.py:208} INFO - Processing /home/airflow/.local/lib/python3.12/site-packages/airflow/example_dags/example_branch_labels.py took 0.074 seconds
[2025-06-26T22:49:40.848+0000] {processor.py:186} INFO - Started process (PID=850) to work on /home/airflow/.local/lib/python3.12/site-packages/airflow/example_dags/example_branch_labels.py
[2025-06-26T22:49:40.849+0000] {processor.py:914} INFO - Processing file /home/airflow/.local/lib/python3.12/site-packages/airflow/example_dags/example_branch_labels.py for tasks to queue
[2025-06-26T22:49:40.851+0000] {logging_mixin.py:190} INFO - [2025-06-26T22:49:40.851+0000] {dagbag.py:588} INFO - Filling up the DagBag from /home/airflow/.local/lib/python3.12/site-packages/airflow/example_dags/example_branch_labels.py
[2025-06-26T22:49:40.860+0000] {processor.py:925} INFO - DAG(s) 'example_branch_labels' retrieved from /home/airflow/.local/lib/python3.12/site-packages/airflow/example_dags/example_branch_labels.py
[2025-06-26T22:49:40.877+0000] {logging_mixin.py:190} INFO - [2025-06-26T22:49:40.877+0000] {dag.py:3239} INFO - Sync 1 DAGs
[2025-06-26T22:49:40.896+0000] {logging_mixin.py:190} INFO - [2025-06-26T22:49:40.895+0000] {dag.py:4180} INFO - Setting next_dagrun for example_branch_labels to 2025-06-25 00:00:00+00:00, run_after=2025-06-26 00:00:00+00:00
[2025-06-26T22:49:40.914+0000] {processor.py:208} INFO - Processing /home/airflow/.local/lib/python3.12/site-packages/airflow/example_dags/example_branch_labels.py took 0.072 seconds
[2025-06-26T22:50:11.286+0000] {processor.py:186} INFO - Started process (PID=912) to work on /home/airflow/.local/lib/python3.12/site-packages/airflow/example_dags/example_branch_labels.py
[2025-06-26T22:50:11.287+0000] {processor.py:914} INFO - Processing file /home/airflow/.local/lib/python3.12/site-packages/airflow/example_dags/example_branch_labels.py for tasks to queue
[2025-06-26T22:50:11.290+0000] {logging_mixin.py:190} INFO - [2025-06-26T22:50:11.290+0000] {dagbag.py:588} INFO - Filling up the DagBag from /home/airflow/.local/lib/python3.12/site-packages/airflow/example_dags/example_branch_labels.py
[2025-06-26T22:50:11.299+0000] {processor.py:925} INFO - DAG(s) 'example_branch_labels' retrieved from /home/airflow/.local/lib/python3.12/site-packages/airflow/example_dags/example_branch_labels.py
[2025-06-26T22:50:11.319+0000] {logging_mixin.py:190} INFO - [2025-06-26T22:50:11.319+0000] {dag.py:3239} INFO - Sync 1 DAGs
[2025-06-26T22:50:11.340+0000] {logging_mixin.py:190} INFO - [2025-06-26T22:50:11.339+0000] {dag.py:4180} INFO - Setting next_dagrun for example_branch_labels to 2025-06-25 00:00:00+00:00, run_after=2025-06-26 00:00:00+00:00
[2025-06-26T22:50:11.362+0000] {processor.py:208} INFO - Processing /home/airflow/.local/lib/python3.12/site-packages/airflow/example_dags/example_branch_labels.py took 0.082 seconds
[2025-06-26T22:50:41.697+0000] {processor.py:186} INFO - Started process (PID=973) to work on /home/airflow/.local/lib/python3.12/site-packages/airflow/example_dags/example_branch_labels.py
[2025-06-26T22:50:41.698+0000] {processor.py:914} INFO - Processing file /home/airflow/.local/lib/python3.12/site-packages/airflow/example_dags/example_branch_labels.py for tasks to queue
[2025-06-26T22:50:41.701+0000] {logging_mixin.py:190} INFO - [2025-06-26T22:50:41.701+0000] {dagbag.py:588} INFO - Filling up the DagBag from /home/airflow/.local/lib/python3.12/site-packages/airflow/example_dags/example_branch_labels.py
[2025-06-26T22:50:41.712+0000] {processor.py:925} INFO - DAG(s) 'example_branch_labels' retrieved from /home/airflow/.local/lib/python3.12/site-packages/airflow/example_dags/example_branch_labels.py
[2025-06-26T22:50:41.729+0000] {logging_mixin.py:190} INFO - [2025-06-26T22:50:41.729+0000] {dag.py:3239} INFO - Sync 1 DAGs
[2025-06-26T22:50:41.748+0000] {logging_mixin.py:190} INFO - [2025-06-26T22:50:41.748+0000] {dag.py:4180} INFO - Setting next_dagrun for example_branch_labels to 2025-06-25 00:00:00+00:00, run_after=2025-06-26 00:00:00+00:00
[2025-06-26T22:50:41.768+0000] {processor.py:208} INFO - Processing /home/airflow/.local/lib/python3.12/site-packages/airflow/example_dags/example_branch_labels.py took 0.078 seconds
[2025-06-26T22:51:12.206+0000] {processor.py:186} INFO - Started process (PID=1035) to work on /home/airflow/.local/lib/python3.12/site-packages/airflow/example_dags/example_branch_labels.py
[2025-06-26T22:51:12.207+0000] {processor.py:914} INFO - Processing file /home/airflow/.local/lib/python3.12/site-packages/airflow/example_dags/example_branch_labels.py for tasks to queue
[2025-06-26T22:51:12.210+0000] {logging_mixin.py:190} INFO - [2025-06-26T22:51:12.209+0000] {dagbag.py:588} INFO - Filling up the DagBag from /home/airflow/.local/lib/python3.12/site-packages/airflow/example_dags/example_branch_labels.py
[2025-06-26T22:51:12.220+0000] {processor.py:925} INFO - DAG(s) 'example_branch_labels' retrieved from /home/airflow/.local/lib/python3.12/site-packages/airflow/example_dags/example_branch_labels.py
[2025-06-26T22:51:12.239+0000] {logging_mixin.py:190} INFO - [2025-06-26T22:51:12.239+0000] {dag.py:3239} INFO - Sync 1 DAGs
[2025-06-26T22:51:12.261+0000] {logging_mixin.py:190} INFO - [2025-06-26T22:51:12.260+0000] {dag.py:4180} INFO - Setting next_dagrun for example_branch_labels to 2025-06-25 00:00:00+00:00, run_after=2025-06-26 00:00:00+00:00
[2025-06-26T22:51:12.280+0000] {processor.py:208} INFO - Processing /home/airflow/.local/lib/python3.12/site-packages/airflow/example_dags/example_branch_labels.py took 0.079 seconds
[2025-06-26T22:51:42.567+0000] {processor.py:186} INFO - Started process (PID=1097) to work on /home/airflow/.local/lib/python3.12/site-packages/airflow/example_dags/example_branch_labels.py
[2025-06-26T22:51:42.569+0000] {processor.py:914} INFO - Processing file /home/airflow/.local/lib/python3.12/site-packages/airflow/example_dags/example_branch_labels.py for tasks to queue
[2025-06-26T22:51:42.574+0000] {logging_mixin.py:190} INFO - [2025-06-26T22:51:42.573+0000] {dagbag.py:588} INFO - Filling up the DagBag from /home/airflow/.local/lib/python3.12/site-packages/airflow/example_dags/example_branch_labels.py
[2025-06-26T22:51:42.584+0000] {processor.py:925} INFO - DAG(s) 'example_branch_labels' retrieved from /home/airflow/.local/lib/python3.12/site-packages/airflow/example_dags/example_branch_labels.py
[2025-06-26T22:51:42.603+0000] {logging_mixin.py:190} INFO - [2025-06-26T22:51:42.603+0000] {dag.py:3239} INFO - Sync 1 DAGs
[2025-06-26T22:51:42.624+0000] {logging_mixin.py:190} INFO - [2025-06-26T22:51:42.623+0000] {dag.py:4180} INFO - Setting next_dagrun for example_branch_labels to 2025-06-25 00:00:00+00:00, run_after=2025-06-26 00:00:00+00:00
[2025-06-26T22:51:42.641+0000] {processor.py:208} INFO - Processing /home/airflow/.local/lib/python3.12/site-packages/airflow/example_dags/example_branch_labels.py took 0.079 seconds
[2025-06-26T22:52:12.859+0000] {processor.py:186} INFO - Started process (PID=1159) to work on /home/airflow/.local/lib/python3.12/site-packages/airflow/example_dags/example_branch_labels.py
[2025-06-26T22:52:12.860+0000] {processor.py:914} INFO - Processing file /home/airflow/.local/lib/python3.12/site-packages/airflow/example_dags/example_branch_labels.py for tasks to queue
[2025-06-26T22:52:12.862+0000] {logging_mixin.py:190} INFO - [2025-06-26T22:52:12.862+0000] {dagbag.py:588} INFO - Filling up the DagBag from /home/airflow/.local/lib/python3.12/site-packages/airflow/example_dags/example_branch_labels.py
[2025-06-26T22:52:12.871+0000] {processor.py:925} INFO - DAG(s) 'example_branch_labels' retrieved from /home/airflow/.local/lib/python3.12/site-packages/airflow/example_dags/example_branch_labels.py
[2025-06-26T22:52:12.890+0000] {logging_mixin.py:190} INFO - [2025-06-26T22:52:12.890+0000] {dag.py:3239} INFO - Sync 1 DAGs
[2025-06-26T22:52:12.910+0000] {logging_mixin.py:190} INFO - [2025-06-26T22:52:12.910+0000] {dag.py:4180} INFO - Setting next_dagrun for example_branch_labels to 2025-06-25 00:00:00+00:00, run_after=2025-06-26 00:00:00+00:00
[2025-06-26T22:52:12.927+0000] {processor.py:208} INFO - Processing /home/airflow/.local/lib/python3.12/site-packages/airflow/example_dags/example_branch_labels.py took 0.074 seconds
[2025-06-26T22:52:43.894+0000] {processor.py:186} INFO - Started process (PID=1221) to work on /home/airflow/.local/lib/python3.12/site-packages/airflow/example_dags/example_branch_labels.py
[2025-06-26T22:52:43.895+0000] {processor.py:914} INFO - Processing file /home/airflow/.local/lib/python3.12/site-packages/airflow/example_dags/example_branch_labels.py for tasks to queue
[2025-06-26T22:52:43.898+0000] {logging_mixin.py:190} INFO - [2025-06-26T22:52:43.897+0000] {dagbag.py:588} INFO - Filling up the DagBag from /home/airflow/.local/lib/python3.12/site-packages/airflow/example_dags/example_branch_labels.py
[2025-06-26T22:52:43.908+0000] {processor.py:925} INFO - DAG(s) 'example_branch_labels' retrieved from /home/airflow/.local/lib/python3.12/site-packages/airflow/example_dags/example_branch_labels.py
[2025-06-26T22:52:43.927+0000] {logging_mixin.py:190} INFO - [2025-06-26T22:52:43.927+0000] {dag.py:3239} INFO - Sync 1 DAGs
[2025-06-26T22:52:43.946+0000] {logging_mixin.py:190} INFO - [2025-06-26T22:52:43.946+0000] {dag.py:4180} INFO - Setting next_dagrun for example_branch_labels to 2025-06-25 00:00:00+00:00, run_after=2025-06-26 00:00:00+00:00
[2025-06-26T22:52:43.963+0000] {processor.py:208} INFO - Processing /home/airflow/.local/lib/python3.12/site-packages/airflow/example_dags/example_branch_labels.py took 0.075 seconds
[2025-06-26T22:53:14.427+0000] {processor.py:186} INFO - Started process (PID=1283) to work on /home/airflow/.local/lib/python3.12/site-packages/airflow/example_dags/example_branch_labels.py
[2025-06-26T22:53:14.428+0000] {processor.py:914} INFO - Processing file /home/airflow/.local/lib/python3.12/site-packages/airflow/example_dags/example_branch_labels.py for tasks to queue
[2025-06-26T22:53:14.432+0000] {logging_mixin.py:190} INFO - [2025-06-26T22:53:14.431+0000] {dagbag.py:588} INFO - Filling up the DagBag from /home/airflow/.local/lib/python3.12/site-packages/airflow/example_dags/example_branch_labels.py
[2025-06-26T22:53:14.442+0000] {processor.py:925} INFO - DAG(s) 'example_branch_labels' retrieved from /home/airflow/.local/lib/python3.12/site-packages/airflow/example_dags/example_branch_labels.py
[2025-06-26T22:53:14.462+0000] {logging_mixin.py:190} INFO - [2025-06-26T22:53:14.461+0000] {dag.py:3239} INFO - Sync 1 DAGs
[2025-06-26T22:53:14.482+0000] {logging_mixin.py:190} INFO - [2025-06-26T22:53:14.482+0000] {dag.py:4180} INFO - Setting next_dagrun for example_branch_labels to 2025-06-25 00:00:00+00:00, run_after=2025-06-26 00:00:00+00:00
[2025-06-26T22:53:14.505+0000] {processor.py:208} INFO - Processing /home/airflow/.local/lib/python3.12/site-packages/airflow/example_dags/example_branch_labels.py took 0.084 seconds
[2025-06-26T22:53:44.685+0000] {processor.py:186} INFO - Started process (PID=1345) to work on /home/airflow/.local/lib/python3.12/site-packages/airflow/example_dags/example_branch_labels.py
[2025-06-26T22:53:44.686+0000] {processor.py:914} INFO - Processing file /home/airflow/.local/lib/python3.12/site-packages/airflow/example_dags/example_branch_labels.py for tasks to queue
[2025-06-26T22:53:44.689+0000] {logging_mixin.py:190} INFO - [2025-06-26T22:53:44.688+0000] {dagbag.py:588} INFO - Filling up the DagBag from /home/airflow/.local/lib/python3.12/site-packages/airflow/example_dags/example_branch_labels.py
[2025-06-26T22:53:44.698+0000] {processor.py:925} INFO - DAG(s) 'example_branch_labels' retrieved from /home/airflow/.local/lib/python3.12/site-packages/airflow/example_dags/example_branch_labels.py
[2025-06-26T22:53:44.718+0000] {logging_mixin.py:190} INFO - [2025-06-26T22:53:44.718+0000] {dag.py:3239} INFO - Sync 1 DAGs
[2025-06-26T22:53:44.745+0000] {logging_mixin.py:190} INFO - [2025-06-26T22:53:44.744+0000] {dag.py:4180} INFO - Setting next_dagrun for example_branch_labels to 2025-06-25 00:00:00+00:00, run_after=2025-06-26 00:00:00+00:00
[2025-06-26T22:53:44.762+0000] {processor.py:208} INFO - Processing /home/airflow/.local/lib/python3.12/site-packages/airflow/example_dags/example_branch_labels.py took 0.082 seconds
[2025-06-26T22:54:15.234+0000] {processor.py:186} INFO - Started process (PID=1407) to work on /home/airflow/.local/lib/python3.12/site-packages/airflow/example_dags/example_branch_labels.py
[2025-06-26T22:54:15.235+0000] {processor.py:914} INFO - Processing file /home/airflow/.local/lib/python3.12/site-packages/airflow/example_dags/example_branch_labels.py for tasks to queue
[2025-06-26T22:54:15.238+0000] {logging_mixin.py:190} INFO - [2025-06-26T22:54:15.237+0000] {dagbag.py:588} INFO - Filling up the DagBag from /home/airflow/.local/lib/python3.12/site-packages/airflow/example_dags/example_branch_labels.py
[2025-06-26T22:54:15.248+0000] {processor.py:925} INFO - DAG(s) 'example_branch_labels' retrieved from /home/airflow/.local/lib/python3.12/site-packages/airflow/example_dags/example_branch_labels.py
[2025-06-26T22:54:15.267+0000] {logging_mixin.py:190} INFO - [2025-06-26T22:54:15.267+0000] {dag.py:3239} INFO - Sync 1 DAGs
[2025-06-26T22:54:15.290+0000] {logging_mixin.py:190} INFO - [2025-06-26T22:54:15.289+0000] {dag.py:4180} INFO - Setting next_dagrun for example_branch_labels to 2025-06-25 00:00:00+00:00, run_after=2025-06-26 00:00:00+00:00
[2025-06-26T22:54:15.313+0000] {processor.py:208} INFO - Processing /home/airflow/.local/lib/python3.12/site-packages/airflow/example_dags/example_branch_labels.py took 0.087 seconds
[2025-06-26T22:54:45.670+0000] {processor.py:186} INFO - Started process (PID=1469) to work on /home/airflow/.local/lib/python3.12/site-packages/airflow/example_dags/example_branch_labels.py
[2025-06-26T22:54:45.672+0000] {processor.py:914} INFO - Processing file /home/airflow/.local/lib/python3.12/site-packages/airflow/example_dags/example_branch_labels.py for tasks to queue
[2025-06-26T22:54:45.675+0000] {logging_mixin.py:190} INFO - [2025-06-26T22:54:45.674+0000] {dagbag.py:588} INFO - Filling up the DagBag from /home/airflow/.local/lib/python3.12/site-packages/airflow/example_dags/example_branch_labels.py
[2025-06-26T22:54:45.686+0000] {processor.py:925} INFO - DAG(s) 'example_branch_labels' retrieved from /home/airflow/.local/lib/python3.12/site-packages/airflow/example_dags/example_branch_labels.py
[2025-06-26T22:54:45.715+0000] {logging_mixin.py:190} INFO - [2025-06-26T22:54:45.715+0000] {dag.py:3239} INFO - Sync 1 DAGs
[2025-06-26T22:54:45.742+0000] {logging_mixin.py:190} INFO - [2025-06-26T22:54:45.741+0000] {dag.py:4180} INFO - Setting next_dagrun for example_branch_labels to 2025-06-25 00:00:00+00:00, run_after=2025-06-26 00:00:00+00:00
[2025-06-26T22:54:45.761+0000] {processor.py:208} INFO - Processing /home/airflow/.local/lib/python3.12/site-packages/airflow/example_dags/example_branch_labels.py took 0.100 seconds
[2025-06-26T22:55:16.092+0000] {processor.py:186} INFO - Started process (PID=1531) to work on /home/airflow/.local/lib/python3.12/site-packages/airflow/example_dags/example_branch_labels.py
[2025-06-26T22:55:16.093+0000] {processor.py:914} INFO - Processing file /home/airflow/.local/lib/python3.12/site-packages/airflow/example_dags/example_branch_labels.py for tasks to queue
[2025-06-26T22:55:16.096+0000] {logging_mixin.py:190} INFO - [2025-06-26T22:55:16.095+0000] {dagbag.py:588} INFO - Filling up the DagBag from /home/airflow/.local/lib/python3.12/site-packages/airflow/example_dags/example_branch_labels.py
[2025-06-26T22:55:16.106+0000] {processor.py:925} INFO - DAG(s) 'example_branch_labels' retrieved from /home/airflow/.local/lib/python3.12/site-packages/airflow/example_dags/example_branch_labels.py
[2025-06-26T22:55:16.131+0000] {logging_mixin.py:190} INFO - [2025-06-26T22:55:16.131+0000] {dag.py:3239} INFO - Sync 1 DAGs
[2025-06-26T22:55:16.152+0000] {logging_mixin.py:190} INFO - [2025-06-26T22:55:16.152+0000] {dag.py:4180} INFO - Setting next_dagrun for example_branch_labels to 2025-06-25 00:00:00+00:00, run_after=2025-06-26 00:00:00+00:00
[2025-06-26T22:55:16.174+0000] {processor.py:208} INFO - Processing /home/airflow/.local/lib/python3.12/site-packages/airflow/example_dags/example_branch_labels.py took 0.089 seconds
[2025-06-26T22:55:46.391+0000] {processor.py:186} INFO - Started process (PID=1593) to work on /home/airflow/.local/lib/python3.12/site-packages/airflow/example_dags/example_branch_labels.py
[2025-06-26T22:55:46.393+0000] {processor.py:914} INFO - Processing file /home/airflow/.local/lib/python3.12/site-packages/airflow/example_dags/example_branch_labels.py for tasks to queue
[2025-06-26T22:55:46.396+0000] {logging_mixin.py:190} INFO - [2025-06-26T22:55:46.395+0000] {dagbag.py:588} INFO - Filling up the DagBag from /home/airflow/.local/lib/python3.12/site-packages/airflow/example_dags/example_branch_labels.py
[2025-06-26T22:55:46.404+0000] {processor.py:925} INFO - DAG(s) 'example_branch_labels' retrieved from /home/airflow/.local/lib/python3.12/site-packages/airflow/example_dags/example_branch_labels.py
[2025-06-26T22:55:46.424+0000] {logging_mixin.py:190} INFO - [2025-06-26T22:55:46.424+0000] {dag.py:3239} INFO - Sync 1 DAGs
[2025-06-26T22:55:46.444+0000] {logging_mixin.py:190} INFO - [2025-06-26T22:55:46.444+0000] {dag.py:4180} INFO - Setting next_dagrun for example_branch_labels to 2025-06-25 00:00:00+00:00, run_after=2025-06-26 00:00:00+00:00
[2025-06-26T22:55:46.461+0000] {processor.py:208} INFO - Processing /home/airflow/.local/lib/python3.12/site-packages/airflow/example_dags/example_branch_labels.py took 0.076 seconds
[2025-06-26T22:56:16.719+0000] {processor.py:186} INFO - Started process (PID=1655) to work on /home/airflow/.local/lib/python3.12/site-packages/airflow/example_dags/example_branch_labels.py
[2025-06-26T22:56:16.720+0000] {processor.py:914} INFO - Processing file /home/airflow/.local/lib/python3.12/site-packages/airflow/example_dags/example_branch_labels.py for tasks to queue
[2025-06-26T22:56:16.723+0000] {logging_mixin.py:190} INFO - [2025-06-26T22:56:16.722+0000] {dagbag.py:588} INFO - Filling up the DagBag from /home/airflow/.local/lib/python3.12/site-packages/airflow/example_dags/example_branch_labels.py
[2025-06-26T22:56:16.733+0000] {processor.py:925} INFO - DAG(s) 'example_branch_labels' retrieved from /home/airflow/.local/lib/python3.12/site-packages/airflow/example_dags/example_branch_labels.py
[2025-06-26T22:56:16.754+0000] {logging_mixin.py:190} INFO - [2025-06-26T22:56:16.754+0000] {dag.py:3239} INFO - Sync 1 DAGs
[2025-06-26T22:56:16.779+0000] {logging_mixin.py:190} INFO - [2025-06-26T22:56:16.778+0000] {dag.py:4180} INFO - Setting next_dagrun for example_branch_labels to 2025-06-25 00:00:00+00:00, run_after=2025-06-26 00:00:00+00:00
[2025-06-26T22:56:16.806+0000] {processor.py:208} INFO - Processing /home/airflow/.local/lib/python3.12/site-packages/airflow/example_dags/example_branch_labels.py took 0.092 seconds
[2025-06-26T22:56:47.667+0000] {processor.py:186} INFO - Started process (PID=1717) to work on /home/airflow/.local/lib/python3.12/site-packages/airflow/example_dags/example_branch_labels.py
[2025-06-26T22:56:47.668+0000] {processor.py:914} INFO - Processing file /home/airflow/.local/lib/python3.12/site-packages/airflow/example_dags/example_branch_labels.py for tasks to queue
[2025-06-26T22:56:47.671+0000] {logging_mixin.py:190} INFO - [2025-06-26T22:56:47.671+0000] {dagbag.py:588} INFO - Filling up the DagBag from /home/airflow/.local/lib/python3.12/site-packages/airflow/example_dags/example_branch_labels.py
[2025-06-26T22:56:47.684+0000] {processor.py:925} INFO - DAG(s) 'example_branch_labels' retrieved from /home/airflow/.local/lib/python3.12/site-packages/airflow/example_dags/example_branch_labels.py
[2025-06-26T22:56:47.705+0000] {logging_mixin.py:190} INFO - [2025-06-26T22:56:47.705+0000] {dag.py:3239} INFO - Sync 1 DAGs
[2025-06-26T22:56:47.727+0000] {logging_mixin.py:190} INFO - [2025-06-26T22:56:47.727+0000] {dag.py:4180} INFO - Setting next_dagrun for example_branch_labels to 2025-06-25 00:00:00+00:00, run_after=2025-06-26 00:00:00+00:00
[2025-06-26T22:56:47.747+0000] {processor.py:208} INFO - Processing /home/airflow/.local/lib/python3.12/site-packages/airflow/example_dags/example_branch_labels.py took 0.086 seconds
[2025-06-26T22:57:17.920+0000] {processor.py:186} INFO - Started process (PID=1779) to work on /home/airflow/.local/lib/python3.12/site-packages/airflow/example_dags/example_branch_labels.py
[2025-06-26T22:57:17.921+0000] {processor.py:914} INFO - Processing file /home/airflow/.local/lib/python3.12/site-packages/airflow/example_dags/example_branch_labels.py for tasks to queue
[2025-06-26T22:57:17.925+0000] {logging_mixin.py:190} INFO - [2025-06-26T22:57:17.924+0000] {dagbag.py:588} INFO - Filling up the DagBag from /home/airflow/.local/lib/python3.12/site-packages/airflow/example_dags/example_branch_labels.py
[2025-06-26T22:57:17.934+0000] {processor.py:925} INFO - DAG(s) 'example_branch_labels' retrieved from /home/airflow/.local/lib/python3.12/site-packages/airflow/example_dags/example_branch_labels.py
[2025-06-26T22:57:17.956+0000] {logging_mixin.py:190} INFO - [2025-06-26T22:57:17.956+0000] {dag.py:3239} INFO - Sync 1 DAGs
[2025-06-26T22:57:17.977+0000] {logging_mixin.py:190} INFO - [2025-06-26T22:57:17.977+0000] {dag.py:4180} INFO - Setting next_dagrun for example_branch_labels to 2025-06-25 00:00:00+00:00, run_after=2025-06-26 00:00:00+00:00
[2025-06-26T22:57:17.993+0000] {processor.py:208} INFO - Processing /home/airflow/.local/lib/python3.12/site-packages/airflow/example_dags/example_branch_labels.py took 0.079 seconds
[2025-06-26T22:57:48.638+0000] {processor.py:186} INFO - Started process (PID=1841) to work on /home/airflow/.local/lib/python3.12/site-packages/airflow/example_dags/example_branch_labels.py
[2025-06-26T22:57:48.639+0000] {processor.py:914} INFO - Processing file /home/airflow/.local/lib/python3.12/site-packages/airflow/example_dags/example_branch_labels.py for tasks to queue
[2025-06-26T22:57:48.641+0000] {logging_mixin.py:190} INFO - [2025-06-26T22:57:48.641+0000] {dagbag.py:588} INFO - Filling up the DagBag from /home/airflow/.local/lib/python3.12/site-packages/airflow/example_dags/example_branch_labels.py
[2025-06-26T22:57:48.650+0000] {processor.py:925} INFO - DAG(s) 'example_branch_labels' retrieved from /home/airflow/.local/lib/python3.12/site-packages/airflow/example_dags/example_branch_labels.py
[2025-06-26T22:57:48.668+0000] {logging_mixin.py:190} INFO - [2025-06-26T22:57:48.668+0000] {dag.py:3239} INFO - Sync 1 DAGs
[2025-06-26T22:57:48.688+0000] {logging_mixin.py:190} INFO - [2025-06-26T22:57:48.687+0000] {dag.py:4180} INFO - Setting next_dagrun for example_branch_labels to 2025-06-25 00:00:00+00:00, run_after=2025-06-26 00:00:00+00:00
[2025-06-26T22:57:48.705+0000] {processor.py:208} INFO - Processing /home/airflow/.local/lib/python3.12/site-packages/airflow/example_dags/example_branch_labels.py took 0.073 seconds
[2025-06-26T22:58:18.909+0000] {processor.py:186} INFO - Started process (PID=1903) to work on /home/airflow/.local/lib/python3.12/site-packages/airflow/example_dags/example_branch_labels.py
[2025-06-26T22:58:18.911+0000] {processor.py:914} INFO - Processing file /home/airflow/.local/lib/python3.12/site-packages/airflow/example_dags/example_branch_labels.py for tasks to queue
[2025-06-26T22:58:18.913+0000] {logging_mixin.py:190} INFO - [2025-06-26T22:58:18.913+0000] {dagbag.py:588} INFO - Filling up the DagBag from /home/airflow/.local/lib/python3.12/site-packages/airflow/example_dags/example_branch_labels.py
[2025-06-26T22:58:18.921+0000] {processor.py:925} INFO - DAG(s) 'example_branch_labels' retrieved from /home/airflow/.local/lib/python3.12/site-packages/airflow/example_dags/example_branch_labels.py
[2025-06-26T22:58:18.940+0000] {logging_mixin.py:190} INFO - [2025-06-26T22:58:18.940+0000] {dag.py:3239} INFO - Sync 1 DAGs
[2025-06-26T22:58:18.960+0000] {logging_mixin.py:190} INFO - [2025-06-26T22:58:18.960+0000] {dag.py:4180} INFO - Setting next_dagrun for example_branch_labels to 2025-06-25 00:00:00+00:00, run_after=2025-06-26 00:00:00+00:00
[2025-06-26T22:58:18.977+0000] {processor.py:208} INFO - Processing /home/airflow/.local/lib/python3.12/site-packages/airflow/example_dags/example_branch_labels.py took 0.073 seconds
[2025-06-26T22:58:49.337+0000] {processor.py:186} INFO - Started process (PID=1965) to work on /home/airflow/.local/lib/python3.12/site-packages/airflow/example_dags/example_branch_labels.py
[2025-06-26T22:58:49.338+0000] {processor.py:914} INFO - Processing file /home/airflow/.local/lib/python3.12/site-packages/airflow/example_dags/example_branch_labels.py for tasks to queue
[2025-06-26T22:58:49.340+0000] {logging_mixin.py:190} INFO - [2025-06-26T22:58:49.340+0000] {dagbag.py:588} INFO - Filling up the DagBag from /home/airflow/.local/lib/python3.12/site-packages/airflow/example_dags/example_branch_labels.py
[2025-06-26T22:58:49.348+0000] {processor.py:925} INFO - DAG(s) 'example_branch_labels' retrieved from /home/airflow/.local/lib/python3.12/site-packages/airflow/example_dags/example_branch_labels.py
[2025-06-26T22:58:49.368+0000] {logging_mixin.py:190} INFO - [2025-06-26T22:58:49.368+0000] {dag.py:3239} INFO - Sync 1 DAGs
[2025-06-26T22:58:49.388+0000] {logging_mixin.py:190} INFO - [2025-06-26T22:58:49.388+0000] {dag.py:4180} INFO - Setting next_dagrun for example_branch_labels to 2025-06-25 00:00:00+00:00, run_after=2025-06-26 00:00:00+00:00
[2025-06-26T22:58:49.406+0000] {processor.py:208} INFO - Processing /home/airflow/.local/lib/python3.12/site-packages/airflow/example_dags/example_branch_labels.py took 0.074 seconds
[2025-06-26T22:59:19.841+0000] {processor.py:186} INFO - Started process (PID=2027) to work on /home/airflow/.local/lib/python3.12/site-packages/airflow/example_dags/example_branch_labels.py
[2025-06-26T22:59:19.842+0000] {processor.py:914} INFO - Processing file /home/airflow/.local/lib/python3.12/site-packages/airflow/example_dags/example_branch_labels.py for tasks to queue
[2025-06-26T22:59:19.845+0000] {logging_mixin.py:190} INFO - [2025-06-26T22:59:19.844+0000] {dagbag.py:588} INFO - Filling up the DagBag from /home/airflow/.local/lib/python3.12/site-packages/airflow/example_dags/example_branch_labels.py
[2025-06-26T22:59:19.854+0000] {processor.py:925} INFO - DAG(s) 'example_branch_labels' retrieved from /home/airflow/.local/lib/python3.12/site-packages/airflow/example_dags/example_branch_labels.py
[2025-06-26T22:59:19.874+0000] {logging_mixin.py:190} INFO - [2025-06-26T22:59:19.874+0000] {dag.py:3239} INFO - Sync 1 DAGs
[2025-06-26T22:59:19.896+0000] {logging_mixin.py:190} INFO - [2025-06-26T22:59:19.896+0000] {dag.py:4180} INFO - Setting next_dagrun for example_branch_labels to 2025-06-25 00:00:00+00:00, run_after=2025-06-26 00:00:00+00:00
[2025-06-26T22:59:19.916+0000] {processor.py:208} INFO - Processing /home/airflow/.local/lib/python3.12/site-packages/airflow/example_dags/example_branch_labels.py took 0.081 seconds
[2025-06-26T22:59:50.376+0000] {processor.py:186} INFO - Started process (PID=2089) to work on /home/airflow/.local/lib/python3.12/site-packages/airflow/example_dags/example_branch_labels.py
[2025-06-26T22:59:50.377+0000] {processor.py:914} INFO - Processing file /home/airflow/.local/lib/python3.12/site-packages/airflow/example_dags/example_branch_labels.py for tasks to queue
[2025-06-26T22:59:50.379+0000] {logging_mixin.py:190} INFO - [2025-06-26T22:59:50.379+0000] {dagbag.py:588} INFO - Filling up the DagBag from /home/airflow/.local/lib/python3.12/site-packages/airflow/example_dags/example_branch_labels.py
[2025-06-26T22:59:50.388+0000] {processor.py:925} INFO - DAG(s) 'example_branch_labels' retrieved from /home/airflow/.local/lib/python3.12/site-packages/airflow/example_dags/example_branch_labels.py
[2025-06-26T22:59:50.408+0000] {logging_mixin.py:190} INFO - [2025-06-26T22:59:50.408+0000] {dag.py:3239} INFO - Sync 1 DAGs
[2025-06-26T22:59:50.428+0000] {logging_mixin.py:190} INFO - [2025-06-26T22:59:50.428+0000] {dag.py:4180} INFO - Setting next_dagrun for example_branch_labels to 2025-06-25 00:00:00+00:00, run_after=2025-06-26 00:00:00+00:00
[2025-06-26T22:59:50.447+0000] {processor.py:208} INFO - Processing /home/airflow/.local/lib/python3.12/site-packages/airflow/example_dags/example_branch_labels.py took 0.077 seconds
[2025-06-26T23:00:20.859+0000] {processor.py:186} INFO - Started process (PID=2152) to work on /home/airflow/.local/lib/python3.12/site-packages/airflow/example_dags/example_branch_labels.py
[2025-06-26T23:00:20.860+0000] {processor.py:914} INFO - Processing file /home/airflow/.local/lib/python3.12/site-packages/airflow/example_dags/example_branch_labels.py for tasks to queue
[2025-06-26T23:00:20.862+0000] {logging_mixin.py:190} INFO - [2025-06-26T23:00:20.862+0000] {dagbag.py:588} INFO - Filling up the DagBag from /home/airflow/.local/lib/python3.12/site-packages/airflow/example_dags/example_branch_labels.py
[2025-06-26T23:00:20.871+0000] {processor.py:925} INFO - DAG(s) 'example_branch_labels' retrieved from /home/airflow/.local/lib/python3.12/site-packages/airflow/example_dags/example_branch_labels.py
[2025-06-26T23:00:20.888+0000] {logging_mixin.py:190} INFO - [2025-06-26T23:00:20.888+0000] {dag.py:3239} INFO - Sync 1 DAGs
[2025-06-26T23:00:20.907+0000] {logging_mixin.py:190} INFO - [2025-06-26T23:00:20.907+0000] {dag.py:4180} INFO - Setting next_dagrun for example_branch_labels to 2025-06-25 00:00:00+00:00, run_after=2025-06-26 00:00:00+00:00
[2025-06-26T23:00:20.927+0000] {processor.py:208} INFO - Processing /home/airflow/.local/lib/python3.12/site-packages/airflow/example_dags/example_branch_labels.py took 0.074 seconds
[2025-06-26T23:00:51.533+0000] {processor.py:186} INFO - Started process (PID=2214) to work on /home/airflow/.local/lib/python3.12/site-packages/airflow/example_dags/example_branch_labels.py
[2025-06-26T23:00:51.534+0000] {processor.py:914} INFO - Processing file /home/airflow/.local/lib/python3.12/site-packages/airflow/example_dags/example_branch_labels.py for tasks to queue
[2025-06-26T23:00:51.537+0000] {logging_mixin.py:190} INFO - [2025-06-26T23:00:51.536+0000] {dagbag.py:588} INFO - Filling up the DagBag from /home/airflow/.local/lib/python3.12/site-packages/airflow/example_dags/example_branch_labels.py
[2025-06-26T23:00:51.546+0000] {processor.py:925} INFO - DAG(s) 'example_branch_labels' retrieved from /home/airflow/.local/lib/python3.12/site-packages/airflow/example_dags/example_branch_labels.py
[2025-06-26T23:00:51.564+0000] {logging_mixin.py:190} INFO - [2025-06-26T23:00:51.563+0000] {dag.py:3239} INFO - Sync 1 DAGs
[2025-06-26T23:00:51.585+0000] {logging_mixin.py:190} INFO - [2025-06-26T23:00:51.585+0000] {dag.py:4180} INFO - Setting next_dagrun for example_branch_labels to 2025-06-25 00:00:00+00:00, run_after=2025-06-26 00:00:00+00:00
[2025-06-26T23:00:51.603+0000] {processor.py:208} INFO - Processing /home/airflow/.local/lib/python3.12/site-packages/airflow/example_dags/example_branch_labels.py took 0.075 seconds
[2025-06-26T23:01:22.241+0000] {processor.py:186} INFO - Started process (PID=2276) to work on /home/airflow/.local/lib/python3.12/site-packages/airflow/example_dags/example_branch_labels.py
[2025-06-26T23:01:22.243+0000] {processor.py:914} INFO - Processing file /home/airflow/.local/lib/python3.12/site-packages/airflow/example_dags/example_branch_labels.py for tasks to queue
[2025-06-26T23:01:22.245+0000] {logging_mixin.py:190} INFO - [2025-06-26T23:01:22.245+0000] {dagbag.py:588} INFO - Filling up the DagBag from /home/airflow/.local/lib/python3.12/site-packages/airflow/example_dags/example_branch_labels.py
[2025-06-26T23:01:22.255+0000] {processor.py:925} INFO - DAG(s) 'example_branch_labels' retrieved from /home/airflow/.local/lib/python3.12/site-packages/airflow/example_dags/example_branch_labels.py
[2025-06-26T23:01:22.274+0000] {logging_mixin.py:190} INFO - [2025-06-26T23:01:22.273+0000] {dag.py:3239} INFO - Sync 1 DAGs
[2025-06-26T23:01:22.299+0000] {logging_mixin.py:190} INFO - [2025-06-26T23:01:22.299+0000] {dag.py:4180} INFO - Setting next_dagrun for example_branch_labels to 2025-06-25 00:00:00+00:00, run_after=2025-06-26 00:00:00+00:00
[2025-06-26T23:01:22.321+0000] {processor.py:208} INFO - Processing /home/airflow/.local/lib/python3.12/site-packages/airflow/example_dags/example_branch_labels.py took 0.086 seconds
[2025-06-26T23:01:53.246+0000] {processor.py:186} INFO - Started process (PID=2338) to work on /home/airflow/.local/lib/python3.12/site-packages/airflow/example_dags/example_branch_labels.py
[2025-06-26T23:01:53.247+0000] {processor.py:914} INFO - Processing file /home/airflow/.local/lib/python3.12/site-packages/airflow/example_dags/example_branch_labels.py for tasks to queue
[2025-06-26T23:01:53.249+0000] {logging_mixin.py:190} INFO - [2025-06-26T23:01:53.249+0000] {dagbag.py:588} INFO - Filling up the DagBag from /home/airflow/.local/lib/python3.12/site-packages/airflow/example_dags/example_branch_labels.py
[2025-06-26T23:01:53.258+0000] {processor.py:925} INFO - DAG(s) 'example_branch_labels' retrieved from /home/airflow/.local/lib/python3.12/site-packages/airflow/example_dags/example_branch_labels.py
[2025-06-26T23:01:53.277+0000] {logging_mixin.py:190} INFO - [2025-06-26T23:01:53.276+0000] {dag.py:3239} INFO - Sync 1 DAGs
[2025-06-26T23:01:53.296+0000] {logging_mixin.py:190} INFO - [2025-06-26T23:01:53.296+0000] {dag.py:4180} INFO - Setting next_dagrun for example_branch_labels to 2025-06-25 00:00:00+00:00, run_after=2025-06-26 00:00:00+00:00
[2025-06-26T23:01:53.313+0000] {processor.py:208} INFO - Processing /home/airflow/.local/lib/python3.12/site-packages/airflow/example_dags/example_branch_labels.py took 0.073 seconds
[2025-06-26T23:02:23.954+0000] {processor.py:186} INFO - Started process (PID=2400) to work on /home/airflow/.local/lib/python3.12/site-packages/airflow/example_dags/example_branch_labels.py
[2025-06-26T23:02:23.955+0000] {processor.py:914} INFO - Processing file /home/airflow/.local/lib/python3.12/site-packages/airflow/example_dags/example_branch_labels.py for tasks to queue
[2025-06-26T23:02:23.957+0000] {logging_mixin.py:190} INFO - [2025-06-26T23:02:23.956+0000] {dagbag.py:588} INFO - Filling up the DagBag from /home/airflow/.local/lib/python3.12/site-packages/airflow/example_dags/example_branch_labels.py
[2025-06-26T23:02:23.966+0000] {processor.py:925} INFO - DAG(s) 'example_branch_labels' retrieved from /home/airflow/.local/lib/python3.12/site-packages/airflow/example_dags/example_branch_labels.py
[2025-06-26T23:02:23.987+0000] {logging_mixin.py:190} INFO - [2025-06-26T23:02:23.987+0000] {dag.py:3239} INFO - Sync 1 DAGs
[2025-06-26T23:02:24.012+0000] {logging_mixin.py:190} INFO - [2025-06-26T23:02:24.012+0000] {dag.py:4180} INFO - Setting next_dagrun for example_branch_labels to 2025-06-25 00:00:00+00:00, run_after=2025-06-26 00:00:00+00:00
[2025-06-26T23:02:24.034+0000] {processor.py:208} INFO - Processing /home/airflow/.local/lib/python3.12/site-packages/airflow/example_dags/example_branch_labels.py took 0.086 seconds
[2025-06-26T23:02:54.865+0000] {processor.py:186} INFO - Started process (PID=2462) to work on /home/airflow/.local/lib/python3.12/site-packages/airflow/example_dags/example_branch_labels.py
[2025-06-26T23:02:54.866+0000] {processor.py:914} INFO - Processing file /home/airflow/.local/lib/python3.12/site-packages/airflow/example_dags/example_branch_labels.py for tasks to queue
[2025-06-26T23:02:54.868+0000] {logging_mixin.py:190} INFO - [2025-06-26T23:02:54.868+0000] {dagbag.py:588} INFO - Filling up the DagBag from /home/airflow/.local/lib/python3.12/site-packages/airflow/example_dags/example_branch_labels.py
[2025-06-26T23:02:54.878+0000] {processor.py:925} INFO - DAG(s) 'example_branch_labels' retrieved from /home/airflow/.local/lib/python3.12/site-packages/airflow/example_dags/example_branch_labels.py
[2025-06-26T23:02:54.900+0000] {logging_mixin.py:190} INFO - [2025-06-26T23:02:54.900+0000] {dag.py:3239} INFO - Sync 1 DAGs
[2025-06-26T23:02:54.921+0000] {logging_mixin.py:190} INFO - [2025-06-26T23:02:54.921+0000] {dag.py:4180} INFO - Setting next_dagrun for example_branch_labels to 2025-06-25 00:00:00+00:00, run_after=2025-06-26 00:00:00+00:00
[2025-06-26T23:02:54.941+0000] {processor.py:208} INFO - Processing /home/airflow/.local/lib/python3.12/site-packages/airflow/example_dags/example_branch_labels.py took 0.081 seconds
[2025-06-26T23:03:25.704+0000] {processor.py:186} INFO - Started process (PID=2524) to work on /home/airflow/.local/lib/python3.12/site-packages/airflow/example_dags/example_branch_labels.py
[2025-06-26T23:03:25.705+0000] {processor.py:914} INFO - Processing file /home/airflow/.local/lib/python3.12/site-packages/airflow/example_dags/example_branch_labels.py for tasks to queue
[2025-06-26T23:03:25.707+0000] {logging_mixin.py:190} INFO - [2025-06-26T23:03:25.707+0000] {dagbag.py:588} INFO - Filling up the DagBag from /home/airflow/.local/lib/python3.12/site-packages/airflow/example_dags/example_branch_labels.py
[2025-06-26T23:03:25.718+0000] {processor.py:925} INFO - DAG(s) 'example_branch_labels' retrieved from /home/airflow/.local/lib/python3.12/site-packages/airflow/example_dags/example_branch_labels.py
[2025-06-26T23:03:25.739+0000] {logging_mixin.py:190} INFO - [2025-06-26T23:03:25.738+0000] {dag.py:3239} INFO - Sync 1 DAGs
[2025-06-26T23:03:25.760+0000] {logging_mixin.py:190} INFO - [2025-06-26T23:03:25.760+0000] {dag.py:4180} INFO - Setting next_dagrun for example_branch_labels to 2025-06-25 00:00:00+00:00, run_after=2025-06-26 00:00:00+00:00
[2025-06-26T23:03:25.781+0000] {processor.py:208} INFO - Processing /home/airflow/.local/lib/python3.12/site-packages/airflow/example_dags/example_branch_labels.py took 0.083 seconds
[2025-06-26T23:03:57.111+0000] {processor.py:186} INFO - Started process (PID=2586) to work on /home/airflow/.local/lib/python3.12/site-packages/airflow/example_dags/example_branch_labels.py
[2025-06-26T23:03:57.112+0000] {processor.py:914} INFO - Processing file /home/airflow/.local/lib/python3.12/site-packages/airflow/example_dags/example_branch_labels.py for tasks to queue
[2025-06-26T23:03:57.114+0000] {logging_mixin.py:190} INFO - [2025-06-26T23:03:57.114+0000] {dagbag.py:588} INFO - Filling up the DagBag from /home/airflow/.local/lib/python3.12/site-packages/airflow/example_dags/example_branch_labels.py
[2025-06-26T23:03:57.125+0000] {processor.py:925} INFO - DAG(s) 'example_branch_labels' retrieved from /home/airflow/.local/lib/python3.12/site-packages/airflow/example_dags/example_branch_labels.py
[2025-06-26T23:03:57.146+0000] {logging_mixin.py:190} INFO - [2025-06-26T23:03:57.146+0000] {dag.py:3239} INFO - Sync 1 DAGs
[2025-06-26T23:03:57.172+0000] {logging_mixin.py:190} INFO - [2025-06-26T23:03:57.172+0000] {dag.py:4180} INFO - Setting next_dagrun for example_branch_labels to 2025-06-25 00:00:00+00:00, run_after=2025-06-26 00:00:00+00:00
[2025-06-26T23:03:57.196+0000] {processor.py:208} INFO - Processing /home/airflow/.local/lib/python3.12/site-packages/airflow/example_dags/example_branch_labels.py took 0.091 seconds
[2025-06-26T23:04:28.082+0000] {processor.py:186} INFO - Started process (PID=2648) to work on /home/airflow/.local/lib/python3.12/site-packages/airflow/example_dags/example_branch_labels.py
[2025-06-26T23:04:28.083+0000] {processor.py:914} INFO - Processing file /home/airflow/.local/lib/python3.12/site-packages/airflow/example_dags/example_branch_labels.py for tasks to queue
[2025-06-26T23:04:28.085+0000] {logging_mixin.py:190} INFO - [2025-06-26T23:04:28.085+0000] {dagbag.py:588} INFO - Filling up the DagBag from /home/airflow/.local/lib/python3.12/site-packages/airflow/example_dags/example_branch_labels.py
[2025-06-26T23:04:28.095+0000] {processor.py:925} INFO - DAG(s) 'example_branch_labels' retrieved from /home/airflow/.local/lib/python3.12/site-packages/airflow/example_dags/example_branch_labels.py
[2025-06-26T23:04:28.117+0000] {logging_mixin.py:190} INFO - [2025-06-26T23:04:28.117+0000] {dag.py:3239} INFO - Sync 1 DAGs
[2025-06-26T23:04:28.138+0000] {logging_mixin.py:190} INFO - [2025-06-26T23:04:28.138+0000] {dag.py:4180} INFO - Setting next_dagrun for example_branch_labels to 2025-06-25 00:00:00+00:00, run_after=2025-06-26 00:00:00+00:00
[2025-06-26T23:04:28.157+0000] {processor.py:208} INFO - Processing /home/airflow/.local/lib/python3.12/site-packages/airflow/example_dags/example_branch_labels.py took 0.081 seconds
[2025-06-26T23:04:58.556+0000] {processor.py:186} INFO - Started process (PID=2710) to work on /home/airflow/.local/lib/python3.12/site-packages/airflow/example_dags/example_branch_labels.py
[2025-06-26T23:04:58.558+0000] {processor.py:914} INFO - Processing file /home/airflow/.local/lib/python3.12/site-packages/airflow/example_dags/example_branch_labels.py for tasks to queue
[2025-06-26T23:04:58.561+0000] {logging_mixin.py:190} INFO - [2025-06-26T23:04:58.560+0000] {dagbag.py:588} INFO - Filling up the DagBag from /home/airflow/.local/lib/python3.12/site-packages/airflow/example_dags/example_branch_labels.py
[2025-06-26T23:04:58.570+0000] {processor.py:925} INFO - DAG(s) 'example_branch_labels' retrieved from /home/airflow/.local/lib/python3.12/site-packages/airflow/example_dags/example_branch_labels.py
[2025-06-26T23:04:58.596+0000] {logging_mixin.py:190} INFO - [2025-06-26T23:04:58.595+0000] {dag.py:3239} INFO - Sync 1 DAGs
[2025-06-26T23:04:58.621+0000] {logging_mixin.py:190} INFO - [2025-06-26T23:04:58.621+0000] {dag.py:4180} INFO - Setting next_dagrun for example_branch_labels to 2025-06-25 00:00:00+00:00, run_after=2025-06-26 00:00:00+00:00
[2025-06-26T23:04:58.644+0000] {processor.py:208} INFO - Processing /home/airflow/.local/lib/python3.12/site-packages/airflow/example_dags/example_branch_labels.py took 0.094 seconds
[2025-06-26T23:05:29.890+0000] {processor.py:186} INFO - Started process (PID=2772) to work on /home/airflow/.local/lib/python3.12/site-packages/airflow/example_dags/example_branch_labels.py
[2025-06-26T23:05:29.891+0000] {processor.py:914} INFO - Processing file /home/airflow/.local/lib/python3.12/site-packages/airflow/example_dags/example_branch_labels.py for tasks to queue
[2025-06-26T23:05:29.895+0000] {logging_mixin.py:190} INFO - [2025-06-26T23:05:29.895+0000] {dagbag.py:588} INFO - Filling up the DagBag from /home/airflow/.local/lib/python3.12/site-packages/airflow/example_dags/example_branch_labels.py
[2025-06-26T23:05:29.908+0000] {processor.py:925} INFO - DAG(s) 'example_branch_labels' retrieved from /home/airflow/.local/lib/python3.12/site-packages/airflow/example_dags/example_branch_labels.py
[2025-06-26T23:05:29.929+0000] {logging_mixin.py:190} INFO - [2025-06-26T23:05:29.929+0000] {dag.py:3239} INFO - Sync 1 DAGs
[2025-06-26T23:05:29.954+0000] {logging_mixin.py:190} INFO - [2025-06-26T23:05:29.953+0000] {dag.py:4180} INFO - Setting next_dagrun for example_branch_labels to 2025-06-25 00:00:00+00:00, run_after=2025-06-26 00:00:00+00:00
[2025-06-26T23:05:30.000+0000] {processor.py:208} INFO - Processing /home/airflow/.local/lib/python3.12/site-packages/airflow/example_dags/example_branch_labels.py took 0.116 seconds
[2025-06-26T23:06:00.928+0000] {processor.py:186} INFO - Started process (PID=2834) to work on /home/airflow/.local/lib/python3.12/site-packages/airflow/example_dags/example_branch_labels.py
[2025-06-26T23:06:00.929+0000] {processor.py:914} INFO - Processing file /home/airflow/.local/lib/python3.12/site-packages/airflow/example_dags/example_branch_labels.py for tasks to queue
[2025-06-26T23:06:00.933+0000] {logging_mixin.py:190} INFO - [2025-06-26T23:06:00.932+0000] {dagbag.py:588} INFO - Filling up the DagBag from /home/airflow/.local/lib/python3.12/site-packages/airflow/example_dags/example_branch_labels.py
[2025-06-26T23:06:00.946+0000] {processor.py:925} INFO - DAG(s) 'example_branch_labels' retrieved from /home/airflow/.local/lib/python3.12/site-packages/airflow/example_dags/example_branch_labels.py
[2025-06-26T23:06:00.974+0000] {logging_mixin.py:190} INFO - [2025-06-26T23:06:00.973+0000] {dag.py:3239} INFO - Sync 1 DAGs
[2025-06-26T23:06:01.000+0000] {logging_mixin.py:190} INFO - [2025-06-26T23:06:01.000+0000] {dag.py:4180} INFO - Setting next_dagrun for example_branch_labels to 2025-06-25 00:00:00+00:00, run_after=2025-06-26 00:00:00+00:00
[2025-06-26T23:06:01.024+0000] {processor.py:208} INFO - Processing /home/airflow/.local/lib/python3.12/site-packages/airflow/example_dags/example_branch_labels.py took 0.105 seconds
[2025-06-26T23:06:31.657+0000] {processor.py:186} INFO - Started process (PID=2896) to work on /home/airflow/.local/lib/python3.12/site-packages/airflow/example_dags/example_branch_labels.py
[2025-06-26T23:06:31.658+0000] {processor.py:914} INFO - Processing file /home/airflow/.local/lib/python3.12/site-packages/airflow/example_dags/example_branch_labels.py for tasks to queue
[2025-06-26T23:06:31.661+0000] {logging_mixin.py:190} INFO - [2025-06-26T23:06:31.661+0000] {dagbag.py:588} INFO - Filling up the DagBag from /home/airflow/.local/lib/python3.12/site-packages/airflow/example_dags/example_branch_labels.py
[2025-06-26T23:06:31.671+0000] {processor.py:925} INFO - DAG(s) 'example_branch_labels' retrieved from /home/airflow/.local/lib/python3.12/site-packages/airflow/example_dags/example_branch_labels.py
[2025-06-26T23:06:31.689+0000] {logging_mixin.py:190} INFO - [2025-06-26T23:06:31.689+0000] {dag.py:3239} INFO - Sync 1 DAGs
[2025-06-26T23:06:31.709+0000] {logging_mixin.py:190} INFO - [2025-06-26T23:06:31.709+0000] {dag.py:4180} INFO - Setting next_dagrun for example_branch_labels to 2025-06-25 00:00:00+00:00, run_after=2025-06-26 00:00:00+00:00
[2025-06-26T23:06:31.728+0000] {processor.py:208} INFO - Processing /home/airflow/.local/lib/python3.12/site-packages/airflow/example_dags/example_branch_labels.py took 0.077 seconds
[2025-06-26T23:07:02.591+0000] {processor.py:186} INFO - Started process (PID=2958) to work on /home/airflow/.local/lib/python3.12/site-packages/airflow/example_dags/example_branch_labels.py
[2025-06-26T23:07:02.593+0000] {processor.py:914} INFO - Processing file /home/airflow/.local/lib/python3.12/site-packages/airflow/example_dags/example_branch_labels.py for tasks to queue
[2025-06-26T23:07:02.595+0000] {logging_mixin.py:190} INFO - [2025-06-26T23:07:02.595+0000] {dagbag.py:588} INFO - Filling up the DagBag from /home/airflow/.local/lib/python3.12/site-packages/airflow/example_dags/example_branch_labels.py
[2025-06-26T23:07:02.604+0000] {processor.py:925} INFO - DAG(s) 'example_branch_labels' retrieved from /home/airflow/.local/lib/python3.12/site-packages/airflow/example_dags/example_branch_labels.py
[2025-06-26T23:07:02.622+0000] {logging_mixin.py:190} INFO - [2025-06-26T23:07:02.622+0000] {dag.py:3239} INFO - Sync 1 DAGs
[2025-06-26T23:07:02.642+0000] {logging_mixin.py:190} INFO - [2025-06-26T23:07:02.642+0000] {dag.py:4180} INFO - Setting next_dagrun for example_branch_labels to 2025-06-25 00:00:00+00:00, run_after=2025-06-26 00:00:00+00:00
[2025-06-26T23:07:02.661+0000] {processor.py:208} INFO - Processing /home/airflow/.local/lib/python3.12/site-packages/airflow/example_dags/example_branch_labels.py took 0.076 seconds
[2025-06-26T23:07:33.353+0000] {processor.py:186} INFO - Started process (PID=3020) to work on /home/airflow/.local/lib/python3.12/site-packages/airflow/example_dags/example_branch_labels.py
[2025-06-26T23:07:33.354+0000] {processor.py:914} INFO - Processing file /home/airflow/.local/lib/python3.12/site-packages/airflow/example_dags/example_branch_labels.py for tasks to queue
[2025-06-26T23:07:33.357+0000] {logging_mixin.py:190} INFO - [2025-06-26T23:07:33.357+0000] {dagbag.py:588} INFO - Filling up the DagBag from /home/airflow/.local/lib/python3.12/site-packages/airflow/example_dags/example_branch_labels.py
[2025-06-26T23:07:33.366+0000] {processor.py:925} INFO - DAG(s) 'example_branch_labels' retrieved from /home/airflow/.local/lib/python3.12/site-packages/airflow/example_dags/example_branch_labels.py
[2025-06-26T23:07:33.385+0000] {logging_mixin.py:190} INFO - [2025-06-26T23:07:33.385+0000] {dag.py:3239} INFO - Sync 1 DAGs
[2025-06-26T23:07:33.405+0000] {logging_mixin.py:190} INFO - [2025-06-26T23:07:33.404+0000] {dag.py:4180} INFO - Setting next_dagrun for example_branch_labels to 2025-06-25 00:00:00+00:00, run_after=2025-06-26 00:00:00+00:00
[2025-06-26T23:07:33.423+0000] {processor.py:208} INFO - Processing /home/airflow/.local/lib/python3.12/site-packages/airflow/example_dags/example_branch_labels.py took 0.075 seconds
[2025-06-26T23:08:04.551+0000] {processor.py:186} INFO - Started process (PID=3082) to work on /home/airflow/.local/lib/python3.12/site-packages/airflow/example_dags/example_branch_labels.py
[2025-06-26T23:08:04.552+0000] {processor.py:914} INFO - Processing file /home/airflow/.local/lib/python3.12/site-packages/airflow/example_dags/example_branch_labels.py for tasks to queue
[2025-06-26T23:08:04.555+0000] {logging_mixin.py:190} INFO - [2025-06-26T23:08:04.554+0000] {dagbag.py:588} INFO - Filling up the DagBag from /home/airflow/.local/lib/python3.12/site-packages/airflow/example_dags/example_branch_labels.py
[2025-06-26T23:08:04.564+0000] {processor.py:925} INFO - DAG(s) 'example_branch_labels' retrieved from /home/airflow/.local/lib/python3.12/site-packages/airflow/example_dags/example_branch_labels.py
[2025-06-26T23:08:04.582+0000] {logging_mixin.py:190} INFO - [2025-06-26T23:08:04.582+0000] {dag.py:3239} INFO - Sync 1 DAGs
[2025-06-26T23:08:04.603+0000] {logging_mixin.py:190} INFO - [2025-06-26T23:08:04.602+0000] {dag.py:4180} INFO - Setting next_dagrun for example_branch_labels to 2025-06-25 00:00:00+00:00, run_after=2025-06-26 00:00:00+00:00
[2025-06-26T23:08:04.621+0000] {processor.py:208} INFO - Processing /home/airflow/.local/lib/python3.12/site-packages/airflow/example_dags/example_branch_labels.py took 0.076 seconds
[2025-06-26T23:08:35.346+0000] {processor.py:186} INFO - Started process (PID=3150) to work on /home/airflow/.local/lib/python3.12/site-packages/airflow/example_dags/example_branch_labels.py
[2025-06-26T23:08:35.347+0000] {processor.py:914} INFO - Processing file /home/airflow/.local/lib/python3.12/site-packages/airflow/example_dags/example_branch_labels.py for tasks to queue
[2025-06-26T23:08:35.350+0000] {logging_mixin.py:190} INFO - [2025-06-26T23:08:35.349+0000] {dagbag.py:588} INFO - Filling up the DagBag from /home/airflow/.local/lib/python3.12/site-packages/airflow/example_dags/example_branch_labels.py
[2025-06-26T23:08:35.359+0000] {processor.py:925} INFO - DAG(s) 'example_branch_labels' retrieved from /home/airflow/.local/lib/python3.12/site-packages/airflow/example_dags/example_branch_labels.py
[2025-06-26T23:08:35.380+0000] {logging_mixin.py:190} INFO - [2025-06-26T23:08:35.379+0000] {dag.py:3239} INFO - Sync 1 DAGs
[2025-06-26T23:08:35.402+0000] {logging_mixin.py:190} INFO - [2025-06-26T23:08:35.402+0000] {dag.py:4180} INFO - Setting next_dagrun for example_branch_labels to 2025-06-25 00:00:00+00:00, run_after=2025-06-26 00:00:00+00:00
[2025-06-26T23:08:35.425+0000] {processor.py:208} INFO - Processing /home/airflow/.local/lib/python3.12/site-packages/airflow/example_dags/example_branch_labels.py took 0.084 seconds
[2025-06-26T23:09:06.240+0000] {processor.py:186} INFO - Started process (PID=3212) to work on /home/airflow/.local/lib/python3.12/site-packages/airflow/example_dags/example_branch_labels.py
[2025-06-26T23:09:06.241+0000] {processor.py:914} INFO - Processing file /home/airflow/.local/lib/python3.12/site-packages/airflow/example_dags/example_branch_labels.py for tasks to queue
[2025-06-26T23:09:06.244+0000] {logging_mixin.py:190} INFO - [2025-06-26T23:09:06.243+0000] {dagbag.py:588} INFO - Filling up the DagBag from /home/airflow/.local/lib/python3.12/site-packages/airflow/example_dags/example_branch_labels.py
[2025-06-26T23:09:06.253+0000] {processor.py:925} INFO - DAG(s) 'example_branch_labels' retrieved from /home/airflow/.local/lib/python3.12/site-packages/airflow/example_dags/example_branch_labels.py
[2025-06-26T23:09:06.275+0000] {logging_mixin.py:190} INFO - [2025-06-26T23:09:06.275+0000] {dag.py:3239} INFO - Sync 1 DAGs
[2025-06-26T23:09:06.296+0000] {logging_mixin.py:190} INFO - [2025-06-26T23:09:06.295+0000] {dag.py:4180} INFO - Setting next_dagrun for example_branch_labels to 2025-06-25 00:00:00+00:00, run_after=2025-06-26 00:00:00+00:00
[2025-06-26T23:09:06.314+0000] {processor.py:208} INFO - Processing /home/airflow/.local/lib/python3.12/site-packages/airflow/example_dags/example_branch_labels.py took 0.080 seconds
[2025-06-26T23:09:37.355+0000] {processor.py:186} INFO - Started process (PID=3274) to work on /home/airflow/.local/lib/python3.12/site-packages/airflow/example_dags/example_branch_labels.py
[2025-06-26T23:09:37.356+0000] {processor.py:914} INFO - Processing file /home/airflow/.local/lib/python3.12/site-packages/airflow/example_dags/example_branch_labels.py for tasks to queue
[2025-06-26T23:09:37.358+0000] {logging_mixin.py:190} INFO - [2025-06-26T23:09:37.358+0000] {dagbag.py:588} INFO - Filling up the DagBag from /home/airflow/.local/lib/python3.12/site-packages/airflow/example_dags/example_branch_labels.py
[2025-06-26T23:09:37.368+0000] {processor.py:925} INFO - DAG(s) 'example_branch_labels' retrieved from /home/airflow/.local/lib/python3.12/site-packages/airflow/example_dags/example_branch_labels.py
[2025-06-26T23:09:37.387+0000] {logging_mixin.py:190} INFO - [2025-06-26T23:09:37.387+0000] {dag.py:3239} INFO - Sync 1 DAGs
[2025-06-26T23:09:37.407+0000] {logging_mixin.py:190} INFO - [2025-06-26T23:09:37.407+0000] {dag.py:4180} INFO - Setting next_dagrun for example_branch_labels to 2025-06-25 00:00:00+00:00, run_after=2025-06-26 00:00:00+00:00
[2025-06-26T23:09:37.425+0000] {processor.py:208} INFO - Processing /home/airflow/.local/lib/python3.12/site-packages/airflow/example_dags/example_branch_labels.py took 0.076 seconds
[2025-06-26T23:10:08.759+0000] {processor.py:186} INFO - Started process (PID=3336) to work on /home/airflow/.local/lib/python3.12/site-packages/airflow/example_dags/example_branch_labels.py
[2025-06-26T23:10:08.760+0000] {processor.py:914} INFO - Processing file /home/airflow/.local/lib/python3.12/site-packages/airflow/example_dags/example_branch_labels.py for tasks to queue
[2025-06-26T23:10:08.762+0000] {logging_mixin.py:190} INFO - [2025-06-26T23:10:08.762+0000] {dagbag.py:588} INFO - Filling up the DagBag from /home/airflow/.local/lib/python3.12/site-packages/airflow/example_dags/example_branch_labels.py
[2025-06-26T23:10:08.771+0000] {processor.py:925} INFO - DAG(s) 'example_branch_labels' retrieved from /home/airflow/.local/lib/python3.12/site-packages/airflow/example_dags/example_branch_labels.py
[2025-06-26T23:10:08.789+0000] {logging_mixin.py:190} INFO - [2025-06-26T23:10:08.789+0000] {dag.py:3239} INFO - Sync 1 DAGs
[2025-06-26T23:10:08.968+0000] {logging_mixin.py:190} INFO - [2025-06-26T23:10:08.968+0000] {dag.py:4180} INFO - Setting next_dagrun for example_branch_labels to 2025-06-25 00:00:00+00:00, run_after=2025-06-26 00:00:00+00:00
[2025-06-26T23:10:08.987+0000] {processor.py:208} INFO - Processing /home/airflow/.local/lib/python3.12/site-packages/airflow/example_dags/example_branch_labels.py took 0.234 seconds
