[2025-06-26T22:43:29.363+0000] {processor.py:186} INFO - Started process (PID=61) to work on /home/airflow/.local/lib/python3.12/site-packages/airflow/example_dags/example_sla_dag.py
[2025-06-26T22:43:29.368+0000] {processor.py:914} INFO - Processing file /home/airflow/.local/lib/python3.12/site-packages/airflow/example_dags/example_sla_dag.py for tasks to queue
[2025-06-26T22:43:29.403+0000] {logging_mixin.py:190} INFO - [2025-06-26T22:43:29.401+0000] {dagbag.py:588} INFO - Filling up the DagBag from /home/airflow/.local/lib/python3.12/site-packages/airflow/example_dags/example_sla_dag.py
[2025-06-26T22:43:29.462+0000] {processor.py:925} INFO - DAG(s) 'example_sla_dag' retrieved from /home/airflow/.local/lib/python3.12/site-packages/airflow/example_dags/example_sla_dag.py
[2025-06-26T22:43:29.706+0000] {logging_mixin.py:190} INFO - [2025-06-26T22:43:29.705+0000] {override.py:1900} INFO - Created Permission View: can read on DAG:example_sla_dag
[2025-06-26T22:43:29.723+0000] {logging_mixin.py:190} INFO - [2025-06-26T22:43:29.723+0000] {override.py:1900} INFO - Created Permission View: can edit on DAG:example_sla_dag
[2025-06-26T22:43:29.736+0000] {logging_mixin.py:190} INFO - [2025-06-26T22:43:29.736+0000] {override.py:1900} INFO - Created Permission View: can delete on DAG:example_sla_dag
[2025-06-26T22:43:29.750+0000] {logging_mixin.py:190} INFO - [2025-06-26T22:43:29.749+0000] {override.py:1900} INFO - Created Permission View: can read on DAG Run:example_sla_dag
[2025-06-26T22:43:29.761+0000] {logging_mixin.py:190} INFO - [2025-06-26T22:43:29.760+0000] {override.py:1900} INFO - Created Permission View: can delete on DAG Run:example_sla_dag
[2025-06-26T22:43:29.772+0000] {logging_mixin.py:190} INFO - [2025-06-26T22:43:29.771+0000] {override.py:1900} INFO - Created Permission View: menu access on DAG Run:example_sla_dag
[2025-06-26T22:43:29.782+0000] {logging_mixin.py:190} INFO - [2025-06-26T22:43:29.781+0000] {override.py:1900} INFO - Created Permission View: can create on DAG Run:example_sla_dag
[2025-06-26T22:43:29.783+0000] {logging_mixin.py:190} INFO - [2025-06-26T22:43:29.783+0000] {dag.py:3239} INFO - Sync 1 DAGs
[2025-06-26T22:43:29.806+0000] {logging_mixin.py:190} INFO - [2025-06-26T22:43:29.806+0000] {dag.py:3262} INFO - Creating ORM DAG for example_sla_dag
[2025-06-26T22:43:29.824+0000] {logging_mixin.py:190} INFO - [2025-06-26T22:43:29.824+0000] {dag.py:4180} INFO - Setting next_dagrun for example_sla_dag to 2025-06-26 22:40:00+00:00, run_after=2025-06-26 22:42:00+00:00
[2025-06-26T22:43:29.847+0000] {processor.py:208} INFO - Processing /home/airflow/.local/lib/python3.12/site-packages/airflow/example_dags/example_sla_dag.py took 0.513 seconds
[2025-06-26T22:43:59.953+0000] {processor.py:186} INFO - Started process (PID=122) to work on /home/airflow/.local/lib/python3.12/site-packages/airflow/example_dags/example_sla_dag.py
[2025-06-26T22:43:59.954+0000] {processor.py:914} INFO - Processing file /home/airflow/.local/lib/python3.12/site-packages/airflow/example_dags/example_sla_dag.py for tasks to queue
[2025-06-26T22:43:59.956+0000] {logging_mixin.py:190} INFO - [2025-06-26T22:43:59.956+0000] {dagbag.py:588} INFO - Filling up the DagBag from /home/airflow/.local/lib/python3.12/site-packages/airflow/example_dags/example_sla_dag.py
[2025-06-26T22:43:59.967+0000] {processor.py:925} INFO - DAG(s) 'example_sla_dag' retrieved from /home/airflow/.local/lib/python3.12/site-packages/airflow/example_dags/example_sla_dag.py
[2025-06-26T22:43:59.989+0000] {logging_mixin.py:190} INFO - [2025-06-26T22:43:59.989+0000] {dag.py:3239} INFO - Sync 1 DAGs
[2025-06-26T22:44:00.018+0000] {logging_mixin.py:190} INFO - [2025-06-26T22:44:00.017+0000] {dag.py:4180} INFO - Setting next_dagrun for example_sla_dag to 2025-06-26 22:42:00+00:00, run_after=2025-06-26 22:44:00+00:00
[2025-06-26T22:44:00.039+0000] {processor.py:208} INFO - Processing /home/airflow/.local/lib/python3.12/site-packages/airflow/example_dags/example_sla_dag.py took 0.091 seconds
[2025-06-26T22:44:30.324+0000] {processor.py:186} INFO - Started process (PID=184) to work on /home/airflow/.local/lib/python3.12/site-packages/airflow/example_dags/example_sla_dag.py
[2025-06-26T22:44:30.325+0000] {processor.py:914} INFO - Processing file /home/airflow/.local/lib/python3.12/site-packages/airflow/example_dags/example_sla_dag.py for tasks to queue
[2025-06-26T22:44:30.327+0000] {logging_mixin.py:190} INFO - [2025-06-26T22:44:30.327+0000] {dagbag.py:588} INFO - Filling up the DagBag from /home/airflow/.local/lib/python3.12/site-packages/airflow/example_dags/example_sla_dag.py
[2025-06-26T22:44:30.336+0000] {processor.py:925} INFO - DAG(s) 'example_sla_dag' retrieved from /home/airflow/.local/lib/python3.12/site-packages/airflow/example_dags/example_sla_dag.py
[2025-06-26T22:44:30.354+0000] {logging_mixin.py:190} INFO - [2025-06-26T22:44:30.354+0000] {dag.py:3239} INFO - Sync 1 DAGs
[2025-06-26T22:44:30.375+0000] {logging_mixin.py:190} INFO - [2025-06-26T22:44:30.375+0000] {dag.py:4180} INFO - Setting next_dagrun for example_sla_dag to 2025-06-26 22:42:00+00:00, run_after=2025-06-26 22:44:00+00:00
[2025-06-26T22:44:30.394+0000] {processor.py:208} INFO - Processing /home/airflow/.local/lib/python3.12/site-packages/airflow/example_dags/example_sla_dag.py took 0.076 seconds
[2025-06-26T22:45:00.802+0000] {processor.py:186} INFO - Started process (PID=246) to work on /home/airflow/.local/lib/python3.12/site-packages/airflow/example_dags/example_sla_dag.py
[2025-06-26T22:45:00.803+0000] {processor.py:914} INFO - Processing file /home/airflow/.local/lib/python3.12/site-packages/airflow/example_dags/example_sla_dag.py for tasks to queue
[2025-06-26T22:45:00.806+0000] {logging_mixin.py:190} INFO - [2025-06-26T22:45:00.805+0000] {dagbag.py:588} INFO - Filling up the DagBag from /home/airflow/.local/lib/python3.12/site-packages/airflow/example_dags/example_sla_dag.py
[2025-06-26T22:45:00.815+0000] {processor.py:925} INFO - DAG(s) 'example_sla_dag' retrieved from /home/airflow/.local/lib/python3.12/site-packages/airflow/example_dags/example_sla_dag.py
[2025-06-26T22:45:00.835+0000] {logging_mixin.py:190} INFO - [2025-06-26T22:45:00.835+0000] {dag.py:3239} INFO - Sync 1 DAGs
[2025-06-26T22:45:00.860+0000] {logging_mixin.py:190} INFO - [2025-06-26T22:45:00.860+0000] {dag.py:4180} INFO - Setting next_dagrun for example_sla_dag to 2025-06-26 22:42:00+00:00, run_after=2025-06-26 22:44:00+00:00
[2025-06-26T22:45:00.882+0000] {processor.py:208} INFO - Processing /home/airflow/.local/lib/python3.12/site-packages/airflow/example_dags/example_sla_dag.py took 0.087 seconds
[2025-06-26T22:45:31.235+0000] {processor.py:186} INFO - Started process (PID=308) to work on /home/airflow/.local/lib/python3.12/site-packages/airflow/example_dags/example_sla_dag.py
[2025-06-26T22:45:31.236+0000] {processor.py:914} INFO - Processing file /home/airflow/.local/lib/python3.12/site-packages/airflow/example_dags/example_sla_dag.py for tasks to queue
[2025-06-26T22:45:31.239+0000] {logging_mixin.py:190} INFO - [2025-06-26T22:45:31.238+0000] {dagbag.py:588} INFO - Filling up the DagBag from /home/airflow/.local/lib/python3.12/site-packages/airflow/example_dags/example_sla_dag.py
[2025-06-26T22:45:31.249+0000] {processor.py:925} INFO - DAG(s) 'example_sla_dag' retrieved from /home/airflow/.local/lib/python3.12/site-packages/airflow/example_dags/example_sla_dag.py
[2025-06-26T22:45:31.270+0000] {logging_mixin.py:190} INFO - [2025-06-26T22:45:31.270+0000] {dag.py:3239} INFO - Sync 1 DAGs
[2025-06-26T22:45:31.293+0000] {logging_mixin.py:190} INFO - [2025-06-26T22:45:31.293+0000] {dag.py:4180} INFO - Setting next_dagrun for example_sla_dag to 2025-06-26 22:42:00+00:00, run_after=2025-06-26 22:44:00+00:00
[2025-06-26T22:45:31.313+0000] {processor.py:208} INFO - Processing /home/airflow/.local/lib/python3.12/site-packages/airflow/example_dags/example_sla_dag.py took 0.085 seconds
[2025-06-26T22:46:01.524+0000] {processor.py:186} INFO - Started process (PID=370) to work on /home/airflow/.local/lib/python3.12/site-packages/airflow/example_dags/example_sla_dag.py
[2025-06-26T22:46:01.525+0000] {processor.py:914} INFO - Processing file /home/airflow/.local/lib/python3.12/site-packages/airflow/example_dags/example_sla_dag.py for tasks to queue
[2025-06-26T22:46:01.528+0000] {logging_mixin.py:190} INFO - [2025-06-26T22:46:01.527+0000] {dagbag.py:588} INFO - Filling up the DagBag from /home/airflow/.local/lib/python3.12/site-packages/airflow/example_dags/example_sla_dag.py
[2025-06-26T22:46:01.536+0000] {processor.py:925} INFO - DAG(s) 'example_sla_dag' retrieved from /home/airflow/.local/lib/python3.12/site-packages/airflow/example_dags/example_sla_dag.py
[2025-06-26T22:46:01.552+0000] {logging_mixin.py:190} INFO - [2025-06-26T22:46:01.552+0000] {dag.py:3239} INFO - Sync 1 DAGs
[2025-06-26T22:46:01.577+0000] {logging_mixin.py:190} INFO - [2025-06-26T22:46:01.577+0000] {dag.py:4180} INFO - Setting next_dagrun for example_sla_dag to 2025-06-26 22:44:00+00:00, run_after=2025-06-26 22:46:00+00:00
[2025-06-26T22:46:01.598+0000] {processor.py:208} INFO - Processing /home/airflow/.local/lib/python3.12/site-packages/airflow/example_dags/example_sla_dag.py took 0.080 seconds
[2025-06-26T22:46:32.154+0000] {processor.py:186} INFO - Started process (PID=432) to work on /home/airflow/.local/lib/python3.12/site-packages/airflow/example_dags/example_sla_dag.py
[2025-06-26T22:46:32.156+0000] {processor.py:914} INFO - Processing file /home/airflow/.local/lib/python3.12/site-packages/airflow/example_dags/example_sla_dag.py for tasks to queue
[2025-06-26T22:46:32.158+0000] {logging_mixin.py:190} INFO - [2025-06-26T22:46:32.158+0000] {dagbag.py:588} INFO - Filling up the DagBag from /home/airflow/.local/lib/python3.12/site-packages/airflow/example_dags/example_sla_dag.py
[2025-06-26T22:46:32.172+0000] {processor.py:925} INFO - DAG(s) 'example_sla_dag' retrieved from /home/airflow/.local/lib/python3.12/site-packages/airflow/example_dags/example_sla_dag.py
[2025-06-26T22:46:32.192+0000] {logging_mixin.py:190} INFO - [2025-06-26T22:46:32.191+0000] {dag.py:3239} INFO - Sync 1 DAGs
[2025-06-26T22:46:32.217+0000] {logging_mixin.py:190} INFO - [2025-06-26T22:46:32.217+0000] {dag.py:4180} INFO - Setting next_dagrun for example_sla_dag to 2025-06-26 22:44:00+00:00, run_after=2025-06-26 22:46:00+00:00
[2025-06-26T22:46:32.237+0000] {processor.py:208} INFO - Processing /home/airflow/.local/lib/python3.12/site-packages/airflow/example_dags/example_sla_dag.py took 0.088 seconds
[2025-06-26T22:47:02.654+0000] {processor.py:186} INFO - Started process (PID=500) to work on /home/airflow/.local/lib/python3.12/site-packages/airflow/example_dags/example_sla_dag.py
[2025-06-26T22:47:02.655+0000] {processor.py:914} INFO - Processing file /home/airflow/.local/lib/python3.12/site-packages/airflow/example_dags/example_sla_dag.py for tasks to queue
[2025-06-26T22:47:02.658+0000] {logging_mixin.py:190} INFO - [2025-06-26T22:47:02.658+0000] {dagbag.py:588} INFO - Filling up the DagBag from /home/airflow/.local/lib/python3.12/site-packages/airflow/example_dags/example_sla_dag.py
[2025-06-26T22:47:02.667+0000] {processor.py:925} INFO - DAG(s) 'example_sla_dag' retrieved from /home/airflow/.local/lib/python3.12/site-packages/airflow/example_dags/example_sla_dag.py
[2025-06-26T22:47:02.685+0000] {logging_mixin.py:190} INFO - [2025-06-26T22:47:02.684+0000] {dag.py:3239} INFO - Sync 1 DAGs
[2025-06-26T22:47:02.707+0000] {logging_mixin.py:190} INFO - [2025-06-26T22:47:02.707+0000] {dag.py:4180} INFO - Setting next_dagrun for example_sla_dag to 2025-06-26 22:44:00+00:00, run_after=2025-06-26 22:46:00+00:00
[2025-06-26T22:47:02.729+0000] {processor.py:208} INFO - Processing /home/airflow/.local/lib/python3.12/site-packages/airflow/example_dags/example_sla_dag.py took 0.080 seconds
[2025-06-26T22:47:32.998+0000] {processor.py:186} INFO - Started process (PID=562) to work on /home/airflow/.local/lib/python3.12/site-packages/airflow/example_dags/example_sla_dag.py
[2025-06-26T22:47:32.999+0000] {processor.py:914} INFO - Processing file /home/airflow/.local/lib/python3.12/site-packages/airflow/example_dags/example_sla_dag.py for tasks to queue
[2025-06-26T22:47:33.002+0000] {logging_mixin.py:190} INFO - [2025-06-26T22:47:33.002+0000] {dagbag.py:588} INFO - Filling up the DagBag from /home/airflow/.local/lib/python3.12/site-packages/airflow/example_dags/example_sla_dag.py
[2025-06-26T22:47:33.011+0000] {processor.py:925} INFO - DAG(s) 'example_sla_dag' retrieved from /home/airflow/.local/lib/python3.12/site-packages/airflow/example_dags/example_sla_dag.py
[2025-06-26T22:47:33.029+0000] {logging_mixin.py:190} INFO - [2025-06-26T22:47:33.029+0000] {dag.py:3239} INFO - Sync 1 DAGs
[2025-06-26T22:47:33.052+0000] {logging_mixin.py:190} INFO - [2025-06-26T22:47:33.051+0000] {dag.py:4180} INFO - Setting next_dagrun for example_sla_dag to 2025-06-26 22:44:00+00:00, run_after=2025-06-26 22:46:00+00:00
[2025-06-26T22:47:33.073+0000] {processor.py:208} INFO - Processing /home/airflow/.local/lib/python3.12/site-packages/airflow/example_dags/example_sla_dag.py took 0.080 seconds
[2025-06-26T22:48:03.416+0000] {processor.py:186} INFO - Started process (PID=624) to work on /home/airflow/.local/lib/python3.12/site-packages/airflow/example_dags/example_sla_dag.py
[2025-06-26T22:48:03.417+0000] {processor.py:914} INFO - Processing file /home/airflow/.local/lib/python3.12/site-packages/airflow/example_dags/example_sla_dag.py for tasks to queue
[2025-06-26T22:48:03.419+0000] {logging_mixin.py:190} INFO - [2025-06-26T22:48:03.419+0000] {dagbag.py:588} INFO - Filling up the DagBag from /home/airflow/.local/lib/python3.12/site-packages/airflow/example_dags/example_sla_dag.py
[2025-06-26T22:48:03.428+0000] {processor.py:925} INFO - DAG(s) 'example_sla_dag' retrieved from /home/airflow/.local/lib/python3.12/site-packages/airflow/example_dags/example_sla_dag.py
[2025-06-26T22:48:03.446+0000] {logging_mixin.py:190} INFO - [2025-06-26T22:48:03.445+0000] {dag.py:3239} INFO - Sync 1 DAGs
[2025-06-26T22:48:03.465+0000] {logging_mixin.py:190} INFO - [2025-06-26T22:48:03.465+0000] {dag.py:4180} INFO - Setting next_dagrun for example_sla_dag to 2025-06-26 22:46:00+00:00, run_after=2025-06-26 22:48:00+00:00
[2025-06-26T22:48:03.487+0000] {processor.py:208} INFO - Processing /home/airflow/.local/lib/python3.12/site-packages/airflow/example_dags/example_sla_dag.py took 0.077 seconds
[2025-06-26T22:48:33.728+0000] {processor.py:186} INFO - Started process (PID=686) to work on /home/airflow/.local/lib/python3.12/site-packages/airflow/example_dags/example_sla_dag.py
[2025-06-26T22:48:33.729+0000] {processor.py:914} INFO - Processing file /home/airflow/.local/lib/python3.12/site-packages/airflow/example_dags/example_sla_dag.py for tasks to queue
[2025-06-26T22:48:33.732+0000] {logging_mixin.py:190} INFO - [2025-06-26T22:48:33.731+0000] {dagbag.py:588} INFO - Filling up the DagBag from /home/airflow/.local/lib/python3.12/site-packages/airflow/example_dags/example_sla_dag.py
[2025-06-26T22:48:33.741+0000] {processor.py:925} INFO - DAG(s) 'example_sla_dag' retrieved from /home/airflow/.local/lib/python3.12/site-packages/airflow/example_dags/example_sla_dag.py
[2025-06-26T22:48:33.762+0000] {logging_mixin.py:190} INFO - [2025-06-26T22:48:33.762+0000] {dag.py:3239} INFO - Sync 1 DAGs
[2025-06-26T22:48:33.791+0000] {logging_mixin.py:190} INFO - [2025-06-26T22:48:33.790+0000] {dag.py:4180} INFO - Setting next_dagrun for example_sla_dag to 2025-06-26 22:46:00+00:00, run_after=2025-06-26 22:48:00+00:00
[2025-06-26T22:48:33.813+0000] {processor.py:208} INFO - Processing /home/airflow/.local/lib/python3.12/site-packages/airflow/example_dags/example_sla_dag.py took 0.089 seconds
[2025-06-26T22:49:04.071+0000] {processor.py:186} INFO - Started process (PID=748) to work on /home/airflow/.local/lib/python3.12/site-packages/airflow/example_dags/example_sla_dag.py
[2025-06-26T22:49:04.072+0000] {processor.py:914} INFO - Processing file /home/airflow/.local/lib/python3.12/site-packages/airflow/example_dags/example_sla_dag.py for tasks to queue
[2025-06-26T22:49:04.074+0000] {logging_mixin.py:190} INFO - [2025-06-26T22:49:04.074+0000] {dagbag.py:588} INFO - Filling up the DagBag from /home/airflow/.local/lib/python3.12/site-packages/airflow/example_dags/example_sla_dag.py
[2025-06-26T22:49:04.083+0000] {processor.py:925} INFO - DAG(s) 'example_sla_dag' retrieved from /home/airflow/.local/lib/python3.12/site-packages/airflow/example_dags/example_sla_dag.py
[2025-06-26T22:49:04.102+0000] {logging_mixin.py:190} INFO - [2025-06-26T22:49:04.102+0000] {dag.py:3239} INFO - Sync 1 DAGs
[2025-06-26T22:49:04.128+0000] {logging_mixin.py:190} INFO - [2025-06-26T22:49:04.128+0000] {dag.py:4180} INFO - Setting next_dagrun for example_sla_dag to 2025-06-26 22:46:00+00:00, run_after=2025-06-26 22:48:00+00:00
[2025-06-26T22:49:04.152+0000] {processor.py:208} INFO - Processing /home/airflow/.local/lib/python3.12/site-packages/airflow/example_dags/example_sla_dag.py took 0.086 seconds
[2025-06-26T22:49:34.379+0000] {processor.py:186} INFO - Started process (PID=810) to work on /home/airflow/.local/lib/python3.12/site-packages/airflow/example_dags/example_sla_dag.py
[2025-06-26T22:49:34.380+0000] {processor.py:914} INFO - Processing file /home/airflow/.local/lib/python3.12/site-packages/airflow/example_dags/example_sla_dag.py for tasks to queue
[2025-06-26T22:49:34.383+0000] {logging_mixin.py:190} INFO - [2025-06-26T22:49:34.383+0000] {dagbag.py:588} INFO - Filling up the DagBag from /home/airflow/.local/lib/python3.12/site-packages/airflow/example_dags/example_sla_dag.py
[2025-06-26T22:49:34.394+0000] {processor.py:925} INFO - DAG(s) 'example_sla_dag' retrieved from /home/airflow/.local/lib/python3.12/site-packages/airflow/example_dags/example_sla_dag.py
[2025-06-26T22:49:34.416+0000] {logging_mixin.py:190} INFO - [2025-06-26T22:49:34.416+0000] {dag.py:3239} INFO - Sync 1 DAGs
[2025-06-26T22:49:34.441+0000] {logging_mixin.py:190} INFO - [2025-06-26T22:49:34.441+0000] {dag.py:4180} INFO - Setting next_dagrun for example_sla_dag to 2025-06-26 22:46:00+00:00, run_after=2025-06-26 22:48:00+00:00
[2025-06-26T22:49:34.465+0000] {processor.py:208} INFO - Processing /home/airflow/.local/lib/python3.12/site-packages/airflow/example_dags/example_sla_dag.py took 0.092 seconds
[2025-06-26T22:50:04.748+0000] {processor.py:186} INFO - Started process (PID=872) to work on /home/airflow/.local/lib/python3.12/site-packages/airflow/example_dags/example_sla_dag.py
[2025-06-26T22:50:04.749+0000] {processor.py:914} INFO - Processing file /home/airflow/.local/lib/python3.12/site-packages/airflow/example_dags/example_sla_dag.py for tasks to queue
[2025-06-26T22:50:04.751+0000] {logging_mixin.py:190} INFO - [2025-06-26T22:50:04.751+0000] {dagbag.py:588} INFO - Filling up the DagBag from /home/airflow/.local/lib/python3.12/site-packages/airflow/example_dags/example_sla_dag.py
[2025-06-26T22:50:04.759+0000] {processor.py:925} INFO - DAG(s) 'example_sla_dag' retrieved from /home/airflow/.local/lib/python3.12/site-packages/airflow/example_dags/example_sla_dag.py
[2025-06-26T22:50:04.778+0000] {logging_mixin.py:190} INFO - [2025-06-26T22:50:04.777+0000] {dag.py:3239} INFO - Sync 1 DAGs
[2025-06-26T22:50:04.800+0000] {logging_mixin.py:190} INFO - [2025-06-26T22:50:04.800+0000] {dag.py:4180} INFO - Setting next_dagrun for example_sla_dag to 2025-06-26 22:48:00+00:00, run_after=2025-06-26 22:50:00+00:00
[2025-06-26T22:50:04.819+0000] {processor.py:208} INFO - Processing /home/airflow/.local/lib/python3.12/site-packages/airflow/example_dags/example_sla_dag.py took 0.077 seconds
[2025-06-26T22:50:35.131+0000] {processor.py:186} INFO - Started process (PID=933) to work on /home/airflow/.local/lib/python3.12/site-packages/airflow/example_dags/example_sla_dag.py
[2025-06-26T22:50:35.132+0000] {processor.py:914} INFO - Processing file /home/airflow/.local/lib/python3.12/site-packages/airflow/example_dags/example_sla_dag.py for tasks to queue
[2025-06-26T22:50:35.134+0000] {logging_mixin.py:190} INFO - [2025-06-26T22:50:35.134+0000] {dagbag.py:588} INFO - Filling up the DagBag from /home/airflow/.local/lib/python3.12/site-packages/airflow/example_dags/example_sla_dag.py
[2025-06-26T22:50:35.144+0000] {processor.py:925} INFO - DAG(s) 'example_sla_dag' retrieved from /home/airflow/.local/lib/python3.12/site-packages/airflow/example_dags/example_sla_dag.py
[2025-06-26T22:50:35.160+0000] {logging_mixin.py:190} INFO - [2025-06-26T22:50:35.159+0000] {dag.py:3239} INFO - Sync 1 DAGs
[2025-06-26T22:50:35.181+0000] {logging_mixin.py:190} INFO - [2025-06-26T22:50:35.180+0000] {dag.py:4180} INFO - Setting next_dagrun for example_sla_dag to 2025-06-26 22:48:00+00:00, run_after=2025-06-26 22:50:00+00:00
[2025-06-26T22:50:35.201+0000] {processor.py:208} INFO - Processing /home/airflow/.local/lib/python3.12/site-packages/airflow/example_dags/example_sla_dag.py took 0.076 seconds
[2025-06-26T22:51:05.546+0000] {processor.py:186} INFO - Started process (PID=995) to work on /home/airflow/.local/lib/python3.12/site-packages/airflow/example_dags/example_sla_dag.py
[2025-06-26T22:51:05.547+0000] {processor.py:914} INFO - Processing file /home/airflow/.local/lib/python3.12/site-packages/airflow/example_dags/example_sla_dag.py for tasks to queue
[2025-06-26T22:51:05.550+0000] {logging_mixin.py:190} INFO - [2025-06-26T22:51:05.550+0000] {dagbag.py:588} INFO - Filling up the DagBag from /home/airflow/.local/lib/python3.12/site-packages/airflow/example_dags/example_sla_dag.py
[2025-06-26T22:51:05.565+0000] {processor.py:925} INFO - DAG(s) 'example_sla_dag' retrieved from /home/airflow/.local/lib/python3.12/site-packages/airflow/example_dags/example_sla_dag.py
[2025-06-26T22:51:05.588+0000] {logging_mixin.py:190} INFO - [2025-06-26T22:51:05.587+0000] {dag.py:3239} INFO - Sync 1 DAGs
[2025-06-26T22:51:05.620+0000] {logging_mixin.py:190} INFO - [2025-06-26T22:51:05.620+0000] {dag.py:4180} INFO - Setting next_dagrun for example_sla_dag to 2025-06-26 22:48:00+00:00, run_after=2025-06-26 22:50:00+00:00
[2025-06-26T22:51:05.643+0000] {processor.py:208} INFO - Processing /home/airflow/.local/lib/python3.12/site-packages/airflow/example_dags/example_sla_dag.py took 0.105 seconds
[2025-06-26T22:51:36.054+0000] {processor.py:186} INFO - Started process (PID=1057) to work on /home/airflow/.local/lib/python3.12/site-packages/airflow/example_dags/example_sla_dag.py
[2025-06-26T22:51:36.055+0000] {processor.py:914} INFO - Processing file /home/airflow/.local/lib/python3.12/site-packages/airflow/example_dags/example_sla_dag.py for tasks to queue
[2025-06-26T22:51:36.058+0000] {logging_mixin.py:190} INFO - [2025-06-26T22:51:36.058+0000] {dagbag.py:588} INFO - Filling up the DagBag from /home/airflow/.local/lib/python3.12/site-packages/airflow/example_dags/example_sla_dag.py
[2025-06-26T22:51:36.067+0000] {processor.py:925} INFO - DAG(s) 'example_sla_dag' retrieved from /home/airflow/.local/lib/python3.12/site-packages/airflow/example_dags/example_sla_dag.py
[2025-06-26T22:51:36.086+0000] {logging_mixin.py:190} INFO - [2025-06-26T22:51:36.086+0000] {dag.py:3239} INFO - Sync 1 DAGs
[2025-06-26T22:51:36.108+0000] {logging_mixin.py:190} INFO - [2025-06-26T22:51:36.108+0000] {dag.py:4180} INFO - Setting next_dagrun for example_sla_dag to 2025-06-26 22:48:00+00:00, run_after=2025-06-26 22:50:00+00:00
[2025-06-26T22:51:36.128+0000] {processor.py:208} INFO - Processing /home/airflow/.local/lib/python3.12/site-packages/airflow/example_dags/example_sla_dag.py took 0.079 seconds
[2025-06-26T22:52:06.408+0000] {processor.py:186} INFO - Started process (PID=1119) to work on /home/airflow/.local/lib/python3.12/site-packages/airflow/example_dags/example_sla_dag.py
[2025-06-26T22:52:06.409+0000] {processor.py:914} INFO - Processing file /home/airflow/.local/lib/python3.12/site-packages/airflow/example_dags/example_sla_dag.py for tasks to queue
[2025-06-26T22:52:06.411+0000] {logging_mixin.py:190} INFO - [2025-06-26T22:52:06.411+0000] {dagbag.py:588} INFO - Filling up the DagBag from /home/airflow/.local/lib/python3.12/site-packages/airflow/example_dags/example_sla_dag.py
[2025-06-26T22:52:06.419+0000] {processor.py:925} INFO - DAG(s) 'example_sla_dag' retrieved from /home/airflow/.local/lib/python3.12/site-packages/airflow/example_dags/example_sla_dag.py
[2025-06-26T22:52:06.436+0000] {logging_mixin.py:190} INFO - [2025-06-26T22:52:06.436+0000] {dag.py:3239} INFO - Sync 1 DAGs
[2025-06-26T22:52:06.457+0000] {logging_mixin.py:190} INFO - [2025-06-26T22:52:06.457+0000] {dag.py:4180} INFO - Setting next_dagrun for example_sla_dag to 2025-06-26 22:50:00+00:00, run_after=2025-06-26 22:52:00+00:00
[2025-06-26T22:52:06.477+0000] {processor.py:208} INFO - Processing /home/airflow/.local/lib/python3.12/site-packages/airflow/example_dags/example_sla_dag.py took 0.074 seconds
[2025-06-26T22:52:36.692+0000] {processor.py:186} INFO - Started process (PID=1181) to work on /home/airflow/.local/lib/python3.12/site-packages/airflow/example_dags/example_sla_dag.py
[2025-06-26T22:52:36.693+0000] {processor.py:914} INFO - Processing file /home/airflow/.local/lib/python3.12/site-packages/airflow/example_dags/example_sla_dag.py for tasks to queue
[2025-06-26T22:52:36.695+0000] {logging_mixin.py:190} INFO - [2025-06-26T22:52:36.695+0000] {dagbag.py:588} INFO - Filling up the DagBag from /home/airflow/.local/lib/python3.12/site-packages/airflow/example_dags/example_sla_dag.py
[2025-06-26T22:52:36.703+0000] {processor.py:925} INFO - DAG(s) 'example_sla_dag' retrieved from /home/airflow/.local/lib/python3.12/site-packages/airflow/example_dags/example_sla_dag.py
[2025-06-26T22:52:36.722+0000] {logging_mixin.py:190} INFO - [2025-06-26T22:52:36.721+0000] {dag.py:3239} INFO - Sync 1 DAGs
[2025-06-26T22:52:36.742+0000] {logging_mixin.py:190} INFO - [2025-06-26T22:52:36.742+0000] {dag.py:4180} INFO - Setting next_dagrun for example_sla_dag to 2025-06-26 22:50:00+00:00, run_after=2025-06-26 22:52:00+00:00
[2025-06-26T22:52:36.761+0000] {processor.py:208} INFO - Processing /home/airflow/.local/lib/python3.12/site-packages/airflow/example_dags/example_sla_dag.py took 0.074 seconds
[2025-06-26T22:53:06.824+0000] {processor.py:186} INFO - Started process (PID=1243) to work on /home/airflow/.local/lib/python3.12/site-packages/airflow/example_dags/example_sla_dag.py
[2025-06-26T22:53:06.825+0000] {processor.py:914} INFO - Processing file /home/airflow/.local/lib/python3.12/site-packages/airflow/example_dags/example_sla_dag.py for tasks to queue
[2025-06-26T22:53:06.828+0000] {logging_mixin.py:190} INFO - [2025-06-26T22:53:06.828+0000] {dagbag.py:588} INFO - Filling up the DagBag from /home/airflow/.local/lib/python3.12/site-packages/airflow/example_dags/example_sla_dag.py
[2025-06-26T22:53:06.838+0000] {processor.py:925} INFO - DAG(s) 'example_sla_dag' retrieved from /home/airflow/.local/lib/python3.12/site-packages/airflow/example_dags/example_sla_dag.py
[2025-06-26T22:53:06.858+0000] {logging_mixin.py:190} INFO - [2025-06-26T22:53:06.858+0000] {dag.py:3239} INFO - Sync 1 DAGs
[2025-06-26T22:53:06.886+0000] {logging_mixin.py:190} INFO - [2025-06-26T22:53:06.886+0000] {dag.py:4180} INFO - Setting next_dagrun for example_sla_dag to 2025-06-26 22:50:00+00:00, run_after=2025-06-26 22:52:00+00:00
[2025-06-26T22:53:06.912+0000] {processor.py:208} INFO - Processing /home/airflow/.local/lib/python3.12/site-packages/airflow/example_dags/example_sla_dag.py took 0.094 seconds
[2025-06-26T22:53:37.351+0000] {processor.py:186} INFO - Started process (PID=1305) to work on /home/airflow/.local/lib/python3.12/site-packages/airflow/example_dags/example_sla_dag.py
[2025-06-26T22:53:37.352+0000] {processor.py:914} INFO - Processing file /home/airflow/.local/lib/python3.12/site-packages/airflow/example_dags/example_sla_dag.py for tasks to queue
[2025-06-26T22:53:37.355+0000] {logging_mixin.py:190} INFO - [2025-06-26T22:53:37.355+0000] {dagbag.py:588} INFO - Filling up the DagBag from /home/airflow/.local/lib/python3.12/site-packages/airflow/example_dags/example_sla_dag.py
[2025-06-26T22:53:37.367+0000] {processor.py:925} INFO - DAG(s) 'example_sla_dag' retrieved from /home/airflow/.local/lib/python3.12/site-packages/airflow/example_dags/example_sla_dag.py
[2025-06-26T22:53:37.384+0000] {logging_mixin.py:190} INFO - [2025-06-26T22:53:37.384+0000] {dag.py:3239} INFO - Sync 1 DAGs
[2025-06-26T22:53:37.405+0000] {logging_mixin.py:190} INFO - [2025-06-26T22:53:37.405+0000] {dag.py:4180} INFO - Setting next_dagrun for example_sla_dag to 2025-06-26 22:50:00+00:00, run_after=2025-06-26 22:52:00+00:00
[2025-06-26T22:53:37.426+0000] {processor.py:208} INFO - Processing /home/airflow/.local/lib/python3.12/site-packages/airflow/example_dags/example_sla_dag.py took 0.081 seconds
[2025-06-26T22:54:07.564+0000] {processor.py:186} INFO - Started process (PID=1367) to work on /home/airflow/.local/lib/python3.12/site-packages/airflow/example_dags/example_sla_dag.py
[2025-06-26T22:54:07.566+0000] {processor.py:914} INFO - Processing file /home/airflow/.local/lib/python3.12/site-packages/airflow/example_dags/example_sla_dag.py for tasks to queue
[2025-06-26T22:54:07.568+0000] {logging_mixin.py:190} INFO - [2025-06-26T22:54:07.568+0000] {dagbag.py:588} INFO - Filling up the DagBag from /home/airflow/.local/lib/python3.12/site-packages/airflow/example_dags/example_sla_dag.py
[2025-06-26T22:54:07.578+0000] {processor.py:925} INFO - DAG(s) 'example_sla_dag' retrieved from /home/airflow/.local/lib/python3.12/site-packages/airflow/example_dags/example_sla_dag.py
[2025-06-26T22:54:07.600+0000] {logging_mixin.py:190} INFO - [2025-06-26T22:54:07.600+0000] {dag.py:3239} INFO - Sync 1 DAGs
[2025-06-26T22:54:07.622+0000] {logging_mixin.py:190} INFO - [2025-06-26T22:54:07.621+0000] {dag.py:4180} INFO - Setting next_dagrun for example_sla_dag to 2025-06-26 22:52:00+00:00, run_after=2025-06-26 22:54:00+00:00
[2025-06-26T22:54:07.640+0000] {processor.py:208} INFO - Processing /home/airflow/.local/lib/python3.12/site-packages/airflow/example_dags/example_sla_dag.py took 0.084 seconds
[2025-06-26T22:54:38.160+0000] {processor.py:186} INFO - Started process (PID=1429) to work on /home/airflow/.local/lib/python3.12/site-packages/airflow/example_dags/example_sla_dag.py
[2025-06-26T22:54:38.161+0000] {processor.py:914} INFO - Processing file /home/airflow/.local/lib/python3.12/site-packages/airflow/example_dags/example_sla_dag.py for tasks to queue
[2025-06-26T22:54:38.164+0000] {logging_mixin.py:190} INFO - [2025-06-26T22:54:38.163+0000] {dagbag.py:588} INFO - Filling up the DagBag from /home/airflow/.local/lib/python3.12/site-packages/airflow/example_dags/example_sla_dag.py
[2025-06-26T22:54:38.173+0000] {processor.py:925} INFO - DAG(s) 'example_sla_dag' retrieved from /home/airflow/.local/lib/python3.12/site-packages/airflow/example_dags/example_sla_dag.py
[2025-06-26T22:54:38.191+0000] {logging_mixin.py:190} INFO - [2025-06-26T22:54:38.191+0000] {dag.py:3239} INFO - Sync 1 DAGs
[2025-06-26T22:54:38.214+0000] {logging_mixin.py:190} INFO - [2025-06-26T22:54:38.214+0000] {dag.py:4180} INFO - Setting next_dagrun for example_sla_dag to 2025-06-26 22:52:00+00:00, run_after=2025-06-26 22:54:00+00:00
[2025-06-26T22:54:38.233+0000] {processor.py:208} INFO - Processing /home/airflow/.local/lib/python3.12/site-packages/airflow/example_dags/example_sla_dag.py took 0.079 seconds
[2025-06-26T22:55:08.578+0000] {processor.py:186} INFO - Started process (PID=1491) to work on /home/airflow/.local/lib/python3.12/site-packages/airflow/example_dags/example_sla_dag.py
[2025-06-26T22:55:08.579+0000] {processor.py:914} INFO - Processing file /home/airflow/.local/lib/python3.12/site-packages/airflow/example_dags/example_sla_dag.py for tasks to queue
[2025-06-26T22:55:08.582+0000] {logging_mixin.py:190} INFO - [2025-06-26T22:55:08.582+0000] {dagbag.py:588} INFO - Filling up the DagBag from /home/airflow/.local/lib/python3.12/site-packages/airflow/example_dags/example_sla_dag.py
[2025-06-26T22:55:08.591+0000] {processor.py:925} INFO - DAG(s) 'example_sla_dag' retrieved from /home/airflow/.local/lib/python3.12/site-packages/airflow/example_dags/example_sla_dag.py
[2025-06-26T22:55:08.609+0000] {logging_mixin.py:190} INFO - [2025-06-26T22:55:08.609+0000] {dag.py:3239} INFO - Sync 1 DAGs
[2025-06-26T22:55:08.631+0000] {logging_mixin.py:190} INFO - [2025-06-26T22:55:08.631+0000] {dag.py:4180} INFO - Setting next_dagrun for example_sla_dag to 2025-06-26 22:52:00+00:00, run_after=2025-06-26 22:54:00+00:00
[2025-06-26T22:55:08.652+0000] {processor.py:208} INFO - Processing /home/airflow/.local/lib/python3.12/site-packages/airflow/example_dags/example_sla_dag.py took 0.079 seconds
[2025-06-26T22:55:39.044+0000] {processor.py:186} INFO - Started process (PID=1553) to work on /home/airflow/.local/lib/python3.12/site-packages/airflow/example_dags/example_sla_dag.py
[2025-06-26T22:55:39.045+0000] {processor.py:914} INFO - Processing file /home/airflow/.local/lib/python3.12/site-packages/airflow/example_dags/example_sla_dag.py for tasks to queue
[2025-06-26T22:55:39.048+0000] {logging_mixin.py:190} INFO - [2025-06-26T22:55:39.047+0000] {dagbag.py:588} INFO - Filling up the DagBag from /home/airflow/.local/lib/python3.12/site-packages/airflow/example_dags/example_sla_dag.py
[2025-06-26T22:55:39.056+0000] {processor.py:925} INFO - DAG(s) 'example_sla_dag' retrieved from /home/airflow/.local/lib/python3.12/site-packages/airflow/example_dags/example_sla_dag.py
[2025-06-26T22:55:39.073+0000] {logging_mixin.py:190} INFO - [2025-06-26T22:55:39.073+0000] {dag.py:3239} INFO - Sync 1 DAGs
[2025-06-26T22:55:39.097+0000] {logging_mixin.py:190} INFO - [2025-06-26T22:55:39.097+0000] {dag.py:4180} INFO - Setting next_dagrun for example_sla_dag to 2025-06-26 22:52:00+00:00, run_after=2025-06-26 22:54:00+00:00
[2025-06-26T22:55:39.119+0000] {processor.py:208} INFO - Processing /home/airflow/.local/lib/python3.12/site-packages/airflow/example_dags/example_sla_dag.py took 0.081 seconds
[2025-06-26T22:56:09.308+0000] {processor.py:186} INFO - Started process (PID=1615) to work on /home/airflow/.local/lib/python3.12/site-packages/airflow/example_dags/example_sla_dag.py
[2025-06-26T22:56:09.309+0000] {processor.py:914} INFO - Processing file /home/airflow/.local/lib/python3.12/site-packages/airflow/example_dags/example_sla_dag.py for tasks to queue
[2025-06-26T22:56:09.311+0000] {logging_mixin.py:190} INFO - [2025-06-26T22:56:09.311+0000] {dagbag.py:588} INFO - Filling up the DagBag from /home/airflow/.local/lib/python3.12/site-packages/airflow/example_dags/example_sla_dag.py
[2025-06-26T22:56:09.320+0000] {processor.py:925} INFO - DAG(s) 'example_sla_dag' retrieved from /home/airflow/.local/lib/python3.12/site-packages/airflow/example_dags/example_sla_dag.py
[2025-06-26T22:56:09.338+0000] {logging_mixin.py:190} INFO - [2025-06-26T22:56:09.338+0000] {dag.py:3239} INFO - Sync 1 DAGs
[2025-06-26T22:56:09.360+0000] {logging_mixin.py:190} INFO - [2025-06-26T22:56:09.360+0000] {dag.py:4180} INFO - Setting next_dagrun for example_sla_dag to 2025-06-26 22:54:00+00:00, run_after=2025-06-26 22:56:00+00:00
[2025-06-26T22:56:09.378+0000] {processor.py:208} INFO - Processing /home/airflow/.local/lib/python3.12/site-packages/airflow/example_dags/example_sla_dag.py took 0.077 seconds
[2025-06-26T22:56:39.770+0000] {processor.py:186} INFO - Started process (PID=1677) to work on /home/airflow/.local/lib/python3.12/site-packages/airflow/example_dags/example_sla_dag.py
[2025-06-26T22:56:39.771+0000] {processor.py:914} INFO - Processing file /home/airflow/.local/lib/python3.12/site-packages/airflow/example_dags/example_sla_dag.py for tasks to queue
[2025-06-26T22:56:39.774+0000] {logging_mixin.py:190} INFO - [2025-06-26T22:56:39.773+0000] {dagbag.py:588} INFO - Filling up the DagBag from /home/airflow/.local/lib/python3.12/site-packages/airflow/example_dags/example_sla_dag.py
[2025-06-26T22:56:39.782+0000] {processor.py:925} INFO - DAG(s) 'example_sla_dag' retrieved from /home/airflow/.local/lib/python3.12/site-packages/airflow/example_dags/example_sla_dag.py
[2025-06-26T22:56:39.799+0000] {logging_mixin.py:190} INFO - [2025-06-26T22:56:39.799+0000] {dag.py:3239} INFO - Sync 1 DAGs
[2025-06-26T22:56:39.821+0000] {logging_mixin.py:190} INFO - [2025-06-26T22:56:39.821+0000] {dag.py:4180} INFO - Setting next_dagrun for example_sla_dag to 2025-06-26 22:54:00+00:00, run_after=2025-06-26 22:56:00+00:00
[2025-06-26T22:56:39.844+0000] {processor.py:208} INFO - Processing /home/airflow/.local/lib/python3.12/site-packages/airflow/example_dags/example_sla_dag.py took 0.079 seconds
[2025-06-26T22:57:10.591+0000] {processor.py:186} INFO - Started process (PID=1739) to work on /home/airflow/.local/lib/python3.12/site-packages/airflow/example_dags/example_sla_dag.py
[2025-06-26T22:57:10.592+0000] {processor.py:914} INFO - Processing file /home/airflow/.local/lib/python3.12/site-packages/airflow/example_dags/example_sla_dag.py for tasks to queue
[2025-06-26T22:57:10.595+0000] {logging_mixin.py:190} INFO - [2025-06-26T22:57:10.595+0000] {dagbag.py:588} INFO - Filling up the DagBag from /home/airflow/.local/lib/python3.12/site-packages/airflow/example_dags/example_sla_dag.py
[2025-06-26T22:57:10.604+0000] {processor.py:925} INFO - DAG(s) 'example_sla_dag' retrieved from /home/airflow/.local/lib/python3.12/site-packages/airflow/example_dags/example_sla_dag.py
[2025-06-26T22:57:10.620+0000] {logging_mixin.py:190} INFO - [2025-06-26T22:57:10.620+0000] {dag.py:3239} INFO - Sync 1 DAGs
[2025-06-26T22:57:10.644+0000] {logging_mixin.py:190} INFO - [2025-06-26T22:57:10.644+0000] {dag.py:4180} INFO - Setting next_dagrun for example_sla_dag to 2025-06-26 22:54:00+00:00, run_after=2025-06-26 22:56:00+00:00
[2025-06-26T22:57:10.666+0000] {processor.py:208} INFO - Processing /home/airflow/.local/lib/python3.12/site-packages/airflow/example_dags/example_sla_dag.py took 0.082 seconds
[2025-06-26T22:57:40.827+0000] {processor.py:186} INFO - Started process (PID=1801) to work on /home/airflow/.local/lib/python3.12/site-packages/airflow/example_dags/example_sla_dag.py
[2025-06-26T22:57:40.828+0000] {processor.py:914} INFO - Processing file /home/airflow/.local/lib/python3.12/site-packages/airflow/example_dags/example_sla_dag.py for tasks to queue
[2025-06-26T22:57:40.831+0000] {logging_mixin.py:190} INFO - [2025-06-26T22:57:40.830+0000] {dagbag.py:588} INFO - Filling up the DagBag from /home/airflow/.local/lib/python3.12/site-packages/airflow/example_dags/example_sla_dag.py
[2025-06-26T22:57:40.838+0000] {processor.py:925} INFO - DAG(s) 'example_sla_dag' retrieved from /home/airflow/.local/lib/python3.12/site-packages/airflow/example_dags/example_sla_dag.py
[2025-06-26T22:57:40.856+0000] {logging_mixin.py:190} INFO - [2025-06-26T22:57:40.855+0000] {dag.py:3239} INFO - Sync 1 DAGs
[2025-06-26T22:57:40.877+0000] {logging_mixin.py:190} INFO - [2025-06-26T22:57:40.876+0000] {dag.py:4180} INFO - Setting next_dagrun for example_sla_dag to 2025-06-26 22:54:00+00:00, run_after=2025-06-26 22:56:00+00:00
[2025-06-26T22:57:40.896+0000] {processor.py:208} INFO - Processing /home/airflow/.local/lib/python3.12/site-packages/airflow/example_dags/example_sla_dag.py took 0.073 seconds
[2025-06-26T22:58:11.462+0000] {processor.py:186} INFO - Started process (PID=1863) to work on /home/airflow/.local/lib/python3.12/site-packages/airflow/example_dags/example_sla_dag.py
[2025-06-26T22:58:11.463+0000] {processor.py:914} INFO - Processing file /home/airflow/.local/lib/python3.12/site-packages/airflow/example_dags/example_sla_dag.py for tasks to queue
[2025-06-26T22:58:11.465+0000] {logging_mixin.py:190} INFO - [2025-06-26T22:58:11.465+0000] {dagbag.py:588} INFO - Filling up the DagBag from /home/airflow/.local/lib/python3.12/site-packages/airflow/example_dags/example_sla_dag.py
[2025-06-26T22:58:11.474+0000] {processor.py:925} INFO - DAG(s) 'example_sla_dag' retrieved from /home/airflow/.local/lib/python3.12/site-packages/airflow/example_dags/example_sla_dag.py
[2025-06-26T22:58:11.490+0000] {logging_mixin.py:190} INFO - [2025-06-26T22:58:11.490+0000] {dag.py:3239} INFO - Sync 1 DAGs
[2025-06-26T22:58:11.510+0000] {logging_mixin.py:190} INFO - [2025-06-26T22:58:11.510+0000] {dag.py:4180} INFO - Setting next_dagrun for example_sla_dag to 2025-06-26 22:56:00+00:00, run_after=2025-06-26 22:58:00+00:00
[2025-06-26T22:58:11.531+0000] {processor.py:208} INFO - Processing /home/airflow/.local/lib/python3.12/site-packages/airflow/example_dags/example_sla_dag.py took 0.073 seconds
[2025-06-26T22:58:41.759+0000] {processor.py:186} INFO - Started process (PID=1925) to work on /home/airflow/.local/lib/python3.12/site-packages/airflow/example_dags/example_sla_dag.py
[2025-06-26T22:58:41.760+0000] {processor.py:914} INFO - Processing file /home/airflow/.local/lib/python3.12/site-packages/airflow/example_dags/example_sla_dag.py for tasks to queue
[2025-06-26T22:58:41.762+0000] {logging_mixin.py:190} INFO - [2025-06-26T22:58:41.762+0000] {dagbag.py:588} INFO - Filling up the DagBag from /home/airflow/.local/lib/python3.12/site-packages/airflow/example_dags/example_sla_dag.py
[2025-06-26T22:58:41.770+0000] {processor.py:925} INFO - DAG(s) 'example_sla_dag' retrieved from /home/airflow/.local/lib/python3.12/site-packages/airflow/example_dags/example_sla_dag.py
[2025-06-26T22:58:41.788+0000] {logging_mixin.py:190} INFO - [2025-06-26T22:58:41.788+0000] {dag.py:3239} INFO - Sync 1 DAGs
[2025-06-26T22:58:41.808+0000] {logging_mixin.py:190} INFO - [2025-06-26T22:58:41.808+0000] {dag.py:4180} INFO - Setting next_dagrun for example_sla_dag to 2025-06-26 22:56:00+00:00, run_after=2025-06-26 22:58:00+00:00
[2025-06-26T22:58:41.826+0000] {processor.py:208} INFO - Processing /home/airflow/.local/lib/python3.12/site-packages/airflow/example_dags/example_sla_dag.py took 0.071 seconds
[2025-06-26T22:59:12.162+0000] {processor.py:186} INFO - Started process (PID=1987) to work on /home/airflow/.local/lib/python3.12/site-packages/airflow/example_dags/example_sla_dag.py
[2025-06-26T22:59:12.163+0000] {processor.py:914} INFO - Processing file /home/airflow/.local/lib/python3.12/site-packages/airflow/example_dags/example_sla_dag.py for tasks to queue
[2025-06-26T22:59:12.166+0000] {logging_mixin.py:190} INFO - [2025-06-26T22:59:12.165+0000] {dagbag.py:588} INFO - Filling up the DagBag from /home/airflow/.local/lib/python3.12/site-packages/airflow/example_dags/example_sla_dag.py
[2025-06-26T22:59:12.174+0000] {processor.py:925} INFO - DAG(s) 'example_sla_dag' retrieved from /home/airflow/.local/lib/python3.12/site-packages/airflow/example_dags/example_sla_dag.py
[2025-06-26T22:59:12.190+0000] {logging_mixin.py:190} INFO - [2025-06-26T22:59:12.190+0000] {dag.py:3239} INFO - Sync 1 DAGs
[2025-06-26T22:59:12.212+0000] {logging_mixin.py:190} INFO - [2025-06-26T22:59:12.211+0000] {dag.py:4180} INFO - Setting next_dagrun for example_sla_dag to 2025-06-26 22:56:00+00:00, run_after=2025-06-26 22:58:00+00:00
[2025-06-26T22:59:12.230+0000] {processor.py:208} INFO - Processing /home/airflow/.local/lib/python3.12/site-packages/airflow/example_dags/example_sla_dag.py took 0.072 seconds
[2025-06-26T22:59:42.842+0000] {processor.py:186} INFO - Started process (PID=2049) to work on /home/airflow/.local/lib/python3.12/site-packages/airflow/example_dags/example_sla_dag.py
[2025-06-26T22:59:42.843+0000] {processor.py:914} INFO - Processing file /home/airflow/.local/lib/python3.12/site-packages/airflow/example_dags/example_sla_dag.py for tasks to queue
[2025-06-26T22:59:42.846+0000] {logging_mixin.py:190} INFO - [2025-06-26T22:59:42.845+0000] {dagbag.py:588} INFO - Filling up the DagBag from /home/airflow/.local/lib/python3.12/site-packages/airflow/example_dags/example_sla_dag.py
[2025-06-26T22:59:42.856+0000] {processor.py:925} INFO - DAG(s) 'example_sla_dag' retrieved from /home/airflow/.local/lib/python3.12/site-packages/airflow/example_dags/example_sla_dag.py
[2025-06-26T22:59:42.875+0000] {logging_mixin.py:190} INFO - [2025-06-26T22:59:42.875+0000] {dag.py:3239} INFO - Sync 1 DAGs
[2025-06-26T22:59:42.903+0000] {logging_mixin.py:190} INFO - [2025-06-26T22:59:42.903+0000] {dag.py:4180} INFO - Setting next_dagrun for example_sla_dag to 2025-06-26 22:56:00+00:00, run_after=2025-06-26 22:58:00+00:00
[2025-06-26T22:59:42.926+0000] {processor.py:208} INFO - Processing /home/airflow/.local/lib/python3.12/site-packages/airflow/example_dags/example_sla_dag.py took 0.091 seconds
[2025-06-26T23:00:13.312+0000] {processor.py:186} INFO - Started process (PID=2112) to work on /home/airflow/.local/lib/python3.12/site-packages/airflow/example_dags/example_sla_dag.py
[2025-06-26T23:00:13.313+0000] {processor.py:914} INFO - Processing file /home/airflow/.local/lib/python3.12/site-packages/airflow/example_dags/example_sla_dag.py for tasks to queue
[2025-06-26T23:00:13.315+0000] {logging_mixin.py:190} INFO - [2025-06-26T23:00:13.315+0000] {dagbag.py:588} INFO - Filling up the DagBag from /home/airflow/.local/lib/python3.12/site-packages/airflow/example_dags/example_sla_dag.py
[2025-06-26T23:00:13.324+0000] {processor.py:925} INFO - DAG(s) 'example_sla_dag' retrieved from /home/airflow/.local/lib/python3.12/site-packages/airflow/example_dags/example_sla_dag.py
[2025-06-26T23:00:13.343+0000] {logging_mixin.py:190} INFO - [2025-06-26T23:00:13.343+0000] {dag.py:3239} INFO - Sync 1 DAGs
[2025-06-26T23:00:13.367+0000] {logging_mixin.py:190} INFO - [2025-06-26T23:00:13.367+0000] {dag.py:4180} INFO - Setting next_dagrun for example_sla_dag to 2025-06-26 22:58:00+00:00, run_after=2025-06-26 23:00:00+00:00
[2025-06-26T23:00:13.388+0000] {processor.py:208} INFO - Processing /home/airflow/.local/lib/python3.12/site-packages/airflow/example_dags/example_sla_dag.py took 0.081 seconds
[2025-06-26T23:00:43.842+0000] {processor.py:186} INFO - Started process (PID=2174) to work on /home/airflow/.local/lib/python3.12/site-packages/airflow/example_dags/example_sla_dag.py
[2025-06-26T23:00:43.843+0000] {processor.py:914} INFO - Processing file /home/airflow/.local/lib/python3.12/site-packages/airflow/example_dags/example_sla_dag.py for tasks to queue
[2025-06-26T23:00:43.846+0000] {logging_mixin.py:190} INFO - [2025-06-26T23:00:43.846+0000] {dagbag.py:588} INFO - Filling up the DagBag from /home/airflow/.local/lib/python3.12/site-packages/airflow/example_dags/example_sla_dag.py
[2025-06-26T23:00:43.854+0000] {processor.py:925} INFO - DAG(s) 'example_sla_dag' retrieved from /home/airflow/.local/lib/python3.12/site-packages/airflow/example_dags/example_sla_dag.py
[2025-06-26T23:00:43.872+0000] {logging_mixin.py:190} INFO - [2025-06-26T23:00:43.872+0000] {dag.py:3239} INFO - Sync 1 DAGs
[2025-06-26T23:00:43.893+0000] {logging_mixin.py:190} INFO - [2025-06-26T23:00:43.892+0000] {dag.py:4180} INFO - Setting next_dagrun for example_sla_dag to 2025-06-26 22:58:00+00:00, run_after=2025-06-26 23:00:00+00:00
[2025-06-26T23:00:43.912+0000] {processor.py:208} INFO - Processing /home/airflow/.local/lib/python3.12/site-packages/airflow/example_dags/example_sla_dag.py took 0.074 seconds
[2025-06-26T23:01:14.427+0000] {processor.py:186} INFO - Started process (PID=2236) to work on /home/airflow/.local/lib/python3.12/site-packages/airflow/example_dags/example_sla_dag.py
[2025-06-26T23:01:14.428+0000] {processor.py:914} INFO - Processing file /home/airflow/.local/lib/python3.12/site-packages/airflow/example_dags/example_sla_dag.py for tasks to queue
[2025-06-26T23:01:14.431+0000] {logging_mixin.py:190} INFO - [2025-06-26T23:01:14.430+0000] {dagbag.py:588} INFO - Filling up the DagBag from /home/airflow/.local/lib/python3.12/site-packages/airflow/example_dags/example_sla_dag.py
[2025-06-26T23:01:14.441+0000] {processor.py:925} INFO - DAG(s) 'example_sla_dag' retrieved from /home/airflow/.local/lib/python3.12/site-packages/airflow/example_dags/example_sla_dag.py
[2025-06-26T23:01:14.462+0000] {logging_mixin.py:190} INFO - [2025-06-26T23:01:14.462+0000] {dag.py:3239} INFO - Sync 1 DAGs
[2025-06-26T23:01:14.487+0000] {logging_mixin.py:190} INFO - [2025-06-26T23:01:14.487+0000] {dag.py:4180} INFO - Setting next_dagrun for example_sla_dag to 2025-06-26 22:58:00+00:00, run_after=2025-06-26 23:00:00+00:00
[2025-06-26T23:01:14.508+0000] {processor.py:208} INFO - Processing /home/airflow/.local/lib/python3.12/site-packages/airflow/example_dags/example_sla_dag.py took 0.087 seconds
[2025-06-26T23:01:45.184+0000] {processor.py:186} INFO - Started process (PID=2298) to work on /home/airflow/.local/lib/python3.12/site-packages/airflow/example_dags/example_sla_dag.py
[2025-06-26T23:01:45.185+0000] {processor.py:914} INFO - Processing file /home/airflow/.local/lib/python3.12/site-packages/airflow/example_dags/example_sla_dag.py for tasks to queue
[2025-06-26T23:01:45.188+0000] {logging_mixin.py:190} INFO - [2025-06-26T23:01:45.188+0000] {dagbag.py:588} INFO - Filling up the DagBag from /home/airflow/.local/lib/python3.12/site-packages/airflow/example_dags/example_sla_dag.py
[2025-06-26T23:01:45.198+0000] {processor.py:925} INFO - DAG(s) 'example_sla_dag' retrieved from /home/airflow/.local/lib/python3.12/site-packages/airflow/example_dags/example_sla_dag.py
[2025-06-26T23:01:45.217+0000] {logging_mixin.py:190} INFO - [2025-06-26T23:01:45.217+0000] {dag.py:3239} INFO - Sync 1 DAGs
[2025-06-26T23:01:45.244+0000] {logging_mixin.py:190} INFO - [2025-06-26T23:01:45.243+0000] {dag.py:4180} INFO - Setting next_dagrun for example_sla_dag to 2025-06-26 22:58:00+00:00, run_after=2025-06-26 23:00:00+00:00
[2025-06-26T23:01:45.266+0000] {processor.py:208} INFO - Processing /home/airflow/.local/lib/python3.12/site-packages/airflow/example_dags/example_sla_dag.py took 0.087 seconds
[2025-06-26T23:02:15.601+0000] {processor.py:186} INFO - Started process (PID=2360) to work on /home/airflow/.local/lib/python3.12/site-packages/airflow/example_dags/example_sla_dag.py
[2025-06-26T23:02:15.602+0000] {processor.py:914} INFO - Processing file /home/airflow/.local/lib/python3.12/site-packages/airflow/example_dags/example_sla_dag.py for tasks to queue
[2025-06-26T23:02:15.605+0000] {logging_mixin.py:190} INFO - [2025-06-26T23:02:15.605+0000] {dagbag.py:588} INFO - Filling up the DagBag from /home/airflow/.local/lib/python3.12/site-packages/airflow/example_dags/example_sla_dag.py
[2025-06-26T23:02:15.614+0000] {processor.py:925} INFO - DAG(s) 'example_sla_dag' retrieved from /home/airflow/.local/lib/python3.12/site-packages/airflow/example_dags/example_sla_dag.py
[2025-06-26T23:02:15.638+0000] {logging_mixin.py:190} INFO - [2025-06-26T23:02:15.637+0000] {dag.py:3239} INFO - Sync 1 DAGs
[2025-06-26T23:02:15.661+0000] {logging_mixin.py:190} INFO - [2025-06-26T23:02:15.661+0000] {dag.py:4180} INFO - Setting next_dagrun for example_sla_dag to 2025-06-26 23:00:00+00:00, run_after=2025-06-26 23:02:00+00:00
[2025-06-26T23:02:15.681+0000] {processor.py:208} INFO - Processing /home/airflow/.local/lib/python3.12/site-packages/airflow/example_dags/example_sla_dag.py took 0.085 seconds
[2025-06-26T23:02:45.944+0000] {processor.py:186} INFO - Started process (PID=2422) to work on /home/airflow/.local/lib/python3.12/site-packages/airflow/example_dags/example_sla_dag.py
[2025-06-26T23:02:45.945+0000] {processor.py:914} INFO - Processing file /home/airflow/.local/lib/python3.12/site-packages/airflow/example_dags/example_sla_dag.py for tasks to queue
[2025-06-26T23:02:45.949+0000] {logging_mixin.py:190} INFO - [2025-06-26T23:02:45.948+0000] {dagbag.py:588} INFO - Filling up the DagBag from /home/airflow/.local/lib/python3.12/site-packages/airflow/example_dags/example_sla_dag.py
[2025-06-26T23:02:45.958+0000] {processor.py:925} INFO - DAG(s) 'example_sla_dag' retrieved from /home/airflow/.local/lib/python3.12/site-packages/airflow/example_dags/example_sla_dag.py
[2025-06-26T23:02:45.978+0000] {logging_mixin.py:190} INFO - [2025-06-26T23:02:45.978+0000] {dag.py:3239} INFO - Sync 1 DAGs
[2025-06-26T23:02:46.004+0000] {logging_mixin.py:190} INFO - [2025-06-26T23:02:46.004+0000] {dag.py:4180} INFO - Setting next_dagrun for example_sla_dag to 2025-06-26 23:00:00+00:00, run_after=2025-06-26 23:02:00+00:00
[2025-06-26T23:02:46.026+0000] {processor.py:208} INFO - Processing /home/airflow/.local/lib/python3.12/site-packages/airflow/example_dags/example_sla_dag.py took 0.088 seconds
[2025-06-26T23:03:16.904+0000] {processor.py:186} INFO - Started process (PID=2484) to work on /home/airflow/.local/lib/python3.12/site-packages/airflow/example_dags/example_sla_dag.py
[2025-06-26T23:03:16.905+0000] {processor.py:914} INFO - Processing file /home/airflow/.local/lib/python3.12/site-packages/airflow/example_dags/example_sla_dag.py for tasks to queue
[2025-06-26T23:03:16.908+0000] {logging_mixin.py:190} INFO - [2025-06-26T23:03:16.908+0000] {dagbag.py:588} INFO - Filling up the DagBag from /home/airflow/.local/lib/python3.12/site-packages/airflow/example_dags/example_sla_dag.py
[2025-06-26T23:03:16.919+0000] {processor.py:925} INFO - DAG(s) 'example_sla_dag' retrieved from /home/airflow/.local/lib/python3.12/site-packages/airflow/example_dags/example_sla_dag.py
[2025-06-26T23:03:16.941+0000] {logging_mixin.py:190} INFO - [2025-06-26T23:03:16.940+0000] {dag.py:3239} INFO - Sync 1 DAGs
[2025-06-26T23:03:16.968+0000] {logging_mixin.py:190} INFO - [2025-06-26T23:03:16.968+0000] {dag.py:4180} INFO - Setting next_dagrun for example_sla_dag to 2025-06-26 23:00:00+00:00, run_after=2025-06-26 23:02:00+00:00
[2025-06-26T23:03:16.991+0000] {processor.py:208} INFO - Processing /home/airflow/.local/lib/python3.12/site-packages/airflow/example_dags/example_sla_dag.py took 0.094 seconds
[2025-06-26T23:03:47.689+0000] {processor.py:186} INFO - Started process (PID=2546) to work on /home/airflow/.local/lib/python3.12/site-packages/airflow/example_dags/example_sla_dag.py
[2025-06-26T23:03:47.690+0000] {processor.py:914} INFO - Processing file /home/airflow/.local/lib/python3.12/site-packages/airflow/example_dags/example_sla_dag.py for tasks to queue
[2025-06-26T23:03:47.693+0000] {logging_mixin.py:190} INFO - [2025-06-26T23:03:47.692+0000] {dagbag.py:588} INFO - Filling up the DagBag from /home/airflow/.local/lib/python3.12/site-packages/airflow/example_dags/example_sla_dag.py
[2025-06-26T23:03:47.704+0000] {processor.py:925} INFO - DAG(s) 'example_sla_dag' retrieved from /home/airflow/.local/lib/python3.12/site-packages/airflow/example_dags/example_sla_dag.py
[2025-06-26T23:03:47.727+0000] {logging_mixin.py:190} INFO - [2025-06-26T23:03:47.727+0000] {dag.py:3239} INFO - Sync 1 DAGs
[2025-06-26T23:03:47.755+0000] {logging_mixin.py:190} INFO - [2025-06-26T23:03:47.754+0000] {dag.py:4180} INFO - Setting next_dagrun for example_sla_dag to 2025-06-26 23:00:00+00:00, run_after=2025-06-26 23:02:00+00:00
[2025-06-26T23:03:47.784+0000] {processor.py:208} INFO - Processing /home/airflow/.local/lib/python3.12/site-packages/airflow/example_dags/example_sla_dag.py took 0.099 seconds
[2025-06-26T23:04:18.276+0000] {processor.py:186} INFO - Started process (PID=2608) to work on /home/airflow/.local/lib/python3.12/site-packages/airflow/example_dags/example_sla_dag.py
[2025-06-26T23:04:18.277+0000] {processor.py:914} INFO - Processing file /home/airflow/.local/lib/python3.12/site-packages/airflow/example_dags/example_sla_dag.py for tasks to queue
[2025-06-26T23:04:18.280+0000] {logging_mixin.py:190} INFO - [2025-06-26T23:04:18.279+0000] {dagbag.py:588} INFO - Filling up the DagBag from /home/airflow/.local/lib/python3.12/site-packages/airflow/example_dags/example_sla_dag.py
[2025-06-26T23:04:18.288+0000] {processor.py:925} INFO - DAG(s) 'example_sla_dag' retrieved from /home/airflow/.local/lib/python3.12/site-packages/airflow/example_dags/example_sla_dag.py
[2025-06-26T23:04:18.307+0000] {logging_mixin.py:190} INFO - [2025-06-26T23:04:18.307+0000] {dag.py:3239} INFO - Sync 1 DAGs
[2025-06-26T23:04:18.331+0000] {logging_mixin.py:190} INFO - [2025-06-26T23:04:18.331+0000] {dag.py:4180} INFO - Setting next_dagrun for example_sla_dag to 2025-06-26 23:02:00+00:00, run_after=2025-06-26 23:04:00+00:00
[2025-06-26T23:04:18.352+0000] {processor.py:208} INFO - Processing /home/airflow/.local/lib/python3.12/site-packages/airflow/example_dags/example_sla_dag.py took 0.081 seconds
[2025-06-26T23:04:49.095+0000] {processor.py:186} INFO - Started process (PID=2670) to work on /home/airflow/.local/lib/python3.12/site-packages/airflow/example_dags/example_sla_dag.py
[2025-06-26T23:04:49.096+0000] {processor.py:914} INFO - Processing file /home/airflow/.local/lib/python3.12/site-packages/airflow/example_dags/example_sla_dag.py for tasks to queue
[2025-06-26T23:04:49.100+0000] {logging_mixin.py:190} INFO - [2025-06-26T23:04:49.100+0000] {dagbag.py:588} INFO - Filling up the DagBag from /home/airflow/.local/lib/python3.12/site-packages/airflow/example_dags/example_sla_dag.py
[2025-06-26T23:04:49.113+0000] {processor.py:925} INFO - DAG(s) 'example_sla_dag' retrieved from /home/airflow/.local/lib/python3.12/site-packages/airflow/example_dags/example_sla_dag.py
[2025-06-26T23:04:49.134+0000] {logging_mixin.py:190} INFO - [2025-06-26T23:04:49.134+0000] {dag.py:3239} INFO - Sync 1 DAGs
[2025-06-26T23:04:49.162+0000] {logging_mixin.py:190} INFO - [2025-06-26T23:04:49.162+0000] {dag.py:4180} INFO - Setting next_dagrun for example_sla_dag to 2025-06-26 23:02:00+00:00, run_after=2025-06-26 23:04:00+00:00
[2025-06-26T23:04:49.187+0000] {processor.py:208} INFO - Processing /home/airflow/.local/lib/python3.12/site-packages/airflow/example_dags/example_sla_dag.py took 0.099 seconds
[2025-06-26T23:05:19.607+0000] {processor.py:186} INFO - Started process (PID=2732) to work on /home/airflow/.local/lib/python3.12/site-packages/airflow/example_dags/example_sla_dag.py
[2025-06-26T23:05:19.608+0000] {processor.py:914} INFO - Processing file /home/airflow/.local/lib/python3.12/site-packages/airflow/example_dags/example_sla_dag.py for tasks to queue
[2025-06-26T23:05:19.611+0000] {logging_mixin.py:190} INFO - [2025-06-26T23:05:19.611+0000] {dagbag.py:588} INFO - Filling up the DagBag from /home/airflow/.local/lib/python3.12/site-packages/airflow/example_dags/example_sla_dag.py
[2025-06-26T23:05:19.625+0000] {processor.py:925} INFO - DAG(s) 'example_sla_dag' retrieved from /home/airflow/.local/lib/python3.12/site-packages/airflow/example_dags/example_sla_dag.py
[2025-06-26T23:05:19.648+0000] {logging_mixin.py:190} INFO - [2025-06-26T23:05:19.648+0000] {dag.py:3239} INFO - Sync 1 DAGs
[2025-06-26T23:05:19.675+0000] {logging_mixin.py:190} INFO - [2025-06-26T23:05:19.675+0000] {dag.py:4180} INFO - Setting next_dagrun for example_sla_dag to 2025-06-26 23:02:00+00:00, run_after=2025-06-26 23:04:00+00:00
[2025-06-26T23:05:19.696+0000] {processor.py:208} INFO - Processing /home/airflow/.local/lib/python3.12/site-packages/airflow/example_dags/example_sla_dag.py took 0.094 seconds
[2025-06-26T23:05:50.011+0000] {processor.py:186} INFO - Started process (PID=2794) to work on /home/airflow/.local/lib/python3.12/site-packages/airflow/example_dags/example_sla_dag.py
[2025-06-26T23:05:50.012+0000] {processor.py:914} INFO - Processing file /home/airflow/.local/lib/python3.12/site-packages/airflow/example_dags/example_sla_dag.py for tasks to queue
[2025-06-26T23:05:50.015+0000] {logging_mixin.py:190} INFO - [2025-06-26T23:05:50.014+0000] {dagbag.py:588} INFO - Filling up the DagBag from /home/airflow/.local/lib/python3.12/site-packages/airflow/example_dags/example_sla_dag.py
[2025-06-26T23:05:50.023+0000] {processor.py:925} INFO - DAG(s) 'example_sla_dag' retrieved from /home/airflow/.local/lib/python3.12/site-packages/airflow/example_dags/example_sla_dag.py
[2025-06-26T23:05:50.042+0000] {logging_mixin.py:190} INFO - [2025-06-26T23:05:50.041+0000] {dag.py:3239} INFO - Sync 1 DAGs
[2025-06-26T23:05:50.061+0000] {logging_mixin.py:190} INFO - [2025-06-26T23:05:50.061+0000] {dag.py:4180} INFO - Setting next_dagrun for example_sla_dag to 2025-06-26 23:02:00+00:00, run_after=2025-06-26 23:04:00+00:00
[2025-06-26T23:05:50.080+0000] {processor.py:208} INFO - Processing /home/airflow/.local/lib/python3.12/site-packages/airflow/example_dags/example_sla_dag.py took 0.074 seconds
[2025-06-26T23:06:20.938+0000] {processor.py:186} INFO - Started process (PID=2856) to work on /home/airflow/.local/lib/python3.12/site-packages/airflow/example_dags/example_sla_dag.py
[2025-06-26T23:06:20.939+0000] {processor.py:914} INFO - Processing file /home/airflow/.local/lib/python3.12/site-packages/airflow/example_dags/example_sla_dag.py for tasks to queue
[2025-06-26T23:06:20.942+0000] {logging_mixin.py:190} INFO - [2025-06-26T23:06:20.941+0000] {dagbag.py:588} INFO - Filling up the DagBag from /home/airflow/.local/lib/python3.12/site-packages/airflow/example_dags/example_sla_dag.py
[2025-06-26T23:06:20.952+0000] {processor.py:925} INFO - DAG(s) 'example_sla_dag' retrieved from /home/airflow/.local/lib/python3.12/site-packages/airflow/example_dags/example_sla_dag.py
[2025-06-26T23:06:20.971+0000] {logging_mixin.py:190} INFO - [2025-06-26T23:06:20.971+0000] {dag.py:3239} INFO - Sync 1 DAGs
[2025-06-26T23:06:20.994+0000] {logging_mixin.py:190} INFO - [2025-06-26T23:06:20.994+0000] {dag.py:4180} INFO - Setting next_dagrun for example_sla_dag to 2025-06-26 23:04:00+00:00, run_after=2025-06-26 23:06:00+00:00
[2025-06-26T23:06:21.014+0000] {processor.py:208} INFO - Processing /home/airflow/.local/lib/python3.12/site-packages/airflow/example_dags/example_sla_dag.py took 0.081 seconds
[2025-06-26T23:06:51.640+0000] {processor.py:186} INFO - Started process (PID=2918) to work on /home/airflow/.local/lib/python3.12/site-packages/airflow/example_dags/example_sla_dag.py
[2025-06-26T23:06:51.641+0000] {processor.py:914} INFO - Processing file /home/airflow/.local/lib/python3.12/site-packages/airflow/example_dags/example_sla_dag.py for tasks to queue
[2025-06-26T23:06:51.643+0000] {logging_mixin.py:190} INFO - [2025-06-26T23:06:51.643+0000] {dagbag.py:588} INFO - Filling up the DagBag from /home/airflow/.local/lib/python3.12/site-packages/airflow/example_dags/example_sla_dag.py
[2025-06-26T23:06:51.652+0000] {processor.py:925} INFO - DAG(s) 'example_sla_dag' retrieved from /home/airflow/.local/lib/python3.12/site-packages/airflow/example_dags/example_sla_dag.py
[2025-06-26T23:06:51.669+0000] {logging_mixin.py:190} INFO - [2025-06-26T23:06:51.668+0000] {dag.py:3239} INFO - Sync 1 DAGs
[2025-06-26T23:06:51.689+0000] {logging_mixin.py:190} INFO - [2025-06-26T23:06:51.689+0000] {dag.py:4180} INFO - Setting next_dagrun for example_sla_dag to 2025-06-26 23:04:00+00:00, run_after=2025-06-26 23:06:00+00:00
[2025-06-26T23:06:51.710+0000] {processor.py:208} INFO - Processing /home/airflow/.local/lib/python3.12/site-packages/airflow/example_dags/example_sla_dag.py took 0.075 seconds
[2025-06-26T23:07:22.539+0000] {processor.py:186} INFO - Started process (PID=2980) to work on /home/airflow/.local/lib/python3.12/site-packages/airflow/example_dags/example_sla_dag.py
[2025-06-26T23:07:22.540+0000] {processor.py:914} INFO - Processing file /home/airflow/.local/lib/python3.12/site-packages/airflow/example_dags/example_sla_dag.py for tasks to queue
[2025-06-26T23:07:22.543+0000] {logging_mixin.py:190} INFO - [2025-06-26T23:07:22.542+0000] {dagbag.py:588} INFO - Filling up the DagBag from /home/airflow/.local/lib/python3.12/site-packages/airflow/example_dags/example_sla_dag.py
[2025-06-26T23:07:22.554+0000] {processor.py:925} INFO - DAG(s) 'example_sla_dag' retrieved from /home/airflow/.local/lib/python3.12/site-packages/airflow/example_dags/example_sla_dag.py
[2025-06-26T23:07:22.573+0000] {logging_mixin.py:190} INFO - [2025-06-26T23:07:22.573+0000] {dag.py:3239} INFO - Sync 1 DAGs
[2025-06-26T23:07:22.594+0000] {logging_mixin.py:190} INFO - [2025-06-26T23:07:22.594+0000] {dag.py:4180} INFO - Setting next_dagrun for example_sla_dag to 2025-06-26 23:04:00+00:00, run_after=2025-06-26 23:06:00+00:00
[2025-06-26T23:07:22.615+0000] {processor.py:208} INFO - Processing /home/airflow/.local/lib/python3.12/site-packages/airflow/example_dags/example_sla_dag.py took 0.082 seconds
[2025-06-26T23:07:53.389+0000] {processor.py:186} INFO - Started process (PID=3042) to work on /home/airflow/.local/lib/python3.12/site-packages/airflow/example_dags/example_sla_dag.py
[2025-06-26T23:07:53.389+0000] {processor.py:914} INFO - Processing file /home/airflow/.local/lib/python3.12/site-packages/airflow/example_dags/example_sla_dag.py for tasks to queue
[2025-06-26T23:07:53.392+0000] {logging_mixin.py:190} INFO - [2025-06-26T23:07:53.391+0000] {dagbag.py:588} INFO - Filling up the DagBag from /home/airflow/.local/lib/python3.12/site-packages/airflow/example_dags/example_sla_dag.py
[2025-06-26T23:07:53.402+0000] {processor.py:925} INFO - DAG(s) 'example_sla_dag' retrieved from /home/airflow/.local/lib/python3.12/site-packages/airflow/example_dags/example_sla_dag.py
[2025-06-26T23:07:53.419+0000] {logging_mixin.py:190} INFO - [2025-06-26T23:07:53.419+0000] {dag.py:3239} INFO - Sync 1 DAGs
[2025-06-26T23:07:53.441+0000] {logging_mixin.py:190} INFO - [2025-06-26T23:07:53.441+0000] {dag.py:4180} INFO - Setting next_dagrun for example_sla_dag to 2025-06-26 23:04:00+00:00, run_after=2025-06-26 23:06:00+00:00
[2025-06-26T23:07:53.460+0000] {processor.py:208} INFO - Processing /home/airflow/.local/lib/python3.12/site-packages/airflow/example_dags/example_sla_dag.py took 0.076 seconds
[2025-06-26T23:08:24.442+0000] {processor.py:186} INFO - Started process (PID=3104) to work on /home/airflow/.local/lib/python3.12/site-packages/airflow/example_dags/example_sla_dag.py
[2025-06-26T23:08:24.443+0000] {processor.py:914} INFO - Processing file /home/airflow/.local/lib/python3.12/site-packages/airflow/example_dags/example_sla_dag.py for tasks to queue
[2025-06-26T23:08:24.445+0000] {logging_mixin.py:190} INFO - [2025-06-26T23:08:24.445+0000] {dagbag.py:588} INFO - Filling up the DagBag from /home/airflow/.local/lib/python3.12/site-packages/airflow/example_dags/example_sla_dag.py
[2025-06-26T23:08:24.454+0000] {processor.py:925} INFO - DAG(s) 'example_sla_dag' retrieved from /home/airflow/.local/lib/python3.12/site-packages/airflow/example_dags/example_sla_dag.py
[2025-06-26T23:08:24.473+0000] {logging_mixin.py:190} INFO - [2025-06-26T23:08:24.473+0000] {dag.py:3239} INFO - Sync 1 DAGs
[2025-06-26T23:08:24.497+0000] {logging_mixin.py:190} INFO - [2025-06-26T23:08:24.496+0000] {dag.py:4180} INFO - Setting next_dagrun for example_sla_dag to 2025-06-26 23:06:00+00:00, run_after=2025-06-26 23:08:00+00:00
[2025-06-26T23:08:24.519+0000] {processor.py:208} INFO - Processing /home/airflow/.local/lib/python3.12/site-packages/airflow/example_dags/example_sla_dag.py took 0.083 seconds
[2025-06-26T23:08:55.289+0000] {processor.py:186} INFO - Started process (PID=3166) to work on /home/airflow/.local/lib/python3.12/site-packages/airflow/example_dags/example_sla_dag.py
[2025-06-26T23:08:55.290+0000] {processor.py:914} INFO - Processing file /home/airflow/.local/lib/python3.12/site-packages/airflow/example_dags/example_sla_dag.py for tasks to queue
[2025-06-26T23:08:55.293+0000] {logging_mixin.py:190} INFO - [2025-06-26T23:08:55.292+0000] {dagbag.py:588} INFO - Filling up the DagBag from /home/airflow/.local/lib/python3.12/site-packages/airflow/example_dags/example_sla_dag.py
[2025-06-26T23:08:55.302+0000] {processor.py:925} INFO - DAG(s) 'example_sla_dag' retrieved from /home/airflow/.local/lib/python3.12/site-packages/airflow/example_dags/example_sla_dag.py
[2025-06-26T23:08:55.320+0000] {logging_mixin.py:190} INFO - [2025-06-26T23:08:55.319+0000] {dag.py:3239} INFO - Sync 1 DAGs
[2025-06-26T23:08:55.343+0000] {logging_mixin.py:190} INFO - [2025-06-26T23:08:55.342+0000] {dag.py:4180} INFO - Setting next_dagrun for example_sla_dag to 2025-06-26 23:06:00+00:00, run_after=2025-06-26 23:08:00+00:00
[2025-06-26T23:08:55.365+0000] {processor.py:208} INFO - Processing /home/airflow/.local/lib/python3.12/site-packages/airflow/example_dags/example_sla_dag.py took 0.080 seconds
[2025-06-26T23:09:26.187+0000] {processor.py:186} INFO - Started process (PID=3228) to work on /home/airflow/.local/lib/python3.12/site-packages/airflow/example_dags/example_sla_dag.py
[2025-06-26T23:09:26.188+0000] {processor.py:914} INFO - Processing file /home/airflow/.local/lib/python3.12/site-packages/airflow/example_dags/example_sla_dag.py for tasks to queue
[2025-06-26T23:09:26.190+0000] {logging_mixin.py:190} INFO - [2025-06-26T23:09:26.190+0000] {dagbag.py:588} INFO - Filling up the DagBag from /home/airflow/.local/lib/python3.12/site-packages/airflow/example_dags/example_sla_dag.py
[2025-06-26T23:09:26.199+0000] {processor.py:925} INFO - DAG(s) 'example_sla_dag' retrieved from /home/airflow/.local/lib/python3.12/site-packages/airflow/example_dags/example_sla_dag.py
[2025-06-26T23:09:26.216+0000] {logging_mixin.py:190} INFO - [2025-06-26T23:09:26.216+0000] {dag.py:3239} INFO - Sync 1 DAGs
[2025-06-26T23:09:26.239+0000] {logging_mixin.py:190} INFO - [2025-06-26T23:09:26.239+0000] {dag.py:4180} INFO - Setting next_dagrun for example_sla_dag to 2025-06-26 23:06:00+00:00, run_after=2025-06-26 23:08:00+00:00
[2025-06-26T23:09:26.262+0000] {processor.py:208} INFO - Processing /home/airflow/.local/lib/python3.12/site-packages/airflow/example_dags/example_sla_dag.py took 0.080 seconds
[2025-06-26T23:09:56.297+0000] {processor.py:186} INFO - Started process (PID=3290) to work on /home/airflow/.local/lib/python3.12/site-packages/airflow/example_dags/example_sla_dag.py
[2025-06-26T23:09:56.298+0000] {processor.py:914} INFO - Processing file /home/airflow/.local/lib/python3.12/site-packages/airflow/example_dags/example_sla_dag.py for tasks to queue
[2025-06-26T23:09:56.301+0000] {logging_mixin.py:190} INFO - [2025-06-26T23:09:56.301+0000] {dagbag.py:588} INFO - Filling up the DagBag from /home/airflow/.local/lib/python3.12/site-packages/airflow/example_dags/example_sla_dag.py
[2025-06-26T23:09:56.311+0000] {processor.py:925} INFO - DAG(s) 'example_sla_dag' retrieved from /home/airflow/.local/lib/python3.12/site-packages/airflow/example_dags/example_sla_dag.py
[2025-06-26T23:09:56.330+0000] {logging_mixin.py:190} INFO - [2025-06-26T23:09:56.330+0000] {dag.py:3239} INFO - Sync 1 DAGs
[2025-06-26T23:09:56.351+0000] {logging_mixin.py:190} INFO - [2025-06-26T23:09:56.351+0000] {dag.py:4180} INFO - Setting next_dagrun for example_sla_dag to 2025-06-26 23:06:00+00:00, run_after=2025-06-26 23:08:00+00:00
[2025-06-26T23:09:56.370+0000] {processor.py:208} INFO - Processing /home/airflow/.local/lib/python3.12/site-packages/airflow/example_dags/example_sla_dag.py took 0.077 seconds
[2025-06-26T23:10:27.122+0000] {processor.py:186} INFO - Started process (PID=3352) to work on /home/airflow/.local/lib/python3.12/site-packages/airflow/example_dags/example_sla_dag.py
[2025-06-26T23:10:27.123+0000] {processor.py:914} INFO - Processing file /home/airflow/.local/lib/python3.12/site-packages/airflow/example_dags/example_sla_dag.py for tasks to queue
[2025-06-26T23:10:27.127+0000] {logging_mixin.py:190} INFO - [2025-06-26T23:10:27.126+0000] {dagbag.py:588} INFO - Filling up the DagBag from /home/airflow/.local/lib/python3.12/site-packages/airflow/example_dags/example_sla_dag.py
[2025-06-26T23:10:27.138+0000] {processor.py:925} INFO - DAG(s) 'example_sla_dag' retrieved from /home/airflow/.local/lib/python3.12/site-packages/airflow/example_dags/example_sla_dag.py
[2025-06-26T23:10:27.162+0000] {logging_mixin.py:190} INFO - [2025-06-26T23:10:27.161+0000] {dag.py:3239} INFO - Sync 1 DAGs
[2025-06-26T23:10:27.188+0000] {logging_mixin.py:190} INFO - [2025-06-26T23:10:27.188+0000] {dag.py:4180} INFO - Setting next_dagrun for example_sla_dag to 2025-06-26 23:08:00+00:00, run_after=2025-06-26 23:10:00+00:00
[2025-06-26T23:10:27.211+0000] {processor.py:208} INFO - Processing /home/airflow/.local/lib/python3.12/site-packages/airflow/example_dags/example_sla_dag.py took 0.097 seconds
