[2025-06-26T22:43:31.832+0000] {processor.py:186} INFO - Started process (PID=73) to work on /home/airflow/.local/lib/python3.12/site-packages/airflow/example_dags/example_xcomargs.py
[2025-06-26T22:43:31.833+0000] {processor.py:914} INFO - Processing file /home/airflow/.local/lib/python3.12/site-packages/airflow/example_dags/example_xcomargs.py for tasks to queue
[2025-06-26T22:43:31.836+0000] {logging_mixin.py:190} INFO - [2025-06-26T22:43:31.835+0000] {dagbag.py:588} INFO - Filling up the DagBag from /home/airflow/.local/lib/python3.12/site-packages/airflow/example_dags/example_xcomargs.py
[2025-06-26T22:43:31.850+0000] {processor.py:925} INFO - DAG(s) 'example_xcom_args', 'example_xcom_args_with_operators' retrieved from /home/airflow/.local/lib/python3.12/site-packages/airflow/example_dags/example_xcomargs.py
[2025-06-26T22:43:31.978+0000] {logging_mixin.py:190} INFO - [2025-06-26T22:43:31.977+0000] {override.py:1900} INFO - Created Permission View: can read on DAG:example_xcom_args
[2025-06-26T22:43:31.991+0000] {logging_mixin.py:190} INFO - [2025-06-26T22:43:31.991+0000] {override.py:1900} INFO - Created Permission View: can edit on DAG:example_xcom_args
[2025-06-26T22:43:32.002+0000] {logging_mixin.py:190} INFO - [2025-06-26T22:43:32.001+0000] {override.py:1900} INFO - Created Permission View: can delete on DAG:example_xcom_args
[2025-06-26T22:43:32.016+0000] {logging_mixin.py:190} INFO - [2025-06-26T22:43:32.015+0000] {override.py:1900} INFO - Created Permission View: can read on DAG Run:example_xcom_args
[2025-06-26T22:43:32.028+0000] {logging_mixin.py:190} INFO - [2025-06-26T22:43:32.027+0000] {override.py:1900} INFO - Created Permission View: can delete on DAG Run:example_xcom_args
[2025-06-26T22:43:32.040+0000] {logging_mixin.py:190} INFO - [2025-06-26T22:43:32.039+0000] {override.py:1900} INFO - Created Permission View: menu access on DAG Run:example_xcom_args
[2025-06-26T22:43:32.052+0000] {logging_mixin.py:190} INFO - [2025-06-26T22:43:32.052+0000] {override.py:1900} INFO - Created Permission View: can create on DAG Run:example_xcom_args
[2025-06-26T22:43:32.077+0000] {logging_mixin.py:190} INFO - [2025-06-26T22:43:32.076+0000] {override.py:1900} INFO - Created Permission View: can read on DAG:example_xcom_args_with_operators
[2025-06-26T22:43:32.090+0000] {logging_mixin.py:190} INFO - [2025-06-26T22:43:32.089+0000] {override.py:1900} INFO - Created Permission View: can edit on DAG:example_xcom_args_with_operators
[2025-06-26T22:43:32.104+0000] {logging_mixin.py:190} INFO - [2025-06-26T22:43:32.103+0000] {override.py:1900} INFO - Created Permission View: can delete on DAG:example_xcom_args_with_operators
[2025-06-26T22:43:32.120+0000] {logging_mixin.py:190} INFO - [2025-06-26T22:43:32.119+0000] {override.py:1900} INFO - Created Permission View: can read on DAG Run:example_xcom_args_with_operators
[2025-06-26T22:43:32.135+0000] {logging_mixin.py:190} INFO - [2025-06-26T22:43:32.134+0000] {override.py:1900} INFO - Created Permission View: can delete on DAG Run:example_xcom_args_with_operators
[2025-06-26T22:43:32.151+0000] {logging_mixin.py:190} INFO - [2025-06-26T22:43:32.150+0000] {override.py:1900} INFO - Created Permission View: menu access on DAG Run:example_xcom_args_with_operators
[2025-06-26T22:43:32.162+0000] {logging_mixin.py:190} INFO - [2025-06-26T22:43:32.162+0000] {override.py:1900} INFO - Created Permission View: can create on DAG Run:example_xcom_args_with_operators
[2025-06-26T22:43:32.163+0000] {logging_mixin.py:190} INFO - [2025-06-26T22:43:32.163+0000] {dag.py:3239} INFO - Sync 2 DAGs
[2025-06-26T22:43:32.181+0000] {logging_mixin.py:190} INFO - [2025-06-26T22:43:32.181+0000] {dag.py:3262} INFO - Creating ORM DAG for example_xcom_args_with_operators
[2025-06-26T22:43:32.182+0000] {logging_mixin.py:190} INFO - [2025-06-26T22:43:32.182+0000] {dag.py:3262} INFO - Creating ORM DAG for example_xcom_args
[2025-06-26T22:43:32.184+0000] {logging_mixin.py:190} INFO - [2025-06-26T22:43:32.183+0000] {dag.py:4180} INFO - Setting next_dagrun for example_xcom_args to None, run_after=None
[2025-06-26T22:43:32.185+0000] {logging_mixin.py:190} INFO - [2025-06-26T22:43:32.184+0000] {dag.py:4180} INFO - Setting next_dagrun for example_xcom_args_with_operators to None, run_after=None
[2025-06-26T22:43:32.212+0000] {processor.py:208} INFO - Processing /home/airflow/.local/lib/python3.12/site-packages/airflow/example_dags/example_xcomargs.py took 0.389 seconds
[2025-06-26T22:44:02.750+0000] {processor.py:186} INFO - Started process (PID=141) to work on /home/airflow/.local/lib/python3.12/site-packages/airflow/example_dags/example_xcomargs.py
[2025-06-26T22:44:02.751+0000] {processor.py:914} INFO - Processing file /home/airflow/.local/lib/python3.12/site-packages/airflow/example_dags/example_xcomargs.py for tasks to queue
[2025-06-26T22:44:02.754+0000] {logging_mixin.py:190} INFO - [2025-06-26T22:44:02.754+0000] {dagbag.py:588} INFO - Filling up the DagBag from /home/airflow/.local/lib/python3.12/site-packages/airflow/example_dags/example_xcomargs.py
[2025-06-26T22:44:02.765+0000] {processor.py:925} INFO - DAG(s) 'example_xcom_args_with_operators', 'example_xcom_args' retrieved from /home/airflow/.local/lib/python3.12/site-packages/airflow/example_dags/example_xcomargs.py
[2025-06-26T22:44:02.789+0000] {logging_mixin.py:190} INFO - [2025-06-26T22:44:02.789+0000] {dag.py:3239} INFO - Sync 2 DAGs
[2025-06-26T22:44:02.804+0000] {logging_mixin.py:190} INFO - [2025-06-26T22:44:02.804+0000] {dag.py:4180} INFO - Setting next_dagrun for example_xcom_args to None, run_after=None
[2025-06-26T22:44:02.808+0000] {logging_mixin.py:190} INFO - [2025-06-26T22:44:02.808+0000] {dag.py:4180} INFO - Setting next_dagrun for example_xcom_args_with_operators to None, run_after=None
[2025-06-26T22:44:02.824+0000] {processor.py:208} INFO - Processing /home/airflow/.local/lib/python3.12/site-packages/airflow/example_dags/example_xcomargs.py took 0.080 seconds
[2025-06-26T22:44:33.200+0000] {processor.py:186} INFO - Started process (PID=203) to work on /home/airflow/.local/lib/python3.12/site-packages/airflow/example_dags/example_xcomargs.py
[2025-06-26T22:44:33.201+0000] {processor.py:914} INFO - Processing file /home/airflow/.local/lib/python3.12/site-packages/airflow/example_dags/example_xcomargs.py for tasks to queue
[2025-06-26T22:44:33.203+0000] {logging_mixin.py:190} INFO - [2025-06-26T22:44:33.203+0000] {dagbag.py:588} INFO - Filling up the DagBag from /home/airflow/.local/lib/python3.12/site-packages/airflow/example_dags/example_xcomargs.py
[2025-06-26T22:44:33.213+0000] {processor.py:925} INFO - DAG(s) 'example_xcom_args_with_operators', 'example_xcom_args' retrieved from /home/airflow/.local/lib/python3.12/site-packages/airflow/example_dags/example_xcomargs.py
[2025-06-26T22:44:33.236+0000] {logging_mixin.py:190} INFO - [2025-06-26T22:44:33.235+0000] {dag.py:3239} INFO - Sync 2 DAGs
[2025-06-26T22:44:33.249+0000] {logging_mixin.py:190} INFO - [2025-06-26T22:44:33.249+0000] {dag.py:4180} INFO - Setting next_dagrun for example_xcom_args to None, run_after=None
[2025-06-26T22:44:33.252+0000] {logging_mixin.py:190} INFO - [2025-06-26T22:44:33.252+0000] {dag.py:4180} INFO - Setting next_dagrun for example_xcom_args_with_operators to None, run_after=None
[2025-06-26T22:44:33.269+0000] {processor.py:208} INFO - Processing /home/airflow/.local/lib/python3.12/site-packages/airflow/example_dags/example_xcomargs.py took 0.075 seconds
[2025-06-26T22:45:03.574+0000] {processor.py:186} INFO - Started process (PID=265) to work on /home/airflow/.local/lib/python3.12/site-packages/airflow/example_dags/example_xcomargs.py
[2025-06-26T22:45:03.575+0000] {processor.py:914} INFO - Processing file /home/airflow/.local/lib/python3.12/site-packages/airflow/example_dags/example_xcomargs.py for tasks to queue
[2025-06-26T22:45:03.577+0000] {logging_mixin.py:190} INFO - [2025-06-26T22:45:03.577+0000] {dagbag.py:588} INFO - Filling up the DagBag from /home/airflow/.local/lib/python3.12/site-packages/airflow/example_dags/example_xcomargs.py
[2025-06-26T22:45:03.587+0000] {processor.py:925} INFO - DAG(s) 'example_xcom_args_with_operators', 'example_xcom_args' retrieved from /home/airflow/.local/lib/python3.12/site-packages/airflow/example_dags/example_xcomargs.py
[2025-06-26T22:45:03.609+0000] {logging_mixin.py:190} INFO - [2025-06-26T22:45:03.608+0000] {dag.py:3239} INFO - Sync 2 DAGs
[2025-06-26T22:45:03.622+0000] {logging_mixin.py:190} INFO - [2025-06-26T22:45:03.621+0000] {dag.py:4180} INFO - Setting next_dagrun for example_xcom_args to None, run_after=None
[2025-06-26T22:45:03.625+0000] {logging_mixin.py:190} INFO - [2025-06-26T22:45:03.625+0000] {dag.py:4180} INFO - Setting next_dagrun for example_xcom_args_with_operators to None, run_after=None
[2025-06-26T22:45:03.642+0000] {processor.py:208} INFO - Processing /home/airflow/.local/lib/python3.12/site-packages/airflow/example_dags/example_xcomargs.py took 0.074 seconds
[2025-06-26T22:45:34.051+0000] {processor.py:186} INFO - Started process (PID=327) to work on /home/airflow/.local/lib/python3.12/site-packages/airflow/example_dags/example_xcomargs.py
[2025-06-26T22:45:34.052+0000] {processor.py:914} INFO - Processing file /home/airflow/.local/lib/python3.12/site-packages/airflow/example_dags/example_xcomargs.py for tasks to queue
[2025-06-26T22:45:34.055+0000] {logging_mixin.py:190} INFO - [2025-06-26T22:45:34.054+0000] {dagbag.py:588} INFO - Filling up the DagBag from /home/airflow/.local/lib/python3.12/site-packages/airflow/example_dags/example_xcomargs.py
[2025-06-26T22:45:34.067+0000] {processor.py:925} INFO - DAG(s) 'example_xcom_args_with_operators', 'example_xcom_args' retrieved from /home/airflow/.local/lib/python3.12/site-packages/airflow/example_dags/example_xcomargs.py
[2025-06-26T22:45:34.097+0000] {logging_mixin.py:190} INFO - [2025-06-26T22:45:34.097+0000] {dag.py:3239} INFO - Sync 2 DAGs
[2025-06-26T22:45:34.113+0000] {logging_mixin.py:190} INFO - [2025-06-26T22:45:34.113+0000] {dag.py:4180} INFO - Setting next_dagrun for example_xcom_args to None, run_after=None
[2025-06-26T22:45:34.117+0000] {logging_mixin.py:190} INFO - [2025-06-26T22:45:34.117+0000] {dag.py:4180} INFO - Setting next_dagrun for example_xcom_args_with_operators to None, run_after=None
[2025-06-26T22:45:34.134+0000] {processor.py:208} INFO - Processing /home/airflow/.local/lib/python3.12/site-packages/airflow/example_dags/example_xcomargs.py took 0.091 seconds
[2025-06-26T22:46:04.293+0000] {processor.py:186} INFO - Started process (PID=389) to work on /home/airflow/.local/lib/python3.12/site-packages/airflow/example_dags/example_xcomargs.py
[2025-06-26T22:46:04.294+0000] {processor.py:914} INFO - Processing file /home/airflow/.local/lib/python3.12/site-packages/airflow/example_dags/example_xcomargs.py for tasks to queue
[2025-06-26T22:46:04.298+0000] {logging_mixin.py:190} INFO - [2025-06-26T22:46:04.297+0000] {dagbag.py:588} INFO - Filling up the DagBag from /home/airflow/.local/lib/python3.12/site-packages/airflow/example_dags/example_xcomargs.py
[2025-06-26T22:46:04.310+0000] {processor.py:925} INFO - DAG(s) 'example_xcom_args_with_operators', 'example_xcom_args' retrieved from /home/airflow/.local/lib/python3.12/site-packages/airflow/example_dags/example_xcomargs.py
[2025-06-26T22:46:04.338+0000] {logging_mixin.py:190} INFO - [2025-06-26T22:46:04.337+0000] {dag.py:3239} INFO - Sync 2 DAGs
[2025-06-26T22:46:04.355+0000] {logging_mixin.py:190} INFO - [2025-06-26T22:46:04.354+0000] {dag.py:4180} INFO - Setting next_dagrun for example_xcom_args to None, run_after=None
[2025-06-26T22:46:04.360+0000] {logging_mixin.py:190} INFO - [2025-06-26T22:46:04.360+0000] {dag.py:4180} INFO - Setting next_dagrun for example_xcom_args_with_operators to None, run_after=None
[2025-06-26T22:46:04.378+0000] {processor.py:208} INFO - Processing /home/airflow/.local/lib/python3.12/site-packages/airflow/example_dags/example_xcomargs.py took 0.092 seconds
[2025-06-26T22:46:34.967+0000] {processor.py:186} INFO - Started process (PID=451) to work on /home/airflow/.local/lib/python3.12/site-packages/airflow/example_dags/example_xcomargs.py
[2025-06-26T22:46:34.968+0000] {processor.py:914} INFO - Processing file /home/airflow/.local/lib/python3.12/site-packages/airflow/example_dags/example_xcomargs.py for tasks to queue
[2025-06-26T22:46:34.971+0000] {logging_mixin.py:190} INFO - [2025-06-26T22:46:34.970+0000] {dagbag.py:588} INFO - Filling up the DagBag from /home/airflow/.local/lib/python3.12/site-packages/airflow/example_dags/example_xcomargs.py
[2025-06-26T22:46:34.980+0000] {processor.py:925} INFO - DAG(s) 'example_xcom_args', 'example_xcom_args_with_operators' retrieved from /home/airflow/.local/lib/python3.12/site-packages/airflow/example_dags/example_xcomargs.py
[2025-06-26T22:46:35.000+0000] {logging_mixin.py:190} INFO - [2025-06-26T22:46:35.000+0000] {dag.py:3239} INFO - Sync 2 DAGs
[2025-06-26T22:46:35.013+0000] {logging_mixin.py:190} INFO - [2025-06-26T22:46:35.013+0000] {dag.py:4180} INFO - Setting next_dagrun for example_xcom_args to None, run_after=None
[2025-06-26T22:46:35.016+0000] {logging_mixin.py:190} INFO - [2025-06-26T22:46:35.016+0000] {dag.py:4180} INFO - Setting next_dagrun for example_xcom_args_with_operators to None, run_after=None
[2025-06-26T22:46:35.032+0000] {processor.py:208} INFO - Processing /home/airflow/.local/lib/python3.12/site-packages/airflow/example_dags/example_xcomargs.py took 0.070 seconds
[2025-06-26T22:47:05.429+0000] {processor.py:186} INFO - Started process (PID=513) to work on /home/airflow/.local/lib/python3.12/site-packages/airflow/example_dags/example_xcomargs.py
[2025-06-26T22:47:05.430+0000] {processor.py:914} INFO - Processing file /home/airflow/.local/lib/python3.12/site-packages/airflow/example_dags/example_xcomargs.py for tasks to queue
[2025-06-26T22:47:05.432+0000] {logging_mixin.py:190} INFO - [2025-06-26T22:47:05.432+0000] {dagbag.py:588} INFO - Filling up the DagBag from /home/airflow/.local/lib/python3.12/site-packages/airflow/example_dags/example_xcomargs.py
[2025-06-26T22:47:05.442+0000] {processor.py:925} INFO - DAG(s) 'example_xcom_args', 'example_xcom_args_with_operators' retrieved from /home/airflow/.local/lib/python3.12/site-packages/airflow/example_dags/example_xcomargs.py
[2025-06-26T22:47:05.464+0000] {logging_mixin.py:190} INFO - [2025-06-26T22:47:05.464+0000] {dag.py:3239} INFO - Sync 2 DAGs
[2025-06-26T22:47:05.478+0000] {logging_mixin.py:190} INFO - [2025-06-26T22:47:05.477+0000] {dag.py:4180} INFO - Setting next_dagrun for example_xcom_args to None, run_after=None
[2025-06-26T22:47:05.481+0000] {logging_mixin.py:190} INFO - [2025-06-26T22:47:05.481+0000] {dag.py:4180} INFO - Setting next_dagrun for example_xcom_args_with_operators to None, run_after=None
[2025-06-26T22:47:05.498+0000] {processor.py:208} INFO - Processing /home/airflow/.local/lib/python3.12/site-packages/airflow/example_dags/example_xcomargs.py took 0.075 seconds
[2025-06-26T22:47:35.838+0000] {processor.py:186} INFO - Started process (PID=575) to work on /home/airflow/.local/lib/python3.12/site-packages/airflow/example_dags/example_xcomargs.py
[2025-06-26T22:47:35.839+0000] {processor.py:914} INFO - Processing file /home/airflow/.local/lib/python3.12/site-packages/airflow/example_dags/example_xcomargs.py for tasks to queue
[2025-06-26T22:47:35.842+0000] {logging_mixin.py:190} INFO - [2025-06-26T22:47:35.841+0000] {dagbag.py:588} INFO - Filling up the DagBag from /home/airflow/.local/lib/python3.12/site-packages/airflow/example_dags/example_xcomargs.py
[2025-06-26T22:47:35.851+0000] {processor.py:925} INFO - DAG(s) 'example_xcom_args', 'example_xcom_args_with_operators' retrieved from /home/airflow/.local/lib/python3.12/site-packages/airflow/example_dags/example_xcomargs.py
[2025-06-26T22:47:35.874+0000] {logging_mixin.py:190} INFO - [2025-06-26T22:47:35.873+0000] {dag.py:3239} INFO - Sync 2 DAGs
[2025-06-26T22:47:35.886+0000] {logging_mixin.py:190} INFO - [2025-06-26T22:47:35.886+0000] {dag.py:4180} INFO - Setting next_dagrun for example_xcom_args to None, run_after=None
[2025-06-26T22:47:35.889+0000] {logging_mixin.py:190} INFO - [2025-06-26T22:47:35.889+0000] {dag.py:4180} INFO - Setting next_dagrun for example_xcom_args_with_operators to None, run_after=None
[2025-06-26T22:47:35.907+0000] {processor.py:208} INFO - Processing /home/airflow/.local/lib/python3.12/site-packages/airflow/example_dags/example_xcomargs.py took 0.074 seconds
[2025-06-26T22:48:06.266+0000] {processor.py:186} INFO - Started process (PID=637) to work on /home/airflow/.local/lib/python3.12/site-packages/airflow/example_dags/example_xcomargs.py
[2025-06-26T22:48:06.267+0000] {processor.py:914} INFO - Processing file /home/airflow/.local/lib/python3.12/site-packages/airflow/example_dags/example_xcomargs.py for tasks to queue
[2025-06-26T22:48:06.269+0000] {logging_mixin.py:190} INFO - [2025-06-26T22:48:06.269+0000] {dagbag.py:588} INFO - Filling up the DagBag from /home/airflow/.local/lib/python3.12/site-packages/airflow/example_dags/example_xcomargs.py
[2025-06-26T22:48:06.279+0000] {processor.py:925} INFO - DAG(s) 'example_xcom_args_with_operators', 'example_xcom_args' retrieved from /home/airflow/.local/lib/python3.12/site-packages/airflow/example_dags/example_xcomargs.py
[2025-06-26T22:48:06.300+0000] {logging_mixin.py:190} INFO - [2025-06-26T22:48:06.300+0000] {dag.py:3239} INFO - Sync 2 DAGs
[2025-06-26T22:48:06.314+0000] {logging_mixin.py:190} INFO - [2025-06-26T22:48:06.314+0000] {dag.py:4180} INFO - Setting next_dagrun for example_xcom_args to None, run_after=None
[2025-06-26T22:48:06.318+0000] {logging_mixin.py:190} INFO - [2025-06-26T22:48:06.317+0000] {dag.py:4180} INFO - Setting next_dagrun for example_xcom_args_with_operators to None, run_after=None
[2025-06-26T22:48:06.336+0000] {processor.py:208} INFO - Processing /home/airflow/.local/lib/python3.12/site-packages/airflow/example_dags/example_xcomargs.py took 0.076 seconds
[2025-06-26T22:48:36.629+0000] {processor.py:186} INFO - Started process (PID=699) to work on /home/airflow/.local/lib/python3.12/site-packages/airflow/example_dags/example_xcomargs.py
[2025-06-26T22:48:36.630+0000] {processor.py:914} INFO - Processing file /home/airflow/.local/lib/python3.12/site-packages/airflow/example_dags/example_xcomargs.py for tasks to queue
[2025-06-26T22:48:36.633+0000] {logging_mixin.py:190} INFO - [2025-06-26T22:48:36.632+0000] {dagbag.py:588} INFO - Filling up the DagBag from /home/airflow/.local/lib/python3.12/site-packages/airflow/example_dags/example_xcomargs.py
[2025-06-26T22:48:36.642+0000] {processor.py:925} INFO - DAG(s) 'example_xcom_args_with_operators', 'example_xcom_args' retrieved from /home/airflow/.local/lib/python3.12/site-packages/airflow/example_dags/example_xcomargs.py
[2025-06-26T22:48:36.665+0000] {logging_mixin.py:190} INFO - [2025-06-26T22:48:36.665+0000] {dag.py:3239} INFO - Sync 2 DAGs
[2025-06-26T22:48:36.677+0000] {logging_mixin.py:190} INFO - [2025-06-26T22:48:36.676+0000] {dag.py:4180} INFO - Setting next_dagrun for example_xcom_args to None, run_after=None
[2025-06-26T22:48:36.680+0000] {logging_mixin.py:190} INFO - [2025-06-26T22:48:36.680+0000] {dag.py:4180} INFO - Setting next_dagrun for example_xcom_args_with_operators to None, run_after=None
[2025-06-26T22:48:36.696+0000] {processor.py:208} INFO - Processing /home/airflow/.local/lib/python3.12/site-packages/airflow/example_dags/example_xcomargs.py took 0.072 seconds
[2025-06-26T22:49:06.858+0000] {processor.py:186} INFO - Started process (PID=761) to work on /home/airflow/.local/lib/python3.12/site-packages/airflow/example_dags/example_xcomargs.py
[2025-06-26T22:49:06.860+0000] {processor.py:914} INFO - Processing file /home/airflow/.local/lib/python3.12/site-packages/airflow/example_dags/example_xcomargs.py for tasks to queue
[2025-06-26T22:49:06.862+0000] {logging_mixin.py:190} INFO - [2025-06-26T22:49:06.862+0000] {dagbag.py:588} INFO - Filling up the DagBag from /home/airflow/.local/lib/python3.12/site-packages/airflow/example_dags/example_xcomargs.py
[2025-06-26T22:49:06.872+0000] {processor.py:925} INFO - DAG(s) 'example_xcom_args_with_operators', 'example_xcom_args' retrieved from /home/airflow/.local/lib/python3.12/site-packages/airflow/example_dags/example_xcomargs.py
[2025-06-26T22:49:06.896+0000] {logging_mixin.py:190} INFO - [2025-06-26T22:49:06.896+0000] {dag.py:3239} INFO - Sync 2 DAGs
[2025-06-26T22:49:06.912+0000] {logging_mixin.py:190} INFO - [2025-06-26T22:49:06.912+0000] {dag.py:4180} INFO - Setting next_dagrun for example_xcom_args to None, run_after=None
[2025-06-26T22:49:06.916+0000] {logging_mixin.py:190} INFO - [2025-06-26T22:49:06.916+0000] {dag.py:4180} INFO - Setting next_dagrun for example_xcom_args_with_operators to None, run_after=None
[2025-06-26T22:49:06.935+0000] {processor.py:208} INFO - Processing /home/airflow/.local/lib/python3.12/site-packages/airflow/example_dags/example_xcomargs.py took 0.082 seconds
[2025-06-26T22:49:37.219+0000] {processor.py:186} INFO - Started process (PID=823) to work on /home/airflow/.local/lib/python3.12/site-packages/airflow/example_dags/example_xcomargs.py
[2025-06-26T22:49:37.221+0000] {processor.py:914} INFO - Processing file /home/airflow/.local/lib/python3.12/site-packages/airflow/example_dags/example_xcomargs.py for tasks to queue
[2025-06-26T22:49:37.223+0000] {logging_mixin.py:190} INFO - [2025-06-26T22:49:37.222+0000] {dagbag.py:588} INFO - Filling up the DagBag from /home/airflow/.local/lib/python3.12/site-packages/airflow/example_dags/example_xcomargs.py
[2025-06-26T22:49:37.232+0000] {processor.py:925} INFO - DAG(s) 'example_xcom_args', 'example_xcom_args_with_operators' retrieved from /home/airflow/.local/lib/python3.12/site-packages/airflow/example_dags/example_xcomargs.py
[2025-06-26T22:49:37.253+0000] {logging_mixin.py:190} INFO - [2025-06-26T22:49:37.253+0000] {dag.py:3239} INFO - Sync 2 DAGs
[2025-06-26T22:49:37.266+0000] {logging_mixin.py:190} INFO - [2025-06-26T22:49:37.265+0000] {dag.py:4180} INFO - Setting next_dagrun for example_xcom_args to None, run_after=None
[2025-06-26T22:49:37.269+0000] {logging_mixin.py:190} INFO - [2025-06-26T22:49:37.269+0000] {dag.py:4180} INFO - Setting next_dagrun for example_xcom_args_with_operators to None, run_after=None
[2025-06-26T22:49:37.288+0000] {processor.py:208} INFO - Processing /home/airflow/.local/lib/python3.12/site-packages/airflow/example_dags/example_xcomargs.py took 0.074 seconds
[2025-06-26T22:50:07.627+0000] {processor.py:186} INFO - Started process (PID=885) to work on /home/airflow/.local/lib/python3.12/site-packages/airflow/example_dags/example_xcomargs.py
[2025-06-26T22:50:07.629+0000] {processor.py:914} INFO - Processing file /home/airflow/.local/lib/python3.12/site-packages/airflow/example_dags/example_xcomargs.py for tasks to queue
[2025-06-26T22:50:07.631+0000] {logging_mixin.py:190} INFO - [2025-06-26T22:50:07.630+0000] {dagbag.py:588} INFO - Filling up the DagBag from /home/airflow/.local/lib/python3.12/site-packages/airflow/example_dags/example_xcomargs.py
[2025-06-26T22:50:07.640+0000] {processor.py:925} INFO - DAG(s) 'example_xcom_args', 'example_xcom_args_with_operators' retrieved from /home/airflow/.local/lib/python3.12/site-packages/airflow/example_dags/example_xcomargs.py
[2025-06-26T22:50:07.660+0000] {logging_mixin.py:190} INFO - [2025-06-26T22:50:07.660+0000] {dag.py:3239} INFO - Sync 2 DAGs
[2025-06-26T22:50:07.671+0000] {logging_mixin.py:190} INFO - [2025-06-26T22:50:07.671+0000] {dag.py:4180} INFO - Setting next_dagrun for example_xcom_args to None, run_after=None
[2025-06-26T22:50:07.675+0000] {logging_mixin.py:190} INFO - [2025-06-26T22:50:07.675+0000] {dag.py:4180} INFO - Setting next_dagrun for example_xcom_args_with_operators to None, run_after=None
[2025-06-26T22:50:07.693+0000] {processor.py:208} INFO - Processing /home/airflow/.local/lib/python3.12/site-packages/airflow/example_dags/example_xcomargs.py took 0.071 seconds
[2025-06-26T22:50:37.835+0000] {processor.py:186} INFO - Started process (PID=946) to work on /home/airflow/.local/lib/python3.12/site-packages/airflow/example_dags/example_xcomargs.py
[2025-06-26T22:50:37.836+0000] {processor.py:914} INFO - Processing file /home/airflow/.local/lib/python3.12/site-packages/airflow/example_dags/example_xcomargs.py for tasks to queue
[2025-06-26T22:50:37.838+0000] {logging_mixin.py:190} INFO - [2025-06-26T22:50:37.838+0000] {dagbag.py:588} INFO - Filling up the DagBag from /home/airflow/.local/lib/python3.12/site-packages/airflow/example_dags/example_xcomargs.py
[2025-06-26T22:50:37.848+0000] {processor.py:925} INFO - DAG(s) 'example_xcom_args_with_operators', 'example_xcom_args' retrieved from /home/airflow/.local/lib/python3.12/site-packages/airflow/example_dags/example_xcomargs.py
[2025-06-26T22:50:37.871+0000] {logging_mixin.py:190} INFO - [2025-06-26T22:50:37.871+0000] {dag.py:3239} INFO - Sync 2 DAGs
[2025-06-26T22:50:37.884+0000] {logging_mixin.py:190} INFO - [2025-06-26T22:50:37.884+0000] {dag.py:4180} INFO - Setting next_dagrun for example_xcom_args to None, run_after=None
[2025-06-26T22:50:37.887+0000] {logging_mixin.py:190} INFO - [2025-06-26T22:50:37.887+0000] {dag.py:4180} INFO - Setting next_dagrun for example_xcom_args_with_operators to None, run_after=None
[2025-06-26T22:50:37.903+0000] {processor.py:208} INFO - Processing /home/airflow/.local/lib/python3.12/site-packages/airflow/example_dags/example_xcomargs.py took 0.075 seconds
[2025-06-26T22:51:08.458+0000] {processor.py:186} INFO - Started process (PID=1008) to work on /home/airflow/.local/lib/python3.12/site-packages/airflow/example_dags/example_xcomargs.py
[2025-06-26T22:51:08.460+0000] {processor.py:914} INFO - Processing file /home/airflow/.local/lib/python3.12/site-packages/airflow/example_dags/example_xcomargs.py for tasks to queue
[2025-06-26T22:51:08.462+0000] {logging_mixin.py:190} INFO - [2025-06-26T22:51:08.462+0000] {dagbag.py:588} INFO - Filling up the DagBag from /home/airflow/.local/lib/python3.12/site-packages/airflow/example_dags/example_xcomargs.py
[2025-06-26T22:51:08.473+0000] {processor.py:925} INFO - DAG(s) 'example_xcom_args_with_operators', 'example_xcom_args' retrieved from /home/airflow/.local/lib/python3.12/site-packages/airflow/example_dags/example_xcomargs.py
[2025-06-26T22:51:08.496+0000] {logging_mixin.py:190} INFO - [2025-06-26T22:51:08.496+0000] {dag.py:3239} INFO - Sync 2 DAGs
[2025-06-26T22:51:08.511+0000] {logging_mixin.py:190} INFO - [2025-06-26T22:51:08.511+0000] {dag.py:4180} INFO - Setting next_dagrun for example_xcom_args to None, run_after=None
[2025-06-26T22:51:08.515+0000] {logging_mixin.py:190} INFO - [2025-06-26T22:51:08.515+0000] {dag.py:4180} INFO - Setting next_dagrun for example_xcom_args_with_operators to None, run_after=None
[2025-06-26T22:51:08.533+0000] {processor.py:208} INFO - Processing /home/airflow/.local/lib/python3.12/site-packages/airflow/example_dags/example_xcomargs.py took 0.081 seconds
[2025-06-26T22:51:38.835+0000] {processor.py:186} INFO - Started process (PID=1070) to work on /home/airflow/.local/lib/python3.12/site-packages/airflow/example_dags/example_xcomargs.py
[2025-06-26T22:51:38.836+0000] {processor.py:914} INFO - Processing file /home/airflow/.local/lib/python3.12/site-packages/airflow/example_dags/example_xcomargs.py for tasks to queue
[2025-06-26T22:51:38.839+0000] {logging_mixin.py:190} INFO - [2025-06-26T22:51:38.838+0000] {dagbag.py:588} INFO - Filling up the DagBag from /home/airflow/.local/lib/python3.12/site-packages/airflow/example_dags/example_xcomargs.py
[2025-06-26T22:51:38.848+0000] {processor.py:925} INFO - DAG(s) 'example_xcom_args_with_operators', 'example_xcom_args' retrieved from /home/airflow/.local/lib/python3.12/site-packages/airflow/example_dags/example_xcomargs.py
[2025-06-26T22:51:38.871+0000] {logging_mixin.py:190} INFO - [2025-06-26T22:51:38.871+0000] {dag.py:3239} INFO - Sync 2 DAGs
[2025-06-26T22:51:38.883+0000] {logging_mixin.py:190} INFO - [2025-06-26T22:51:38.883+0000] {dag.py:4180} INFO - Setting next_dagrun for example_xcom_args to None, run_after=None
[2025-06-26T22:51:38.886+0000] {logging_mixin.py:190} INFO - [2025-06-26T22:51:38.886+0000] {dag.py:4180} INFO - Setting next_dagrun for example_xcom_args_with_operators to None, run_after=None
[2025-06-26T22:51:38.902+0000] {processor.py:208} INFO - Processing /home/airflow/.local/lib/python3.12/site-packages/airflow/example_dags/example_xcomargs.py took 0.073 seconds
[2025-06-26T22:52:09.134+0000] {processor.py:186} INFO - Started process (PID=1132) to work on /home/airflow/.local/lib/python3.12/site-packages/airflow/example_dags/example_xcomargs.py
[2025-06-26T22:52:09.136+0000] {processor.py:914} INFO - Processing file /home/airflow/.local/lib/python3.12/site-packages/airflow/example_dags/example_xcomargs.py for tasks to queue
[2025-06-26T22:52:09.145+0000] {logging_mixin.py:190} INFO - [2025-06-26T22:52:09.144+0000] {dagbag.py:588} INFO - Filling up the DagBag from /home/airflow/.local/lib/python3.12/site-packages/airflow/example_dags/example_xcomargs.py
[2025-06-26T22:52:09.160+0000] {processor.py:925} INFO - DAG(s) 'example_xcom_args_with_operators', 'example_xcom_args' retrieved from /home/airflow/.local/lib/python3.12/site-packages/airflow/example_dags/example_xcomargs.py
[2025-06-26T22:52:09.183+0000] {logging_mixin.py:190} INFO - [2025-06-26T22:52:09.183+0000] {dag.py:3239} INFO - Sync 2 DAGs
[2025-06-26T22:52:09.197+0000] {logging_mixin.py:190} INFO - [2025-06-26T22:52:09.197+0000] {dag.py:4180} INFO - Setting next_dagrun for example_xcom_args to None, run_after=None
[2025-06-26T22:52:09.201+0000] {logging_mixin.py:190} INFO - [2025-06-26T22:52:09.200+0000] {dag.py:4180} INFO - Setting next_dagrun for example_xcom_args_with_operators to None, run_after=None
[2025-06-26T22:52:09.218+0000] {processor.py:208} INFO - Processing /home/airflow/.local/lib/python3.12/site-packages/airflow/example_dags/example_xcomargs.py took 0.090 seconds
[2025-06-26T22:52:39.371+0000] {processor.py:186} INFO - Started process (PID=1194) to work on /home/airflow/.local/lib/python3.12/site-packages/airflow/example_dags/example_xcomargs.py
[2025-06-26T22:52:39.372+0000] {processor.py:914} INFO - Processing file /home/airflow/.local/lib/python3.12/site-packages/airflow/example_dags/example_xcomargs.py for tasks to queue
[2025-06-26T22:52:39.374+0000] {logging_mixin.py:190} INFO - [2025-06-26T22:52:39.374+0000] {dagbag.py:588} INFO - Filling up the DagBag from /home/airflow/.local/lib/python3.12/site-packages/airflow/example_dags/example_xcomargs.py
[2025-06-26T22:52:39.384+0000] {processor.py:925} INFO - DAG(s) 'example_xcom_args', 'example_xcom_args_with_operators' retrieved from /home/airflow/.local/lib/python3.12/site-packages/airflow/example_dags/example_xcomargs.py
[2025-06-26T22:52:39.407+0000] {logging_mixin.py:190} INFO - [2025-06-26T22:52:39.407+0000] {dag.py:3239} INFO - Sync 2 DAGs
[2025-06-26T22:52:39.420+0000] {logging_mixin.py:190} INFO - [2025-06-26T22:52:39.420+0000] {dag.py:4180} INFO - Setting next_dagrun for example_xcom_args to None, run_after=None
[2025-06-26T22:52:39.424+0000] {logging_mixin.py:190} INFO - [2025-06-26T22:52:39.423+0000] {dag.py:4180} INFO - Setting next_dagrun for example_xcom_args_with_operators to None, run_after=None
[2025-06-26T22:52:39.440+0000] {processor.py:208} INFO - Processing /home/airflow/.local/lib/python3.12/site-packages/airflow/example_dags/example_xcomargs.py took 0.075 seconds
[2025-06-26T22:53:09.826+0000] {processor.py:186} INFO - Started process (PID=1256) to work on /home/airflow/.local/lib/python3.12/site-packages/airflow/example_dags/example_xcomargs.py
[2025-06-26T22:53:09.827+0000] {processor.py:914} INFO - Processing file /home/airflow/.local/lib/python3.12/site-packages/airflow/example_dags/example_xcomargs.py for tasks to queue
[2025-06-26T22:53:09.829+0000] {logging_mixin.py:190} INFO - [2025-06-26T22:53:09.829+0000] {dagbag.py:588} INFO - Filling up the DagBag from /home/airflow/.local/lib/python3.12/site-packages/airflow/example_dags/example_xcomargs.py
[2025-06-26T22:53:09.840+0000] {processor.py:925} INFO - DAG(s) 'example_xcom_args_with_operators', 'example_xcom_args' retrieved from /home/airflow/.local/lib/python3.12/site-packages/airflow/example_dags/example_xcomargs.py
[2025-06-26T22:53:09.862+0000] {logging_mixin.py:190} INFO - [2025-06-26T22:53:09.861+0000] {dag.py:3239} INFO - Sync 2 DAGs
[2025-06-26T22:53:09.874+0000] {logging_mixin.py:190} INFO - [2025-06-26T22:53:09.873+0000] {dag.py:4180} INFO - Setting next_dagrun for example_xcom_args to None, run_after=None
[2025-06-26T22:53:09.877+0000] {logging_mixin.py:190} INFO - [2025-06-26T22:53:09.877+0000] {dag.py:4180} INFO - Setting next_dagrun for example_xcom_args_with_operators to None, run_after=None
[2025-06-26T22:53:09.892+0000] {processor.py:208} INFO - Processing /home/airflow/.local/lib/python3.12/site-packages/airflow/example_dags/example_xcomargs.py took 0.071 seconds
[2025-06-26T22:53:40.138+0000] {processor.py:186} INFO - Started process (PID=1318) to work on /home/airflow/.local/lib/python3.12/site-packages/airflow/example_dags/example_xcomargs.py
[2025-06-26T22:53:40.140+0000] {processor.py:914} INFO - Processing file /home/airflow/.local/lib/python3.12/site-packages/airflow/example_dags/example_xcomargs.py for tasks to queue
[2025-06-26T22:53:40.142+0000] {logging_mixin.py:190} INFO - [2025-06-26T22:53:40.142+0000] {dagbag.py:588} INFO - Filling up the DagBag from /home/airflow/.local/lib/python3.12/site-packages/airflow/example_dags/example_xcomargs.py
[2025-06-26T22:53:40.154+0000] {processor.py:925} INFO - DAG(s) 'example_xcom_args_with_operators', 'example_xcom_args' retrieved from /home/airflow/.local/lib/python3.12/site-packages/airflow/example_dags/example_xcomargs.py
[2025-06-26T22:53:40.177+0000] {logging_mixin.py:190} INFO - [2025-06-26T22:53:40.177+0000] {dag.py:3239} INFO - Sync 2 DAGs
[2025-06-26T22:53:40.191+0000] {logging_mixin.py:190} INFO - [2025-06-26T22:53:40.190+0000] {dag.py:4180} INFO - Setting next_dagrun for example_xcom_args to None, run_after=None
[2025-06-26T22:53:40.194+0000] {logging_mixin.py:190} INFO - [2025-06-26T22:53:40.194+0000] {dag.py:4180} INFO - Setting next_dagrun for example_xcom_args_with_operators to None, run_after=None
[2025-06-26T22:53:40.212+0000] {processor.py:208} INFO - Processing /home/airflow/.local/lib/python3.12/site-packages/airflow/example_dags/example_xcomargs.py took 0.080 seconds
[2025-06-26T22:54:10.449+0000] {processor.py:186} INFO - Started process (PID=1380) to work on /home/airflow/.local/lib/python3.12/site-packages/airflow/example_dags/example_xcomargs.py
[2025-06-26T22:54:10.450+0000] {processor.py:914} INFO - Processing file /home/airflow/.local/lib/python3.12/site-packages/airflow/example_dags/example_xcomargs.py for tasks to queue
[2025-06-26T22:54:10.452+0000] {logging_mixin.py:190} INFO - [2025-06-26T22:54:10.452+0000] {dagbag.py:588} INFO - Filling up the DagBag from /home/airflow/.local/lib/python3.12/site-packages/airflow/example_dags/example_xcomargs.py
[2025-06-26T22:54:10.461+0000] {processor.py:925} INFO - DAG(s) 'example_xcom_args', 'example_xcom_args_with_operators' retrieved from /home/airflow/.local/lib/python3.12/site-packages/airflow/example_dags/example_xcomargs.py
[2025-06-26T22:54:10.483+0000] {logging_mixin.py:190} INFO - [2025-06-26T22:54:10.483+0000] {dag.py:3239} INFO - Sync 2 DAGs
[2025-06-26T22:54:10.495+0000] {logging_mixin.py:190} INFO - [2025-06-26T22:54:10.495+0000] {dag.py:4180} INFO - Setting next_dagrun for example_xcom_args to None, run_after=None
[2025-06-26T22:54:10.498+0000] {logging_mixin.py:190} INFO - [2025-06-26T22:54:10.498+0000] {dag.py:4180} INFO - Setting next_dagrun for example_xcom_args_with_operators to None, run_after=None
[2025-06-26T22:54:10.514+0000] {processor.py:208} INFO - Processing /home/airflow/.local/lib/python3.12/site-packages/airflow/example_dags/example_xcomargs.py took 0.070 seconds
[2025-06-26T22:54:40.948+0000] {processor.py:186} INFO - Started process (PID=1442) to work on /home/airflow/.local/lib/python3.12/site-packages/airflow/example_dags/example_xcomargs.py
[2025-06-26T22:54:40.949+0000] {processor.py:914} INFO - Processing file /home/airflow/.local/lib/python3.12/site-packages/airflow/example_dags/example_xcomargs.py for tasks to queue
[2025-06-26T22:54:40.952+0000] {logging_mixin.py:190} INFO - [2025-06-26T22:54:40.952+0000] {dagbag.py:588} INFO - Filling up the DagBag from /home/airflow/.local/lib/python3.12/site-packages/airflow/example_dags/example_xcomargs.py
[2025-06-26T22:54:40.963+0000] {processor.py:925} INFO - DAG(s) 'example_xcom_args_with_operators', 'example_xcom_args' retrieved from /home/airflow/.local/lib/python3.12/site-packages/airflow/example_dags/example_xcomargs.py
[2025-06-26T22:54:40.986+0000] {logging_mixin.py:190} INFO - [2025-06-26T22:54:40.986+0000] {dag.py:3239} INFO - Sync 2 DAGs
[2025-06-26T22:54:40.998+0000] {logging_mixin.py:190} INFO - [2025-06-26T22:54:40.998+0000] {dag.py:4180} INFO - Setting next_dagrun for example_xcom_args to None, run_after=None
[2025-06-26T22:54:41.001+0000] {logging_mixin.py:190} INFO - [2025-06-26T22:54:41.001+0000] {dag.py:4180} INFO - Setting next_dagrun for example_xcom_args_with_operators to None, run_after=None
[2025-06-26T22:54:41.019+0000] {processor.py:208} INFO - Processing /home/airflow/.local/lib/python3.12/site-packages/airflow/example_dags/example_xcomargs.py took 0.078 seconds
[2025-06-26T22:55:11.372+0000] {processor.py:186} INFO - Started process (PID=1504) to work on /home/airflow/.local/lib/python3.12/site-packages/airflow/example_dags/example_xcomargs.py
[2025-06-26T22:55:11.373+0000] {processor.py:914} INFO - Processing file /home/airflow/.local/lib/python3.12/site-packages/airflow/example_dags/example_xcomargs.py for tasks to queue
[2025-06-26T22:55:11.376+0000] {logging_mixin.py:190} INFO - [2025-06-26T22:55:11.375+0000] {dagbag.py:588} INFO - Filling up the DagBag from /home/airflow/.local/lib/python3.12/site-packages/airflow/example_dags/example_xcomargs.py
[2025-06-26T22:55:11.385+0000] {processor.py:925} INFO - DAG(s) 'example_xcom_args', 'example_xcom_args_with_operators' retrieved from /home/airflow/.local/lib/python3.12/site-packages/airflow/example_dags/example_xcomargs.py
[2025-06-26T22:55:11.407+0000] {logging_mixin.py:190} INFO - [2025-06-26T22:55:11.406+0000] {dag.py:3239} INFO - Sync 2 DAGs
[2025-06-26T22:55:11.419+0000] {logging_mixin.py:190} INFO - [2025-06-26T22:55:11.419+0000] {dag.py:4180} INFO - Setting next_dagrun for example_xcom_args to None, run_after=None
[2025-06-26T22:55:11.422+0000] {logging_mixin.py:190} INFO - [2025-06-26T22:55:11.422+0000] {dag.py:4180} INFO - Setting next_dagrun for example_xcom_args_with_operators to None, run_after=None
[2025-06-26T22:55:11.438+0000] {processor.py:208} INFO - Processing /home/airflow/.local/lib/python3.12/site-packages/airflow/example_dags/example_xcomargs.py took 0.071 seconds
[2025-06-26T22:55:41.831+0000] {processor.py:186} INFO - Started process (PID=1566) to work on /home/airflow/.local/lib/python3.12/site-packages/airflow/example_dags/example_xcomargs.py
[2025-06-26T22:55:41.832+0000] {processor.py:914} INFO - Processing file /home/airflow/.local/lib/python3.12/site-packages/airflow/example_dags/example_xcomargs.py for tasks to queue
[2025-06-26T22:55:41.834+0000] {logging_mixin.py:190} INFO - [2025-06-26T22:55:41.833+0000] {dagbag.py:588} INFO - Filling up the DagBag from /home/airflow/.local/lib/python3.12/site-packages/airflow/example_dags/example_xcomargs.py
[2025-06-26T22:55:41.844+0000] {processor.py:925} INFO - DAG(s) 'example_xcom_args', 'example_xcom_args_with_operators' retrieved from /home/airflow/.local/lib/python3.12/site-packages/airflow/example_dags/example_xcomargs.py
[2025-06-26T22:55:41.865+0000] {logging_mixin.py:190} INFO - [2025-06-26T22:55:41.865+0000] {dag.py:3239} INFO - Sync 2 DAGs
[2025-06-26T22:55:41.879+0000] {logging_mixin.py:190} INFO - [2025-06-26T22:55:41.879+0000] {dag.py:4180} INFO - Setting next_dagrun for example_xcom_args to None, run_after=None
[2025-06-26T22:55:41.882+0000] {logging_mixin.py:190} INFO - [2025-06-26T22:55:41.882+0000] {dag.py:4180} INFO - Setting next_dagrun for example_xcom_args_with_operators to None, run_after=None
[2025-06-26T22:55:41.898+0000] {processor.py:208} INFO - Processing /home/airflow/.local/lib/python3.12/site-packages/airflow/example_dags/example_xcomargs.py took 0.073 seconds
[2025-06-26T22:56:12.058+0000] {processor.py:186} INFO - Started process (PID=1628) to work on /home/airflow/.local/lib/python3.12/site-packages/airflow/example_dags/example_xcomargs.py
[2025-06-26T22:56:12.059+0000] {processor.py:914} INFO - Processing file /home/airflow/.local/lib/python3.12/site-packages/airflow/example_dags/example_xcomargs.py for tasks to queue
[2025-06-26T22:56:12.062+0000] {logging_mixin.py:190} INFO - [2025-06-26T22:56:12.061+0000] {dagbag.py:588} INFO - Filling up the DagBag from /home/airflow/.local/lib/python3.12/site-packages/airflow/example_dags/example_xcomargs.py
[2025-06-26T22:56:12.071+0000] {processor.py:925} INFO - DAG(s) 'example_xcom_args_with_operators', 'example_xcom_args' retrieved from /home/airflow/.local/lib/python3.12/site-packages/airflow/example_dags/example_xcomargs.py
[2025-06-26T22:56:12.094+0000] {logging_mixin.py:190} INFO - [2025-06-26T22:56:12.094+0000] {dag.py:3239} INFO - Sync 2 DAGs
[2025-06-26T22:56:12.107+0000] {logging_mixin.py:190} INFO - [2025-06-26T22:56:12.106+0000] {dag.py:4180} INFO - Setting next_dagrun for example_xcom_args to None, run_after=None
[2025-06-26T22:56:12.110+0000] {logging_mixin.py:190} INFO - [2025-06-26T22:56:12.110+0000] {dag.py:4180} INFO - Setting next_dagrun for example_xcom_args_with_operators to None, run_after=None
[2025-06-26T22:56:12.127+0000] {processor.py:208} INFO - Processing /home/airflow/.local/lib/python3.12/site-packages/airflow/example_dags/example_xcomargs.py took 0.074 seconds
[2025-06-26T22:56:42.964+0000] {processor.py:186} INFO - Started process (PID=1690) to work on /home/airflow/.local/lib/python3.12/site-packages/airflow/example_dags/example_xcomargs.py
[2025-06-26T22:56:42.965+0000] {processor.py:914} INFO - Processing file /home/airflow/.local/lib/python3.12/site-packages/airflow/example_dags/example_xcomargs.py for tasks to queue
[2025-06-26T22:56:42.967+0000] {logging_mixin.py:190} INFO - [2025-06-26T22:56:42.967+0000] {dagbag.py:588} INFO - Filling up the DagBag from /home/airflow/.local/lib/python3.12/site-packages/airflow/example_dags/example_xcomargs.py
[2025-06-26T22:56:42.977+0000] {processor.py:925} INFO - DAG(s) 'example_xcom_args', 'example_xcom_args_with_operators' retrieved from /home/airflow/.local/lib/python3.12/site-packages/airflow/example_dags/example_xcomargs.py
[2025-06-26T22:56:42.998+0000] {logging_mixin.py:190} INFO - [2025-06-26T22:56:42.997+0000] {dag.py:3239} INFO - Sync 2 DAGs
[2025-06-26T22:56:43.011+0000] {logging_mixin.py:190} INFO - [2025-06-26T22:56:43.010+0000] {dag.py:4180} INFO - Setting next_dagrun for example_xcom_args to None, run_after=None
[2025-06-26T22:56:43.014+0000] {logging_mixin.py:190} INFO - [2025-06-26T22:56:43.014+0000] {dag.py:4180} INFO - Setting next_dagrun for example_xcom_args_with_operators to None, run_after=None
[2025-06-26T22:56:43.032+0000] {processor.py:208} INFO - Processing /home/airflow/.local/lib/python3.12/site-packages/airflow/example_dags/example_xcomargs.py took 0.073 seconds
[2025-06-26T22:57:13.329+0000] {processor.py:186} INFO - Started process (PID=1752) to work on /home/airflow/.local/lib/python3.12/site-packages/airflow/example_dags/example_xcomargs.py
[2025-06-26T22:57:13.330+0000] {processor.py:914} INFO - Processing file /home/airflow/.local/lib/python3.12/site-packages/airflow/example_dags/example_xcomargs.py for tasks to queue
[2025-06-26T22:57:13.332+0000] {logging_mixin.py:190} INFO - [2025-06-26T22:57:13.332+0000] {dagbag.py:588} INFO - Filling up the DagBag from /home/airflow/.local/lib/python3.12/site-packages/airflow/example_dags/example_xcomargs.py
[2025-06-26T22:57:13.341+0000] {processor.py:925} INFO - DAG(s) 'example_xcom_args', 'example_xcom_args_with_operators' retrieved from /home/airflow/.local/lib/python3.12/site-packages/airflow/example_dags/example_xcomargs.py
[2025-06-26T22:57:13.364+0000] {logging_mixin.py:190} INFO - [2025-06-26T22:57:13.364+0000] {dag.py:3239} INFO - Sync 2 DAGs
[2025-06-26T22:57:13.376+0000] {logging_mixin.py:190} INFO - [2025-06-26T22:57:13.376+0000] {dag.py:4180} INFO - Setting next_dagrun for example_xcom_args to None, run_after=None
[2025-06-26T22:57:13.379+0000] {logging_mixin.py:190} INFO - [2025-06-26T22:57:13.379+0000] {dag.py:4180} INFO - Setting next_dagrun for example_xcom_args_with_operators to None, run_after=None
[2025-06-26T22:57:13.395+0000] {processor.py:208} INFO - Processing /home/airflow/.local/lib/python3.12/site-packages/airflow/example_dags/example_xcomargs.py took 0.071 seconds
[2025-06-26T22:57:43.782+0000] {processor.py:186} INFO - Started process (PID=1814) to work on /home/airflow/.local/lib/python3.12/site-packages/airflow/example_dags/example_xcomargs.py
[2025-06-26T22:57:43.784+0000] {processor.py:914} INFO - Processing file /home/airflow/.local/lib/python3.12/site-packages/airflow/example_dags/example_xcomargs.py for tasks to queue
[2025-06-26T22:57:43.787+0000] {logging_mixin.py:190} INFO - [2025-06-26T22:57:43.787+0000] {dagbag.py:588} INFO - Filling up the DagBag from /home/airflow/.local/lib/python3.12/site-packages/airflow/example_dags/example_xcomargs.py
[2025-06-26T22:57:43.800+0000] {processor.py:925} INFO - DAG(s) 'example_xcom_args_with_operators', 'example_xcom_args' retrieved from /home/airflow/.local/lib/python3.12/site-packages/airflow/example_dags/example_xcomargs.py
[2025-06-26T22:57:43.823+0000] {logging_mixin.py:190} INFO - [2025-06-26T22:57:43.823+0000] {dag.py:3239} INFO - Sync 2 DAGs
[2025-06-26T22:57:43.837+0000] {logging_mixin.py:190} INFO - [2025-06-26T22:57:43.836+0000] {dag.py:4180} INFO - Setting next_dagrun for example_xcom_args to None, run_after=None
[2025-06-26T22:57:43.841+0000] {logging_mixin.py:190} INFO - [2025-06-26T22:57:43.841+0000] {dag.py:4180} INFO - Setting next_dagrun for example_xcom_args_with_operators to None, run_after=None
[2025-06-26T22:57:43.860+0000] {processor.py:208} INFO - Processing /home/airflow/.local/lib/python3.12/site-packages/airflow/example_dags/example_xcomargs.py took 0.085 seconds
[2025-06-26T22:58:14.237+0000] {processor.py:186} INFO - Started process (PID=1876) to work on /home/airflow/.local/lib/python3.12/site-packages/airflow/example_dags/example_xcomargs.py
[2025-06-26T22:58:14.238+0000] {processor.py:914} INFO - Processing file /home/airflow/.local/lib/python3.12/site-packages/airflow/example_dags/example_xcomargs.py for tasks to queue
[2025-06-26T22:58:14.240+0000] {logging_mixin.py:190} INFO - [2025-06-26T22:58:14.240+0000] {dagbag.py:588} INFO - Filling up the DagBag from /home/airflow/.local/lib/python3.12/site-packages/airflow/example_dags/example_xcomargs.py
[2025-06-26T22:58:14.250+0000] {processor.py:925} INFO - DAG(s) 'example_xcom_args_with_operators', 'example_xcom_args' retrieved from /home/airflow/.local/lib/python3.12/site-packages/airflow/example_dags/example_xcomargs.py
[2025-06-26T22:58:14.272+0000] {logging_mixin.py:190} INFO - [2025-06-26T22:58:14.272+0000] {dag.py:3239} INFO - Sync 2 DAGs
[2025-06-26T22:58:14.285+0000] {logging_mixin.py:190} INFO - [2025-06-26T22:58:14.285+0000] {dag.py:4180} INFO - Setting next_dagrun for example_xcom_args to None, run_after=None
[2025-06-26T22:58:14.292+0000] {logging_mixin.py:190} INFO - [2025-06-26T22:58:14.292+0000] {dag.py:4180} INFO - Setting next_dagrun for example_xcom_args_with_operators to None, run_after=None
[2025-06-26T22:58:14.309+0000] {processor.py:208} INFO - Processing /home/airflow/.local/lib/python3.12/site-packages/airflow/example_dags/example_xcomargs.py took 0.078 seconds
[2025-06-26T22:58:44.675+0000] {processor.py:186} INFO - Started process (PID=1938) to work on /home/airflow/.local/lib/python3.12/site-packages/airflow/example_dags/example_xcomargs.py
[2025-06-26T22:58:44.676+0000] {processor.py:914} INFO - Processing file /home/airflow/.local/lib/python3.12/site-packages/airflow/example_dags/example_xcomargs.py for tasks to queue
[2025-06-26T22:58:44.678+0000] {logging_mixin.py:190} INFO - [2025-06-26T22:58:44.678+0000] {dagbag.py:588} INFO - Filling up the DagBag from /home/airflow/.local/lib/python3.12/site-packages/airflow/example_dags/example_xcomargs.py
[2025-06-26T22:58:44.688+0000] {processor.py:925} INFO - DAG(s) 'example_xcom_args_with_operators', 'example_xcom_args' retrieved from /home/airflow/.local/lib/python3.12/site-packages/airflow/example_dags/example_xcomargs.py
[2025-06-26T22:58:44.709+0000] {logging_mixin.py:190} INFO - [2025-06-26T22:58:44.709+0000] {dag.py:3239} INFO - Sync 2 DAGs
[2025-06-26T22:58:44.721+0000] {logging_mixin.py:190} INFO - [2025-06-26T22:58:44.721+0000] {dag.py:4180} INFO - Setting next_dagrun for example_xcom_args to None, run_after=None
[2025-06-26T22:58:44.724+0000] {logging_mixin.py:190} INFO - [2025-06-26T22:58:44.724+0000] {dag.py:4180} INFO - Setting next_dagrun for example_xcom_args_with_operators to None, run_after=None
[2025-06-26T22:58:44.744+0000] {processor.py:208} INFO - Processing /home/airflow/.local/lib/python3.12/site-packages/airflow/example_dags/example_xcomargs.py took 0.075 seconds
[2025-06-26T22:59:15.004+0000] {processor.py:186} INFO - Started process (PID=2000) to work on /home/airflow/.local/lib/python3.12/site-packages/airflow/example_dags/example_xcomargs.py
[2025-06-26T22:59:15.005+0000] {processor.py:914} INFO - Processing file /home/airflow/.local/lib/python3.12/site-packages/airflow/example_dags/example_xcomargs.py for tasks to queue
[2025-06-26T22:59:15.007+0000] {logging_mixin.py:190} INFO - [2025-06-26T22:59:15.007+0000] {dagbag.py:588} INFO - Filling up the DagBag from /home/airflow/.local/lib/python3.12/site-packages/airflow/example_dags/example_xcomargs.py
[2025-06-26T22:59:15.018+0000] {processor.py:925} INFO - DAG(s) 'example_xcom_args', 'example_xcom_args_with_operators' retrieved from /home/airflow/.local/lib/python3.12/site-packages/airflow/example_dags/example_xcomargs.py
[2025-06-26T22:59:15.042+0000] {logging_mixin.py:190} INFO - [2025-06-26T22:59:15.042+0000] {dag.py:3239} INFO - Sync 2 DAGs
[2025-06-26T22:59:15.055+0000] {logging_mixin.py:190} INFO - [2025-06-26T22:59:15.055+0000] {dag.py:4180} INFO - Setting next_dagrun for example_xcom_args to None, run_after=None
[2025-06-26T22:59:15.058+0000] {logging_mixin.py:190} INFO - [2025-06-26T22:59:15.058+0000] {dag.py:4180} INFO - Setting next_dagrun for example_xcom_args_with_operators to None, run_after=None
[2025-06-26T22:59:15.075+0000] {processor.py:208} INFO - Processing /home/airflow/.local/lib/python3.12/site-packages/airflow/example_dags/example_xcomargs.py took 0.078 seconds
[2025-06-26T22:59:45.543+0000] {processor.py:186} INFO - Started process (PID=2062) to work on /home/airflow/.local/lib/python3.12/site-packages/airflow/example_dags/example_xcomargs.py
[2025-06-26T22:59:45.544+0000] {processor.py:914} INFO - Processing file /home/airflow/.local/lib/python3.12/site-packages/airflow/example_dags/example_xcomargs.py for tasks to queue
[2025-06-26T22:59:45.546+0000] {logging_mixin.py:190} INFO - [2025-06-26T22:59:45.546+0000] {dagbag.py:588} INFO - Filling up the DagBag from /home/airflow/.local/lib/python3.12/site-packages/airflow/example_dags/example_xcomargs.py
[2025-06-26T22:59:45.556+0000] {processor.py:925} INFO - DAG(s) 'example_xcom_args_with_operators', 'example_xcom_args' retrieved from /home/airflow/.local/lib/python3.12/site-packages/airflow/example_dags/example_xcomargs.py
[2025-06-26T22:59:45.579+0000] {logging_mixin.py:190} INFO - [2025-06-26T22:59:45.579+0000] {dag.py:3239} INFO - Sync 2 DAGs
[2025-06-26T22:59:45.593+0000] {logging_mixin.py:190} INFO - [2025-06-26T22:59:45.593+0000] {dag.py:4180} INFO - Setting next_dagrun for example_xcom_args to None, run_after=None
[2025-06-26T22:59:45.596+0000] {logging_mixin.py:190} INFO - [2025-06-26T22:59:45.596+0000] {dag.py:4180} INFO - Setting next_dagrun for example_xcom_args_with_operators to None, run_after=None
[2025-06-26T22:59:45.613+0000] {processor.py:208} INFO - Processing /home/airflow/.local/lib/python3.12/site-packages/airflow/example_dags/example_xcomargs.py took 0.076 seconds
[2025-06-26T23:00:16.168+0000] {processor.py:186} INFO - Started process (PID=2125) to work on /home/airflow/.local/lib/python3.12/site-packages/airflow/example_dags/example_xcomargs.py
[2025-06-26T23:00:16.169+0000] {processor.py:914} INFO - Processing file /home/airflow/.local/lib/python3.12/site-packages/airflow/example_dags/example_xcomargs.py for tasks to queue
[2025-06-26T23:00:16.171+0000] {logging_mixin.py:190} INFO - [2025-06-26T23:00:16.171+0000] {dagbag.py:588} INFO - Filling up the DagBag from /home/airflow/.local/lib/python3.12/site-packages/airflow/example_dags/example_xcomargs.py
[2025-06-26T23:00:16.181+0000] {processor.py:925} INFO - DAG(s) 'example_xcom_args', 'example_xcom_args_with_operators' retrieved from /home/airflow/.local/lib/python3.12/site-packages/airflow/example_dags/example_xcomargs.py
[2025-06-26T23:00:16.202+0000] {logging_mixin.py:190} INFO - [2025-06-26T23:00:16.202+0000] {dag.py:3239} INFO - Sync 2 DAGs
[2025-06-26T23:00:16.215+0000] {logging_mixin.py:190} INFO - [2025-06-26T23:00:16.215+0000] {dag.py:4180} INFO - Setting next_dagrun for example_xcom_args to None, run_after=None
[2025-06-26T23:00:16.219+0000] {logging_mixin.py:190} INFO - [2025-06-26T23:00:16.219+0000] {dag.py:4180} INFO - Setting next_dagrun for example_xcom_args_with_operators to None, run_after=None
[2025-06-26T23:00:16.235+0000] {processor.py:208} INFO - Processing /home/airflow/.local/lib/python3.12/site-packages/airflow/example_dags/example_xcomargs.py took 0.072 seconds
[2025-06-26T23:00:46.744+0000] {processor.py:186} INFO - Started process (PID=2187) to work on /home/airflow/.local/lib/python3.12/site-packages/airflow/example_dags/example_xcomargs.py
[2025-06-26T23:00:46.745+0000] {processor.py:914} INFO - Processing file /home/airflow/.local/lib/python3.12/site-packages/airflow/example_dags/example_xcomargs.py for tasks to queue
[2025-06-26T23:00:46.747+0000] {logging_mixin.py:190} INFO - [2025-06-26T23:00:46.747+0000] {dagbag.py:588} INFO - Filling up the DagBag from /home/airflow/.local/lib/python3.12/site-packages/airflow/example_dags/example_xcomargs.py
[2025-06-26T23:00:46.757+0000] {processor.py:925} INFO - DAG(s) 'example_xcom_args_with_operators', 'example_xcom_args' retrieved from /home/airflow/.local/lib/python3.12/site-packages/airflow/example_dags/example_xcomargs.py
[2025-06-26T23:00:46.782+0000] {logging_mixin.py:190} INFO - [2025-06-26T23:00:46.782+0000] {dag.py:3239} INFO - Sync 2 DAGs
[2025-06-26T23:00:46.796+0000] {logging_mixin.py:190} INFO - [2025-06-26T23:00:46.796+0000] {dag.py:4180} INFO - Setting next_dagrun for example_xcom_args to None, run_after=None
[2025-06-26T23:00:46.800+0000] {logging_mixin.py:190} INFO - [2025-06-26T23:00:46.800+0000] {dag.py:4180} INFO - Setting next_dagrun for example_xcom_args_with_operators to None, run_after=None
[2025-06-26T23:00:46.818+0000] {processor.py:208} INFO - Processing /home/airflow/.local/lib/python3.12/site-packages/airflow/example_dags/example_xcomargs.py took 0.080 seconds
[2025-06-26T23:01:17.200+0000] {processor.py:186} INFO - Started process (PID=2249) to work on /home/airflow/.local/lib/python3.12/site-packages/airflow/example_dags/example_xcomargs.py
[2025-06-26T23:01:17.201+0000] {processor.py:914} INFO - Processing file /home/airflow/.local/lib/python3.12/site-packages/airflow/example_dags/example_xcomargs.py for tasks to queue
[2025-06-26T23:01:17.204+0000] {logging_mixin.py:190} INFO - [2025-06-26T23:01:17.204+0000] {dagbag.py:588} INFO - Filling up the DagBag from /home/airflow/.local/lib/python3.12/site-packages/airflow/example_dags/example_xcomargs.py
[2025-06-26T23:01:17.215+0000] {processor.py:925} INFO - DAG(s) 'example_xcom_args', 'example_xcom_args_with_operators' retrieved from /home/airflow/.local/lib/python3.12/site-packages/airflow/example_dags/example_xcomargs.py
[2025-06-26T23:01:17.237+0000] {logging_mixin.py:190} INFO - [2025-06-26T23:01:17.237+0000] {dag.py:3239} INFO - Sync 2 DAGs
[2025-06-26T23:01:17.249+0000] {logging_mixin.py:190} INFO - [2025-06-26T23:01:17.249+0000] {dag.py:4180} INFO - Setting next_dagrun for example_xcom_args to None, run_after=None
[2025-06-26T23:01:17.252+0000] {logging_mixin.py:190} INFO - [2025-06-26T23:01:17.252+0000] {dag.py:4180} INFO - Setting next_dagrun for example_xcom_args_with_operators to None, run_after=None
[2025-06-26T23:01:17.273+0000] {processor.py:208} INFO - Processing /home/airflow/.local/lib/python3.12/site-packages/airflow/example_dags/example_xcomargs.py took 0.079 seconds
[2025-06-26T23:01:48.201+0000] {processor.py:186} INFO - Started process (PID=2311) to work on /home/airflow/.local/lib/python3.12/site-packages/airflow/example_dags/example_xcomargs.py
[2025-06-26T23:01:48.203+0000] {processor.py:914} INFO - Processing file /home/airflow/.local/lib/python3.12/site-packages/airflow/example_dags/example_xcomargs.py for tasks to queue
[2025-06-26T23:01:48.205+0000] {logging_mixin.py:190} INFO - [2025-06-26T23:01:48.205+0000] {dagbag.py:588} INFO - Filling up the DagBag from /home/airflow/.local/lib/python3.12/site-packages/airflow/example_dags/example_xcomargs.py
[2025-06-26T23:01:48.216+0000] {processor.py:925} INFO - DAG(s) 'example_xcom_args', 'example_xcom_args_with_operators' retrieved from /home/airflow/.local/lib/python3.12/site-packages/airflow/example_dags/example_xcomargs.py
[2025-06-26T23:01:48.239+0000] {logging_mixin.py:190} INFO - [2025-06-26T23:01:48.239+0000] {dag.py:3239} INFO - Sync 2 DAGs
[2025-06-26T23:01:48.252+0000] {logging_mixin.py:190} INFO - [2025-06-26T23:01:48.251+0000] {dag.py:4180} INFO - Setting next_dagrun for example_xcom_args to None, run_after=None
[2025-06-26T23:01:48.255+0000] {logging_mixin.py:190} INFO - [2025-06-26T23:01:48.255+0000] {dag.py:4180} INFO - Setting next_dagrun for example_xcom_args_with_operators to None, run_after=None
[2025-06-26T23:01:48.274+0000] {processor.py:208} INFO - Processing /home/airflow/.local/lib/python3.12/site-packages/airflow/example_dags/example_xcomargs.py took 0.078 seconds
[2025-06-26T23:02:18.628+0000] {processor.py:186} INFO - Started process (PID=2373) to work on /home/airflow/.local/lib/python3.12/site-packages/airflow/example_dags/example_xcomargs.py
[2025-06-26T23:02:18.629+0000] {processor.py:914} INFO - Processing file /home/airflow/.local/lib/python3.12/site-packages/airflow/example_dags/example_xcomargs.py for tasks to queue
[2025-06-26T23:02:18.631+0000] {logging_mixin.py:190} INFO - [2025-06-26T23:02:18.631+0000] {dagbag.py:588} INFO - Filling up the DagBag from /home/airflow/.local/lib/python3.12/site-packages/airflow/example_dags/example_xcomargs.py
[2025-06-26T23:02:18.642+0000] {processor.py:925} INFO - DAG(s) 'example_xcom_args', 'example_xcom_args_with_operators' retrieved from /home/airflow/.local/lib/python3.12/site-packages/airflow/example_dags/example_xcomargs.py
[2025-06-26T23:02:18.666+0000] {logging_mixin.py:190} INFO - [2025-06-26T23:02:18.665+0000] {dag.py:3239} INFO - Sync 2 DAGs
[2025-06-26T23:02:18.679+0000] {logging_mixin.py:190} INFO - [2025-06-26T23:02:18.679+0000] {dag.py:4180} INFO - Setting next_dagrun for example_xcom_args to None, run_after=None
[2025-06-26T23:02:18.683+0000] {logging_mixin.py:190} INFO - [2025-06-26T23:02:18.683+0000] {dag.py:4180} INFO - Setting next_dagrun for example_xcom_args_with_operators to None, run_after=None
[2025-06-26T23:02:18.702+0000] {processor.py:208} INFO - Processing /home/airflow/.local/lib/python3.12/site-packages/airflow/example_dags/example_xcomargs.py took 0.080 seconds
[2025-06-26T23:02:49.044+0000] {processor.py:186} INFO - Started process (PID=2435) to work on /home/airflow/.local/lib/python3.12/site-packages/airflow/example_dags/example_xcomargs.py
[2025-06-26T23:02:49.045+0000] {processor.py:914} INFO - Processing file /home/airflow/.local/lib/python3.12/site-packages/airflow/example_dags/example_xcomargs.py for tasks to queue
[2025-06-26T23:02:49.047+0000] {logging_mixin.py:190} INFO - [2025-06-26T23:02:49.047+0000] {dagbag.py:588} INFO - Filling up the DagBag from /home/airflow/.local/lib/python3.12/site-packages/airflow/example_dags/example_xcomargs.py
[2025-06-26T23:02:49.057+0000] {processor.py:925} INFO - DAG(s) 'example_xcom_args_with_operators', 'example_xcom_args' retrieved from /home/airflow/.local/lib/python3.12/site-packages/airflow/example_dags/example_xcomargs.py
[2025-06-26T23:02:49.082+0000] {logging_mixin.py:190} INFO - [2025-06-26T23:02:49.082+0000] {dag.py:3239} INFO - Sync 2 DAGs
[2025-06-26T23:02:49.094+0000] {logging_mixin.py:190} INFO - [2025-06-26T23:02:49.094+0000] {dag.py:4180} INFO - Setting next_dagrun for example_xcom_args to None, run_after=None
[2025-06-26T23:02:49.097+0000] {logging_mixin.py:190} INFO - [2025-06-26T23:02:49.097+0000] {dag.py:4180} INFO - Setting next_dagrun for example_xcom_args_with_operators to None, run_after=None
[2025-06-26T23:02:49.113+0000] {processor.py:208} INFO - Processing /home/airflow/.local/lib/python3.12/site-packages/airflow/example_dags/example_xcomargs.py took 0.075 seconds
[2025-06-26T23:03:19.770+0000] {processor.py:186} INFO - Started process (PID=2497) to work on /home/airflow/.local/lib/python3.12/site-packages/airflow/example_dags/example_xcomargs.py
[2025-06-26T23:03:19.771+0000] {processor.py:914} INFO - Processing file /home/airflow/.local/lib/python3.12/site-packages/airflow/example_dags/example_xcomargs.py for tasks to queue
[2025-06-26T23:03:19.773+0000] {logging_mixin.py:190} INFO - [2025-06-26T23:03:19.773+0000] {dagbag.py:588} INFO - Filling up the DagBag from /home/airflow/.local/lib/python3.12/site-packages/airflow/example_dags/example_xcomargs.py
[2025-06-26T23:03:19.784+0000] {processor.py:925} INFO - DAG(s) 'example_xcom_args_with_operators', 'example_xcom_args' retrieved from /home/airflow/.local/lib/python3.12/site-packages/airflow/example_dags/example_xcomargs.py
[2025-06-26T23:03:19.814+0000] {logging_mixin.py:190} INFO - [2025-06-26T23:03:19.814+0000] {dag.py:3239} INFO - Sync 2 DAGs
[2025-06-26T23:03:19.831+0000] {logging_mixin.py:190} INFO - [2025-06-26T23:03:19.830+0000] {dag.py:4180} INFO - Setting next_dagrun for example_xcom_args to None, run_after=None
[2025-06-26T23:03:19.837+0000] {logging_mixin.py:190} INFO - [2025-06-26T23:03:19.837+0000] {dag.py:4180} INFO - Setting next_dagrun for example_xcom_args_with_operators to None, run_after=None
[2025-06-26T23:03:19.866+0000] {processor.py:208} INFO - Processing /home/airflow/.local/lib/python3.12/site-packages/airflow/example_dags/example_xcomargs.py took 0.103 seconds
[2025-06-26T23:03:49.964+0000] {processor.py:186} INFO - Started process (PID=2559) to work on /home/airflow/.local/lib/python3.12/site-packages/airflow/example_dags/example_xcomargs.py
[2025-06-26T23:03:49.965+0000] {processor.py:914} INFO - Processing file /home/airflow/.local/lib/python3.12/site-packages/airflow/example_dags/example_xcomargs.py for tasks to queue
[2025-06-26T23:03:49.967+0000] {logging_mixin.py:190} INFO - [2025-06-26T23:03:49.967+0000] {dagbag.py:588} INFO - Filling up the DagBag from /home/airflow/.local/lib/python3.12/site-packages/airflow/example_dags/example_xcomargs.py
[2025-06-26T23:03:49.977+0000] {processor.py:925} INFO - DAG(s) 'example_xcom_args_with_operators', 'example_xcom_args' retrieved from /home/airflow/.local/lib/python3.12/site-packages/airflow/example_dags/example_xcomargs.py
[2025-06-26T23:03:50.002+0000] {logging_mixin.py:190} INFO - [2025-06-26T23:03:50.002+0000] {dag.py:3239} INFO - Sync 2 DAGs
[2025-06-26T23:03:50.016+0000] {logging_mixin.py:190} INFO - [2025-06-26T23:03:50.016+0000] {dag.py:4180} INFO - Setting next_dagrun for example_xcom_args to None, run_after=None
[2025-06-26T23:03:50.020+0000] {logging_mixin.py:190} INFO - [2025-06-26T23:03:50.020+0000] {dag.py:4180} INFO - Setting next_dagrun for example_xcom_args_with_operators to None, run_after=None
[2025-06-26T23:03:50.036+0000] {processor.py:208} INFO - Processing /home/airflow/.local/lib/python3.12/site-packages/airflow/example_dags/example_xcomargs.py took 0.078 seconds
[2025-06-26T23:04:20.270+0000] {processor.py:186} INFO - Started process (PID=2621) to work on /home/airflow/.local/lib/python3.12/site-packages/airflow/example_dags/example_xcomargs.py
[2025-06-26T23:04:20.271+0000] {processor.py:914} INFO - Processing file /home/airflow/.local/lib/python3.12/site-packages/airflow/example_dags/example_xcomargs.py for tasks to queue
[2025-06-26T23:04:20.273+0000] {logging_mixin.py:190} INFO - [2025-06-26T23:04:20.273+0000] {dagbag.py:588} INFO - Filling up the DagBag from /home/airflow/.local/lib/python3.12/site-packages/airflow/example_dags/example_xcomargs.py
[2025-06-26T23:04:20.283+0000] {processor.py:925} INFO - DAG(s) 'example_xcom_args', 'example_xcom_args_with_operators' retrieved from /home/airflow/.local/lib/python3.12/site-packages/airflow/example_dags/example_xcomargs.py
[2025-06-26T23:04:20.305+0000] {logging_mixin.py:190} INFO - [2025-06-26T23:04:20.305+0000] {dag.py:3239} INFO - Sync 2 DAGs
[2025-06-26T23:04:20.317+0000] {logging_mixin.py:190} INFO - [2025-06-26T23:04:20.316+0000] {dag.py:4180} INFO - Setting next_dagrun for example_xcom_args to None, run_after=None
[2025-06-26T23:04:20.320+0000] {logging_mixin.py:190} INFO - [2025-06-26T23:04:20.320+0000] {dag.py:4180} INFO - Setting next_dagrun for example_xcom_args_with_operators to None, run_after=None
[2025-06-26T23:04:20.337+0000] {processor.py:208} INFO - Processing /home/airflow/.local/lib/python3.12/site-packages/airflow/example_dags/example_xcomargs.py took 0.073 seconds
[2025-06-26T23:04:51.429+0000] {processor.py:186} INFO - Started process (PID=2683) to work on /home/airflow/.local/lib/python3.12/site-packages/airflow/example_dags/example_xcomargs.py
[2025-06-26T23:04:51.430+0000] {processor.py:914} INFO - Processing file /home/airflow/.local/lib/python3.12/site-packages/airflow/example_dags/example_xcomargs.py for tasks to queue
[2025-06-26T23:04:51.432+0000] {logging_mixin.py:190} INFO - [2025-06-26T23:04:51.432+0000] {dagbag.py:588} INFO - Filling up the DagBag from /home/airflow/.local/lib/python3.12/site-packages/airflow/example_dags/example_xcomargs.py
[2025-06-26T23:04:51.441+0000] {processor.py:925} INFO - DAG(s) 'example_xcom_args_with_operators', 'example_xcom_args' retrieved from /home/airflow/.local/lib/python3.12/site-packages/airflow/example_dags/example_xcomargs.py
[2025-06-26T23:04:51.463+0000] {logging_mixin.py:190} INFO - [2025-06-26T23:04:51.463+0000] {dag.py:3239} INFO - Sync 2 DAGs
[2025-06-26T23:04:51.477+0000] {logging_mixin.py:190} INFO - [2025-06-26T23:04:51.476+0000] {dag.py:4180} INFO - Setting next_dagrun for example_xcom_args to None, run_after=None
[2025-06-26T23:04:51.481+0000] {logging_mixin.py:190} INFO - [2025-06-26T23:04:51.481+0000] {dag.py:4180} INFO - Setting next_dagrun for example_xcom_args_with_operators to None, run_after=None
[2025-06-26T23:04:51.500+0000] {processor.py:208} INFO - Processing /home/airflow/.local/lib/python3.12/site-packages/airflow/example_dags/example_xcomargs.py took 0.076 seconds
[2025-06-26T23:05:21.645+0000] {processor.py:186} INFO - Started process (PID=2745) to work on /home/airflow/.local/lib/python3.12/site-packages/airflow/example_dags/example_xcomargs.py
[2025-06-26T23:05:21.646+0000] {processor.py:914} INFO - Processing file /home/airflow/.local/lib/python3.12/site-packages/airflow/example_dags/example_xcomargs.py for tasks to queue
[2025-06-26T23:05:21.649+0000] {logging_mixin.py:190} INFO - [2025-06-26T23:05:21.648+0000] {dagbag.py:588} INFO - Filling up the DagBag from /home/airflow/.local/lib/python3.12/site-packages/airflow/example_dags/example_xcomargs.py
[2025-06-26T23:05:21.661+0000] {processor.py:925} INFO - DAG(s) 'example_xcom_args_with_operators', 'example_xcom_args' retrieved from /home/airflow/.local/lib/python3.12/site-packages/airflow/example_dags/example_xcomargs.py
[2025-06-26T23:05:21.685+0000] {logging_mixin.py:190} INFO - [2025-06-26T23:05:21.685+0000] {dag.py:3239} INFO - Sync 2 DAGs
[2025-06-26T23:05:21.700+0000] {logging_mixin.py:190} INFO - [2025-06-26T23:05:21.700+0000] {dag.py:4180} INFO - Setting next_dagrun for example_xcom_args to None, run_after=None
[2025-06-26T23:05:21.705+0000] {logging_mixin.py:190} INFO - [2025-06-26T23:05:21.704+0000] {dag.py:4180} INFO - Setting next_dagrun for example_xcom_args_with_operators to None, run_after=None
[2025-06-26T23:05:21.724+0000] {processor.py:208} INFO - Processing /home/airflow/.local/lib/python3.12/site-packages/airflow/example_dags/example_xcomargs.py took 0.087 seconds
[2025-06-26T23:05:51.916+0000] {processor.py:186} INFO - Started process (PID=2807) to work on /home/airflow/.local/lib/python3.12/site-packages/airflow/example_dags/example_xcomargs.py
[2025-06-26T23:05:51.917+0000] {processor.py:914} INFO - Processing file /home/airflow/.local/lib/python3.12/site-packages/airflow/example_dags/example_xcomargs.py for tasks to queue
[2025-06-26T23:05:51.920+0000] {logging_mixin.py:190} INFO - [2025-06-26T23:05:51.919+0000] {dagbag.py:588} INFO - Filling up the DagBag from /home/airflow/.local/lib/python3.12/site-packages/airflow/example_dags/example_xcomargs.py
[2025-06-26T23:05:51.929+0000] {processor.py:925} INFO - DAG(s) 'example_xcom_args_with_operators', 'example_xcom_args' retrieved from /home/airflow/.local/lib/python3.12/site-packages/airflow/example_dags/example_xcomargs.py
[2025-06-26T23:05:51.950+0000] {logging_mixin.py:190} INFO - [2025-06-26T23:05:51.949+0000] {dag.py:3239} INFO - Sync 2 DAGs
[2025-06-26T23:05:51.963+0000] {logging_mixin.py:190} INFO - [2025-06-26T23:05:51.963+0000] {dag.py:4180} INFO - Setting next_dagrun for example_xcom_args to None, run_after=None
[2025-06-26T23:05:51.967+0000] {logging_mixin.py:190} INFO - [2025-06-26T23:05:51.966+0000] {dag.py:4180} INFO - Setting next_dagrun for example_xcom_args_with_operators to None, run_after=None
[2025-06-26T23:05:51.987+0000] {processor.py:208} INFO - Processing /home/airflow/.local/lib/python3.12/site-packages/airflow/example_dags/example_xcomargs.py took 0.075 seconds
[2025-06-26T23:06:22.752+0000] {processor.py:186} INFO - Started process (PID=2869) to work on /home/airflow/.local/lib/python3.12/site-packages/airflow/example_dags/example_xcomargs.py
[2025-06-26T23:06:22.754+0000] {processor.py:914} INFO - Processing file /home/airflow/.local/lib/python3.12/site-packages/airflow/example_dags/example_xcomargs.py for tasks to queue
[2025-06-26T23:06:22.756+0000] {logging_mixin.py:190} INFO - [2025-06-26T23:06:22.756+0000] {dagbag.py:588} INFO - Filling up the DagBag from /home/airflow/.local/lib/python3.12/site-packages/airflow/example_dags/example_xcomargs.py
[2025-06-26T23:06:22.765+0000] {processor.py:925} INFO - DAG(s) 'example_xcom_args', 'example_xcom_args_with_operators' retrieved from /home/airflow/.local/lib/python3.12/site-packages/airflow/example_dags/example_xcomargs.py
[2025-06-26T23:06:22.785+0000] {logging_mixin.py:190} INFO - [2025-06-26T23:06:22.785+0000] {dag.py:3239} INFO - Sync 2 DAGs
[2025-06-26T23:06:22.797+0000] {logging_mixin.py:190} INFO - [2025-06-26T23:06:22.797+0000] {dag.py:4180} INFO - Setting next_dagrun for example_xcom_args to None, run_after=None
[2025-06-26T23:06:22.801+0000] {logging_mixin.py:190} INFO - [2025-06-26T23:06:22.801+0000] {dag.py:4180} INFO - Setting next_dagrun for example_xcom_args_with_operators to None, run_after=None
[2025-06-26T23:06:22.817+0000] {processor.py:208} INFO - Processing /home/airflow/.local/lib/python3.12/site-packages/airflow/example_dags/example_xcomargs.py took 0.070 seconds
[2025-06-26T23:06:53.810+0000] {processor.py:186} INFO - Started process (PID=2931) to work on /home/airflow/.local/lib/python3.12/site-packages/airflow/example_dags/example_xcomargs.py
[2025-06-26T23:06:53.811+0000] {processor.py:914} INFO - Processing file /home/airflow/.local/lib/python3.12/site-packages/airflow/example_dags/example_xcomargs.py for tasks to queue
[2025-06-26T23:06:53.814+0000] {logging_mixin.py:190} INFO - [2025-06-26T23:06:53.814+0000] {dagbag.py:588} INFO - Filling up the DagBag from /home/airflow/.local/lib/python3.12/site-packages/airflow/example_dags/example_xcomargs.py
[2025-06-26T23:06:53.824+0000] {processor.py:925} INFO - DAG(s) 'example_xcom_args', 'example_xcom_args_with_operators' retrieved from /home/airflow/.local/lib/python3.12/site-packages/airflow/example_dags/example_xcomargs.py
[2025-06-26T23:06:53.844+0000] {logging_mixin.py:190} INFO - [2025-06-26T23:06:53.844+0000] {dag.py:3239} INFO - Sync 2 DAGs
[2025-06-26T23:06:53.856+0000] {logging_mixin.py:190} INFO - [2025-06-26T23:06:53.856+0000] {dag.py:4180} INFO - Setting next_dagrun for example_xcom_args to None, run_after=None
[2025-06-26T23:06:53.860+0000] {logging_mixin.py:190} INFO - [2025-06-26T23:06:53.859+0000] {dag.py:4180} INFO - Setting next_dagrun for example_xcom_args_with_operators to None, run_after=None
[2025-06-26T23:06:53.876+0000] {processor.py:208} INFO - Processing /home/airflow/.local/lib/python3.12/site-packages/airflow/example_dags/example_xcomargs.py took 0.071 seconds
[2025-06-26T23:07:24.458+0000] {processor.py:186} INFO - Started process (PID=2993) to work on /home/airflow/.local/lib/python3.12/site-packages/airflow/example_dags/example_xcomargs.py
[2025-06-26T23:07:24.459+0000] {processor.py:914} INFO - Processing file /home/airflow/.local/lib/python3.12/site-packages/airflow/example_dags/example_xcomargs.py for tasks to queue
[2025-06-26T23:07:24.461+0000] {logging_mixin.py:190} INFO - [2025-06-26T23:07:24.461+0000] {dagbag.py:588} INFO - Filling up the DagBag from /home/airflow/.local/lib/python3.12/site-packages/airflow/example_dags/example_xcomargs.py
[2025-06-26T23:07:24.471+0000] {processor.py:925} INFO - DAG(s) 'example_xcom_args_with_operators', 'example_xcom_args' retrieved from /home/airflow/.local/lib/python3.12/site-packages/airflow/example_dags/example_xcomargs.py
[2025-06-26T23:07:24.493+0000] {logging_mixin.py:190} INFO - [2025-06-26T23:07:24.492+0000] {dag.py:3239} INFO - Sync 2 DAGs
[2025-06-26T23:07:24.505+0000] {logging_mixin.py:190} INFO - [2025-06-26T23:07:24.505+0000] {dag.py:4180} INFO - Setting next_dagrun for example_xcom_args to None, run_after=None
[2025-06-26T23:07:24.509+0000] {logging_mixin.py:190} INFO - [2025-06-26T23:07:24.509+0000] {dag.py:4180} INFO - Setting next_dagrun for example_xcom_args_with_operators to None, run_after=None
[2025-06-26T23:07:24.526+0000] {processor.py:208} INFO - Processing /home/airflow/.local/lib/python3.12/site-packages/airflow/example_dags/example_xcomargs.py took 0.075 seconds
[2025-06-26T23:07:55.411+0000] {processor.py:186} INFO - Started process (PID=3055) to work on /home/airflow/.local/lib/python3.12/site-packages/airflow/example_dags/example_xcomargs.py
[2025-06-26T23:07:55.414+0000] {processor.py:914} INFO - Processing file /home/airflow/.local/lib/python3.12/site-packages/airflow/example_dags/example_xcomargs.py for tasks to queue
[2025-06-26T23:07:55.416+0000] {logging_mixin.py:190} INFO - [2025-06-26T23:07:55.416+0000] {dagbag.py:588} INFO - Filling up the DagBag from /home/airflow/.local/lib/python3.12/site-packages/airflow/example_dags/example_xcomargs.py
[2025-06-26T23:07:55.427+0000] {processor.py:925} INFO - DAG(s) 'example_xcom_args_with_operators', 'example_xcom_args' retrieved from /home/airflow/.local/lib/python3.12/site-packages/airflow/example_dags/example_xcomargs.py
[2025-06-26T23:07:55.453+0000] {logging_mixin.py:190} INFO - [2025-06-26T23:07:55.453+0000] {dag.py:3239} INFO - Sync 2 DAGs
[2025-06-26T23:07:55.466+0000] {logging_mixin.py:190} INFO - [2025-06-26T23:07:55.465+0000] {dag.py:4180} INFO - Setting next_dagrun for example_xcom_args to None, run_after=None
[2025-06-26T23:07:55.472+0000] {logging_mixin.py:190} INFO - [2025-06-26T23:07:55.471+0000] {dag.py:4180} INFO - Setting next_dagrun for example_xcom_args_with_operators to None, run_after=None
[2025-06-26T23:07:55.490+0000] {processor.py:208} INFO - Processing /home/airflow/.local/lib/python3.12/site-packages/airflow/example_dags/example_xcomargs.py took 0.086 seconds
[2025-06-26T23:08:26.298+0000] {processor.py:186} INFO - Started process (PID=3117) to work on /home/airflow/.local/lib/python3.12/site-packages/airflow/example_dags/example_xcomargs.py
[2025-06-26T23:08:26.299+0000] {processor.py:914} INFO - Processing file /home/airflow/.local/lib/python3.12/site-packages/airflow/example_dags/example_xcomargs.py for tasks to queue
[2025-06-26T23:08:26.301+0000] {logging_mixin.py:190} INFO - [2025-06-26T23:08:26.301+0000] {dagbag.py:588} INFO - Filling up the DagBag from /home/airflow/.local/lib/python3.12/site-packages/airflow/example_dags/example_xcomargs.py
[2025-06-26T23:08:26.311+0000] {processor.py:925} INFO - DAG(s) 'example_xcom_args', 'example_xcom_args_with_operators' retrieved from /home/airflow/.local/lib/python3.12/site-packages/airflow/example_dags/example_xcomargs.py
[2025-06-26T23:08:26.342+0000] {logging_mixin.py:190} INFO - [2025-06-26T23:08:26.341+0000] {dag.py:3239} INFO - Sync 2 DAGs
[2025-06-26T23:08:26.359+0000] {logging_mixin.py:190} INFO - [2025-06-26T23:08:26.359+0000] {dag.py:4180} INFO - Setting next_dagrun for example_xcom_args to None, run_after=None
[2025-06-26T23:08:26.364+0000] {logging_mixin.py:190} INFO - [2025-06-26T23:08:26.364+0000] {dag.py:4180} INFO - Setting next_dagrun for example_xcom_args_with_operators to None, run_after=None
[2025-06-26T23:08:26.395+0000] {processor.py:208} INFO - Processing /home/airflow/.local/lib/python3.12/site-packages/airflow/example_dags/example_xcomargs.py took 0.103 seconds
[2025-06-26T23:08:57.122+0000] {processor.py:186} INFO - Started process (PID=3179) to work on /home/airflow/.local/lib/python3.12/site-packages/airflow/example_dags/example_xcomargs.py
[2025-06-26T23:08:57.123+0000] {processor.py:914} INFO - Processing file /home/airflow/.local/lib/python3.12/site-packages/airflow/example_dags/example_xcomargs.py for tasks to queue
[2025-06-26T23:08:57.125+0000] {logging_mixin.py:190} INFO - [2025-06-26T23:08:57.125+0000] {dagbag.py:588} INFO - Filling up the DagBag from /home/airflow/.local/lib/python3.12/site-packages/airflow/example_dags/example_xcomargs.py
[2025-06-26T23:08:57.134+0000] {processor.py:925} INFO - DAG(s) 'example_xcom_args_with_operators', 'example_xcom_args' retrieved from /home/airflow/.local/lib/python3.12/site-packages/airflow/example_dags/example_xcomargs.py
[2025-06-26T23:08:57.156+0000] {logging_mixin.py:190} INFO - [2025-06-26T23:08:57.156+0000] {dag.py:3239} INFO - Sync 2 DAGs
[2025-06-26T23:08:57.169+0000] {logging_mixin.py:190} INFO - [2025-06-26T23:08:57.169+0000] {dag.py:4180} INFO - Setting next_dagrun for example_xcom_args to None, run_after=None
[2025-06-26T23:08:57.173+0000] {logging_mixin.py:190} INFO - [2025-06-26T23:08:57.173+0000] {dag.py:4180} INFO - Setting next_dagrun for example_xcom_args_with_operators to None, run_after=None
[2025-06-26T23:08:57.189+0000] {processor.py:208} INFO - Processing /home/airflow/.local/lib/python3.12/site-packages/airflow/example_dags/example_xcomargs.py took 0.072 seconds
[2025-06-26T23:09:28.369+0000] {processor.py:186} INFO - Started process (PID=3241) to work on /home/airflow/.local/lib/python3.12/site-packages/airflow/example_dags/example_xcomargs.py
[2025-06-26T23:09:28.370+0000] {processor.py:914} INFO - Processing file /home/airflow/.local/lib/python3.12/site-packages/airflow/example_dags/example_xcomargs.py for tasks to queue
[2025-06-26T23:09:28.372+0000] {logging_mixin.py:190} INFO - [2025-06-26T23:09:28.372+0000] {dagbag.py:588} INFO - Filling up the DagBag from /home/airflow/.local/lib/python3.12/site-packages/airflow/example_dags/example_xcomargs.py
[2025-06-26T23:09:28.381+0000] {processor.py:925} INFO - DAG(s) 'example_xcom_args', 'example_xcom_args_with_operators' retrieved from /home/airflow/.local/lib/python3.12/site-packages/airflow/example_dags/example_xcomargs.py
[2025-06-26T23:09:28.403+0000] {logging_mixin.py:190} INFO - [2025-06-26T23:09:28.403+0000] {dag.py:3239} INFO - Sync 2 DAGs
[2025-06-26T23:09:28.416+0000] {logging_mixin.py:190} INFO - [2025-06-26T23:09:28.415+0000] {dag.py:4180} INFO - Setting next_dagrun for example_xcom_args to None, run_after=None
[2025-06-26T23:09:28.420+0000] {logging_mixin.py:190} INFO - [2025-06-26T23:09:28.419+0000] {dag.py:4180} INFO - Setting next_dagrun for example_xcom_args_with_operators to None, run_after=None
[2025-06-26T23:09:28.439+0000] {processor.py:208} INFO - Processing /home/airflow/.local/lib/python3.12/site-packages/airflow/example_dags/example_xcomargs.py took 0.075 seconds
[2025-06-26T23:09:59.189+0000] {processor.py:186} INFO - Started process (PID=3303) to work on /home/airflow/.local/lib/python3.12/site-packages/airflow/example_dags/example_xcomargs.py
[2025-06-26T23:09:59.190+0000] {processor.py:914} INFO - Processing file /home/airflow/.local/lib/python3.12/site-packages/airflow/example_dags/example_xcomargs.py for tasks to queue
[2025-06-26T23:09:59.192+0000] {logging_mixin.py:190} INFO - [2025-06-26T23:09:59.192+0000] {dagbag.py:588} INFO - Filling up the DagBag from /home/airflow/.local/lib/python3.12/site-packages/airflow/example_dags/example_xcomargs.py
[2025-06-26T23:09:59.202+0000] {processor.py:925} INFO - DAG(s) 'example_xcom_args_with_operators', 'example_xcom_args' retrieved from /home/airflow/.local/lib/python3.12/site-packages/airflow/example_dags/example_xcomargs.py
[2025-06-26T23:09:59.223+0000] {logging_mixin.py:190} INFO - [2025-06-26T23:09:59.223+0000] {dag.py:3239} INFO - Sync 2 DAGs
[2025-06-26T23:09:59.236+0000] {logging_mixin.py:190} INFO - [2025-06-26T23:09:59.236+0000] {dag.py:4180} INFO - Setting next_dagrun for example_xcom_args to None, run_after=None
[2025-06-26T23:09:59.240+0000] {logging_mixin.py:190} INFO - [2025-06-26T23:09:59.240+0000] {dag.py:4180} INFO - Setting next_dagrun for example_xcom_args_with_operators to None, run_after=None
[2025-06-26T23:09:59.258+0000] {processor.py:208} INFO - Processing /home/airflow/.local/lib/python3.12/site-packages/airflow/example_dags/example_xcomargs.py took 0.074 seconds
[2025-06-26T23:10:30.123+0000] {processor.py:186} INFO - Started process (PID=3365) to work on /home/airflow/.local/lib/python3.12/site-packages/airflow/example_dags/example_xcomargs.py
[2025-06-26T23:10:30.124+0000] {processor.py:914} INFO - Processing file /home/airflow/.local/lib/python3.12/site-packages/airflow/example_dags/example_xcomargs.py for tasks to queue
[2025-06-26T23:10:30.127+0000] {logging_mixin.py:190} INFO - [2025-06-26T23:10:30.126+0000] {dagbag.py:588} INFO - Filling up the DagBag from /home/airflow/.local/lib/python3.12/site-packages/airflow/example_dags/example_xcomargs.py
[2025-06-26T23:10:30.138+0000] {processor.py:925} INFO - DAG(s) 'example_xcom_args', 'example_xcom_args_with_operators' retrieved from /home/airflow/.local/lib/python3.12/site-packages/airflow/example_dags/example_xcomargs.py
[2025-06-26T23:10:30.168+0000] {logging_mixin.py:190} INFO - [2025-06-26T23:10:30.167+0000] {dag.py:3239} INFO - Sync 2 DAGs
[2025-06-26T23:10:30.182+0000] {logging_mixin.py:190} INFO - [2025-06-26T23:10:30.182+0000] {dag.py:4180} INFO - Setting next_dagrun for example_xcom_args to None, run_after=None
[2025-06-26T23:10:30.187+0000] {logging_mixin.py:190} INFO - [2025-06-26T23:10:30.186+0000] {dag.py:4180} INFO - Setting next_dagrun for example_xcom_args_with_operators to None, run_after=None
[2025-06-26T23:10:30.207+0000] {processor.py:208} INFO - Processing /home/airflow/.local/lib/python3.12/site-packages/airflow/example_dags/example_xcomargs.py took 0.090 seconds
