[2025-06-26T22:43:28.540+0000] {processor.py:186} INFO - Started process (PID=59) to work on /home/airflow/.local/lib/python3.12/site-packages/airflow/example_dags/example_branch_python_dop_operator_3.py
[2025-06-26T22:43:28.543+0000] {processor.py:914} INFO - Processing file /home/airflow/.local/lib/python3.12/site-packages/airflow/example_dags/example_branch_python_dop_operator_3.py for tasks to queue
[2025-06-26T22:43:28.551+0000] {logging_mixin.py:190} INFO - [2025-06-26T22:43:28.550+0000] {dagbag.py:588} INFO - Filling up the DagBag from /home/airflow/.local/lib/python3.12/site-packages/airflow/example_dags/example_branch_python_dop_operator_3.py
[2025-06-26T22:43:28.586+0000] {processor.py:925} INFO - DAG(s) 'example_branch_dop_operator_v3' retrieved from /home/airflow/.local/lib/python3.12/site-packages/airflow/example_dags/example_branch_python_dop_operator_3.py
[2025-06-26T22:43:29.005+0000] {logging_mixin.py:190} INFO - [2025-06-26T22:43:29.003+0000] {override.py:1900} INFO - Created Permission View: can read on DAG:example_branch_dop_operator_v3
[2025-06-26T22:43:29.025+0000] {logging_mixin.py:190} INFO - [2025-06-26T22:43:29.024+0000] {override.py:1900} INFO - Created Permission View: can edit on DAG:example_branch_dop_operator_v3
[2025-06-26T22:43:29.038+0000] {logging_mixin.py:190} INFO - [2025-06-26T22:43:29.037+0000] {override.py:1900} INFO - Created Permission View: can delete on DAG:example_branch_dop_operator_v3
[2025-06-26T22:43:29.054+0000] {logging_mixin.py:190} INFO - [2025-06-26T22:43:29.053+0000] {override.py:1900} INFO - Created Permission View: can read on DAG Run:example_branch_dop_operator_v3
[2025-06-26T22:43:29.069+0000] {logging_mixin.py:190} INFO - [2025-06-26T22:43:29.068+0000] {override.py:1900} INFO - Created Permission View: can delete on DAG Run:example_branch_dop_operator_v3
[2025-06-26T22:43:29.085+0000] {logging_mixin.py:190} INFO - [2025-06-26T22:43:29.084+0000] {override.py:1900} INFO - Created Permission View: menu access on DAG Run:example_branch_dop_operator_v3
[2025-06-26T22:43:29.099+0000] {logging_mixin.py:190} INFO - [2025-06-26T22:43:29.099+0000] {override.py:1900} INFO - Created Permission View: can create on DAG Run:example_branch_dop_operator_v3
[2025-06-26T22:43:29.101+0000] {logging_mixin.py:190} INFO - [2025-06-26T22:43:29.100+0000] {dag.py:3239} INFO - Sync 1 DAGs
[2025-06-26T22:43:29.137+0000] {logging_mixin.py:190} INFO - [2025-06-26T22:43:29.137+0000] {dag.py:3262} INFO - Creating ORM DAG for example_branch_dop_operator_v3
[2025-06-26T22:43:29.175+0000] {logging_mixin.py:190} INFO - [2025-06-26T22:43:29.174+0000] {dag.py:4180} INFO - Setting next_dagrun for example_branch_dop_operator_v3 to 2025-06-26 22:42:00+00:00, run_after=2025-06-26 22:43:00+00:00
[2025-06-26T22:43:29.231+0000] {processor.py:208} INFO - Processing /home/airflow/.local/lib/python3.12/site-packages/airflow/example_dags/example_branch_python_dop_operator_3.py took 0.704 seconds
[2025-06-26T22:43:59.951+0000] {processor.py:186} INFO - Started process (PID=121) to work on /home/airflow/.local/lib/python3.12/site-packages/airflow/example_dags/example_branch_python_dop_operator_3.py
[2025-06-26T22:43:59.953+0000] {processor.py:914} INFO - Processing file /home/airflow/.local/lib/python3.12/site-packages/airflow/example_dags/example_branch_python_dop_operator_3.py for tasks to queue
[2025-06-26T22:43:59.956+0000] {logging_mixin.py:190} INFO - [2025-06-26T22:43:59.956+0000] {dagbag.py:588} INFO - Filling up the DagBag from /home/airflow/.local/lib/python3.12/site-packages/airflow/example_dags/example_branch_python_dop_operator_3.py
[2025-06-26T22:43:59.967+0000] {processor.py:925} INFO - DAG(s) 'example_branch_dop_operator_v3' retrieved from /home/airflow/.local/lib/python3.12/site-packages/airflow/example_dags/example_branch_python_dop_operator_3.py
[2025-06-26T22:43:59.989+0000] {logging_mixin.py:190} INFO - [2025-06-26T22:43:59.988+0000] {dag.py:3239} INFO - Sync 1 DAGs
[2025-06-26T22:44:00.018+0000] {logging_mixin.py:190} INFO - [2025-06-26T22:44:00.018+0000] {dag.py:4180} INFO - Setting next_dagrun for example_branch_dop_operator_v3 to 2025-06-26 22:43:00+00:00, run_after=2025-06-26 22:44:00+00:00
[2025-06-26T22:44:00.041+0000] {processor.py:208} INFO - Processing /home/airflow/.local/lib/python3.12/site-packages/airflow/example_dags/example_branch_python_dop_operator_3.py took 0.097 seconds
[2025-06-26T22:44:30.324+0000] {processor.py:186} INFO - Started process (PID=183) to work on /home/airflow/.local/lib/python3.12/site-packages/airflow/example_dags/example_branch_python_dop_operator_3.py
[2025-06-26T22:44:30.325+0000] {processor.py:914} INFO - Processing file /home/airflow/.local/lib/python3.12/site-packages/airflow/example_dags/example_branch_python_dop_operator_3.py for tasks to queue
[2025-06-26T22:44:30.327+0000] {logging_mixin.py:190} INFO - [2025-06-26T22:44:30.327+0000] {dagbag.py:588} INFO - Filling up the DagBag from /home/airflow/.local/lib/python3.12/site-packages/airflow/example_dags/example_branch_python_dop_operator_3.py
[2025-06-26T22:44:30.336+0000] {processor.py:925} INFO - DAG(s) 'example_branch_dop_operator_v3' retrieved from /home/airflow/.local/lib/python3.12/site-packages/airflow/example_dags/example_branch_python_dop_operator_3.py
[2025-06-26T22:44:30.354+0000] {logging_mixin.py:190} INFO - [2025-06-26T22:44:30.354+0000] {dag.py:3239} INFO - Sync 1 DAGs
[2025-06-26T22:44:30.375+0000] {logging_mixin.py:190} INFO - [2025-06-26T22:44:30.375+0000] {dag.py:4180} INFO - Setting next_dagrun for example_branch_dop_operator_v3 to 2025-06-26 22:43:00+00:00, run_after=2025-06-26 22:44:00+00:00
[2025-06-26T22:44:30.396+0000] {processor.py:208} INFO - Processing /home/airflow/.local/lib/python3.12/site-packages/airflow/example_dags/example_branch_python_dop_operator_3.py took 0.079 seconds
[2025-06-26T22:45:00.801+0000] {processor.py:186} INFO - Started process (PID=245) to work on /home/airflow/.local/lib/python3.12/site-packages/airflow/example_dags/example_branch_python_dop_operator_3.py
[2025-06-26T22:45:00.803+0000] {processor.py:914} INFO - Processing file /home/airflow/.local/lib/python3.12/site-packages/airflow/example_dags/example_branch_python_dop_operator_3.py for tasks to queue
[2025-06-26T22:45:00.806+0000] {logging_mixin.py:190} INFO - [2025-06-26T22:45:00.805+0000] {dagbag.py:588} INFO - Filling up the DagBag from /home/airflow/.local/lib/python3.12/site-packages/airflow/example_dags/example_branch_python_dop_operator_3.py
[2025-06-26T22:45:00.816+0000] {processor.py:925} INFO - DAG(s) 'example_branch_dop_operator_v3' retrieved from /home/airflow/.local/lib/python3.12/site-packages/airflow/example_dags/example_branch_python_dop_operator_3.py
[2025-06-26T22:45:00.835+0000] {logging_mixin.py:190} INFO - [2025-06-26T22:45:00.835+0000] {dag.py:3239} INFO - Sync 1 DAGs
[2025-06-26T22:45:00.860+0000] {logging_mixin.py:190} INFO - [2025-06-26T22:45:00.860+0000] {dag.py:4180} INFO - Setting next_dagrun for example_branch_dop_operator_v3 to 2025-06-26 22:44:00+00:00, run_after=2025-06-26 22:45:00+00:00
[2025-06-26T22:45:00.886+0000] {processor.py:208} INFO - Processing /home/airflow/.local/lib/python3.12/site-packages/airflow/example_dags/example_branch_python_dop_operator_3.py took 0.092 seconds
[2025-06-26T22:45:31.234+0000] {processor.py:186} INFO - Started process (PID=307) to work on /home/airflow/.local/lib/python3.12/site-packages/airflow/example_dags/example_branch_python_dop_operator_3.py
[2025-06-26T22:45:31.236+0000] {processor.py:914} INFO - Processing file /home/airflow/.local/lib/python3.12/site-packages/airflow/example_dags/example_branch_python_dop_operator_3.py for tasks to queue
[2025-06-26T22:45:31.239+0000] {logging_mixin.py:190} INFO - [2025-06-26T22:45:31.239+0000] {dagbag.py:588} INFO - Filling up the DagBag from /home/airflow/.local/lib/python3.12/site-packages/airflow/example_dags/example_branch_python_dop_operator_3.py
[2025-06-26T22:45:31.249+0000] {processor.py:925} INFO - DAG(s) 'example_branch_dop_operator_v3' retrieved from /home/airflow/.local/lib/python3.12/site-packages/airflow/example_dags/example_branch_python_dop_operator_3.py
[2025-06-26T22:45:31.270+0000] {logging_mixin.py:190} INFO - [2025-06-26T22:45:31.270+0000] {dag.py:3239} INFO - Sync 1 DAGs
[2025-06-26T22:45:31.294+0000] {logging_mixin.py:190} INFO - [2025-06-26T22:45:31.293+0000] {dag.py:4180} INFO - Setting next_dagrun for example_branch_dop_operator_v3 to 2025-06-26 22:44:00+00:00, run_after=2025-06-26 22:45:00+00:00
[2025-06-26T22:45:31.316+0000] {processor.py:208} INFO - Processing /home/airflow/.local/lib/python3.12/site-packages/airflow/example_dags/example_branch_python_dop_operator_3.py took 0.088 seconds
[2025-06-26T22:46:01.521+0000] {processor.py:186} INFO - Started process (PID=369) to work on /home/airflow/.local/lib/python3.12/site-packages/airflow/example_dags/example_branch_python_dop_operator_3.py
[2025-06-26T22:46:01.522+0000] {processor.py:914} INFO - Processing file /home/airflow/.local/lib/python3.12/site-packages/airflow/example_dags/example_branch_python_dop_operator_3.py for tasks to queue
[2025-06-26T22:46:01.525+0000] {logging_mixin.py:190} INFO - [2025-06-26T22:46:01.524+0000] {dagbag.py:588} INFO - Filling up the DagBag from /home/airflow/.local/lib/python3.12/site-packages/airflow/example_dags/example_branch_python_dop_operator_3.py
[2025-06-26T22:46:01.533+0000] {processor.py:925} INFO - DAG(s) 'example_branch_dop_operator_v3' retrieved from /home/airflow/.local/lib/python3.12/site-packages/airflow/example_dags/example_branch_python_dop_operator_3.py
[2025-06-26T22:46:01.552+0000] {logging_mixin.py:190} INFO - [2025-06-26T22:46:01.551+0000] {dag.py:3239} INFO - Sync 1 DAGs
[2025-06-26T22:46:01.577+0000] {logging_mixin.py:190} INFO - [2025-06-26T22:46:01.577+0000] {dag.py:4180} INFO - Setting next_dagrun for example_branch_dop_operator_v3 to 2025-06-26 22:45:00+00:00, run_after=2025-06-26 22:46:00+00:00
[2025-06-26T22:46:01.601+0000] {processor.py:208} INFO - Processing /home/airflow/.local/lib/python3.12/site-packages/airflow/example_dags/example_branch_python_dop_operator_3.py took 0.086 seconds
[2025-06-26T22:46:32.154+0000] {processor.py:186} INFO - Started process (PID=431) to work on /home/airflow/.local/lib/python3.12/site-packages/airflow/example_dags/example_branch_python_dop_operator_3.py
[2025-06-26T22:46:32.156+0000] {processor.py:914} INFO - Processing file /home/airflow/.local/lib/python3.12/site-packages/airflow/example_dags/example_branch_python_dop_operator_3.py for tasks to queue
[2025-06-26T22:46:32.158+0000] {logging_mixin.py:190} INFO - [2025-06-26T22:46:32.158+0000] {dagbag.py:588} INFO - Filling up the DagBag from /home/airflow/.local/lib/python3.12/site-packages/airflow/example_dags/example_branch_python_dop_operator_3.py
[2025-06-26T22:46:32.170+0000] {processor.py:925} INFO - DAG(s) 'example_branch_dop_operator_v3' retrieved from /home/airflow/.local/lib/python3.12/site-packages/airflow/example_dags/example_branch_python_dop_operator_3.py
[2025-06-26T22:46:32.192+0000] {logging_mixin.py:190} INFO - [2025-06-26T22:46:32.191+0000] {dag.py:3239} INFO - Sync 1 DAGs
[2025-06-26T22:46:32.216+0000] {logging_mixin.py:190} INFO - [2025-06-26T22:46:32.216+0000] {dag.py:4180} INFO - Setting next_dagrun for example_branch_dop_operator_v3 to 2025-06-26 22:45:00+00:00, run_after=2025-06-26 22:46:00+00:00
[2025-06-26T22:46:32.239+0000] {processor.py:208} INFO - Processing /home/airflow/.local/lib/python3.12/site-packages/airflow/example_dags/example_branch_python_dop_operator_3.py took 0.090 seconds
[2025-06-26T22:47:02.654+0000] {processor.py:186} INFO - Started process (PID=499) to work on /home/airflow/.local/lib/python3.12/site-packages/airflow/example_dags/example_branch_python_dop_operator_3.py
[2025-06-26T22:47:02.655+0000] {processor.py:914} INFO - Processing file /home/airflow/.local/lib/python3.12/site-packages/airflow/example_dags/example_branch_python_dop_operator_3.py for tasks to queue
[2025-06-26T22:47:02.658+0000] {logging_mixin.py:190} INFO - [2025-06-26T22:47:02.658+0000] {dagbag.py:588} INFO - Filling up the DagBag from /home/airflow/.local/lib/python3.12/site-packages/airflow/example_dags/example_branch_python_dop_operator_3.py
[2025-06-26T22:47:02.667+0000] {processor.py:925} INFO - DAG(s) 'example_branch_dop_operator_v3' retrieved from /home/airflow/.local/lib/python3.12/site-packages/airflow/example_dags/example_branch_python_dop_operator_3.py
[2025-06-26T22:47:02.685+0000] {logging_mixin.py:190} INFO - [2025-06-26T22:47:02.684+0000] {dag.py:3239} INFO - Sync 1 DAGs
[2025-06-26T22:47:02.708+0000] {logging_mixin.py:190} INFO - [2025-06-26T22:47:02.708+0000] {dag.py:4180} INFO - Setting next_dagrun for example_branch_dop_operator_v3 to 2025-06-26 22:46:00+00:00, run_after=2025-06-26 22:47:00+00:00
[2025-06-26T22:47:02.732+0000] {processor.py:208} INFO - Processing /home/airflow/.local/lib/python3.12/site-packages/airflow/example_dags/example_branch_python_dop_operator_3.py took 0.085 seconds
[2025-06-26T22:47:33.004+0000] {processor.py:186} INFO - Started process (PID=561) to work on /home/airflow/.local/lib/python3.12/site-packages/airflow/example_dags/example_branch_python_dop_operator_3.py
[2025-06-26T22:47:33.005+0000] {processor.py:914} INFO - Processing file /home/airflow/.local/lib/python3.12/site-packages/airflow/example_dags/example_branch_python_dop_operator_3.py for tasks to queue
[2025-06-26T22:47:33.008+0000] {logging_mixin.py:190} INFO - [2025-06-26T22:47:33.007+0000] {dagbag.py:588} INFO - Filling up the DagBag from /home/airflow/.local/lib/python3.12/site-packages/airflow/example_dags/example_branch_python_dop_operator_3.py
[2025-06-26T22:47:33.016+0000] {processor.py:925} INFO - DAG(s) 'example_branch_dop_operator_v3' retrieved from /home/airflow/.local/lib/python3.12/site-packages/airflow/example_dags/example_branch_python_dop_operator_3.py
[2025-06-26T22:47:33.034+0000] {logging_mixin.py:190} INFO - [2025-06-26T22:47:33.034+0000] {dag.py:3239} INFO - Sync 1 DAGs
[2025-06-26T22:47:33.060+0000] {logging_mixin.py:190} INFO - [2025-06-26T22:47:33.060+0000] {dag.py:4180} INFO - Setting next_dagrun for example_branch_dop_operator_v3 to 2025-06-26 22:46:00+00:00, run_after=2025-06-26 22:47:00+00:00
[2025-06-26T22:47:33.080+0000] {processor.py:208} INFO - Processing /home/airflow/.local/lib/python3.12/site-packages/airflow/example_dags/example_branch_python_dop_operator_3.py took 0.081 seconds
[2025-06-26T22:48:03.416+0000] {processor.py:186} INFO - Started process (PID=623) to work on /home/airflow/.local/lib/python3.12/site-packages/airflow/example_dags/example_branch_python_dop_operator_3.py
[2025-06-26T22:48:03.417+0000] {processor.py:914} INFO - Processing file /home/airflow/.local/lib/python3.12/site-packages/airflow/example_dags/example_branch_python_dop_operator_3.py for tasks to queue
[2025-06-26T22:48:03.419+0000] {logging_mixin.py:190} INFO - [2025-06-26T22:48:03.419+0000] {dagbag.py:588} INFO - Filling up the DagBag from /home/airflow/.local/lib/python3.12/site-packages/airflow/example_dags/example_branch_python_dop_operator_3.py
[2025-06-26T22:48:03.428+0000] {processor.py:925} INFO - DAG(s) 'example_branch_dop_operator_v3' retrieved from /home/airflow/.local/lib/python3.12/site-packages/airflow/example_dags/example_branch_python_dop_operator_3.py
[2025-06-26T22:48:03.446+0000] {logging_mixin.py:190} INFO - [2025-06-26T22:48:03.445+0000] {dag.py:3239} INFO - Sync 1 DAGs
[2025-06-26T22:48:03.466+0000] {logging_mixin.py:190} INFO - [2025-06-26T22:48:03.466+0000] {dag.py:4180} INFO - Setting next_dagrun for example_branch_dop_operator_v3 to 2025-06-26 22:47:00+00:00, run_after=2025-06-26 22:48:00+00:00
[2025-06-26T22:48:03.490+0000] {processor.py:208} INFO - Processing /home/airflow/.local/lib/python3.12/site-packages/airflow/example_dags/example_branch_python_dop_operator_3.py took 0.080 seconds
[2025-06-26T22:48:33.728+0000] {processor.py:186} INFO - Started process (PID=685) to work on /home/airflow/.local/lib/python3.12/site-packages/airflow/example_dags/example_branch_python_dop_operator_3.py
[2025-06-26T22:48:33.731+0000] {processor.py:914} INFO - Processing file /home/airflow/.local/lib/python3.12/site-packages/airflow/example_dags/example_branch_python_dop_operator_3.py for tasks to queue
[2025-06-26T22:48:33.733+0000] {logging_mixin.py:190} INFO - [2025-06-26T22:48:33.733+0000] {dagbag.py:588} INFO - Filling up the DagBag from /home/airflow/.local/lib/python3.12/site-packages/airflow/example_dags/example_branch_python_dop_operator_3.py
[2025-06-26T22:48:33.742+0000] {processor.py:925} INFO - DAG(s) 'example_branch_dop_operator_v3' retrieved from /home/airflow/.local/lib/python3.12/site-packages/airflow/example_dags/example_branch_python_dop_operator_3.py
[2025-06-26T22:48:33.762+0000] {logging_mixin.py:190} INFO - [2025-06-26T22:48:33.762+0000] {dag.py:3239} INFO - Sync 1 DAGs
[2025-06-26T22:48:33.791+0000] {logging_mixin.py:190} INFO - [2025-06-26T22:48:33.790+0000] {dag.py:4180} INFO - Setting next_dagrun for example_branch_dop_operator_v3 to 2025-06-26 22:47:00+00:00, run_after=2025-06-26 22:48:00+00:00
[2025-06-26T22:48:33.816+0000] {processor.py:208} INFO - Processing /home/airflow/.local/lib/python3.12/site-packages/airflow/example_dags/example_branch_python_dop_operator_3.py took 0.092 seconds
[2025-06-26T22:49:04.070+0000] {processor.py:186} INFO - Started process (PID=747) to work on /home/airflow/.local/lib/python3.12/site-packages/airflow/example_dags/example_branch_python_dop_operator_3.py
[2025-06-26T22:49:04.071+0000] {processor.py:914} INFO - Processing file /home/airflow/.local/lib/python3.12/site-packages/airflow/example_dags/example_branch_python_dop_operator_3.py for tasks to queue
[2025-06-26T22:49:04.074+0000] {logging_mixin.py:190} INFO - [2025-06-26T22:49:04.074+0000] {dagbag.py:588} INFO - Filling up the DagBag from /home/airflow/.local/lib/python3.12/site-packages/airflow/example_dags/example_branch_python_dop_operator_3.py
[2025-06-26T22:49:04.083+0000] {processor.py:925} INFO - DAG(s) 'example_branch_dop_operator_v3' retrieved from /home/airflow/.local/lib/python3.12/site-packages/airflow/example_dags/example_branch_python_dop_operator_3.py
[2025-06-26T22:49:04.102+0000] {logging_mixin.py:190} INFO - [2025-06-26T22:49:04.102+0000] {dag.py:3239} INFO - Sync 1 DAGs
[2025-06-26T22:49:04.129+0000] {logging_mixin.py:190} INFO - [2025-06-26T22:49:04.128+0000] {dag.py:4180} INFO - Setting next_dagrun for example_branch_dop_operator_v3 to 2025-06-26 22:48:00+00:00, run_after=2025-06-26 22:49:00+00:00
[2025-06-26T22:49:04.156+0000] {processor.py:208} INFO - Processing /home/airflow/.local/lib/python3.12/site-packages/airflow/example_dags/example_branch_python_dop_operator_3.py took 0.091 seconds
[2025-06-26T22:49:34.379+0000] {processor.py:186} INFO - Started process (PID=809) to work on /home/airflow/.local/lib/python3.12/site-packages/airflow/example_dags/example_branch_python_dop_operator_3.py
[2025-06-26T22:49:34.380+0000] {processor.py:914} INFO - Processing file /home/airflow/.local/lib/python3.12/site-packages/airflow/example_dags/example_branch_python_dop_operator_3.py for tasks to queue
[2025-06-26T22:49:34.383+0000] {logging_mixin.py:190} INFO - [2025-06-26T22:49:34.383+0000] {dagbag.py:588} INFO - Filling up the DagBag from /home/airflow/.local/lib/python3.12/site-packages/airflow/example_dags/example_branch_python_dop_operator_3.py
[2025-06-26T22:49:34.393+0000] {processor.py:925} INFO - DAG(s) 'example_branch_dop_operator_v3' retrieved from /home/airflow/.local/lib/python3.12/site-packages/airflow/example_dags/example_branch_python_dop_operator_3.py
[2025-06-26T22:49:34.416+0000] {logging_mixin.py:190} INFO - [2025-06-26T22:49:34.416+0000] {dag.py:3239} INFO - Sync 1 DAGs
[2025-06-26T22:49:34.442+0000] {logging_mixin.py:190} INFO - [2025-06-26T22:49:34.441+0000] {dag.py:4180} INFO - Setting next_dagrun for example_branch_dop_operator_v3 to 2025-06-26 22:48:00+00:00, run_after=2025-06-26 22:49:00+00:00
[2025-06-26T22:49:34.468+0000] {processor.py:208} INFO - Processing /home/airflow/.local/lib/python3.12/site-packages/airflow/example_dags/example_branch_python_dop_operator_3.py took 0.096 seconds
[2025-06-26T22:50:04.746+0000] {processor.py:186} INFO - Started process (PID=871) to work on /home/airflow/.local/lib/python3.12/site-packages/airflow/example_dags/example_branch_python_dop_operator_3.py
[2025-06-26T22:50:04.747+0000] {processor.py:914} INFO - Processing file /home/airflow/.local/lib/python3.12/site-packages/airflow/example_dags/example_branch_python_dop_operator_3.py for tasks to queue
[2025-06-26T22:50:04.749+0000] {logging_mixin.py:190} INFO - [2025-06-26T22:50:04.749+0000] {dagbag.py:588} INFO - Filling up the DagBag from /home/airflow/.local/lib/python3.12/site-packages/airflow/example_dags/example_branch_python_dop_operator_3.py
[2025-06-26T22:50:04.758+0000] {processor.py:925} INFO - DAG(s) 'example_branch_dop_operator_v3' retrieved from /home/airflow/.local/lib/python3.12/site-packages/airflow/example_dags/example_branch_python_dop_operator_3.py
[2025-06-26T22:50:04.778+0000] {logging_mixin.py:190} INFO - [2025-06-26T22:50:04.777+0000] {dag.py:3239} INFO - Sync 1 DAGs
[2025-06-26T22:50:04.800+0000] {logging_mixin.py:190} INFO - [2025-06-26T22:50:04.800+0000] {dag.py:4180} INFO - Setting next_dagrun for example_branch_dop_operator_v3 to 2025-06-26 22:49:00+00:00, run_after=2025-06-26 22:50:00+00:00
[2025-06-26T22:50:04.822+0000] {processor.py:208} INFO - Processing /home/airflow/.local/lib/python3.12/site-packages/airflow/example_dags/example_branch_python_dop_operator_3.py took 0.082 seconds
[2025-06-26T22:50:35.130+0000] {processor.py:186} INFO - Started process (PID=932) to work on /home/airflow/.local/lib/python3.12/site-packages/airflow/example_dags/example_branch_python_dop_operator_3.py
[2025-06-26T22:50:35.131+0000] {processor.py:914} INFO - Processing file /home/airflow/.local/lib/python3.12/site-packages/airflow/example_dags/example_branch_python_dop_operator_3.py for tasks to queue
[2025-06-26T22:50:35.133+0000] {logging_mixin.py:190} INFO - [2025-06-26T22:50:35.133+0000] {dagbag.py:588} INFO - Filling up the DagBag from /home/airflow/.local/lib/python3.12/site-packages/airflow/example_dags/example_branch_python_dop_operator_3.py
[2025-06-26T22:50:35.142+0000] {processor.py:925} INFO - DAG(s) 'example_branch_dop_operator_v3' retrieved from /home/airflow/.local/lib/python3.12/site-packages/airflow/example_dags/example_branch_python_dop_operator_3.py
[2025-06-26T22:50:35.160+0000] {logging_mixin.py:190} INFO - [2025-06-26T22:50:35.159+0000] {dag.py:3239} INFO - Sync 1 DAGs
[2025-06-26T22:50:35.181+0000] {logging_mixin.py:190} INFO - [2025-06-26T22:50:35.181+0000] {dag.py:4180} INFO - Setting next_dagrun for example_branch_dop_operator_v3 to 2025-06-26 22:49:00+00:00, run_after=2025-06-26 22:50:00+00:00
[2025-06-26T22:50:35.203+0000] {processor.py:208} INFO - Processing /home/airflow/.local/lib/python3.12/site-packages/airflow/example_dags/example_branch_python_dop_operator_3.py took 0.079 seconds
[2025-06-26T22:51:05.546+0000] {processor.py:186} INFO - Started process (PID=994) to work on /home/airflow/.local/lib/python3.12/site-packages/airflow/example_dags/example_branch_python_dop_operator_3.py
[2025-06-26T22:51:05.547+0000] {processor.py:914} INFO - Processing file /home/airflow/.local/lib/python3.12/site-packages/airflow/example_dags/example_branch_python_dop_operator_3.py for tasks to queue
[2025-06-26T22:51:05.551+0000] {logging_mixin.py:190} INFO - [2025-06-26T22:51:05.550+0000] {dagbag.py:588} INFO - Filling up the DagBag from /home/airflow/.local/lib/python3.12/site-packages/airflow/example_dags/example_branch_python_dop_operator_3.py
[2025-06-26T22:51:05.565+0000] {processor.py:925} INFO - DAG(s) 'example_branch_dop_operator_v3' retrieved from /home/airflow/.local/lib/python3.12/site-packages/airflow/example_dags/example_branch_python_dop_operator_3.py
[2025-06-26T22:51:05.588+0000] {logging_mixin.py:190} INFO - [2025-06-26T22:51:05.587+0000] {dag.py:3239} INFO - Sync 1 DAGs
[2025-06-26T22:51:05.617+0000] {logging_mixin.py:190} INFO - [2025-06-26T22:51:05.617+0000] {dag.py:4180} INFO - Setting next_dagrun for example_branch_dop_operator_v3 to 2025-06-26 22:50:00+00:00, run_after=2025-06-26 22:51:00+00:00
[2025-06-26T22:51:05.638+0000] {processor.py:208} INFO - Processing /home/airflow/.local/lib/python3.12/site-packages/airflow/example_dags/example_branch_python_dop_operator_3.py took 0.100 seconds
[2025-06-26T22:51:36.054+0000] {processor.py:186} INFO - Started process (PID=1056) to work on /home/airflow/.local/lib/python3.12/site-packages/airflow/example_dags/example_branch_python_dop_operator_3.py
[2025-06-26T22:51:36.055+0000] {processor.py:914} INFO - Processing file /home/airflow/.local/lib/python3.12/site-packages/airflow/example_dags/example_branch_python_dop_operator_3.py for tasks to queue
[2025-06-26T22:51:36.058+0000] {logging_mixin.py:190} INFO - [2025-06-26T22:51:36.058+0000] {dagbag.py:588} INFO - Filling up the DagBag from /home/airflow/.local/lib/python3.12/site-packages/airflow/example_dags/example_branch_python_dop_operator_3.py
[2025-06-26T22:51:36.067+0000] {processor.py:925} INFO - DAG(s) 'example_branch_dop_operator_v3' retrieved from /home/airflow/.local/lib/python3.12/site-packages/airflow/example_dags/example_branch_python_dop_operator_3.py
[2025-06-26T22:51:36.086+0000] {logging_mixin.py:190} INFO - [2025-06-26T22:51:36.086+0000] {dag.py:3239} INFO - Sync 1 DAGs
[2025-06-26T22:51:36.109+0000] {logging_mixin.py:190} INFO - [2025-06-26T22:51:36.108+0000] {dag.py:4180} INFO - Setting next_dagrun for example_branch_dop_operator_v3 to 2025-06-26 22:50:00+00:00, run_after=2025-06-26 22:51:00+00:00
[2025-06-26T22:51:36.130+0000] {processor.py:208} INFO - Processing /home/airflow/.local/lib/python3.12/site-packages/airflow/example_dags/example_branch_python_dop_operator_3.py took 0.081 seconds
[2025-06-26T22:52:06.407+0000] {processor.py:186} INFO - Started process (PID=1118) to work on /home/airflow/.local/lib/python3.12/site-packages/airflow/example_dags/example_branch_python_dop_operator_3.py
[2025-06-26T22:52:06.408+0000] {processor.py:914} INFO - Processing file /home/airflow/.local/lib/python3.12/site-packages/airflow/example_dags/example_branch_python_dop_operator_3.py for tasks to queue
[2025-06-26T22:52:06.410+0000] {logging_mixin.py:190} INFO - [2025-06-26T22:52:06.410+0000] {dagbag.py:588} INFO - Filling up the DagBag from /home/airflow/.local/lib/python3.12/site-packages/airflow/example_dags/example_branch_python_dop_operator_3.py
[2025-06-26T22:52:06.419+0000] {processor.py:925} INFO - DAG(s) 'example_branch_dop_operator_v3' retrieved from /home/airflow/.local/lib/python3.12/site-packages/airflow/example_dags/example_branch_python_dop_operator_3.py
[2025-06-26T22:52:06.436+0000] {logging_mixin.py:190} INFO - [2025-06-26T22:52:06.436+0000] {dag.py:3239} INFO - Sync 1 DAGs
[2025-06-26T22:52:06.457+0000] {logging_mixin.py:190} INFO - [2025-06-26T22:52:06.457+0000] {dag.py:4180} INFO - Setting next_dagrun for example_branch_dop_operator_v3 to 2025-06-26 22:51:00+00:00, run_after=2025-06-26 22:52:00+00:00
[2025-06-26T22:52:06.480+0000] {processor.py:208} INFO - Processing /home/airflow/.local/lib/python3.12/site-packages/airflow/example_dags/example_branch_python_dop_operator_3.py took 0.079 seconds
[2025-06-26T22:52:36.691+0000] {processor.py:186} INFO - Started process (PID=1180) to work on /home/airflow/.local/lib/python3.12/site-packages/airflow/example_dags/example_branch_python_dop_operator_3.py
[2025-06-26T22:52:36.692+0000] {processor.py:914} INFO - Processing file /home/airflow/.local/lib/python3.12/site-packages/airflow/example_dags/example_branch_python_dop_operator_3.py for tasks to queue
[2025-06-26T22:52:36.695+0000] {logging_mixin.py:190} INFO - [2025-06-26T22:52:36.694+0000] {dagbag.py:588} INFO - Filling up the DagBag from /home/airflow/.local/lib/python3.12/site-packages/airflow/example_dags/example_branch_python_dop_operator_3.py
[2025-06-26T22:52:36.703+0000] {processor.py:925} INFO - DAG(s) 'example_branch_dop_operator_v3' retrieved from /home/airflow/.local/lib/python3.12/site-packages/airflow/example_dags/example_branch_python_dop_operator_3.py
[2025-06-26T22:52:36.721+0000] {logging_mixin.py:190} INFO - [2025-06-26T22:52:36.721+0000] {dag.py:3239} INFO - Sync 1 DAGs
[2025-06-26T22:52:36.743+0000] {logging_mixin.py:190} INFO - [2025-06-26T22:52:36.743+0000] {dag.py:4180} INFO - Setting next_dagrun for example_branch_dop_operator_v3 to 2025-06-26 22:51:00+00:00, run_after=2025-06-26 22:52:00+00:00
[2025-06-26T22:52:36.764+0000] {processor.py:208} INFO - Processing /home/airflow/.local/lib/python3.12/site-packages/airflow/example_dags/example_branch_python_dop_operator_3.py took 0.079 seconds
[2025-06-26T22:53:06.824+0000] {processor.py:186} INFO - Started process (PID=1242) to work on /home/airflow/.local/lib/python3.12/site-packages/airflow/example_dags/example_branch_python_dop_operator_3.py
[2025-06-26T22:53:06.825+0000] {processor.py:914} INFO - Processing file /home/airflow/.local/lib/python3.12/site-packages/airflow/example_dags/example_branch_python_dop_operator_3.py for tasks to queue
[2025-06-26T22:53:06.828+0000] {logging_mixin.py:190} INFO - [2025-06-26T22:53:06.828+0000] {dagbag.py:588} INFO - Filling up the DagBag from /home/airflow/.local/lib/python3.12/site-packages/airflow/example_dags/example_branch_python_dop_operator_3.py
[2025-06-26T22:53:06.838+0000] {processor.py:925} INFO - DAG(s) 'example_branch_dop_operator_v3' retrieved from /home/airflow/.local/lib/python3.12/site-packages/airflow/example_dags/example_branch_python_dop_operator_3.py
[2025-06-26T22:53:06.858+0000] {logging_mixin.py:190} INFO - [2025-06-26T22:53:06.858+0000] {dag.py:3239} INFO - Sync 1 DAGs
[2025-06-26T22:53:06.887+0000] {logging_mixin.py:190} INFO - [2025-06-26T22:53:06.887+0000] {dag.py:4180} INFO - Setting next_dagrun for example_branch_dop_operator_v3 to 2025-06-26 22:52:00+00:00, run_after=2025-06-26 22:53:00+00:00
[2025-06-26T22:53:06.913+0000] {processor.py:208} INFO - Processing /home/airflow/.local/lib/python3.12/site-packages/airflow/example_dags/example_branch_python_dop_operator_3.py took 0.096 seconds
[2025-06-26T22:53:37.351+0000] {processor.py:186} INFO - Started process (PID=1304) to work on /home/airflow/.local/lib/python3.12/site-packages/airflow/example_dags/example_branch_python_dop_operator_3.py
[2025-06-26T22:53:37.352+0000] {processor.py:914} INFO - Processing file /home/airflow/.local/lib/python3.12/site-packages/airflow/example_dags/example_branch_python_dop_operator_3.py for tasks to queue
[2025-06-26T22:53:37.355+0000] {logging_mixin.py:190} INFO - [2025-06-26T22:53:37.355+0000] {dagbag.py:588} INFO - Filling up the DagBag from /home/airflow/.local/lib/python3.12/site-packages/airflow/example_dags/example_branch_python_dop_operator_3.py
[2025-06-26T22:53:37.367+0000] {processor.py:925} INFO - DAG(s) 'example_branch_dop_operator_v3' retrieved from /home/airflow/.local/lib/python3.12/site-packages/airflow/example_dags/example_branch_python_dop_operator_3.py
[2025-06-26T22:53:37.384+0000] {logging_mixin.py:190} INFO - [2025-06-26T22:53:37.384+0000] {dag.py:3239} INFO - Sync 1 DAGs
[2025-06-26T22:53:37.406+0000] {logging_mixin.py:190} INFO - [2025-06-26T22:53:37.405+0000] {dag.py:4180} INFO - Setting next_dagrun for example_branch_dop_operator_v3 to 2025-06-26 22:52:00+00:00, run_after=2025-06-26 22:53:00+00:00
[2025-06-26T22:53:37.427+0000] {processor.py:208} INFO - Processing /home/airflow/.local/lib/python3.12/site-packages/airflow/example_dags/example_branch_python_dop_operator_3.py took 0.082 seconds
[2025-06-26T22:54:07.563+0000] {processor.py:186} INFO - Started process (PID=1366) to work on /home/airflow/.local/lib/python3.12/site-packages/airflow/example_dags/example_branch_python_dop_operator_3.py
[2025-06-26T22:54:07.565+0000] {processor.py:914} INFO - Processing file /home/airflow/.local/lib/python3.12/site-packages/airflow/example_dags/example_branch_python_dop_operator_3.py for tasks to queue
[2025-06-26T22:54:07.568+0000] {logging_mixin.py:190} INFO - [2025-06-26T22:54:07.567+0000] {dagbag.py:588} INFO - Filling up the DagBag from /home/airflow/.local/lib/python3.12/site-packages/airflow/example_dags/example_branch_python_dop_operator_3.py
[2025-06-26T22:54:07.578+0000] {processor.py:925} INFO - DAG(s) 'example_branch_dop_operator_v3' retrieved from /home/airflow/.local/lib/python3.12/site-packages/airflow/example_dags/example_branch_python_dop_operator_3.py
[2025-06-26T22:54:07.600+0000] {logging_mixin.py:190} INFO - [2025-06-26T22:54:07.600+0000] {dag.py:3239} INFO - Sync 1 DAGs
[2025-06-26T22:54:07.622+0000] {logging_mixin.py:190} INFO - [2025-06-26T22:54:07.622+0000] {dag.py:4180} INFO - Setting next_dagrun for example_branch_dop_operator_v3 to 2025-06-26 22:53:00+00:00, run_after=2025-06-26 22:54:00+00:00
[2025-06-26T22:54:07.643+0000] {processor.py:208} INFO - Processing /home/airflow/.local/lib/python3.12/site-packages/airflow/example_dags/example_branch_python_dop_operator_3.py took 0.089 seconds
[2025-06-26T22:54:38.160+0000] {processor.py:186} INFO - Started process (PID=1428) to work on /home/airflow/.local/lib/python3.12/site-packages/airflow/example_dags/example_branch_python_dop_operator_3.py
[2025-06-26T22:54:38.161+0000] {processor.py:914} INFO - Processing file /home/airflow/.local/lib/python3.12/site-packages/airflow/example_dags/example_branch_python_dop_operator_3.py for tasks to queue
[2025-06-26T22:54:38.164+0000] {logging_mixin.py:190} INFO - [2025-06-26T22:54:38.163+0000] {dagbag.py:588} INFO - Filling up the DagBag from /home/airflow/.local/lib/python3.12/site-packages/airflow/example_dags/example_branch_python_dop_operator_3.py
[2025-06-26T22:54:38.173+0000] {processor.py:925} INFO - DAG(s) 'example_branch_dop_operator_v3' retrieved from /home/airflow/.local/lib/python3.12/site-packages/airflow/example_dags/example_branch_python_dop_operator_3.py
[2025-06-26T22:54:38.191+0000] {logging_mixin.py:190} INFO - [2025-06-26T22:54:38.191+0000] {dag.py:3239} INFO - Sync 1 DAGs
[2025-06-26T22:54:38.214+0000] {logging_mixin.py:190} INFO - [2025-06-26T22:54:38.214+0000] {dag.py:4180} INFO - Setting next_dagrun for example_branch_dop_operator_v3 to 2025-06-26 22:53:00+00:00, run_after=2025-06-26 22:54:00+00:00
[2025-06-26T22:54:38.236+0000] {processor.py:208} INFO - Processing /home/airflow/.local/lib/python3.12/site-packages/airflow/example_dags/example_branch_python_dop_operator_3.py took 0.082 seconds
[2025-06-26T22:55:08.575+0000] {processor.py:186} INFO - Started process (PID=1490) to work on /home/airflow/.local/lib/python3.12/site-packages/airflow/example_dags/example_branch_python_dop_operator_3.py
[2025-06-26T22:55:08.576+0000] {processor.py:914} INFO - Processing file /home/airflow/.local/lib/python3.12/site-packages/airflow/example_dags/example_branch_python_dop_operator_3.py for tasks to queue
[2025-06-26T22:55:08.579+0000] {logging_mixin.py:190} INFO - [2025-06-26T22:55:08.579+0000] {dagbag.py:588} INFO - Filling up the DagBag from /home/airflow/.local/lib/python3.12/site-packages/airflow/example_dags/example_branch_python_dop_operator_3.py
[2025-06-26T22:55:08.589+0000] {processor.py:925} INFO - DAG(s) 'example_branch_dop_operator_v3' retrieved from /home/airflow/.local/lib/python3.12/site-packages/airflow/example_dags/example_branch_python_dop_operator_3.py
[2025-06-26T22:55:08.609+0000] {logging_mixin.py:190} INFO - [2025-06-26T22:55:08.609+0000] {dag.py:3239} INFO - Sync 1 DAGs
[2025-06-26T22:55:08.632+0000] {logging_mixin.py:190} INFO - [2025-06-26T22:55:08.632+0000] {dag.py:4180} INFO - Setting next_dagrun for example_branch_dop_operator_v3 to 2025-06-26 22:54:00+00:00, run_after=2025-06-26 22:55:00+00:00
[2025-06-26T22:55:08.655+0000] {processor.py:208} INFO - Processing /home/airflow/.local/lib/python3.12/site-packages/airflow/example_dags/example_branch_python_dop_operator_3.py took 0.087 seconds
[2025-06-26T22:55:39.041+0000] {processor.py:186} INFO - Started process (PID=1552) to work on /home/airflow/.local/lib/python3.12/site-packages/airflow/example_dags/example_branch_python_dop_operator_3.py
[2025-06-26T22:55:39.042+0000] {processor.py:914} INFO - Processing file /home/airflow/.local/lib/python3.12/site-packages/airflow/example_dags/example_branch_python_dop_operator_3.py for tasks to queue
[2025-06-26T22:55:39.045+0000] {logging_mixin.py:190} INFO - [2025-06-26T22:55:39.044+0000] {dagbag.py:588} INFO - Filling up the DagBag from /home/airflow/.local/lib/python3.12/site-packages/airflow/example_dags/example_branch_python_dop_operator_3.py
[2025-06-26T22:55:39.054+0000] {processor.py:925} INFO - DAG(s) 'example_branch_dop_operator_v3' retrieved from /home/airflow/.local/lib/python3.12/site-packages/airflow/example_dags/example_branch_python_dop_operator_3.py
[2025-06-26T22:55:39.073+0000] {logging_mixin.py:190} INFO - [2025-06-26T22:55:39.073+0000] {dag.py:3239} INFO - Sync 1 DAGs
[2025-06-26T22:55:39.098+0000] {logging_mixin.py:190} INFO - [2025-06-26T22:55:39.097+0000] {dag.py:4180} INFO - Setting next_dagrun for example_branch_dop_operator_v3 to 2025-06-26 22:54:00+00:00, run_after=2025-06-26 22:55:00+00:00
[2025-06-26T22:55:39.122+0000] {processor.py:208} INFO - Processing /home/airflow/.local/lib/python3.12/site-packages/airflow/example_dags/example_branch_python_dop_operator_3.py took 0.087 seconds
[2025-06-26T22:56:09.307+0000] {processor.py:186} INFO - Started process (PID=1614) to work on /home/airflow/.local/lib/python3.12/site-packages/airflow/example_dags/example_branch_python_dop_operator_3.py
[2025-06-26T22:56:09.308+0000] {processor.py:914} INFO - Processing file /home/airflow/.local/lib/python3.12/site-packages/airflow/example_dags/example_branch_python_dop_operator_3.py for tasks to queue
[2025-06-26T22:56:09.311+0000] {logging_mixin.py:190} INFO - [2025-06-26T22:56:09.311+0000] {dagbag.py:588} INFO - Filling up the DagBag from /home/airflow/.local/lib/python3.12/site-packages/airflow/example_dags/example_branch_python_dop_operator_3.py
[2025-06-26T22:56:09.320+0000] {processor.py:925} INFO - DAG(s) 'example_branch_dop_operator_v3' retrieved from /home/airflow/.local/lib/python3.12/site-packages/airflow/example_dags/example_branch_python_dop_operator_3.py
[2025-06-26T22:56:09.338+0000] {logging_mixin.py:190} INFO - [2025-06-26T22:56:09.338+0000] {dag.py:3239} INFO - Sync 1 DAGs
[2025-06-26T22:56:09.361+0000] {logging_mixin.py:190} INFO - [2025-06-26T22:56:09.360+0000] {dag.py:4180} INFO - Setting next_dagrun for example_branch_dop_operator_v3 to 2025-06-26 22:55:00+00:00, run_after=2025-06-26 22:56:00+00:00
[2025-06-26T22:56:09.382+0000] {processor.py:208} INFO - Processing /home/airflow/.local/lib/python3.12/site-packages/airflow/example_dags/example_branch_python_dop_operator_3.py took 0.082 seconds
[2025-06-26T22:56:39.770+0000] {processor.py:186} INFO - Started process (PID=1676) to work on /home/airflow/.local/lib/python3.12/site-packages/airflow/example_dags/example_branch_python_dop_operator_3.py
[2025-06-26T22:56:39.771+0000] {processor.py:914} INFO - Processing file /home/airflow/.local/lib/python3.12/site-packages/airflow/example_dags/example_branch_python_dop_operator_3.py for tasks to queue
[2025-06-26T22:56:39.774+0000] {logging_mixin.py:190} INFO - [2025-06-26T22:56:39.773+0000] {dagbag.py:588} INFO - Filling up the DagBag from /home/airflow/.local/lib/python3.12/site-packages/airflow/example_dags/example_branch_python_dop_operator_3.py
[2025-06-26T22:56:39.782+0000] {processor.py:925} INFO - DAG(s) 'example_branch_dop_operator_v3' retrieved from /home/airflow/.local/lib/python3.12/site-packages/airflow/example_dags/example_branch_python_dop_operator_3.py
[2025-06-26T22:56:39.799+0000] {logging_mixin.py:190} INFO - [2025-06-26T22:56:39.799+0000] {dag.py:3239} INFO - Sync 1 DAGs
[2025-06-26T22:56:39.822+0000] {logging_mixin.py:190} INFO - [2025-06-26T22:56:39.821+0000] {dag.py:4180} INFO - Setting next_dagrun for example_branch_dop_operator_v3 to 2025-06-26 22:55:00+00:00, run_after=2025-06-26 22:56:00+00:00
[2025-06-26T22:56:39.846+0000] {processor.py:208} INFO - Processing /home/airflow/.local/lib/python3.12/site-packages/airflow/example_dags/example_branch_python_dop_operator_3.py took 0.082 seconds
[2025-06-26T22:57:10.587+0000] {processor.py:186} INFO - Started process (PID=1738) to work on /home/airflow/.local/lib/python3.12/site-packages/airflow/example_dags/example_branch_python_dop_operator_3.py
[2025-06-26T22:57:10.588+0000] {processor.py:914} INFO - Processing file /home/airflow/.local/lib/python3.12/site-packages/airflow/example_dags/example_branch_python_dop_operator_3.py for tasks to queue
[2025-06-26T22:57:10.592+0000] {logging_mixin.py:190} INFO - [2025-06-26T22:57:10.591+0000] {dagbag.py:588} INFO - Filling up the DagBag from /home/airflow/.local/lib/python3.12/site-packages/airflow/example_dags/example_branch_python_dop_operator_3.py
[2025-06-26T22:57:10.601+0000] {processor.py:925} INFO - DAG(s) 'example_branch_dop_operator_v3' retrieved from /home/airflow/.local/lib/python3.12/site-packages/airflow/example_dags/example_branch_python_dop_operator_3.py
[2025-06-26T22:57:10.620+0000] {logging_mixin.py:190} INFO - [2025-06-26T22:57:10.620+0000] {dag.py:3239} INFO - Sync 1 DAGs
[2025-06-26T22:57:10.645+0000] {logging_mixin.py:190} INFO - [2025-06-26T22:57:10.645+0000] {dag.py:4180} INFO - Setting next_dagrun for example_branch_dop_operator_v3 to 2025-06-26 22:56:00+00:00, run_after=2025-06-26 22:57:00+00:00
[2025-06-26T22:57:10.669+0000] {processor.py:208} INFO - Processing /home/airflow/.local/lib/python3.12/site-packages/airflow/example_dags/example_branch_python_dop_operator_3.py took 0.088 seconds
[2025-06-26T22:57:40.827+0000] {processor.py:186} INFO - Started process (PID=1800) to work on /home/airflow/.local/lib/python3.12/site-packages/airflow/example_dags/example_branch_python_dop_operator_3.py
[2025-06-26T22:57:40.828+0000] {processor.py:914} INFO - Processing file /home/airflow/.local/lib/python3.12/site-packages/airflow/example_dags/example_branch_python_dop_operator_3.py for tasks to queue
[2025-06-26T22:57:40.830+0000] {logging_mixin.py:190} INFO - [2025-06-26T22:57:40.830+0000] {dagbag.py:588} INFO - Filling up the DagBag from /home/airflow/.local/lib/python3.12/site-packages/airflow/example_dags/example_branch_python_dop_operator_3.py
[2025-06-26T22:57:40.838+0000] {processor.py:925} INFO - DAG(s) 'example_branch_dop_operator_v3' retrieved from /home/airflow/.local/lib/python3.12/site-packages/airflow/example_dags/example_branch_python_dop_operator_3.py
[2025-06-26T22:57:40.857+0000] {logging_mixin.py:190} INFO - [2025-06-26T22:57:40.857+0000] {dag.py:3239} INFO - Sync 1 DAGs
[2025-06-26T22:57:40.880+0000] {logging_mixin.py:190} INFO - [2025-06-26T22:57:40.879+0000] {dag.py:4180} INFO - Setting next_dagrun for example_branch_dop_operator_v3 to 2025-06-26 22:56:00+00:00, run_after=2025-06-26 22:57:00+00:00
[2025-06-26T22:57:40.899+0000] {processor.py:208} INFO - Processing /home/airflow/.local/lib/python3.12/site-packages/airflow/example_dags/example_branch_python_dop_operator_3.py took 0.078 seconds
[2025-06-26T22:58:11.458+0000] {processor.py:186} INFO - Started process (PID=1862) to work on /home/airflow/.local/lib/python3.12/site-packages/airflow/example_dags/example_branch_python_dop_operator_3.py
[2025-06-26T22:58:11.459+0000] {processor.py:914} INFO - Processing file /home/airflow/.local/lib/python3.12/site-packages/airflow/example_dags/example_branch_python_dop_operator_3.py for tasks to queue
[2025-06-26T22:58:11.461+0000] {logging_mixin.py:190} INFO - [2025-06-26T22:58:11.461+0000] {dagbag.py:588} INFO - Filling up the DagBag from /home/airflow/.local/lib/python3.12/site-packages/airflow/example_dags/example_branch_python_dop_operator_3.py
[2025-06-26T22:58:11.470+0000] {processor.py:925} INFO - DAG(s) 'example_branch_dop_operator_v3' retrieved from /home/airflow/.local/lib/python3.12/site-packages/airflow/example_dags/example_branch_python_dop_operator_3.py
[2025-06-26T22:58:11.488+0000] {logging_mixin.py:190} INFO - [2025-06-26T22:58:11.488+0000] {dag.py:3239} INFO - Sync 1 DAGs
[2025-06-26T22:58:11.509+0000] {logging_mixin.py:190} INFO - [2025-06-26T22:58:11.509+0000] {dag.py:4180} INFO - Setting next_dagrun for example_branch_dop_operator_v3 to 2025-06-26 22:57:00+00:00, run_after=2025-06-26 22:58:00+00:00
[2025-06-26T22:58:11.528+0000] {processor.py:208} INFO - Processing /home/airflow/.local/lib/python3.12/site-packages/airflow/example_dags/example_branch_python_dop_operator_3.py took 0.076 seconds
[2025-06-26T22:58:41.759+0000] {processor.py:186} INFO - Started process (PID=1924) to work on /home/airflow/.local/lib/python3.12/site-packages/airflow/example_dags/example_branch_python_dop_operator_3.py
[2025-06-26T22:58:41.760+0000] {processor.py:914} INFO - Processing file /home/airflow/.local/lib/python3.12/site-packages/airflow/example_dags/example_branch_python_dop_operator_3.py for tasks to queue
[2025-06-26T22:58:41.762+0000] {logging_mixin.py:190} INFO - [2025-06-26T22:58:41.762+0000] {dagbag.py:588} INFO - Filling up the DagBag from /home/airflow/.local/lib/python3.12/site-packages/airflow/example_dags/example_branch_python_dop_operator_3.py
[2025-06-26T22:58:41.770+0000] {processor.py:925} INFO - DAG(s) 'example_branch_dop_operator_v3' retrieved from /home/airflow/.local/lib/python3.12/site-packages/airflow/example_dags/example_branch_python_dop_operator_3.py
[2025-06-26T22:58:41.788+0000] {logging_mixin.py:190} INFO - [2025-06-26T22:58:41.788+0000] {dag.py:3239} INFO - Sync 1 DAGs
[2025-06-26T22:58:41.808+0000] {logging_mixin.py:190} INFO - [2025-06-26T22:58:41.808+0000] {dag.py:4180} INFO - Setting next_dagrun for example_branch_dop_operator_v3 to 2025-06-26 22:57:00+00:00, run_after=2025-06-26 22:58:00+00:00
[2025-06-26T22:58:41.828+0000] {processor.py:208} INFO - Processing /home/airflow/.local/lib/python3.12/site-packages/airflow/example_dags/example_branch_python_dop_operator_3.py took 0.075 seconds
[2025-06-26T22:59:12.159+0000] {processor.py:186} INFO - Started process (PID=1986) to work on /home/airflow/.local/lib/python3.12/site-packages/airflow/example_dags/example_branch_python_dop_operator_3.py
[2025-06-26T22:59:12.160+0000] {processor.py:914} INFO - Processing file /home/airflow/.local/lib/python3.12/site-packages/airflow/example_dags/example_branch_python_dop_operator_3.py for tasks to queue
[2025-06-26T22:59:12.163+0000] {logging_mixin.py:190} INFO - [2025-06-26T22:59:12.163+0000] {dagbag.py:588} INFO - Filling up the DagBag from /home/airflow/.local/lib/python3.12/site-packages/airflow/example_dags/example_branch_python_dop_operator_3.py
[2025-06-26T22:59:12.171+0000] {processor.py:925} INFO - DAG(s) 'example_branch_dop_operator_v3' retrieved from /home/airflow/.local/lib/python3.12/site-packages/airflow/example_dags/example_branch_python_dop_operator_3.py
[2025-06-26T22:59:12.190+0000] {logging_mixin.py:190} INFO - [2025-06-26T22:59:12.190+0000] {dag.py:3239} INFO - Sync 1 DAGs
[2025-06-26T22:59:12.211+0000] {logging_mixin.py:190} INFO - [2025-06-26T22:59:12.211+0000] {dag.py:4180} INFO - Setting next_dagrun for example_branch_dop_operator_v3 to 2025-06-26 22:58:00+00:00, run_after=2025-06-26 22:59:00+00:00
[2025-06-26T22:59:12.233+0000] {processor.py:208} INFO - Processing /home/airflow/.local/lib/python3.12/site-packages/airflow/example_dags/example_branch_python_dop_operator_3.py took 0.080 seconds
[2025-06-26T22:59:42.839+0000] {processor.py:186} INFO - Started process (PID=2048) to work on /home/airflow/.local/lib/python3.12/site-packages/airflow/example_dags/example_branch_python_dop_operator_3.py
[2025-06-26T22:59:42.840+0000] {processor.py:914} INFO - Processing file /home/airflow/.local/lib/python3.12/site-packages/airflow/example_dags/example_branch_python_dop_operator_3.py for tasks to queue
[2025-06-26T22:59:42.844+0000] {logging_mixin.py:190} INFO - [2025-06-26T22:59:42.843+0000] {dagbag.py:588} INFO - Filling up the DagBag from /home/airflow/.local/lib/python3.12/site-packages/airflow/example_dags/example_branch_python_dop_operator_3.py
[2025-06-26T22:59:42.855+0000] {processor.py:925} INFO - DAG(s) 'example_branch_dop_operator_v3' retrieved from /home/airflow/.local/lib/python3.12/site-packages/airflow/example_dags/example_branch_python_dop_operator_3.py
[2025-06-26T22:59:42.875+0000] {logging_mixin.py:190} INFO - [2025-06-26T22:59:42.875+0000] {dag.py:3239} INFO - Sync 1 DAGs
[2025-06-26T22:59:42.904+0000] {logging_mixin.py:190} INFO - [2025-06-26T22:59:42.903+0000] {dag.py:4180} INFO - Setting next_dagrun for example_branch_dop_operator_v3 to 2025-06-26 22:58:00+00:00, run_after=2025-06-26 22:59:00+00:00
[2025-06-26T22:59:42.928+0000] {processor.py:208} INFO - Processing /home/airflow/.local/lib/python3.12/site-packages/airflow/example_dags/example_branch_python_dop_operator_3.py took 0.095 seconds
[2025-06-26T23:00:13.310+0000] {processor.py:186} INFO - Started process (PID=2111) to work on /home/airflow/.local/lib/python3.12/site-packages/airflow/example_dags/example_branch_python_dop_operator_3.py
[2025-06-26T23:00:13.311+0000] {processor.py:914} INFO - Processing file /home/airflow/.local/lib/python3.12/site-packages/airflow/example_dags/example_branch_python_dop_operator_3.py for tasks to queue
[2025-06-26T23:00:13.314+0000] {logging_mixin.py:190} INFO - [2025-06-26T23:00:13.314+0000] {dagbag.py:588} INFO - Filling up the DagBag from /home/airflow/.local/lib/python3.12/site-packages/airflow/example_dags/example_branch_python_dop_operator_3.py
[2025-06-26T23:00:13.323+0000] {processor.py:925} INFO - DAG(s) 'example_branch_dop_operator_v3' retrieved from /home/airflow/.local/lib/python3.12/site-packages/airflow/example_dags/example_branch_python_dop_operator_3.py
[2025-06-26T23:00:13.342+0000] {logging_mixin.py:190} INFO - [2025-06-26T23:00:13.342+0000] {dag.py:3239} INFO - Sync 1 DAGs
[2025-06-26T23:00:13.364+0000] {logging_mixin.py:190} INFO - [2025-06-26T23:00:13.364+0000] {dag.py:4180} INFO - Setting next_dagrun for example_branch_dop_operator_v3 to 2025-06-26 22:59:00+00:00, run_after=2025-06-26 23:00:00+00:00
[2025-06-26T23:00:13.385+0000] {processor.py:208} INFO - Processing /home/airflow/.local/lib/python3.12/site-packages/airflow/example_dags/example_branch_python_dop_operator_3.py took 0.080 seconds
[2025-06-26T23:00:43.842+0000] {processor.py:186} INFO - Started process (PID=2173) to work on /home/airflow/.local/lib/python3.12/site-packages/airflow/example_dags/example_branch_python_dop_operator_3.py
[2025-06-26T23:00:43.843+0000] {processor.py:914} INFO - Processing file /home/airflow/.local/lib/python3.12/site-packages/airflow/example_dags/example_branch_python_dop_operator_3.py for tasks to queue
[2025-06-26T23:00:43.846+0000] {logging_mixin.py:190} INFO - [2025-06-26T23:00:43.845+0000] {dagbag.py:588} INFO - Filling up the DagBag from /home/airflow/.local/lib/python3.12/site-packages/airflow/example_dags/example_branch_python_dop_operator_3.py
[2025-06-26T23:00:43.854+0000] {processor.py:925} INFO - DAG(s) 'example_branch_dop_operator_v3' retrieved from /home/airflow/.local/lib/python3.12/site-packages/airflow/example_dags/example_branch_python_dop_operator_3.py
[2025-06-26T23:00:43.873+0000] {logging_mixin.py:190} INFO - [2025-06-26T23:00:43.872+0000] {dag.py:3239} INFO - Sync 1 DAGs
[2025-06-26T23:00:43.893+0000] {logging_mixin.py:190} INFO - [2025-06-26T23:00:43.893+0000] {dag.py:4180} INFO - Setting next_dagrun for example_branch_dop_operator_v3 to 2025-06-26 22:59:00+00:00, run_after=2025-06-26 23:00:00+00:00
[2025-06-26T23:00:43.915+0000] {processor.py:208} INFO - Processing /home/airflow/.local/lib/python3.12/site-packages/airflow/example_dags/example_branch_python_dop_operator_3.py took 0.078 seconds
[2025-06-26T23:01:14.426+0000] {processor.py:186} INFO - Started process (PID=2235) to work on /home/airflow/.local/lib/python3.12/site-packages/airflow/example_dags/example_branch_python_dop_operator_3.py
[2025-06-26T23:01:14.428+0000] {processor.py:914} INFO - Processing file /home/airflow/.local/lib/python3.12/site-packages/airflow/example_dags/example_branch_python_dop_operator_3.py for tasks to queue
[2025-06-26T23:01:14.431+0000] {logging_mixin.py:190} INFO - [2025-06-26T23:01:14.431+0000] {dagbag.py:588} INFO - Filling up the DagBag from /home/airflow/.local/lib/python3.12/site-packages/airflow/example_dags/example_branch_python_dop_operator_3.py
[2025-06-26T23:01:14.441+0000] {processor.py:925} INFO - DAG(s) 'example_branch_dop_operator_v3' retrieved from /home/airflow/.local/lib/python3.12/site-packages/airflow/example_dags/example_branch_python_dop_operator_3.py
[2025-06-26T23:01:14.462+0000] {logging_mixin.py:190} INFO - [2025-06-26T23:01:14.462+0000] {dag.py:3239} INFO - Sync 1 DAGs
[2025-06-26T23:01:14.488+0000] {logging_mixin.py:190} INFO - [2025-06-26T23:01:14.488+0000] {dag.py:4180} INFO - Setting next_dagrun for example_branch_dop_operator_v3 to 2025-06-26 23:00:00+00:00, run_after=2025-06-26 23:01:00+00:00
[2025-06-26T23:01:14.511+0000] {processor.py:208} INFO - Processing /home/airflow/.local/lib/python3.12/site-packages/airflow/example_dags/example_branch_python_dop_operator_3.py took 0.091 seconds
[2025-06-26T23:01:45.182+0000] {processor.py:186} INFO - Started process (PID=2297) to work on /home/airflow/.local/lib/python3.12/site-packages/airflow/example_dags/example_branch_python_dop_operator_3.py
[2025-06-26T23:01:45.184+0000] {processor.py:914} INFO - Processing file /home/airflow/.local/lib/python3.12/site-packages/airflow/example_dags/example_branch_python_dop_operator_3.py for tasks to queue
[2025-06-26T23:01:45.187+0000] {logging_mixin.py:190} INFO - [2025-06-26T23:01:45.186+0000] {dagbag.py:588} INFO - Filling up the DagBag from /home/airflow/.local/lib/python3.12/site-packages/airflow/example_dags/example_branch_python_dop_operator_3.py
[2025-06-26T23:01:45.196+0000] {processor.py:925} INFO - DAG(s) 'example_branch_dop_operator_v3' retrieved from /home/airflow/.local/lib/python3.12/site-packages/airflow/example_dags/example_branch_python_dop_operator_3.py
[2025-06-26T23:01:45.217+0000] {logging_mixin.py:190} INFO - [2025-06-26T23:01:45.217+0000] {dag.py:3239} INFO - Sync 1 DAGs
[2025-06-26T23:01:45.244+0000] {logging_mixin.py:190} INFO - [2025-06-26T23:01:45.244+0000] {dag.py:4180} INFO - Setting next_dagrun for example_branch_dop_operator_v3 to 2025-06-26 23:00:00+00:00, run_after=2025-06-26 23:01:00+00:00
[2025-06-26T23:01:45.268+0000] {processor.py:208} INFO - Processing /home/airflow/.local/lib/python3.12/site-packages/airflow/example_dags/example_branch_python_dop_operator_3.py took 0.093 seconds
[2025-06-26T23:02:15.601+0000] {processor.py:186} INFO - Started process (PID=2359) to work on /home/airflow/.local/lib/python3.12/site-packages/airflow/example_dags/example_branch_python_dop_operator_3.py
[2025-06-26T23:02:15.602+0000] {processor.py:914} INFO - Processing file /home/airflow/.local/lib/python3.12/site-packages/airflow/example_dags/example_branch_python_dop_operator_3.py for tasks to queue
[2025-06-26T23:02:15.605+0000] {logging_mixin.py:190} INFO - [2025-06-26T23:02:15.605+0000] {dagbag.py:588} INFO - Filling up the DagBag from /home/airflow/.local/lib/python3.12/site-packages/airflow/example_dags/example_branch_python_dop_operator_3.py
[2025-06-26T23:02:15.614+0000] {processor.py:925} INFO - DAG(s) 'example_branch_dop_operator_v3' retrieved from /home/airflow/.local/lib/python3.12/site-packages/airflow/example_dags/example_branch_python_dop_operator_3.py
[2025-06-26T23:02:15.638+0000] {logging_mixin.py:190} INFO - [2025-06-26T23:02:15.637+0000] {dag.py:3239} INFO - Sync 1 DAGs
[2025-06-26T23:02:15.661+0000] {logging_mixin.py:190} INFO - [2025-06-26T23:02:15.661+0000] {dag.py:4180} INFO - Setting next_dagrun for example_branch_dop_operator_v3 to 2025-06-26 23:01:00+00:00, run_after=2025-06-26 23:02:00+00:00
[2025-06-26T23:02:15.684+0000] {processor.py:208} INFO - Processing /home/airflow/.local/lib/python3.12/site-packages/airflow/example_dags/example_branch_python_dop_operator_3.py took 0.089 seconds
[2025-06-26T23:02:45.944+0000] {processor.py:186} INFO - Started process (PID=2421) to work on /home/airflow/.local/lib/python3.12/site-packages/airflow/example_dags/example_branch_python_dop_operator_3.py
[2025-06-26T23:02:45.945+0000] {processor.py:914} INFO - Processing file /home/airflow/.local/lib/python3.12/site-packages/airflow/example_dags/example_branch_python_dop_operator_3.py for tasks to queue
[2025-06-26T23:02:45.949+0000] {logging_mixin.py:190} INFO - [2025-06-26T23:02:45.948+0000] {dagbag.py:588} INFO - Filling up the DagBag from /home/airflow/.local/lib/python3.12/site-packages/airflow/example_dags/example_branch_python_dop_operator_3.py
[2025-06-26T23:02:45.958+0000] {processor.py:925} INFO - DAG(s) 'example_branch_dop_operator_v3' retrieved from /home/airflow/.local/lib/python3.12/site-packages/airflow/example_dags/example_branch_python_dop_operator_3.py
[2025-06-26T23:02:45.978+0000] {logging_mixin.py:190} INFO - [2025-06-26T23:02:45.978+0000] {dag.py:3239} INFO - Sync 1 DAGs
[2025-06-26T23:02:46.005+0000] {logging_mixin.py:190} INFO - [2025-06-26T23:02:46.004+0000] {dag.py:4180} INFO - Setting next_dagrun for example_branch_dop_operator_v3 to 2025-06-26 23:01:00+00:00, run_after=2025-06-26 23:02:00+00:00
[2025-06-26T23:02:46.029+0000] {processor.py:208} INFO - Processing /home/airflow/.local/lib/python3.12/site-packages/airflow/example_dags/example_branch_python_dop_operator_3.py took 0.092 seconds
[2025-06-26T23:03:16.903+0000] {processor.py:186} INFO - Started process (PID=2483) to work on /home/airflow/.local/lib/python3.12/site-packages/airflow/example_dags/example_branch_python_dop_operator_3.py
[2025-06-26T23:03:16.904+0000] {processor.py:914} INFO - Processing file /home/airflow/.local/lib/python3.12/site-packages/airflow/example_dags/example_branch_python_dop_operator_3.py for tasks to queue
[2025-06-26T23:03:16.908+0000] {logging_mixin.py:190} INFO - [2025-06-26T23:03:16.907+0000] {dagbag.py:588} INFO - Filling up the DagBag from /home/airflow/.local/lib/python3.12/site-packages/airflow/example_dags/example_branch_python_dop_operator_3.py
[2025-06-26T23:03:16.918+0000] {processor.py:925} INFO - DAG(s) 'example_branch_dop_operator_v3' retrieved from /home/airflow/.local/lib/python3.12/site-packages/airflow/example_dags/example_branch_python_dop_operator_3.py
[2025-06-26T23:03:16.941+0000] {logging_mixin.py:190} INFO - [2025-06-26T23:03:16.940+0000] {dag.py:3239} INFO - Sync 1 DAGs
[2025-06-26T23:03:16.968+0000] {logging_mixin.py:190} INFO - [2025-06-26T23:03:16.968+0000] {dag.py:4180} INFO - Setting next_dagrun for example_branch_dop_operator_v3 to 2025-06-26 23:02:00+00:00, run_after=2025-06-26 23:03:00+00:00
[2025-06-26T23:03:16.994+0000] {processor.py:208} INFO - Processing /home/airflow/.local/lib/python3.12/site-packages/airflow/example_dags/example_branch_python_dop_operator_3.py took 0.097 seconds
[2025-06-26T23:03:47.689+0000] {processor.py:186} INFO - Started process (PID=2545) to work on /home/airflow/.local/lib/python3.12/site-packages/airflow/example_dags/example_branch_python_dop_operator_3.py
[2025-06-26T23:03:47.691+0000] {processor.py:914} INFO - Processing file /home/airflow/.local/lib/python3.12/site-packages/airflow/example_dags/example_branch_python_dop_operator_3.py for tasks to queue
[2025-06-26T23:03:47.693+0000] {logging_mixin.py:190} INFO - [2025-06-26T23:03:47.692+0000] {dagbag.py:588} INFO - Filling up the DagBag from /home/airflow/.local/lib/python3.12/site-packages/airflow/example_dags/example_branch_python_dop_operator_3.py
[2025-06-26T23:03:47.704+0000] {processor.py:925} INFO - DAG(s) 'example_branch_dop_operator_v3' retrieved from /home/airflow/.local/lib/python3.12/site-packages/airflow/example_dags/example_branch_python_dop_operator_3.py
[2025-06-26T23:03:47.728+0000] {logging_mixin.py:190} INFO - [2025-06-26T23:03:47.727+0000] {dag.py:3239} INFO - Sync 1 DAGs
[2025-06-26T23:03:47.755+0000] {logging_mixin.py:190} INFO - [2025-06-26T23:03:47.755+0000] {dag.py:4180} INFO - Setting next_dagrun for example_branch_dop_operator_v3 to 2025-06-26 23:02:00+00:00, run_after=2025-06-26 23:03:00+00:00
[2025-06-26T23:03:47.784+0000] {processor.py:208} INFO - Processing /home/airflow/.local/lib/python3.12/site-packages/airflow/example_dags/example_branch_python_dop_operator_3.py took 0.100 seconds
[2025-06-26T23:04:18.275+0000] {processor.py:186} INFO - Started process (PID=2607) to work on /home/airflow/.local/lib/python3.12/site-packages/airflow/example_dags/example_branch_python_dop_operator_3.py
[2025-06-26T23:04:18.276+0000] {processor.py:914} INFO - Processing file /home/airflow/.local/lib/python3.12/site-packages/airflow/example_dags/example_branch_python_dop_operator_3.py for tasks to queue
[2025-06-26T23:04:18.279+0000] {logging_mixin.py:190} INFO - [2025-06-26T23:04:18.279+0000] {dagbag.py:588} INFO - Filling up the DagBag from /home/airflow/.local/lib/python3.12/site-packages/airflow/example_dags/example_branch_python_dop_operator_3.py
[2025-06-26T23:04:18.288+0000] {processor.py:925} INFO - DAG(s) 'example_branch_dop_operator_v3' retrieved from /home/airflow/.local/lib/python3.12/site-packages/airflow/example_dags/example_branch_python_dop_operator_3.py
[2025-06-26T23:04:18.308+0000] {logging_mixin.py:190} INFO - [2025-06-26T23:04:18.307+0000] {dag.py:3239} INFO - Sync 1 DAGs
[2025-06-26T23:04:18.332+0000] {logging_mixin.py:190} INFO - [2025-06-26T23:04:18.332+0000] {dag.py:4180} INFO - Setting next_dagrun for example_branch_dop_operator_v3 to 2025-06-26 23:03:00+00:00, run_after=2025-06-26 23:04:00+00:00
[2025-06-26T23:04:18.354+0000] {processor.py:208} INFO - Processing /home/airflow/.local/lib/python3.12/site-packages/airflow/example_dags/example_branch_python_dop_operator_3.py took 0.085 seconds
[2025-06-26T23:04:49.094+0000] {processor.py:186} INFO - Started process (PID=2669) to work on /home/airflow/.local/lib/python3.12/site-packages/airflow/example_dags/example_branch_python_dop_operator_3.py
[2025-06-26T23:04:49.095+0000] {processor.py:914} INFO - Processing file /home/airflow/.local/lib/python3.12/site-packages/airflow/example_dags/example_branch_python_dop_operator_3.py for tasks to queue
[2025-06-26T23:04:49.099+0000] {logging_mixin.py:190} INFO - [2025-06-26T23:04:49.098+0000] {dagbag.py:588} INFO - Filling up the DagBag from /home/airflow/.local/lib/python3.12/site-packages/airflow/example_dags/example_branch_python_dop_operator_3.py
[2025-06-26T23:04:49.112+0000] {processor.py:925} INFO - DAG(s) 'example_branch_dop_operator_v3' retrieved from /home/airflow/.local/lib/python3.12/site-packages/airflow/example_dags/example_branch_python_dop_operator_3.py
[2025-06-26T23:04:49.134+0000] {logging_mixin.py:190} INFO - [2025-06-26T23:04:49.134+0000] {dag.py:3239} INFO - Sync 1 DAGs
[2025-06-26T23:04:49.163+0000] {logging_mixin.py:190} INFO - [2025-06-26T23:04:49.163+0000] {dag.py:4180} INFO - Setting next_dagrun for example_branch_dop_operator_v3 to 2025-06-26 23:03:00+00:00, run_after=2025-06-26 23:04:00+00:00
[2025-06-26T23:04:49.191+0000] {processor.py:208} INFO - Processing /home/airflow/.local/lib/python3.12/site-packages/airflow/example_dags/example_branch_python_dop_operator_3.py took 0.106 seconds
[2025-06-26T23:05:19.607+0000] {processor.py:186} INFO - Started process (PID=2731) to work on /home/airflow/.local/lib/python3.12/site-packages/airflow/example_dags/example_branch_python_dop_operator_3.py
[2025-06-26T23:05:19.608+0000] {processor.py:914} INFO - Processing file /home/airflow/.local/lib/python3.12/site-packages/airflow/example_dags/example_branch_python_dop_operator_3.py for tasks to queue
[2025-06-26T23:05:19.611+0000] {logging_mixin.py:190} INFO - [2025-06-26T23:05:19.611+0000] {dagbag.py:588} INFO - Filling up the DagBag from /home/airflow/.local/lib/python3.12/site-packages/airflow/example_dags/example_branch_python_dop_operator_3.py
[2025-06-26T23:05:19.626+0000] {processor.py:925} INFO - DAG(s) 'example_branch_dop_operator_v3' retrieved from /home/airflow/.local/lib/python3.12/site-packages/airflow/example_dags/example_branch_python_dop_operator_3.py
[2025-06-26T23:05:19.648+0000] {logging_mixin.py:190} INFO - [2025-06-26T23:05:19.648+0000] {dag.py:3239} INFO - Sync 1 DAGs
[2025-06-26T23:05:19.675+0000] {logging_mixin.py:190} INFO - [2025-06-26T23:05:19.675+0000] {dag.py:4180} INFO - Setting next_dagrun for example_branch_dop_operator_v3 to 2025-06-26 23:04:00+00:00, run_after=2025-06-26 23:05:00+00:00
[2025-06-26T23:05:19.699+0000] {processor.py:208} INFO - Processing /home/airflow/.local/lib/python3.12/site-packages/airflow/example_dags/example_branch_python_dop_operator_3.py took 0.098 seconds
[2025-06-26T23:05:50.011+0000] {processor.py:186} INFO - Started process (PID=2793) to work on /home/airflow/.local/lib/python3.12/site-packages/airflow/example_dags/example_branch_python_dop_operator_3.py
[2025-06-26T23:05:50.012+0000] {processor.py:914} INFO - Processing file /home/airflow/.local/lib/python3.12/site-packages/airflow/example_dags/example_branch_python_dop_operator_3.py for tasks to queue
[2025-06-26T23:05:50.015+0000] {logging_mixin.py:190} INFO - [2025-06-26T23:05:50.014+0000] {dagbag.py:588} INFO - Filling up the DagBag from /home/airflow/.local/lib/python3.12/site-packages/airflow/example_dags/example_branch_python_dop_operator_3.py
[2025-06-26T23:05:50.023+0000] {processor.py:925} INFO - DAG(s) 'example_branch_dop_operator_v3' retrieved from /home/airflow/.local/lib/python3.12/site-packages/airflow/example_dags/example_branch_python_dop_operator_3.py
[2025-06-26T23:05:50.042+0000] {logging_mixin.py:190} INFO - [2025-06-26T23:05:50.041+0000] {dag.py:3239} INFO - Sync 1 DAGs
[2025-06-26T23:05:50.062+0000] {logging_mixin.py:190} INFO - [2025-06-26T23:05:50.062+0000] {dag.py:4180} INFO - Setting next_dagrun for example_branch_dop_operator_v3 to 2025-06-26 23:04:00+00:00, run_after=2025-06-26 23:05:00+00:00
[2025-06-26T23:05:50.084+0000] {processor.py:208} INFO - Processing /home/airflow/.local/lib/python3.12/site-packages/airflow/example_dags/example_branch_python_dop_operator_3.py took 0.079 seconds
[2025-06-26T23:06:20.937+0000] {processor.py:186} INFO - Started process (PID=2855) to work on /home/airflow/.local/lib/python3.12/site-packages/airflow/example_dags/example_branch_python_dop_operator_3.py
[2025-06-26T23:06:20.938+0000] {processor.py:914} INFO - Processing file /home/airflow/.local/lib/python3.12/site-packages/airflow/example_dags/example_branch_python_dop_operator_3.py for tasks to queue
[2025-06-26T23:06:20.940+0000] {logging_mixin.py:190} INFO - [2025-06-26T23:06:20.940+0000] {dagbag.py:588} INFO - Filling up the DagBag from /home/airflow/.local/lib/python3.12/site-packages/airflow/example_dags/example_branch_python_dop_operator_3.py
[2025-06-26T23:06:20.951+0000] {processor.py:925} INFO - DAG(s) 'example_branch_dop_operator_v3' retrieved from /home/airflow/.local/lib/python3.12/site-packages/airflow/example_dags/example_branch_python_dop_operator_3.py
[2025-06-26T23:06:20.971+0000] {logging_mixin.py:190} INFO - [2025-06-26T23:06:20.971+0000] {dag.py:3239} INFO - Sync 1 DAGs
[2025-06-26T23:06:20.994+0000] {logging_mixin.py:190} INFO - [2025-06-26T23:06:20.994+0000] {dag.py:4180} INFO - Setting next_dagrun for example_branch_dop_operator_v3 to 2025-06-26 23:05:00+00:00, run_after=2025-06-26 23:06:00+00:00
[2025-06-26T23:06:21.016+0000] {processor.py:208} INFO - Processing /home/airflow/.local/lib/python3.12/site-packages/airflow/example_dags/example_branch_python_dop_operator_3.py took 0.084 seconds
[2025-06-26T23:06:51.640+0000] {processor.py:186} INFO - Started process (PID=2917) to work on /home/airflow/.local/lib/python3.12/site-packages/airflow/example_dags/example_branch_python_dop_operator_3.py
[2025-06-26T23:06:51.641+0000] {processor.py:914} INFO - Processing file /home/airflow/.local/lib/python3.12/site-packages/airflow/example_dags/example_branch_python_dop_operator_3.py for tasks to queue
[2025-06-26T23:06:51.643+0000] {logging_mixin.py:190} INFO - [2025-06-26T23:06:51.643+0000] {dagbag.py:588} INFO - Filling up the DagBag from /home/airflow/.local/lib/python3.12/site-packages/airflow/example_dags/example_branch_python_dop_operator_3.py
[2025-06-26T23:06:51.652+0000] {processor.py:925} INFO - DAG(s) 'example_branch_dop_operator_v3' retrieved from /home/airflow/.local/lib/python3.12/site-packages/airflow/example_dags/example_branch_python_dop_operator_3.py
[2025-06-26T23:06:51.669+0000] {logging_mixin.py:190} INFO - [2025-06-26T23:06:51.669+0000] {dag.py:3239} INFO - Sync 1 DAGs
[2025-06-26T23:06:51.689+0000] {logging_mixin.py:190} INFO - [2025-06-26T23:06:51.689+0000] {dag.py:4180} INFO - Setting next_dagrun for example_branch_dop_operator_v3 to 2025-06-26 23:05:00+00:00, run_after=2025-06-26 23:06:00+00:00
[2025-06-26T23:06:51.713+0000] {processor.py:208} INFO - Processing /home/airflow/.local/lib/python3.12/site-packages/airflow/example_dags/example_branch_python_dop_operator_3.py took 0.079 seconds
[2025-06-26T23:07:22.539+0000] {processor.py:186} INFO - Started process (PID=2979) to work on /home/airflow/.local/lib/python3.12/site-packages/airflow/example_dags/example_branch_python_dop_operator_3.py
[2025-06-26T23:07:22.541+0000] {processor.py:914} INFO - Processing file /home/airflow/.local/lib/python3.12/site-packages/airflow/example_dags/example_branch_python_dop_operator_3.py for tasks to queue
[2025-06-26T23:07:22.543+0000] {logging_mixin.py:190} INFO - [2025-06-26T23:07:22.543+0000] {dagbag.py:588} INFO - Filling up the DagBag from /home/airflow/.local/lib/python3.12/site-packages/airflow/example_dags/example_branch_python_dop_operator_3.py
[2025-06-26T23:07:22.554+0000] {processor.py:925} INFO - DAG(s) 'example_branch_dop_operator_v3' retrieved from /home/airflow/.local/lib/python3.12/site-packages/airflow/example_dags/example_branch_python_dop_operator_3.py
[2025-06-26T23:07:22.573+0000] {logging_mixin.py:190} INFO - [2025-06-26T23:07:22.573+0000] {dag.py:3239} INFO - Sync 1 DAGs
[2025-06-26T23:07:22.594+0000] {logging_mixin.py:190} INFO - [2025-06-26T23:07:22.594+0000] {dag.py:4180} INFO - Setting next_dagrun for example_branch_dop_operator_v3 to 2025-06-26 23:06:00+00:00, run_after=2025-06-26 23:07:00+00:00
[2025-06-26T23:07:22.615+0000] {processor.py:208} INFO - Processing /home/airflow/.local/lib/python3.12/site-packages/airflow/example_dags/example_branch_python_dop_operator_3.py took 0.082 seconds
[2025-06-26T23:07:53.388+0000] {processor.py:186} INFO - Started process (PID=3041) to work on /home/airflow/.local/lib/python3.12/site-packages/airflow/example_dags/example_branch_python_dop_operator_3.py
[2025-06-26T23:07:53.389+0000] {processor.py:914} INFO - Processing file /home/airflow/.local/lib/python3.12/site-packages/airflow/example_dags/example_branch_python_dop_operator_3.py for tasks to queue
[2025-06-26T23:07:53.391+0000] {logging_mixin.py:190} INFO - [2025-06-26T23:07:53.391+0000] {dagbag.py:588} INFO - Filling up the DagBag from /home/airflow/.local/lib/python3.12/site-packages/airflow/example_dags/example_branch_python_dop_operator_3.py
[2025-06-26T23:07:53.402+0000] {processor.py:925} INFO - DAG(s) 'example_branch_dop_operator_v3' retrieved from /home/airflow/.local/lib/python3.12/site-packages/airflow/example_dags/example_branch_python_dop_operator_3.py
[2025-06-26T23:07:53.419+0000] {logging_mixin.py:190} INFO - [2025-06-26T23:07:53.419+0000] {dag.py:3239} INFO - Sync 1 DAGs
[2025-06-26T23:07:53.441+0000] {logging_mixin.py:190} INFO - [2025-06-26T23:07:53.441+0000] {dag.py:4180} INFO - Setting next_dagrun for example_branch_dop_operator_v3 to 2025-06-26 23:06:00+00:00, run_after=2025-06-26 23:07:00+00:00
[2025-06-26T23:07:53.464+0000] {processor.py:208} INFO - Processing /home/airflow/.local/lib/python3.12/site-packages/airflow/example_dags/example_branch_python_dop_operator_3.py took 0.081 seconds
[2025-06-26T23:08:24.442+0000] {processor.py:186} INFO - Started process (PID=3103) to work on /home/airflow/.local/lib/python3.12/site-packages/airflow/example_dags/example_branch_python_dop_operator_3.py
[2025-06-26T23:08:24.443+0000] {processor.py:914} INFO - Processing file /home/airflow/.local/lib/python3.12/site-packages/airflow/example_dags/example_branch_python_dop_operator_3.py for tasks to queue
[2025-06-26T23:08:24.445+0000] {logging_mixin.py:190} INFO - [2025-06-26T23:08:24.445+0000] {dagbag.py:588} INFO - Filling up the DagBag from /home/airflow/.local/lib/python3.12/site-packages/airflow/example_dags/example_branch_python_dop_operator_3.py
[2025-06-26T23:08:24.454+0000] {processor.py:925} INFO - DAG(s) 'example_branch_dop_operator_v3' retrieved from /home/airflow/.local/lib/python3.12/site-packages/airflow/example_dags/example_branch_python_dop_operator_3.py
[2025-06-26T23:08:24.474+0000] {logging_mixin.py:190} INFO - [2025-06-26T23:08:24.474+0000] {dag.py:3239} INFO - Sync 1 DAGs
[2025-06-26T23:08:24.499+0000] {logging_mixin.py:190} INFO - [2025-06-26T23:08:24.499+0000] {dag.py:4180} INFO - Setting next_dagrun for example_branch_dop_operator_v3 to 2025-06-26 23:07:00+00:00, run_after=2025-06-26 23:08:00+00:00
[2025-06-26T23:08:24.523+0000] {processor.py:208} INFO - Processing /home/airflow/.local/lib/python3.12/site-packages/airflow/example_dags/example_branch_python_dop_operator_3.py took 0.086 seconds
[2025-06-26T23:08:55.288+0000] {processor.py:186} INFO - Started process (PID=3165) to work on /home/airflow/.local/lib/python3.12/site-packages/airflow/example_dags/example_branch_python_dop_operator_3.py
[2025-06-26T23:08:55.289+0000] {processor.py:914} INFO - Processing file /home/airflow/.local/lib/python3.12/site-packages/airflow/example_dags/example_branch_python_dop_operator_3.py for tasks to queue
[2025-06-26T23:08:55.292+0000] {logging_mixin.py:190} INFO - [2025-06-26T23:08:55.291+0000] {dagbag.py:588} INFO - Filling up the DagBag from /home/airflow/.local/lib/python3.12/site-packages/airflow/example_dags/example_branch_python_dop_operator_3.py
[2025-06-26T23:08:55.302+0000] {processor.py:925} INFO - DAG(s) 'example_branch_dop_operator_v3' retrieved from /home/airflow/.local/lib/python3.12/site-packages/airflow/example_dags/example_branch_python_dop_operator_3.py
[2025-06-26T23:08:55.320+0000] {logging_mixin.py:190} INFO - [2025-06-26T23:08:55.319+0000] {dag.py:3239} INFO - Sync 1 DAGs
[2025-06-26T23:08:55.343+0000] {logging_mixin.py:190} INFO - [2025-06-26T23:08:55.343+0000] {dag.py:4180} INFO - Setting next_dagrun for example_branch_dop_operator_v3 to 2025-06-26 23:07:00+00:00, run_after=2025-06-26 23:08:00+00:00
[2025-06-26T23:08:55.366+0000] {processor.py:208} INFO - Processing /home/airflow/.local/lib/python3.12/site-packages/airflow/example_dags/example_branch_python_dop_operator_3.py took 0.084 seconds
[2025-06-26T23:09:26.187+0000] {processor.py:186} INFO - Started process (PID=3227) to work on /home/airflow/.local/lib/python3.12/site-packages/airflow/example_dags/example_branch_python_dop_operator_3.py
[2025-06-26T23:09:26.188+0000] {processor.py:914} INFO - Processing file /home/airflow/.local/lib/python3.12/site-packages/airflow/example_dags/example_branch_python_dop_operator_3.py for tasks to queue
[2025-06-26T23:09:26.190+0000] {logging_mixin.py:190} INFO - [2025-06-26T23:09:26.190+0000] {dagbag.py:588} INFO - Filling up the DagBag from /home/airflow/.local/lib/python3.12/site-packages/airflow/example_dags/example_branch_python_dop_operator_3.py
[2025-06-26T23:09:26.199+0000] {processor.py:925} INFO - DAG(s) 'example_branch_dop_operator_v3' retrieved from /home/airflow/.local/lib/python3.12/site-packages/airflow/example_dags/example_branch_python_dop_operator_3.py
[2025-06-26T23:09:26.216+0000] {logging_mixin.py:190} INFO - [2025-06-26T23:09:26.216+0000] {dag.py:3239} INFO - Sync 1 DAGs
[2025-06-26T23:09:26.240+0000] {logging_mixin.py:190} INFO - [2025-06-26T23:09:26.240+0000] {dag.py:4180} INFO - Setting next_dagrun for example_branch_dop_operator_v3 to 2025-06-26 23:08:00+00:00, run_after=2025-06-26 23:09:00+00:00
[2025-06-26T23:09:26.261+0000] {processor.py:208} INFO - Processing /home/airflow/.local/lib/python3.12/site-packages/airflow/example_dags/example_branch_python_dop_operator_3.py took 0.080 seconds
[2025-06-26T23:09:56.303+0000] {processor.py:186} INFO - Started process (PID=3289) to work on /home/airflow/.local/lib/python3.12/site-packages/airflow/example_dags/example_branch_python_dop_operator_3.py
[2025-06-26T23:09:56.304+0000] {processor.py:914} INFO - Processing file /home/airflow/.local/lib/python3.12/site-packages/airflow/example_dags/example_branch_python_dop_operator_3.py for tasks to queue
[2025-06-26T23:09:56.306+0000] {logging_mixin.py:190} INFO - [2025-06-26T23:09:56.306+0000] {dagbag.py:588} INFO - Filling up the DagBag from /home/airflow/.local/lib/python3.12/site-packages/airflow/example_dags/example_branch_python_dop_operator_3.py
[2025-06-26T23:09:56.314+0000] {processor.py:925} INFO - DAG(s) 'example_branch_dop_operator_v3' retrieved from /home/airflow/.local/lib/python3.12/site-packages/airflow/example_dags/example_branch_python_dop_operator_3.py
[2025-06-26T23:09:56.333+0000] {logging_mixin.py:190} INFO - [2025-06-26T23:09:56.333+0000] {dag.py:3239} INFO - Sync 1 DAGs
[2025-06-26T23:09:56.352+0000] {logging_mixin.py:190} INFO - [2025-06-26T23:09:56.352+0000] {dag.py:4180} INFO - Setting next_dagrun for example_branch_dop_operator_v3 to 2025-06-26 23:08:00+00:00, run_after=2025-06-26 23:09:00+00:00
[2025-06-26T23:09:56.374+0000] {processor.py:208} INFO - Processing /home/airflow/.local/lib/python3.12/site-packages/airflow/example_dags/example_branch_python_dop_operator_3.py took 0.076 seconds
[2025-06-26T23:10:27.122+0000] {processor.py:186} INFO - Started process (PID=3351) to work on /home/airflow/.local/lib/python3.12/site-packages/airflow/example_dags/example_branch_python_dop_operator_3.py
[2025-06-26T23:10:27.123+0000] {processor.py:914} INFO - Processing file /home/airflow/.local/lib/python3.12/site-packages/airflow/example_dags/example_branch_python_dop_operator_3.py for tasks to queue
[2025-06-26T23:10:27.127+0000] {logging_mixin.py:190} INFO - [2025-06-26T23:10:27.126+0000] {dagbag.py:588} INFO - Filling up the DagBag from /home/airflow/.local/lib/python3.12/site-packages/airflow/example_dags/example_branch_python_dop_operator_3.py
[2025-06-26T23:10:27.138+0000] {processor.py:925} INFO - DAG(s) 'example_branch_dop_operator_v3' retrieved from /home/airflow/.local/lib/python3.12/site-packages/airflow/example_dags/example_branch_python_dop_operator_3.py
[2025-06-26T23:10:27.162+0000] {logging_mixin.py:190} INFO - [2025-06-26T23:10:27.161+0000] {dag.py:3239} INFO - Sync 1 DAGs
[2025-06-26T23:10:27.188+0000] {logging_mixin.py:190} INFO - [2025-06-26T23:10:27.188+0000] {dag.py:4180} INFO - Setting next_dagrun for example_branch_dop_operator_v3 to 2025-06-26 23:09:00+00:00, run_after=2025-06-26 23:10:00+00:00
[2025-06-26T23:10:27.213+0000] {processor.py:208} INFO - Processing /home/airflow/.local/lib/python3.12/site-packages/airflow/example_dags/example_branch_python_dop_operator_3.py took 0.100 seconds
