[2025-06-26T22:43:35.723+0000] {processor.py:186} INFO - Started process (PID=102) to work on /home/airflow/.local/lib/python3.12/site-packages/airflow/example_dags/example_xcom.py
[2025-06-26T22:43:35.724+0000] {processor.py:914} INFO - Processing file /home/airflow/.local/lib/python3.12/site-packages/airflow/example_dags/example_xcom.py for tasks to queue
[2025-06-26T22:43:35.727+0000] {logging_mixin.py:190} INFO - [2025-06-26T22:43:35.727+0000] {dagbag.py:588} INFO - Filling up the DagBag from /home/airflow/.local/lib/python3.12/site-packages/airflow/example_dags/example_xcom.py
[2025-06-26T22:43:35.738+0000] {processor.py:925} INFO - DAG(s) 'example_xcom' retrieved from /home/airflow/.local/lib/python3.12/site-packages/airflow/example_dags/example_xcom.py
[2025-06-26T22:43:35.833+0000] {logging_mixin.py:190} INFO - [2025-06-26T22:43:35.832+0000] {override.py:1900} INFO - Created Permission View: can read on DAG:example_xcom
[2025-06-26T22:43:35.844+0000] {logging_mixin.py:190} INFO - [2025-06-26T22:43:35.844+0000] {override.py:1900} INFO - Created Permission View: can edit on DAG:example_xcom
[2025-06-26T22:43:35.852+0000] {logging_mixin.py:190} INFO - [2025-06-26T22:43:35.852+0000] {override.py:1900} INFO - Created Permission View: can delete on DAG:example_xcom
[2025-06-26T22:43:35.863+0000] {logging_mixin.py:190} INFO - [2025-06-26T22:43:35.863+0000] {override.py:1900} INFO - Created Permission View: can read on DAG Run:example_xcom
[2025-06-26T22:43:35.873+0000] {logging_mixin.py:190} INFO - [2025-06-26T22:43:35.873+0000] {override.py:1900} INFO - Created Permission View: can delete on DAG Run:example_xcom
[2025-06-26T22:43:35.881+0000] {logging_mixin.py:190} INFO - [2025-06-26T22:43:35.881+0000] {override.py:1900} INFO - Created Permission View: menu access on DAG Run:example_xcom
[2025-06-26T22:43:35.889+0000] {logging_mixin.py:190} INFO - [2025-06-26T22:43:35.889+0000] {override.py:1900} INFO - Created Permission View: can create on DAG Run:example_xcom
[2025-06-26T22:43:35.889+0000] {logging_mixin.py:190} INFO - [2025-06-26T22:43:35.889+0000] {dag.py:3239} INFO - Sync 1 DAGs
[2025-06-26T22:43:35.899+0000] {logging_mixin.py:190} INFO - [2025-06-26T22:43:35.899+0000] {dag.py:3262} INFO - Creating ORM DAG for example_xcom
[2025-06-26T22:43:35.910+0000] {logging_mixin.py:190} INFO - [2025-06-26T22:43:35.909+0000] {dag.py:4180} INFO - Setting next_dagrun for example_xcom to 2021-01-01 00:00:00+00:00, run_after=2021-01-01 00:00:00+00:00
[2025-06-26T22:43:35.938+0000] {processor.py:208} INFO - Processing /home/airflow/.local/lib/python3.12/site-packages/airflow/example_dags/example_xcom.py took 0.222 seconds
[2025-06-26T22:44:06.208+0000] {processor.py:186} INFO - Started process (PID=164) to work on /home/airflow/.local/lib/python3.12/site-packages/airflow/example_dags/example_xcom.py
[2025-06-26T22:44:06.209+0000] {processor.py:914} INFO - Processing file /home/airflow/.local/lib/python3.12/site-packages/airflow/example_dags/example_xcom.py for tasks to queue
[2025-06-26T22:44:06.216+0000] {logging_mixin.py:190} INFO - [2025-06-26T22:44:06.215+0000] {dagbag.py:588} INFO - Filling up the DagBag from /home/airflow/.local/lib/python3.12/site-packages/airflow/example_dags/example_xcom.py
[2025-06-26T22:44:06.225+0000] {processor.py:925} INFO - DAG(s) 'example_xcom' retrieved from /home/airflow/.local/lib/python3.12/site-packages/airflow/example_dags/example_xcom.py
[2025-06-26T22:44:06.250+0000] {logging_mixin.py:190} INFO - [2025-06-26T22:44:06.249+0000] {dag.py:3239} INFO - Sync 1 DAGs
[2025-06-26T22:44:06.270+0000] {logging_mixin.py:190} INFO - [2025-06-26T22:44:06.270+0000] {dag.py:4180} INFO - Setting next_dagrun for example_xcom to 2021-01-01 00:00:00+00:00, run_after=2021-01-01 00:00:00+00:00
[2025-06-26T22:44:06.290+0000] {processor.py:208} INFO - Processing /home/airflow/.local/lib/python3.12/site-packages/airflow/example_dags/example_xcom.py took 0.088 seconds
[2025-06-26T22:44:36.733+0000] {processor.py:186} INFO - Started process (PID=226) to work on /home/airflow/.local/lib/python3.12/site-packages/airflow/example_dags/example_xcom.py
[2025-06-26T22:44:36.734+0000] {processor.py:914} INFO - Processing file /home/airflow/.local/lib/python3.12/site-packages/airflow/example_dags/example_xcom.py for tasks to queue
[2025-06-26T22:44:36.737+0000] {logging_mixin.py:190} INFO - [2025-06-26T22:44:36.736+0000] {dagbag.py:588} INFO - Filling up the DagBag from /home/airflow/.local/lib/python3.12/site-packages/airflow/example_dags/example_xcom.py
[2025-06-26T22:44:36.745+0000] {processor.py:925} INFO - DAG(s) 'example_xcom' retrieved from /home/airflow/.local/lib/python3.12/site-packages/airflow/example_dags/example_xcom.py
[2025-06-26T22:44:36.767+0000] {logging_mixin.py:190} INFO - [2025-06-26T22:44:36.766+0000] {dag.py:3239} INFO - Sync 1 DAGs
[2025-06-26T22:44:36.787+0000] {logging_mixin.py:190} INFO - [2025-06-26T22:44:36.786+0000] {dag.py:4180} INFO - Setting next_dagrun for example_xcom to 2021-01-01 00:00:00+00:00, run_after=2021-01-01 00:00:00+00:00
[2025-06-26T22:44:36.807+0000] {processor.py:208} INFO - Processing /home/airflow/.local/lib/python3.12/site-packages/airflow/example_dags/example_xcom.py took 0.080 seconds
[2025-06-26T22:45:07.102+0000] {processor.py:186} INFO - Started process (PID=288) to work on /home/airflow/.local/lib/python3.12/site-packages/airflow/example_dags/example_xcom.py
[2025-06-26T22:45:07.103+0000] {processor.py:914} INFO - Processing file /home/airflow/.local/lib/python3.12/site-packages/airflow/example_dags/example_xcom.py for tasks to queue
[2025-06-26T22:45:07.105+0000] {logging_mixin.py:190} INFO - [2025-06-26T22:45:07.105+0000] {dagbag.py:588} INFO - Filling up the DagBag from /home/airflow/.local/lib/python3.12/site-packages/airflow/example_dags/example_xcom.py
[2025-06-26T22:45:07.115+0000] {processor.py:925} INFO - DAG(s) 'example_xcom' retrieved from /home/airflow/.local/lib/python3.12/site-packages/airflow/example_dags/example_xcom.py
[2025-06-26T22:45:07.136+0000] {logging_mixin.py:190} INFO - [2025-06-26T22:45:07.136+0000] {dag.py:3239} INFO - Sync 1 DAGs
[2025-06-26T22:45:07.157+0000] {logging_mixin.py:190} INFO - [2025-06-26T22:45:07.157+0000] {dag.py:4180} INFO - Setting next_dagrun for example_xcom to 2021-01-01 00:00:00+00:00, run_after=2021-01-01 00:00:00+00:00
[2025-06-26T22:45:07.175+0000] {processor.py:208} INFO - Processing /home/airflow/.local/lib/python3.12/site-packages/airflow/example_dags/example_xcom.py took 0.079 seconds
[2025-06-26T22:45:37.424+0000] {processor.py:186} INFO - Started process (PID=350) to work on /home/airflow/.local/lib/python3.12/site-packages/airflow/example_dags/example_xcom.py
[2025-06-26T22:45:37.426+0000] {processor.py:914} INFO - Processing file /home/airflow/.local/lib/python3.12/site-packages/airflow/example_dags/example_xcom.py for tasks to queue
[2025-06-26T22:45:37.428+0000] {logging_mixin.py:190} INFO - [2025-06-26T22:45:37.427+0000] {dagbag.py:588} INFO - Filling up the DagBag from /home/airflow/.local/lib/python3.12/site-packages/airflow/example_dags/example_xcom.py
[2025-06-26T22:45:37.436+0000] {processor.py:925} INFO - DAG(s) 'example_xcom' retrieved from /home/airflow/.local/lib/python3.12/site-packages/airflow/example_dags/example_xcom.py
[2025-06-26T22:45:37.455+0000] {logging_mixin.py:190} INFO - [2025-06-26T22:45:37.455+0000] {dag.py:3239} INFO - Sync 1 DAGs
[2025-06-26T22:45:37.474+0000] {logging_mixin.py:190} INFO - [2025-06-26T22:45:37.473+0000] {dag.py:4180} INFO - Setting next_dagrun for example_xcom to 2021-01-01 00:00:00+00:00, run_after=2021-01-01 00:00:00+00:00
[2025-06-26T22:45:37.490+0000] {processor.py:208} INFO - Processing /home/airflow/.local/lib/python3.12/site-packages/airflow/example_dags/example_xcom.py took 0.071 seconds
[2025-06-26T22:46:08.015+0000] {processor.py:186} INFO - Started process (PID=412) to work on /home/airflow/.local/lib/python3.12/site-packages/airflow/example_dags/example_xcom.py
[2025-06-26T22:46:08.017+0000] {processor.py:914} INFO - Processing file /home/airflow/.local/lib/python3.12/site-packages/airflow/example_dags/example_xcom.py for tasks to queue
[2025-06-26T22:46:08.019+0000] {logging_mixin.py:190} INFO - [2025-06-26T22:46:08.019+0000] {dagbag.py:588} INFO - Filling up the DagBag from /home/airflow/.local/lib/python3.12/site-packages/airflow/example_dags/example_xcom.py
[2025-06-26T22:46:08.031+0000] {processor.py:925} INFO - DAG(s) 'example_xcom' retrieved from /home/airflow/.local/lib/python3.12/site-packages/airflow/example_dags/example_xcom.py
[2025-06-26T22:46:08.059+0000] {logging_mixin.py:190} INFO - [2025-06-26T22:46:08.058+0000] {dag.py:3239} INFO - Sync 1 DAGs
[2025-06-26T22:46:08.081+0000] {logging_mixin.py:190} INFO - [2025-06-26T22:46:08.081+0000] {dag.py:4180} INFO - Setting next_dagrun for example_xcom to 2021-01-01 00:00:00+00:00, run_after=2021-01-01 00:00:00+00:00
[2025-06-26T22:46:08.097+0000] {processor.py:208} INFO - Processing /home/airflow/.local/lib/python3.12/site-packages/airflow/example_dags/example_xcom.py took 0.088 seconds
[2025-06-26T22:46:38.561+0000] {processor.py:186} INFO - Started process (PID=474) to work on /home/airflow/.local/lib/python3.12/site-packages/airflow/example_dags/example_xcom.py
[2025-06-26T22:46:38.562+0000] {processor.py:914} INFO - Processing file /home/airflow/.local/lib/python3.12/site-packages/airflow/example_dags/example_xcom.py for tasks to queue
[2025-06-26T22:46:38.566+0000] {logging_mixin.py:190} INFO - [2025-06-26T22:46:38.566+0000] {dagbag.py:588} INFO - Filling up the DagBag from /home/airflow/.local/lib/python3.12/site-packages/airflow/example_dags/example_xcom.py
[2025-06-26T22:46:38.577+0000] {processor.py:925} INFO - DAG(s) 'example_xcom' retrieved from /home/airflow/.local/lib/python3.12/site-packages/airflow/example_dags/example_xcom.py
[2025-06-26T22:46:38.606+0000] {logging_mixin.py:190} INFO - [2025-06-26T22:46:38.605+0000] {dag.py:3239} INFO - Sync 1 DAGs
[2025-06-26T22:46:38.626+0000] {logging_mixin.py:190} INFO - [2025-06-26T22:46:38.626+0000] {dag.py:4180} INFO - Setting next_dagrun for example_xcom to 2021-01-01 00:00:00+00:00, run_after=2021-01-01 00:00:00+00:00
[2025-06-26T22:46:38.647+0000] {processor.py:208} INFO - Processing /home/airflow/.local/lib/python3.12/site-packages/airflow/example_dags/example_xcom.py took 0.092 seconds
[2025-06-26T22:47:08.888+0000] {processor.py:186} INFO - Started process (PID=536) to work on /home/airflow/.local/lib/python3.12/site-packages/airflow/example_dags/example_xcom.py
[2025-06-26T22:47:08.889+0000] {processor.py:914} INFO - Processing file /home/airflow/.local/lib/python3.12/site-packages/airflow/example_dags/example_xcom.py for tasks to queue
[2025-06-26T22:47:08.892+0000] {logging_mixin.py:190} INFO - [2025-06-26T22:47:08.892+0000] {dagbag.py:588} INFO - Filling up the DagBag from /home/airflow/.local/lib/python3.12/site-packages/airflow/example_dags/example_xcom.py
[2025-06-26T22:47:08.900+0000] {processor.py:925} INFO - DAG(s) 'example_xcom' retrieved from /home/airflow/.local/lib/python3.12/site-packages/airflow/example_dags/example_xcom.py
[2025-06-26T22:47:08.922+0000] {logging_mixin.py:190} INFO - [2025-06-26T22:47:08.922+0000] {dag.py:3239} INFO - Sync 1 DAGs
[2025-06-26T22:47:08.944+0000] {logging_mixin.py:190} INFO - [2025-06-26T22:47:08.944+0000] {dag.py:4180} INFO - Setting next_dagrun for example_xcom to 2021-01-01 00:00:00+00:00, run_after=2021-01-01 00:00:00+00:00
[2025-06-26T22:47:08.962+0000] {processor.py:208} INFO - Processing /home/airflow/.local/lib/python3.12/site-packages/airflow/example_dags/example_xcom.py took 0.079 seconds
[2025-06-26T22:47:39.325+0000] {processor.py:186} INFO - Started process (PID=598) to work on /home/airflow/.local/lib/python3.12/site-packages/airflow/example_dags/example_xcom.py
[2025-06-26T22:47:39.326+0000] {processor.py:914} INFO - Processing file /home/airflow/.local/lib/python3.12/site-packages/airflow/example_dags/example_xcom.py for tasks to queue
[2025-06-26T22:47:39.329+0000] {logging_mixin.py:190} INFO - [2025-06-26T22:47:39.328+0000] {dagbag.py:588} INFO - Filling up the DagBag from /home/airflow/.local/lib/python3.12/site-packages/airflow/example_dags/example_xcom.py
[2025-06-26T22:47:39.339+0000] {processor.py:925} INFO - DAG(s) 'example_xcom' retrieved from /home/airflow/.local/lib/python3.12/site-packages/airflow/example_dags/example_xcom.py
[2025-06-26T22:47:39.360+0000] {logging_mixin.py:190} INFO - [2025-06-26T22:47:39.360+0000] {dag.py:3239} INFO - Sync 1 DAGs
[2025-06-26T22:47:39.379+0000] {logging_mixin.py:190} INFO - [2025-06-26T22:47:39.378+0000] {dag.py:4180} INFO - Setting next_dagrun for example_xcom to 2021-01-01 00:00:00+00:00, run_after=2021-01-01 00:00:00+00:00
[2025-06-26T22:47:39.398+0000] {processor.py:208} INFO - Processing /home/airflow/.local/lib/python3.12/site-packages/airflow/example_dags/example_xcom.py took 0.078 seconds
[2025-06-26T22:48:09.647+0000] {processor.py:186} INFO - Started process (PID=660) to work on /home/airflow/.local/lib/python3.12/site-packages/airflow/example_dags/example_xcom.py
[2025-06-26T22:48:09.648+0000] {processor.py:914} INFO - Processing file /home/airflow/.local/lib/python3.12/site-packages/airflow/example_dags/example_xcom.py for tasks to queue
[2025-06-26T22:48:09.650+0000] {logging_mixin.py:190} INFO - [2025-06-26T22:48:09.650+0000] {dagbag.py:588} INFO - Filling up the DagBag from /home/airflow/.local/lib/python3.12/site-packages/airflow/example_dags/example_xcom.py
[2025-06-26T22:48:09.660+0000] {processor.py:925} INFO - DAG(s) 'example_xcom' retrieved from /home/airflow/.local/lib/python3.12/site-packages/airflow/example_dags/example_xcom.py
[2025-06-26T22:48:09.680+0000] {logging_mixin.py:190} INFO - [2025-06-26T22:48:09.680+0000] {dag.py:3239} INFO - Sync 1 DAGs
[2025-06-26T22:48:09.699+0000] {logging_mixin.py:190} INFO - [2025-06-26T22:48:09.699+0000] {dag.py:4180} INFO - Setting next_dagrun for example_xcom to 2021-01-01 00:00:00+00:00, run_after=2021-01-01 00:00:00+00:00
[2025-06-26T22:48:09.716+0000] {processor.py:208} INFO - Processing /home/airflow/.local/lib/python3.12/site-packages/airflow/example_dags/example_xcom.py took 0.075 seconds
[2025-06-26T22:48:39.947+0000] {processor.py:186} INFO - Started process (PID=722) to work on /home/airflow/.local/lib/python3.12/site-packages/airflow/example_dags/example_xcom.py
[2025-06-26T22:48:39.948+0000] {processor.py:914} INFO - Processing file /home/airflow/.local/lib/python3.12/site-packages/airflow/example_dags/example_xcom.py for tasks to queue
[2025-06-26T22:48:39.950+0000] {logging_mixin.py:190} INFO - [2025-06-26T22:48:39.950+0000] {dagbag.py:588} INFO - Filling up the DagBag from /home/airflow/.local/lib/python3.12/site-packages/airflow/example_dags/example_xcom.py
[2025-06-26T22:48:39.960+0000] {processor.py:925} INFO - DAG(s) 'example_xcom' retrieved from /home/airflow/.local/lib/python3.12/site-packages/airflow/example_dags/example_xcom.py
[2025-06-26T22:48:39.980+0000] {logging_mixin.py:190} INFO - [2025-06-26T22:48:39.979+0000] {dag.py:3239} INFO - Sync 1 DAGs
[2025-06-26T22:48:40.000+0000] {logging_mixin.py:190} INFO - [2025-06-26T22:48:40.000+0000] {dag.py:4180} INFO - Setting next_dagrun for example_xcom to 2021-01-01 00:00:00+00:00, run_after=2021-01-01 00:00:00+00:00
[2025-06-26T22:48:40.019+0000] {processor.py:208} INFO - Processing /home/airflow/.local/lib/python3.12/site-packages/airflow/example_dags/example_xcom.py took 0.077 seconds
[2025-06-26T22:49:10.298+0000] {processor.py:186} INFO - Started process (PID=784) to work on /home/airflow/.local/lib/python3.12/site-packages/airflow/example_dags/example_xcom.py
[2025-06-26T22:49:10.299+0000] {processor.py:914} INFO - Processing file /home/airflow/.local/lib/python3.12/site-packages/airflow/example_dags/example_xcom.py for tasks to queue
[2025-06-26T22:49:10.302+0000] {logging_mixin.py:190} INFO - [2025-06-26T22:49:10.302+0000] {dagbag.py:588} INFO - Filling up the DagBag from /home/airflow/.local/lib/python3.12/site-packages/airflow/example_dags/example_xcom.py
[2025-06-26T22:49:10.314+0000] {processor.py:925} INFO - DAG(s) 'example_xcom' retrieved from /home/airflow/.local/lib/python3.12/site-packages/airflow/example_dags/example_xcom.py
[2025-06-26T22:49:10.336+0000] {logging_mixin.py:190} INFO - [2025-06-26T22:49:10.336+0000] {dag.py:3239} INFO - Sync 1 DAGs
[2025-06-26T22:49:10.357+0000] {logging_mixin.py:190} INFO - [2025-06-26T22:49:10.357+0000] {dag.py:4180} INFO - Setting next_dagrun for example_xcom to 2021-01-01 00:00:00+00:00, run_after=2021-01-01 00:00:00+00:00
[2025-06-26T22:49:10.378+0000] {processor.py:208} INFO - Processing /home/airflow/.local/lib/python3.12/site-packages/airflow/example_dags/example_xcom.py took 0.085 seconds
[2025-06-26T22:49:40.652+0000] {processor.py:186} INFO - Started process (PID=846) to work on /home/airflow/.local/lib/python3.12/site-packages/airflow/example_dags/example_xcom.py
[2025-06-26T22:49:40.653+0000] {processor.py:914} INFO - Processing file /home/airflow/.local/lib/python3.12/site-packages/airflow/example_dags/example_xcom.py for tasks to queue
[2025-06-26T22:49:40.655+0000] {logging_mixin.py:190} INFO - [2025-06-26T22:49:40.655+0000] {dagbag.py:588} INFO - Filling up the DagBag from /home/airflow/.local/lib/python3.12/site-packages/airflow/example_dags/example_xcom.py
[2025-06-26T22:49:40.664+0000] {processor.py:925} INFO - DAG(s) 'example_xcom' retrieved from /home/airflow/.local/lib/python3.12/site-packages/airflow/example_dags/example_xcom.py
[2025-06-26T22:49:40.683+0000] {logging_mixin.py:190} INFO - [2025-06-26T22:49:40.683+0000] {dag.py:3239} INFO - Sync 1 DAGs
[2025-06-26T22:49:40.702+0000] {logging_mixin.py:190} INFO - [2025-06-26T22:49:40.702+0000] {dag.py:4180} INFO - Setting next_dagrun for example_xcom to 2021-01-01 00:00:00+00:00, run_after=2021-01-01 00:00:00+00:00
[2025-06-26T22:49:40.722+0000] {processor.py:208} INFO - Processing /home/airflow/.local/lib/python3.12/site-packages/airflow/example_dags/example_xcom.py took 0.075 seconds
[2025-06-26T22:50:11.090+0000] {processor.py:186} INFO - Started process (PID=908) to work on /home/airflow/.local/lib/python3.12/site-packages/airflow/example_dags/example_xcom.py
[2025-06-26T22:50:11.091+0000] {processor.py:914} INFO - Processing file /home/airflow/.local/lib/python3.12/site-packages/airflow/example_dags/example_xcom.py for tasks to queue
[2025-06-26T22:50:11.093+0000] {logging_mixin.py:190} INFO - [2025-06-26T22:50:11.093+0000] {dagbag.py:588} INFO - Filling up the DagBag from /home/airflow/.local/lib/python3.12/site-packages/airflow/example_dags/example_xcom.py
[2025-06-26T22:50:11.102+0000] {processor.py:925} INFO - DAG(s) 'example_xcom' retrieved from /home/airflow/.local/lib/python3.12/site-packages/airflow/example_dags/example_xcom.py
[2025-06-26T22:50:11.121+0000] {logging_mixin.py:190} INFO - [2025-06-26T22:50:11.121+0000] {dag.py:3239} INFO - Sync 1 DAGs
[2025-06-26T22:50:11.141+0000] {logging_mixin.py:190} INFO - [2025-06-26T22:50:11.141+0000] {dag.py:4180} INFO - Setting next_dagrun for example_xcom to 2021-01-01 00:00:00+00:00, run_after=2021-01-01 00:00:00+00:00
[2025-06-26T22:50:11.158+0000] {processor.py:208} INFO - Processing /home/airflow/.local/lib/python3.12/site-packages/airflow/example_dags/example_xcom.py took 0.073 seconds
[2025-06-26T22:50:41.461+0000] {processor.py:186} INFO - Started process (PID=969) to work on /home/airflow/.local/lib/python3.12/site-packages/airflow/example_dags/example_xcom.py
[2025-06-26T22:50:41.463+0000] {processor.py:914} INFO - Processing file /home/airflow/.local/lib/python3.12/site-packages/airflow/example_dags/example_xcom.py for tasks to queue
[2025-06-26T22:50:41.465+0000] {logging_mixin.py:190} INFO - [2025-06-26T22:50:41.465+0000] {dagbag.py:588} INFO - Filling up the DagBag from /home/airflow/.local/lib/python3.12/site-packages/airflow/example_dags/example_xcom.py
[2025-06-26T22:50:41.474+0000] {processor.py:925} INFO - DAG(s) 'example_xcom' retrieved from /home/airflow/.local/lib/python3.12/site-packages/airflow/example_dags/example_xcom.py
[2025-06-26T22:50:41.496+0000] {logging_mixin.py:190} INFO - [2025-06-26T22:50:41.496+0000] {dag.py:3239} INFO - Sync 1 DAGs
[2025-06-26T22:50:41.517+0000] {logging_mixin.py:190} INFO - [2025-06-26T22:50:41.516+0000] {dag.py:4180} INFO - Setting next_dagrun for example_xcom to 2021-01-01 00:00:00+00:00, run_after=2021-01-01 00:00:00+00:00
[2025-06-26T22:50:41.539+0000] {processor.py:208} INFO - Processing /home/airflow/.local/lib/python3.12/site-packages/airflow/example_dags/example_xcom.py took 0.085 seconds
[2025-06-26T22:51:12.010+0000] {processor.py:186} INFO - Started process (PID=1031) to work on /home/airflow/.local/lib/python3.12/site-packages/airflow/example_dags/example_xcom.py
[2025-06-26T22:51:12.011+0000] {processor.py:914} INFO - Processing file /home/airflow/.local/lib/python3.12/site-packages/airflow/example_dags/example_xcom.py for tasks to queue
[2025-06-26T22:51:12.013+0000] {logging_mixin.py:190} INFO - [2025-06-26T22:51:12.013+0000] {dagbag.py:588} INFO - Filling up the DagBag from /home/airflow/.local/lib/python3.12/site-packages/airflow/example_dags/example_xcom.py
[2025-06-26T22:51:12.021+0000] {processor.py:925} INFO - DAG(s) 'example_xcom' retrieved from /home/airflow/.local/lib/python3.12/site-packages/airflow/example_dags/example_xcom.py
[2025-06-26T22:51:12.039+0000] {logging_mixin.py:190} INFO - [2025-06-26T22:51:12.039+0000] {dag.py:3239} INFO - Sync 1 DAGs
[2025-06-26T22:51:12.058+0000] {logging_mixin.py:190} INFO - [2025-06-26T22:51:12.058+0000] {dag.py:4180} INFO - Setting next_dagrun for example_xcom to 2021-01-01 00:00:00+00:00, run_after=2021-01-01 00:00:00+00:00
[2025-06-26T22:51:12.075+0000] {processor.py:208} INFO - Processing /home/airflow/.local/lib/python3.12/site-packages/airflow/example_dags/example_xcom.py took 0.071 seconds
[2025-06-26T22:51:42.317+0000] {processor.py:186} INFO - Started process (PID=1093) to work on /home/airflow/.local/lib/python3.12/site-packages/airflow/example_dags/example_xcom.py
[2025-06-26T22:51:42.318+0000] {processor.py:914} INFO - Processing file /home/airflow/.local/lib/python3.12/site-packages/airflow/example_dags/example_xcom.py for tasks to queue
[2025-06-26T22:51:42.320+0000] {logging_mixin.py:190} INFO - [2025-06-26T22:51:42.320+0000] {dagbag.py:588} INFO - Filling up the DagBag from /home/airflow/.local/lib/python3.12/site-packages/airflow/example_dags/example_xcom.py
[2025-06-26T22:51:42.331+0000] {processor.py:925} INFO - DAG(s) 'example_xcom' retrieved from /home/airflow/.local/lib/python3.12/site-packages/airflow/example_dags/example_xcom.py
[2025-06-26T22:51:42.350+0000] {logging_mixin.py:190} INFO - [2025-06-26T22:51:42.349+0000] {dag.py:3239} INFO - Sync 1 DAGs
[2025-06-26T22:51:42.370+0000] {logging_mixin.py:190} INFO - [2025-06-26T22:51:42.369+0000] {dag.py:4180} INFO - Setting next_dagrun for example_xcom to 2021-01-01 00:00:00+00:00, run_after=2021-01-01 00:00:00+00:00
[2025-06-26T22:51:42.389+0000] {processor.py:208} INFO - Processing /home/airflow/.local/lib/python3.12/site-packages/airflow/example_dags/example_xcom.py took 0.077 seconds
[2025-06-26T22:52:12.627+0000] {processor.py:186} INFO - Started process (PID=1155) to work on /home/airflow/.local/lib/python3.12/site-packages/airflow/example_dags/example_xcom.py
[2025-06-26T22:52:12.628+0000] {processor.py:914} INFO - Processing file /home/airflow/.local/lib/python3.12/site-packages/airflow/example_dags/example_xcom.py for tasks to queue
[2025-06-26T22:52:12.631+0000] {logging_mixin.py:190} INFO - [2025-06-26T22:52:12.631+0000] {dagbag.py:588} INFO - Filling up the DagBag from /home/airflow/.local/lib/python3.12/site-packages/airflow/example_dags/example_xcom.py
[2025-06-26T22:52:12.639+0000] {processor.py:925} INFO - DAG(s) 'example_xcom' retrieved from /home/airflow/.local/lib/python3.12/site-packages/airflow/example_dags/example_xcom.py
[2025-06-26T22:52:12.658+0000] {logging_mixin.py:190} INFO - [2025-06-26T22:52:12.658+0000] {dag.py:3239} INFO - Sync 1 DAGs
[2025-06-26T22:52:12.677+0000] {logging_mixin.py:190} INFO - [2025-06-26T22:52:12.676+0000] {dag.py:4180} INFO - Setting next_dagrun for example_xcom to 2021-01-01 00:00:00+00:00, run_after=2021-01-01 00:00:00+00:00
[2025-06-26T22:52:12.696+0000] {processor.py:208} INFO - Processing /home/airflow/.local/lib/python3.12/site-packages/airflow/example_dags/example_xcom.py took 0.074 seconds
[2025-06-26T22:52:43.680+0000] {processor.py:186} INFO - Started process (PID=1217) to work on /home/airflow/.local/lib/python3.12/site-packages/airflow/example_dags/example_xcom.py
[2025-06-26T22:52:43.681+0000] {processor.py:914} INFO - Processing file /home/airflow/.local/lib/python3.12/site-packages/airflow/example_dags/example_xcom.py for tasks to queue
[2025-06-26T22:52:43.683+0000] {logging_mixin.py:190} INFO - [2025-06-26T22:52:43.683+0000] {dagbag.py:588} INFO - Filling up the DagBag from /home/airflow/.local/lib/python3.12/site-packages/airflow/example_dags/example_xcom.py
[2025-06-26T22:52:43.691+0000] {processor.py:925} INFO - DAG(s) 'example_xcom' retrieved from /home/airflow/.local/lib/python3.12/site-packages/airflow/example_dags/example_xcom.py
[2025-06-26T22:52:43.718+0000] {logging_mixin.py:190} INFO - [2025-06-26T22:52:43.717+0000] {dag.py:3239} INFO - Sync 1 DAGs
[2025-06-26T22:52:43.738+0000] {logging_mixin.py:190} INFO - [2025-06-26T22:52:43.738+0000] {dag.py:4180} INFO - Setting next_dagrun for example_xcom to 2021-01-01 00:00:00+00:00, run_after=2021-01-01 00:00:00+00:00
[2025-06-26T22:52:43.756+0000] {processor.py:208} INFO - Processing /home/airflow/.local/lib/python3.12/site-packages/airflow/example_dags/example_xcom.py took 0.081 seconds
[2025-06-26T22:53:14.198+0000] {processor.py:186} INFO - Started process (PID=1279) to work on /home/airflow/.local/lib/python3.12/site-packages/airflow/example_dags/example_xcom.py
[2025-06-26T22:53:14.199+0000] {processor.py:914} INFO - Processing file /home/airflow/.local/lib/python3.12/site-packages/airflow/example_dags/example_xcom.py for tasks to queue
[2025-06-26T22:53:14.201+0000] {logging_mixin.py:190} INFO - [2025-06-26T22:53:14.201+0000] {dagbag.py:588} INFO - Filling up the DagBag from /home/airflow/.local/lib/python3.12/site-packages/airflow/example_dags/example_xcom.py
[2025-06-26T22:53:14.211+0000] {processor.py:925} INFO - DAG(s) 'example_xcom' retrieved from /home/airflow/.local/lib/python3.12/site-packages/airflow/example_dags/example_xcom.py
[2025-06-26T22:53:14.238+0000] {logging_mixin.py:190} INFO - [2025-06-26T22:53:14.238+0000] {dag.py:3239} INFO - Sync 1 DAGs
[2025-06-26T22:53:14.260+0000] {logging_mixin.py:190} INFO - [2025-06-26T22:53:14.259+0000] {dag.py:4180} INFO - Setting next_dagrun for example_xcom to 2021-01-01 00:00:00+00:00, run_after=2021-01-01 00:00:00+00:00
[2025-06-26T22:53:14.280+0000] {processor.py:208} INFO - Processing /home/airflow/.local/lib/python3.12/site-packages/airflow/example_dags/example_xcom.py took 0.088 seconds
[2025-06-26T22:53:44.463+0000] {processor.py:186} INFO - Started process (PID=1341) to work on /home/airflow/.local/lib/python3.12/site-packages/airflow/example_dags/example_xcom.py
[2025-06-26T22:53:44.464+0000] {processor.py:914} INFO - Processing file /home/airflow/.local/lib/python3.12/site-packages/airflow/example_dags/example_xcom.py for tasks to queue
[2025-06-26T22:53:44.466+0000] {logging_mixin.py:190} INFO - [2025-06-26T22:53:44.466+0000] {dagbag.py:588} INFO - Filling up the DagBag from /home/airflow/.local/lib/python3.12/site-packages/airflow/example_dags/example_xcom.py
[2025-06-26T22:53:44.474+0000] {processor.py:925} INFO - DAG(s) 'example_xcom' retrieved from /home/airflow/.local/lib/python3.12/site-packages/airflow/example_dags/example_xcom.py
[2025-06-26T22:53:44.493+0000] {logging_mixin.py:190} INFO - [2025-06-26T22:53:44.493+0000] {dag.py:3239} INFO - Sync 1 DAGs
[2025-06-26T22:53:44.513+0000] {logging_mixin.py:190} INFO - [2025-06-26T22:53:44.513+0000] {dag.py:4180} INFO - Setting next_dagrun for example_xcom to 2021-01-01 00:00:00+00:00, run_after=2021-01-01 00:00:00+00:00
[2025-06-26T22:53:44.531+0000] {processor.py:208} INFO - Processing /home/airflow/.local/lib/python3.12/site-packages/airflow/example_dags/example_xcom.py took 0.073 seconds
[2025-06-26T22:54:14.917+0000] {processor.py:186} INFO - Started process (PID=1403) to work on /home/airflow/.local/lib/python3.12/site-packages/airflow/example_dags/example_xcom.py
[2025-06-26T22:54:14.918+0000] {processor.py:914} INFO - Processing file /home/airflow/.local/lib/python3.12/site-packages/airflow/example_dags/example_xcom.py for tasks to queue
[2025-06-26T22:54:14.921+0000] {logging_mixin.py:190} INFO - [2025-06-26T22:54:14.921+0000] {dagbag.py:588} INFO - Filling up the DagBag from /home/airflow/.local/lib/python3.12/site-packages/airflow/example_dags/example_xcom.py
[2025-06-26T22:54:14.931+0000] {processor.py:925} INFO - DAG(s) 'example_xcom' retrieved from /home/airflow/.local/lib/python3.12/site-packages/airflow/example_dags/example_xcom.py
[2025-06-26T22:54:14.958+0000] {logging_mixin.py:190} INFO - [2025-06-26T22:54:14.957+0000] {dag.py:3239} INFO - Sync 1 DAGs
[2025-06-26T22:54:14.990+0000] {logging_mixin.py:190} INFO - [2025-06-26T22:54:14.989+0000] {dag.py:4180} INFO - Setting next_dagrun for example_xcom to 2021-01-01 00:00:00+00:00, run_after=2021-01-01 00:00:00+00:00
[2025-06-26T22:54:15.021+0000] {processor.py:208} INFO - Processing /home/airflow/.local/lib/python3.12/site-packages/airflow/example_dags/example_xcom.py took 0.111 seconds
[2025-06-26T22:54:45.431+0000] {processor.py:186} INFO - Started process (PID=1465) to work on /home/airflow/.local/lib/python3.12/site-packages/airflow/example_dags/example_xcom.py
[2025-06-26T22:54:45.432+0000] {processor.py:914} INFO - Processing file /home/airflow/.local/lib/python3.12/site-packages/airflow/example_dags/example_xcom.py for tasks to queue
[2025-06-26T22:54:45.434+0000] {logging_mixin.py:190} INFO - [2025-06-26T22:54:45.434+0000] {dagbag.py:588} INFO - Filling up the DagBag from /home/airflow/.local/lib/python3.12/site-packages/airflow/example_dags/example_xcom.py
[2025-06-26T22:54:45.444+0000] {processor.py:925} INFO - DAG(s) 'example_xcom' retrieved from /home/airflow/.local/lib/python3.12/site-packages/airflow/example_dags/example_xcom.py
[2025-06-26T22:54:45.466+0000] {logging_mixin.py:190} INFO - [2025-06-26T22:54:45.465+0000] {dag.py:3239} INFO - Sync 1 DAGs
[2025-06-26T22:54:45.489+0000] {logging_mixin.py:190} INFO - [2025-06-26T22:54:45.488+0000] {dag.py:4180} INFO - Setting next_dagrun for example_xcom to 2021-01-01 00:00:00+00:00, run_after=2021-01-01 00:00:00+00:00
[2025-06-26T22:54:45.509+0000] {processor.py:208} INFO - Processing /home/airflow/.local/lib/python3.12/site-packages/airflow/example_dags/example_xcom.py took 0.083 seconds
[2025-06-26T22:55:15.876+0000] {processor.py:186} INFO - Started process (PID=1527) to work on /home/airflow/.local/lib/python3.12/site-packages/airflow/example_dags/example_xcom.py
[2025-06-26T22:55:15.877+0000] {processor.py:914} INFO - Processing file /home/airflow/.local/lib/python3.12/site-packages/airflow/example_dags/example_xcom.py for tasks to queue
[2025-06-26T22:55:15.880+0000] {logging_mixin.py:190} INFO - [2025-06-26T22:55:15.879+0000] {dagbag.py:588} INFO - Filling up the DagBag from /home/airflow/.local/lib/python3.12/site-packages/airflow/example_dags/example_xcom.py
[2025-06-26T22:55:15.889+0000] {processor.py:925} INFO - DAG(s) 'example_xcom' retrieved from /home/airflow/.local/lib/python3.12/site-packages/airflow/example_dags/example_xcom.py
[2025-06-26T22:55:15.910+0000] {logging_mixin.py:190} INFO - [2025-06-26T22:55:15.910+0000] {dag.py:3239} INFO - Sync 1 DAGs
[2025-06-26T22:55:15.932+0000] {logging_mixin.py:190} INFO - [2025-06-26T22:55:15.932+0000] {dag.py:4180} INFO - Setting next_dagrun for example_xcom to 2021-01-01 00:00:00+00:00, run_after=2021-01-01 00:00:00+00:00
[2025-06-26T22:55:15.953+0000] {processor.py:208} INFO - Processing /home/airflow/.local/lib/python3.12/site-packages/airflow/example_dags/example_xcom.py took 0.083 seconds
[2025-06-26T22:55:46.188+0000] {processor.py:186} INFO - Started process (PID=1589) to work on /home/airflow/.local/lib/python3.12/site-packages/airflow/example_dags/example_xcom.py
[2025-06-26T22:55:46.189+0000] {processor.py:914} INFO - Processing file /home/airflow/.local/lib/python3.12/site-packages/airflow/example_dags/example_xcom.py for tasks to queue
[2025-06-26T22:55:46.191+0000] {logging_mixin.py:190} INFO - [2025-06-26T22:55:46.191+0000] {dagbag.py:588} INFO - Filling up the DagBag from /home/airflow/.local/lib/python3.12/site-packages/airflow/example_dags/example_xcom.py
[2025-06-26T22:55:46.200+0000] {processor.py:925} INFO - DAG(s) 'example_xcom' retrieved from /home/airflow/.local/lib/python3.12/site-packages/airflow/example_dags/example_xcom.py
[2025-06-26T22:55:46.218+0000] {logging_mixin.py:190} INFO - [2025-06-26T22:55:46.218+0000] {dag.py:3239} INFO - Sync 1 DAGs
[2025-06-26T22:55:46.242+0000] {logging_mixin.py:190} INFO - [2025-06-26T22:55:46.242+0000] {dag.py:4180} INFO - Setting next_dagrun for example_xcom to 2021-01-01 00:00:00+00:00, run_after=2021-01-01 00:00:00+00:00
[2025-06-26T22:55:46.262+0000] {processor.py:208} INFO - Processing /home/airflow/.local/lib/python3.12/site-packages/airflow/example_dags/example_xcom.py took 0.079 seconds
[2025-06-26T22:56:16.507+0000] {processor.py:186} INFO - Started process (PID=1651) to work on /home/airflow/.local/lib/python3.12/site-packages/airflow/example_dags/example_xcom.py
[2025-06-26T22:56:16.508+0000] {processor.py:914} INFO - Processing file /home/airflow/.local/lib/python3.12/site-packages/airflow/example_dags/example_xcom.py for tasks to queue
[2025-06-26T22:56:16.511+0000] {logging_mixin.py:190} INFO - [2025-06-26T22:56:16.510+0000] {dagbag.py:588} INFO - Filling up the DagBag from /home/airflow/.local/lib/python3.12/site-packages/airflow/example_dags/example_xcom.py
[2025-06-26T22:56:16.520+0000] {processor.py:925} INFO - DAG(s) 'example_xcom' retrieved from /home/airflow/.local/lib/python3.12/site-packages/airflow/example_dags/example_xcom.py
[2025-06-26T22:56:16.546+0000] {logging_mixin.py:190} INFO - [2025-06-26T22:56:16.546+0000] {dag.py:3239} INFO - Sync 1 DAGs
[2025-06-26T22:56:16.567+0000] {logging_mixin.py:190} INFO - [2025-06-26T22:56:16.567+0000] {dag.py:4180} INFO - Setting next_dagrun for example_xcom to 2021-01-01 00:00:00+00:00, run_after=2021-01-01 00:00:00+00:00
[2025-06-26T22:56:16.587+0000] {processor.py:208} INFO - Processing /home/airflow/.local/lib/python3.12/site-packages/airflow/example_dags/example_xcom.py took 0.086 seconds
[2025-06-26T22:56:47.383+0000] {processor.py:186} INFO - Started process (PID=1713) to work on /home/airflow/.local/lib/python3.12/site-packages/airflow/example_dags/example_xcom.py
[2025-06-26T22:56:47.384+0000] {processor.py:914} INFO - Processing file /home/airflow/.local/lib/python3.12/site-packages/airflow/example_dags/example_xcom.py for tasks to queue
[2025-06-26T22:56:47.387+0000] {logging_mixin.py:190} INFO - [2025-06-26T22:56:47.386+0000] {dagbag.py:588} INFO - Filling up the DagBag from /home/airflow/.local/lib/python3.12/site-packages/airflow/example_dags/example_xcom.py
[2025-06-26T22:56:47.395+0000] {processor.py:925} INFO - DAG(s) 'example_xcom' retrieved from /home/airflow/.local/lib/python3.12/site-packages/airflow/example_dags/example_xcom.py
[2025-06-26T22:56:47.421+0000] {logging_mixin.py:190} INFO - [2025-06-26T22:56:47.421+0000] {dag.py:3239} INFO - Sync 1 DAGs
[2025-06-26T22:56:47.442+0000] {logging_mixin.py:190} INFO - [2025-06-26T22:56:47.442+0000] {dag.py:4180} INFO - Setting next_dagrun for example_xcom to 2021-01-01 00:00:00+00:00, run_after=2021-01-01 00:00:00+00:00
[2025-06-26T22:56:47.467+0000] {processor.py:208} INFO - Processing /home/airflow/.local/lib/python3.12/site-packages/airflow/example_dags/example_xcom.py took 0.089 seconds
[2025-06-26T22:57:17.700+0000] {processor.py:186} INFO - Started process (PID=1775) to work on /home/airflow/.local/lib/python3.12/site-packages/airflow/example_dags/example_xcom.py
[2025-06-26T22:57:17.701+0000] {processor.py:914} INFO - Processing file /home/airflow/.local/lib/python3.12/site-packages/airflow/example_dags/example_xcom.py for tasks to queue
[2025-06-26T22:57:17.704+0000] {logging_mixin.py:190} INFO - [2025-06-26T22:57:17.704+0000] {dagbag.py:588} INFO - Filling up the DagBag from /home/airflow/.local/lib/python3.12/site-packages/airflow/example_dags/example_xcom.py
[2025-06-26T22:57:17.712+0000] {processor.py:925} INFO - DAG(s) 'example_xcom' retrieved from /home/airflow/.local/lib/python3.12/site-packages/airflow/example_dags/example_xcom.py
[2025-06-26T22:57:17.731+0000] {logging_mixin.py:190} INFO - [2025-06-26T22:57:17.731+0000] {dag.py:3239} INFO - Sync 1 DAGs
[2025-06-26T22:57:17.756+0000] {logging_mixin.py:190} INFO - [2025-06-26T22:57:17.756+0000] {dag.py:4180} INFO - Setting next_dagrun for example_xcom to 2021-01-01 00:00:00+00:00, run_after=2021-01-01 00:00:00+00:00
[2025-06-26T22:57:17.776+0000] {processor.py:208} INFO - Processing /home/airflow/.local/lib/python3.12/site-packages/airflow/example_dags/example_xcom.py took 0.081 seconds
[2025-06-26T22:57:48.412+0000] {processor.py:186} INFO - Started process (PID=1837) to work on /home/airflow/.local/lib/python3.12/site-packages/airflow/example_dags/example_xcom.py
[2025-06-26T22:57:48.413+0000] {processor.py:914} INFO - Processing file /home/airflow/.local/lib/python3.12/site-packages/airflow/example_dags/example_xcom.py for tasks to queue
[2025-06-26T22:57:48.415+0000] {logging_mixin.py:190} INFO - [2025-06-26T22:57:48.414+0000] {dagbag.py:588} INFO - Filling up the DagBag from /home/airflow/.local/lib/python3.12/site-packages/airflow/example_dags/example_xcom.py
[2025-06-26T22:57:48.422+0000] {processor.py:925} INFO - DAG(s) 'example_xcom' retrieved from /home/airflow/.local/lib/python3.12/site-packages/airflow/example_dags/example_xcom.py
[2025-06-26T22:57:48.444+0000] {logging_mixin.py:190} INFO - [2025-06-26T22:57:48.444+0000] {dag.py:3239} INFO - Sync 1 DAGs
[2025-06-26T22:57:48.466+0000] {logging_mixin.py:190} INFO - [2025-06-26T22:57:48.465+0000] {dag.py:4180} INFO - Setting next_dagrun for example_xcom to 2021-01-01 00:00:00+00:00, run_after=2021-01-01 00:00:00+00:00
[2025-06-26T22:57:48.487+0000] {processor.py:208} INFO - Processing /home/airflow/.local/lib/python3.12/site-packages/airflow/example_dags/example_xcom.py took 0.080 seconds
[2025-06-26T22:58:18.697+0000] {processor.py:186} INFO - Started process (PID=1899) to work on /home/airflow/.local/lib/python3.12/site-packages/airflow/example_dags/example_xcom.py
[2025-06-26T22:58:18.698+0000] {processor.py:914} INFO - Processing file /home/airflow/.local/lib/python3.12/site-packages/airflow/example_dags/example_xcom.py for tasks to queue
[2025-06-26T22:58:18.700+0000] {logging_mixin.py:190} INFO - [2025-06-26T22:58:18.700+0000] {dagbag.py:588} INFO - Filling up the DagBag from /home/airflow/.local/lib/python3.12/site-packages/airflow/example_dags/example_xcom.py
[2025-06-26T22:58:18.709+0000] {processor.py:925} INFO - DAG(s) 'example_xcom' retrieved from /home/airflow/.local/lib/python3.12/site-packages/airflow/example_dags/example_xcom.py
[2025-06-26T22:58:18.728+0000] {logging_mixin.py:190} INFO - [2025-06-26T22:58:18.728+0000] {dag.py:3239} INFO - Sync 1 DAGs
[2025-06-26T22:58:18.750+0000] {logging_mixin.py:190} INFO - [2025-06-26T22:58:18.750+0000] {dag.py:4180} INFO - Setting next_dagrun for example_xcom to 2021-01-01 00:00:00+00:00, run_after=2021-01-01 00:00:00+00:00
[2025-06-26T22:58:18.767+0000] {processor.py:208} INFO - Processing /home/airflow/.local/lib/python3.12/site-packages/airflow/example_dags/example_xcom.py took 0.076 seconds
[2025-06-26T22:58:49.111+0000] {processor.py:186} INFO - Started process (PID=1961) to work on /home/airflow/.local/lib/python3.12/site-packages/airflow/example_dags/example_xcom.py
[2025-06-26T22:58:49.112+0000] {processor.py:914} INFO - Processing file /home/airflow/.local/lib/python3.12/site-packages/airflow/example_dags/example_xcom.py for tasks to queue
[2025-06-26T22:58:49.115+0000] {logging_mixin.py:190} INFO - [2025-06-26T22:58:49.114+0000] {dagbag.py:588} INFO - Filling up the DagBag from /home/airflow/.local/lib/python3.12/site-packages/airflow/example_dags/example_xcom.py
[2025-06-26T22:58:49.128+0000] {processor.py:925} INFO - DAG(s) 'example_xcom' retrieved from /home/airflow/.local/lib/python3.12/site-packages/airflow/example_dags/example_xcom.py
[2025-06-26T22:58:49.151+0000] {logging_mixin.py:190} INFO - [2025-06-26T22:58:49.150+0000] {dag.py:3239} INFO - Sync 1 DAGs
[2025-06-26T22:58:49.176+0000] {logging_mixin.py:190} INFO - [2025-06-26T22:58:49.176+0000] {dag.py:4180} INFO - Setting next_dagrun for example_xcom to 2021-01-01 00:00:00+00:00, run_after=2021-01-01 00:00:00+00:00
[2025-06-26T22:58:49.200+0000] {processor.py:208} INFO - Processing /home/airflow/.local/lib/python3.12/site-packages/airflow/example_dags/example_xcom.py took 0.096 seconds
[2025-06-26T22:59:19.616+0000] {processor.py:186} INFO - Started process (PID=2023) to work on /home/airflow/.local/lib/python3.12/site-packages/airflow/example_dags/example_xcom.py
[2025-06-26T22:59:19.617+0000] {processor.py:914} INFO - Processing file /home/airflow/.local/lib/python3.12/site-packages/airflow/example_dags/example_xcom.py for tasks to queue
[2025-06-26T22:59:19.620+0000] {logging_mixin.py:190} INFO - [2025-06-26T22:59:19.619+0000] {dagbag.py:588} INFO - Filling up the DagBag from /home/airflow/.local/lib/python3.12/site-packages/airflow/example_dags/example_xcom.py
[2025-06-26T22:59:19.631+0000] {processor.py:925} INFO - DAG(s) 'example_xcom' retrieved from /home/airflow/.local/lib/python3.12/site-packages/airflow/example_dags/example_xcom.py
[2025-06-26T22:59:19.654+0000] {logging_mixin.py:190} INFO - [2025-06-26T22:59:19.654+0000] {dag.py:3239} INFO - Sync 1 DAGs
[2025-06-26T22:59:19.676+0000] {logging_mixin.py:190} INFO - [2025-06-26T22:59:19.675+0000] {dag.py:4180} INFO - Setting next_dagrun for example_xcom to 2021-01-01 00:00:00+00:00, run_after=2021-01-01 00:00:00+00:00
[2025-06-26T22:59:19.697+0000] {processor.py:208} INFO - Processing /home/airflow/.local/lib/python3.12/site-packages/airflow/example_dags/example_xcom.py took 0.088 seconds
[2025-06-26T22:59:50.165+0000] {processor.py:186} INFO - Started process (PID=2085) to work on /home/airflow/.local/lib/python3.12/site-packages/airflow/example_dags/example_xcom.py
[2025-06-26T22:59:50.166+0000] {processor.py:914} INFO - Processing file /home/airflow/.local/lib/python3.12/site-packages/airflow/example_dags/example_xcom.py for tasks to queue
[2025-06-26T22:59:50.168+0000] {logging_mixin.py:190} INFO - [2025-06-26T22:59:50.168+0000] {dagbag.py:588} INFO - Filling up the DagBag from /home/airflow/.local/lib/python3.12/site-packages/airflow/example_dags/example_xcom.py
[2025-06-26T22:59:50.176+0000] {processor.py:925} INFO - DAG(s) 'example_xcom' retrieved from /home/airflow/.local/lib/python3.12/site-packages/airflow/example_dags/example_xcom.py
[2025-06-26T22:59:50.198+0000] {logging_mixin.py:190} INFO - [2025-06-26T22:59:50.197+0000] {dag.py:3239} INFO - Sync 1 DAGs
[2025-06-26T22:59:50.219+0000] {logging_mixin.py:190} INFO - [2025-06-26T22:59:50.219+0000] {dag.py:4180} INFO - Setting next_dagrun for example_xcom to 2021-01-01 00:00:00+00:00, run_after=2021-01-01 00:00:00+00:00
[2025-06-26T22:59:50.238+0000] {processor.py:208} INFO - Processing /home/airflow/.local/lib/python3.12/site-packages/airflow/example_dags/example_xcom.py took 0.079 seconds
[2025-06-26T23:00:20.558+0000] {processor.py:186} INFO - Started process (PID=2148) to work on /home/airflow/.local/lib/python3.12/site-packages/airflow/example_dags/example_xcom.py
[2025-06-26T23:00:20.560+0000] {processor.py:914} INFO - Processing file /home/airflow/.local/lib/python3.12/site-packages/airflow/example_dags/example_xcom.py for tasks to queue
[2025-06-26T23:00:20.562+0000] {logging_mixin.py:190} INFO - [2025-06-26T23:00:20.562+0000] {dagbag.py:588} INFO - Filling up the DagBag from /home/airflow/.local/lib/python3.12/site-packages/airflow/example_dags/example_xcom.py
[2025-06-26T23:00:20.570+0000] {processor.py:925} INFO - DAG(s) 'example_xcom' retrieved from /home/airflow/.local/lib/python3.12/site-packages/airflow/example_dags/example_xcom.py
[2025-06-26T23:00:20.589+0000] {logging_mixin.py:190} INFO - [2025-06-26T23:00:20.589+0000] {dag.py:3239} INFO - Sync 1 DAGs
[2025-06-26T23:00:20.608+0000] {logging_mixin.py:190} INFO - [2025-06-26T23:00:20.608+0000] {dag.py:4180} INFO - Setting next_dagrun for example_xcom to 2021-01-01 00:00:00+00:00, run_after=2021-01-01 00:00:00+00:00
[2025-06-26T23:00:20.627+0000] {processor.py:208} INFO - Processing /home/airflow/.local/lib/python3.12/site-packages/airflow/example_dags/example_xcom.py took 0.074 seconds
[2025-06-26T23:00:51.328+0000] {processor.py:186} INFO - Started process (PID=2210) to work on /home/airflow/.local/lib/python3.12/site-packages/airflow/example_dags/example_xcom.py
[2025-06-26T23:00:51.329+0000] {processor.py:914} INFO - Processing file /home/airflow/.local/lib/python3.12/site-packages/airflow/example_dags/example_xcom.py for tasks to queue
[2025-06-26T23:00:51.332+0000] {logging_mixin.py:190} INFO - [2025-06-26T23:00:51.331+0000] {dagbag.py:588} INFO - Filling up the DagBag from /home/airflow/.local/lib/python3.12/site-packages/airflow/example_dags/example_xcom.py
[2025-06-26T23:00:51.341+0000] {processor.py:925} INFO - DAG(s) 'example_xcom' retrieved from /home/airflow/.local/lib/python3.12/site-packages/airflow/example_dags/example_xcom.py
[2025-06-26T23:00:51.360+0000] {logging_mixin.py:190} INFO - [2025-06-26T23:00:51.359+0000] {dag.py:3239} INFO - Sync 1 DAGs
[2025-06-26T23:00:51.379+0000] {logging_mixin.py:190} INFO - [2025-06-26T23:00:51.379+0000] {dag.py:4180} INFO - Setting next_dagrun for example_xcom to 2021-01-01 00:00:00+00:00, run_after=2021-01-01 00:00:00+00:00
[2025-06-26T23:00:51.396+0000] {processor.py:208} INFO - Processing /home/airflow/.local/lib/python3.12/site-packages/airflow/example_dags/example_xcom.py took 0.074 seconds
[2025-06-26T23:01:21.784+0000] {processor.py:186} INFO - Started process (PID=2272) to work on /home/airflow/.local/lib/python3.12/site-packages/airflow/example_dags/example_xcom.py
[2025-06-26T23:01:21.785+0000] {processor.py:914} INFO - Processing file /home/airflow/.local/lib/python3.12/site-packages/airflow/example_dags/example_xcom.py for tasks to queue
[2025-06-26T23:01:21.788+0000] {logging_mixin.py:190} INFO - [2025-06-26T23:01:21.788+0000] {dagbag.py:588} INFO - Filling up the DagBag from /home/airflow/.local/lib/python3.12/site-packages/airflow/example_dags/example_xcom.py
[2025-06-26T23:01:21.797+0000] {processor.py:925} INFO - DAG(s) 'example_xcom' retrieved from /home/airflow/.local/lib/python3.12/site-packages/airflow/example_dags/example_xcom.py
[2025-06-26T23:01:21.823+0000] {logging_mixin.py:190} INFO - [2025-06-26T23:01:21.823+0000] {dag.py:3239} INFO - Sync 1 DAGs
[2025-06-26T23:01:21.849+0000] {logging_mixin.py:190} INFO - [2025-06-26T23:01:21.848+0000] {dag.py:4180} INFO - Setting next_dagrun for example_xcom to 2021-01-01 00:00:00+00:00, run_after=2021-01-01 00:00:00+00:00
[2025-06-26T23:01:21.873+0000] {processor.py:208} INFO - Processing /home/airflow/.local/lib/python3.12/site-packages/airflow/example_dags/example_xcom.py took 0.095 seconds
[2025-06-26T23:01:53.039+0000] {processor.py:186} INFO - Started process (PID=2334) to work on /home/airflow/.local/lib/python3.12/site-packages/airflow/example_dags/example_xcom.py
[2025-06-26T23:01:53.040+0000] {processor.py:914} INFO - Processing file /home/airflow/.local/lib/python3.12/site-packages/airflow/example_dags/example_xcom.py for tasks to queue
[2025-06-26T23:01:53.042+0000] {logging_mixin.py:190} INFO - [2025-06-26T23:01:53.042+0000] {dagbag.py:588} INFO - Filling up the DagBag from /home/airflow/.local/lib/python3.12/site-packages/airflow/example_dags/example_xcom.py
[2025-06-26T23:01:53.051+0000] {processor.py:925} INFO - DAG(s) 'example_xcom' retrieved from /home/airflow/.local/lib/python3.12/site-packages/airflow/example_dags/example_xcom.py
[2025-06-26T23:01:53.073+0000] {logging_mixin.py:190} INFO - [2025-06-26T23:01:53.073+0000] {dag.py:3239} INFO - Sync 1 DAGs
[2025-06-26T23:01:53.095+0000] {logging_mixin.py:190} INFO - [2025-06-26T23:01:53.095+0000] {dag.py:4180} INFO - Setting next_dagrun for example_xcom to 2021-01-01 00:00:00+00:00, run_after=2021-01-01 00:00:00+00:00
[2025-06-26T23:01:53.115+0000] {processor.py:208} INFO - Processing /home/airflow/.local/lib/python3.12/site-packages/airflow/example_dags/example_xcom.py took 0.082 seconds
[2025-06-26T23:02:23.704+0000] {processor.py:186} INFO - Started process (PID=2396) to work on /home/airflow/.local/lib/python3.12/site-packages/airflow/example_dags/example_xcom.py
[2025-06-26T23:02:23.705+0000] {processor.py:914} INFO - Processing file /home/airflow/.local/lib/python3.12/site-packages/airflow/example_dags/example_xcom.py for tasks to queue
[2025-06-26T23:02:23.707+0000] {logging_mixin.py:190} INFO - [2025-06-26T23:02:23.707+0000] {dagbag.py:588} INFO - Filling up the DagBag from /home/airflow/.local/lib/python3.12/site-packages/airflow/example_dags/example_xcom.py
[2025-06-26T23:02:23.716+0000] {processor.py:925} INFO - DAG(s) 'example_xcom' retrieved from /home/airflow/.local/lib/python3.12/site-packages/airflow/example_dags/example_xcom.py
[2025-06-26T23:02:23.739+0000] {logging_mixin.py:190} INFO - [2025-06-26T23:02:23.738+0000] {dag.py:3239} INFO - Sync 1 DAGs
[2025-06-26T23:02:23.760+0000] {logging_mixin.py:190} INFO - [2025-06-26T23:02:23.759+0000] {dag.py:4180} INFO - Setting next_dagrun for example_xcom to 2021-01-01 00:00:00+00:00, run_after=2021-01-01 00:00:00+00:00
[2025-06-26T23:02:23.788+0000] {processor.py:208} INFO - Processing /home/airflow/.local/lib/python3.12/site-packages/airflow/example_dags/example_xcom.py took 0.090 seconds
[2025-06-26T23:02:54.661+0000] {processor.py:186} INFO - Started process (PID=2458) to work on /home/airflow/.local/lib/python3.12/site-packages/airflow/example_dags/example_xcom.py
[2025-06-26T23:02:54.662+0000] {processor.py:914} INFO - Processing file /home/airflow/.local/lib/python3.12/site-packages/airflow/example_dags/example_xcom.py for tasks to queue
[2025-06-26T23:02:54.665+0000] {logging_mixin.py:190} INFO - [2025-06-26T23:02:54.665+0000] {dagbag.py:588} INFO - Filling up the DagBag from /home/airflow/.local/lib/python3.12/site-packages/airflow/example_dags/example_xcom.py
[2025-06-26T23:02:54.673+0000] {processor.py:925} INFO - DAG(s) 'example_xcom' retrieved from /home/airflow/.local/lib/python3.12/site-packages/airflow/example_dags/example_xcom.py
[2025-06-26T23:02:54.693+0000] {logging_mixin.py:190} INFO - [2025-06-26T23:02:54.693+0000] {dag.py:3239} INFO - Sync 1 DAGs
[2025-06-26T23:02:54.713+0000] {logging_mixin.py:190} INFO - [2025-06-26T23:02:54.713+0000] {dag.py:4180} INFO - Setting next_dagrun for example_xcom to 2021-01-01 00:00:00+00:00, run_after=2021-01-01 00:00:00+00:00
[2025-06-26T23:02:54.731+0000] {processor.py:208} INFO - Processing /home/airflow/.local/lib/python3.12/site-packages/airflow/example_dags/example_xcom.py took 0.075 seconds
[2025-06-26T23:03:25.480+0000] {processor.py:186} INFO - Started process (PID=2520) to work on /home/airflow/.local/lib/python3.12/site-packages/airflow/example_dags/example_xcom.py
[2025-06-26T23:03:25.482+0000] {processor.py:914} INFO - Processing file /home/airflow/.local/lib/python3.12/site-packages/airflow/example_dags/example_xcom.py for tasks to queue
[2025-06-26T23:03:25.484+0000] {logging_mixin.py:190} INFO - [2025-06-26T23:03:25.484+0000] {dagbag.py:588} INFO - Filling up the DagBag from /home/airflow/.local/lib/python3.12/site-packages/airflow/example_dags/example_xcom.py
[2025-06-26T23:03:25.493+0000] {processor.py:925} INFO - DAG(s) 'example_xcom' retrieved from /home/airflow/.local/lib/python3.12/site-packages/airflow/example_dags/example_xcom.py
[2025-06-26T23:03:25.514+0000] {logging_mixin.py:190} INFO - [2025-06-26T23:03:25.514+0000] {dag.py:3239} INFO - Sync 1 DAGs
[2025-06-26T23:03:25.536+0000] {logging_mixin.py:190} INFO - [2025-06-26T23:03:25.535+0000] {dag.py:4180} INFO - Setting next_dagrun for example_xcom to 2021-01-01 00:00:00+00:00, run_after=2021-01-01 00:00:00+00:00
[2025-06-26T23:03:25.556+0000] {processor.py:208} INFO - Processing /home/airflow/.local/lib/python3.12/site-packages/airflow/example_dags/example_xcom.py took 0.081 seconds
[2025-06-26T23:03:56.850+0000] {processor.py:186} INFO - Started process (PID=2582) to work on /home/airflow/.local/lib/python3.12/site-packages/airflow/example_dags/example_xcom.py
[2025-06-26T23:03:56.851+0000] {processor.py:914} INFO - Processing file /home/airflow/.local/lib/python3.12/site-packages/airflow/example_dags/example_xcom.py for tasks to queue
[2025-06-26T23:03:56.855+0000] {logging_mixin.py:190} INFO - [2025-06-26T23:03:56.854+0000] {dagbag.py:588} INFO - Filling up the DagBag from /home/airflow/.local/lib/python3.12/site-packages/airflow/example_dags/example_xcom.py
[2025-06-26T23:03:56.865+0000] {processor.py:925} INFO - DAG(s) 'example_xcom' retrieved from /home/airflow/.local/lib/python3.12/site-packages/airflow/example_dags/example_xcom.py
[2025-06-26T23:03:56.887+0000] {logging_mixin.py:190} INFO - [2025-06-26T23:03:56.887+0000] {dag.py:3239} INFO - Sync 1 DAGs
[2025-06-26T23:03:56.927+0000] {logging_mixin.py:190} INFO - [2025-06-26T23:03:56.927+0000] {dag.py:4180} INFO - Setting next_dagrun for example_xcom to 2021-01-01 00:00:00+00:00, run_after=2021-01-01 00:00:00+00:00
[2025-06-26T23:03:56.959+0000] {processor.py:208} INFO - Processing /home/airflow/.local/lib/python3.12/site-packages/airflow/example_dags/example_xcom.py took 0.116 seconds
[2025-06-26T23:04:27.850+0000] {processor.py:186} INFO - Started process (PID=2644) to work on /home/airflow/.local/lib/python3.12/site-packages/airflow/example_dags/example_xcom.py
[2025-06-26T23:04:27.853+0000] {processor.py:914} INFO - Processing file /home/airflow/.local/lib/python3.12/site-packages/airflow/example_dags/example_xcom.py for tasks to queue
[2025-06-26T23:04:27.856+0000] {logging_mixin.py:190} INFO - [2025-06-26T23:04:27.856+0000] {dagbag.py:588} INFO - Filling up the DagBag from /home/airflow/.local/lib/python3.12/site-packages/airflow/example_dags/example_xcom.py
[2025-06-26T23:04:27.867+0000] {processor.py:925} INFO - DAG(s) 'example_xcom' retrieved from /home/airflow/.local/lib/python3.12/site-packages/airflow/example_dags/example_xcom.py
[2025-06-26T23:04:27.890+0000] {logging_mixin.py:190} INFO - [2025-06-26T23:04:27.889+0000] {dag.py:3239} INFO - Sync 1 DAGs
[2025-06-26T23:04:27.914+0000] {logging_mixin.py:190} INFO - [2025-06-26T23:04:27.914+0000] {dag.py:4180} INFO - Setting next_dagrun for example_xcom to 2021-01-01 00:00:00+00:00, run_after=2021-01-01 00:00:00+00:00
[2025-06-26T23:04:27.937+0000] {processor.py:208} INFO - Processing /home/airflow/.local/lib/python3.12/site-packages/airflow/example_dags/example_xcom.py took 0.095 seconds
[2025-06-26T23:04:58.322+0000] {processor.py:186} INFO - Started process (PID=2706) to work on /home/airflow/.local/lib/python3.12/site-packages/airflow/example_dags/example_xcom.py
[2025-06-26T23:04:58.323+0000] {processor.py:914} INFO - Processing file /home/airflow/.local/lib/python3.12/site-packages/airflow/example_dags/example_xcom.py for tasks to queue
[2025-06-26T23:04:58.327+0000] {logging_mixin.py:190} INFO - [2025-06-26T23:04:58.327+0000] {dagbag.py:588} INFO - Filling up the DagBag from /home/airflow/.local/lib/python3.12/site-packages/airflow/example_dags/example_xcom.py
[2025-06-26T23:04:58.337+0000] {processor.py:925} INFO - DAG(s) 'example_xcom' retrieved from /home/airflow/.local/lib/python3.12/site-packages/airflow/example_dags/example_xcom.py
[2025-06-26T23:04:58.356+0000] {logging_mixin.py:190} INFO - [2025-06-26T23:04:58.356+0000] {dag.py:3239} INFO - Sync 1 DAGs
[2025-06-26T23:04:58.378+0000] {logging_mixin.py:190} INFO - [2025-06-26T23:04:58.378+0000] {dag.py:4180} INFO - Setting next_dagrun for example_xcom to 2021-01-01 00:00:00+00:00, run_after=2021-01-01 00:00:00+00:00
[2025-06-26T23:04:58.397+0000] {processor.py:208} INFO - Processing /home/airflow/.local/lib/python3.12/site-packages/airflow/example_dags/example_xcom.py took 0.082 seconds
[2025-06-26T23:05:29.657+0000] {processor.py:186} INFO - Started process (PID=2768) to work on /home/airflow/.local/lib/python3.12/site-packages/airflow/example_dags/example_xcom.py
[2025-06-26T23:05:29.658+0000] {processor.py:914} INFO - Processing file /home/airflow/.local/lib/python3.12/site-packages/airflow/example_dags/example_xcom.py for tasks to queue
[2025-06-26T23:05:29.660+0000] {logging_mixin.py:190} INFO - [2025-06-26T23:05:29.660+0000] {dagbag.py:588} INFO - Filling up the DagBag from /home/airflow/.local/lib/python3.12/site-packages/airflow/example_dags/example_xcom.py
[2025-06-26T23:05:29.669+0000] {processor.py:925} INFO - DAG(s) 'example_xcom' retrieved from /home/airflow/.local/lib/python3.12/site-packages/airflow/example_dags/example_xcom.py
[2025-06-26T23:05:29.689+0000] {logging_mixin.py:190} INFO - [2025-06-26T23:05:29.689+0000] {dag.py:3239} INFO - Sync 1 DAGs
[2025-06-26T23:05:29.713+0000] {logging_mixin.py:190} INFO - [2025-06-26T23:05:29.713+0000] {dag.py:4180} INFO - Setting next_dagrun for example_xcom to 2021-01-01 00:00:00+00:00, run_after=2021-01-01 00:00:00+00:00
[2025-06-26T23:05:29.735+0000] {processor.py:208} INFO - Processing /home/airflow/.local/lib/python3.12/site-packages/airflow/example_dags/example_xcom.py took 0.083 seconds
[2025-06-26T23:06:00.659+0000] {processor.py:186} INFO - Started process (PID=2830) to work on /home/airflow/.local/lib/python3.12/site-packages/airflow/example_dags/example_xcom.py
[2025-06-26T23:06:00.660+0000] {processor.py:914} INFO - Processing file /home/airflow/.local/lib/python3.12/site-packages/airflow/example_dags/example_xcom.py for tasks to queue
[2025-06-26T23:06:00.662+0000] {logging_mixin.py:190} INFO - [2025-06-26T23:06:00.662+0000] {dagbag.py:588} INFO - Filling up the DagBag from /home/airflow/.local/lib/python3.12/site-packages/airflow/example_dags/example_xcom.py
[2025-06-26T23:06:00.670+0000] {processor.py:925} INFO - DAG(s) 'example_xcom' retrieved from /home/airflow/.local/lib/python3.12/site-packages/airflow/example_dags/example_xcom.py
[2025-06-26T23:06:00.690+0000] {logging_mixin.py:190} INFO - [2025-06-26T23:06:00.690+0000] {dag.py:3239} INFO - Sync 1 DAGs
[2025-06-26T23:06:00.710+0000] {logging_mixin.py:190} INFO - [2025-06-26T23:06:00.710+0000] {dag.py:4180} INFO - Setting next_dagrun for example_xcom to 2021-01-01 00:00:00+00:00, run_after=2021-01-01 00:00:00+00:00
[2025-06-26T23:06:00.730+0000] {processor.py:208} INFO - Processing /home/airflow/.local/lib/python3.12/site-packages/airflow/example_dags/example_xcom.py took 0.077 seconds
[2025-06-26T23:06:31.456+0000] {processor.py:186} INFO - Started process (PID=2892) to work on /home/airflow/.local/lib/python3.12/site-packages/airflow/example_dags/example_xcom.py
[2025-06-26T23:06:31.457+0000] {processor.py:914} INFO - Processing file /home/airflow/.local/lib/python3.12/site-packages/airflow/example_dags/example_xcom.py for tasks to queue
[2025-06-26T23:06:31.460+0000] {logging_mixin.py:190} INFO - [2025-06-26T23:06:31.459+0000] {dagbag.py:588} INFO - Filling up the DagBag from /home/airflow/.local/lib/python3.12/site-packages/airflow/example_dags/example_xcom.py
[2025-06-26T23:06:31.468+0000] {processor.py:925} INFO - DAG(s) 'example_xcom' retrieved from /home/airflow/.local/lib/python3.12/site-packages/airflow/example_dags/example_xcom.py
[2025-06-26T23:06:31.486+0000] {logging_mixin.py:190} INFO - [2025-06-26T23:06:31.485+0000] {dag.py:3239} INFO - Sync 1 DAGs
[2025-06-26T23:06:31.506+0000] {logging_mixin.py:190} INFO - [2025-06-26T23:06:31.506+0000] {dag.py:4180} INFO - Setting next_dagrun for example_xcom to 2021-01-01 00:00:00+00:00, run_after=2021-01-01 00:00:00+00:00
[2025-06-26T23:06:31.524+0000] {processor.py:208} INFO - Processing /home/airflow/.local/lib/python3.12/site-packages/airflow/example_dags/example_xcom.py took 0.073 seconds
[2025-06-26T23:07:02.385+0000] {processor.py:186} INFO - Started process (PID=2954) to work on /home/airflow/.local/lib/python3.12/site-packages/airflow/example_dags/example_xcom.py
[2025-06-26T23:07:02.386+0000] {processor.py:914} INFO - Processing file /home/airflow/.local/lib/python3.12/site-packages/airflow/example_dags/example_xcom.py for tasks to queue
[2025-06-26T23:07:02.388+0000] {logging_mixin.py:190} INFO - [2025-06-26T23:07:02.388+0000] {dagbag.py:588} INFO - Filling up the DagBag from /home/airflow/.local/lib/python3.12/site-packages/airflow/example_dags/example_xcom.py
[2025-06-26T23:07:02.399+0000] {processor.py:925} INFO - DAG(s) 'example_xcom' retrieved from /home/airflow/.local/lib/python3.12/site-packages/airflow/example_dags/example_xcom.py
[2025-06-26T23:07:02.421+0000] {logging_mixin.py:190} INFO - [2025-06-26T23:07:02.421+0000] {dag.py:3239} INFO - Sync 1 DAGs
[2025-06-26T23:07:02.444+0000] {logging_mixin.py:190} INFO - [2025-06-26T23:07:02.444+0000] {dag.py:4180} INFO - Setting next_dagrun for example_xcom to 2021-01-01 00:00:00+00:00, run_after=2021-01-01 00:00:00+00:00
[2025-06-26T23:07:02.465+0000] {processor.py:208} INFO - Processing /home/airflow/.local/lib/python3.12/site-packages/airflow/example_dags/example_xcom.py took 0.087 seconds
[2025-06-26T23:07:33.147+0000] {processor.py:186} INFO - Started process (PID=3016) to work on /home/airflow/.local/lib/python3.12/site-packages/airflow/example_dags/example_xcom.py
[2025-06-26T23:07:33.148+0000] {processor.py:914} INFO - Processing file /home/airflow/.local/lib/python3.12/site-packages/airflow/example_dags/example_xcom.py for tasks to queue
[2025-06-26T23:07:33.150+0000] {logging_mixin.py:190} INFO - [2025-06-26T23:07:33.150+0000] {dagbag.py:588} INFO - Filling up the DagBag from /home/airflow/.local/lib/python3.12/site-packages/airflow/example_dags/example_xcom.py
[2025-06-26T23:07:33.159+0000] {processor.py:925} INFO - DAG(s) 'example_xcom' retrieved from /home/airflow/.local/lib/python3.12/site-packages/airflow/example_dags/example_xcom.py
[2025-06-26T23:07:33.180+0000] {logging_mixin.py:190} INFO - [2025-06-26T23:07:33.180+0000] {dag.py:3239} INFO - Sync 1 DAGs
[2025-06-26T23:07:33.200+0000] {logging_mixin.py:190} INFO - [2025-06-26T23:07:33.199+0000] {dag.py:4180} INFO - Setting next_dagrun for example_xcom to 2021-01-01 00:00:00+00:00, run_after=2021-01-01 00:00:00+00:00
[2025-06-26T23:07:33.217+0000] {processor.py:208} INFO - Processing /home/airflow/.local/lib/python3.12/site-packages/airflow/example_dags/example_xcom.py took 0.076 seconds
[2025-06-26T23:08:04.344+0000] {processor.py:186} INFO - Started process (PID=3078) to work on /home/airflow/.local/lib/python3.12/site-packages/airflow/example_dags/example_xcom.py
[2025-06-26T23:08:04.345+0000] {processor.py:914} INFO - Processing file /home/airflow/.local/lib/python3.12/site-packages/airflow/example_dags/example_xcom.py for tasks to queue
[2025-06-26T23:08:04.347+0000] {logging_mixin.py:190} INFO - [2025-06-26T23:08:04.347+0000] {dagbag.py:588} INFO - Filling up the DagBag from /home/airflow/.local/lib/python3.12/site-packages/airflow/example_dags/example_xcom.py
[2025-06-26T23:08:04.355+0000] {processor.py:925} INFO - DAG(s) 'example_xcom' retrieved from /home/airflow/.local/lib/python3.12/site-packages/airflow/example_dags/example_xcom.py
[2025-06-26T23:08:04.375+0000] {logging_mixin.py:190} INFO - [2025-06-26T23:08:04.375+0000] {dag.py:3239} INFO - Sync 1 DAGs
[2025-06-26T23:08:04.395+0000] {logging_mixin.py:190} INFO - [2025-06-26T23:08:04.395+0000] {dag.py:4180} INFO - Setting next_dagrun for example_xcom to 2021-01-01 00:00:00+00:00, run_after=2021-01-01 00:00:00+00:00
[2025-06-26T23:08:04.413+0000] {processor.py:208} INFO - Processing /home/airflow/.local/lib/python3.12/site-packages/airflow/example_dags/example_xcom.py took 0.076 seconds
[2025-06-26T23:08:35.143+0000] {processor.py:186} INFO - Started process (PID=3146) to work on /home/airflow/.local/lib/python3.12/site-packages/airflow/example_dags/example_xcom.py
[2025-06-26T23:08:35.144+0000] {processor.py:914} INFO - Processing file /home/airflow/.local/lib/python3.12/site-packages/airflow/example_dags/example_xcom.py for tasks to queue
[2025-06-26T23:08:35.147+0000] {logging_mixin.py:190} INFO - [2025-06-26T23:08:35.146+0000] {dagbag.py:588} INFO - Filling up the DagBag from /home/airflow/.local/lib/python3.12/site-packages/airflow/example_dags/example_xcom.py
[2025-06-26T23:08:35.155+0000] {processor.py:925} INFO - DAG(s) 'example_xcom' retrieved from /home/airflow/.local/lib/python3.12/site-packages/airflow/example_dags/example_xcom.py
[2025-06-26T23:08:35.178+0000] {logging_mixin.py:190} INFO - [2025-06-26T23:08:35.178+0000] {dag.py:3239} INFO - Sync 1 DAGs
[2025-06-26T23:08:35.198+0000] {logging_mixin.py:190} INFO - [2025-06-26T23:08:35.197+0000] {dag.py:4180} INFO - Setting next_dagrun for example_xcom to 2021-01-01 00:00:00+00:00, run_after=2021-01-01 00:00:00+00:00
[2025-06-26T23:08:35.215+0000] {processor.py:208} INFO - Processing /home/airflow/.local/lib/python3.12/site-packages/airflow/example_dags/example_xcom.py took 0.080 seconds
[2025-06-26T23:09:06.041+0000] {processor.py:186} INFO - Started process (PID=3208) to work on /home/airflow/.local/lib/python3.12/site-packages/airflow/example_dags/example_xcom.py
[2025-06-26T23:09:06.042+0000] {processor.py:914} INFO - Processing file /home/airflow/.local/lib/python3.12/site-packages/airflow/example_dags/example_xcom.py for tasks to queue
[2025-06-26T23:09:06.044+0000] {logging_mixin.py:190} INFO - [2025-06-26T23:09:06.044+0000] {dagbag.py:588} INFO - Filling up the DagBag from /home/airflow/.local/lib/python3.12/site-packages/airflow/example_dags/example_xcom.py
[2025-06-26T23:09:06.052+0000] {processor.py:925} INFO - DAG(s) 'example_xcom' retrieved from /home/airflow/.local/lib/python3.12/site-packages/airflow/example_dags/example_xcom.py
[2025-06-26T23:09:06.071+0000] {logging_mixin.py:190} INFO - [2025-06-26T23:09:06.071+0000] {dag.py:3239} INFO - Sync 1 DAGs
[2025-06-26T23:09:06.091+0000] {logging_mixin.py:190} INFO - [2025-06-26T23:09:06.091+0000] {dag.py:4180} INFO - Setting next_dagrun for example_xcom to 2021-01-01 00:00:00+00:00, run_after=2021-01-01 00:00:00+00:00
[2025-06-26T23:09:06.109+0000] {processor.py:208} INFO - Processing /home/airflow/.local/lib/python3.12/site-packages/airflow/example_dags/example_xcom.py took 0.074 seconds
[2025-06-26T23:09:37.157+0000] {processor.py:186} INFO - Started process (PID=3270) to work on /home/airflow/.local/lib/python3.12/site-packages/airflow/example_dags/example_xcom.py
[2025-06-26T23:09:37.158+0000] {processor.py:914} INFO - Processing file /home/airflow/.local/lib/python3.12/site-packages/airflow/example_dags/example_xcom.py for tasks to queue
[2025-06-26T23:09:37.160+0000] {logging_mixin.py:190} INFO - [2025-06-26T23:09:37.159+0000] {dagbag.py:588} INFO - Filling up the DagBag from /home/airflow/.local/lib/python3.12/site-packages/airflow/example_dags/example_xcom.py
[2025-06-26T23:09:37.168+0000] {processor.py:925} INFO - DAG(s) 'example_xcom' retrieved from /home/airflow/.local/lib/python3.12/site-packages/airflow/example_dags/example_xcom.py
[2025-06-26T23:09:37.188+0000] {logging_mixin.py:190} INFO - [2025-06-26T23:09:37.187+0000] {dag.py:3239} INFO - Sync 1 DAGs
[2025-06-26T23:09:37.205+0000] {logging_mixin.py:190} INFO - [2025-06-26T23:09:37.205+0000] {dag.py:4180} INFO - Setting next_dagrun for example_xcom to 2021-01-01 00:00:00+00:00, run_after=2021-01-01 00:00:00+00:00
[2025-06-26T23:09:37.223+0000] {processor.py:208} INFO - Processing /home/airflow/.local/lib/python3.12/site-packages/airflow/example_dags/example_xcom.py took 0.072 seconds
[2025-06-26T23:10:08.230+0000] {processor.py:186} INFO - Started process (PID=3332) to work on /home/airflow/.local/lib/python3.12/site-packages/airflow/example_dags/example_xcom.py
[2025-06-26T23:10:08.231+0000] {processor.py:914} INFO - Processing file /home/airflow/.local/lib/python3.12/site-packages/airflow/example_dags/example_xcom.py for tasks to queue
[2025-06-26T23:10:08.236+0000] {logging_mixin.py:190} INFO - [2025-06-26T23:10:08.236+0000] {dagbag.py:588} INFO - Filling up the DagBag from /home/airflow/.local/lib/python3.12/site-packages/airflow/example_dags/example_xcom.py
[2025-06-26T23:10:08.244+0000] {processor.py:925} INFO - DAG(s) 'example_xcom' retrieved from /home/airflow/.local/lib/python3.12/site-packages/airflow/example_dags/example_xcom.py
[2025-06-26T23:10:08.272+0000] {logging_mixin.py:190} INFO - [2025-06-26T23:10:08.272+0000] {dag.py:3239} INFO - Sync 1 DAGs
[2025-06-26T23:10:08.446+0000] {logging_mixin.py:190} INFO - [2025-06-26T23:10:08.446+0000] {dag.py:4180} INFO - Setting next_dagrun for example_xcom to 2021-01-01 00:00:00+00:00, run_after=2021-01-01 00:00:00+00:00
[2025-06-26T23:10:08.461+0000] {processor.py:208} INFO - Processing /home/airflow/.local/lib/python3.12/site-packages/airflow/example_dags/example_xcom.py took 0.237 seconds
