[2025-06-26T22:43:34.054+0000] {processor.py:186} INFO - Started process (PID=94) to work on /home/airflow/.local/lib/python3.12/site-packages/airflow/example_dags/example_kubernetes_executor.py
[2025-06-26T22:43:34.055+0000] {processor.py:914} INFO - Processing file /home/airflow/.local/lib/python3.12/site-packages/airflow/example_dags/example_kubernetes_executor.py for tasks to queue
[2025-06-26T22:43:34.058+0000] {logging_mixin.py:190} INFO - [2025-06-26T22:43:34.058+0000] {dagbag.py:588} INFO - Filling up the DagBag from /home/airflow/.local/lib/python3.12/site-packages/airflow/example_dags/example_kubernetes_executor.py
[2025-06-26T22:43:34.082+0000] {processor.py:925} INFO - DAG(s) 'example_kubernetes_executor' retrieved from /home/airflow/.local/lib/python3.12/site-packages/airflow/example_dags/example_kubernetes_executor.py
[2025-06-26T22:43:34.264+0000] {logging_mixin.py:190} INFO - [2025-06-26T22:43:34.264+0000] {override.py:1900} INFO - Created Permission View: can read on DAG:example_kubernetes_executor
[2025-06-26T22:43:34.279+0000] {logging_mixin.py:190} INFO - [2025-06-26T22:43:34.278+0000] {override.py:1900} INFO - Created Permission View: can edit on DAG:example_kubernetes_executor
[2025-06-26T22:43:34.288+0000] {logging_mixin.py:190} INFO - [2025-06-26T22:43:34.288+0000] {override.py:1900} INFO - Created Permission View: can delete on DAG:example_kubernetes_executor
[2025-06-26T22:43:34.302+0000] {logging_mixin.py:190} INFO - [2025-06-26T22:43:34.302+0000] {override.py:1900} INFO - Created Permission View: can read on DAG Run:example_kubernetes_executor
[2025-06-26T22:43:34.313+0000] {logging_mixin.py:190} INFO - [2025-06-26T22:43:34.313+0000] {override.py:1900} INFO - Created Permission View: can delete on DAG Run:example_kubernetes_executor
[2025-06-26T22:43:34.323+0000] {logging_mixin.py:190} INFO - [2025-06-26T22:43:34.323+0000] {override.py:1900} INFO - Created Permission View: menu access on DAG Run:example_kubernetes_executor
[2025-06-26T22:43:34.336+0000] {logging_mixin.py:190} INFO - [2025-06-26T22:43:34.336+0000] {override.py:1900} INFO - Created Permission View: can create on DAG Run:example_kubernetes_executor
[2025-06-26T22:43:34.337+0000] {logging_mixin.py:190} INFO - [2025-06-26T22:43:34.337+0000] {dag.py:3239} INFO - Sync 1 DAGs
[2025-06-26T22:43:34.351+0000] {logging_mixin.py:190} INFO - [2025-06-26T22:43:34.351+0000] {dag.py:3262} INFO - Creating ORM DAG for example_kubernetes_executor
[2025-06-26T22:43:34.352+0000] {logging_mixin.py:190} INFO - [2025-06-26T22:43:34.352+0000] {dag.py:4180} INFO - Setting next_dagrun for example_kubernetes_executor to None, run_after=None
[2025-06-26T22:43:34.376+0000] {processor.py:208} INFO - Processing /home/airflow/.local/lib/python3.12/site-packages/airflow/example_dags/example_kubernetes_executor.py took 0.328 seconds
[2025-06-26T22:44:04.609+0000] {processor.py:186} INFO - Started process (PID=156) to work on /home/airflow/.local/lib/python3.12/site-packages/airflow/example_dags/example_kubernetes_executor.py
[2025-06-26T22:44:04.610+0000] {processor.py:914} INFO - Processing file /home/airflow/.local/lib/python3.12/site-packages/airflow/example_dags/example_kubernetes_executor.py for tasks to queue
[2025-06-26T22:44:04.613+0000] {logging_mixin.py:190} INFO - [2025-06-26T22:44:04.612+0000] {dagbag.py:588} INFO - Filling up the DagBag from /home/airflow/.local/lib/python3.12/site-packages/airflow/example_dags/example_kubernetes_executor.py
[2025-06-26T22:44:04.627+0000] {processor.py:925} INFO - DAG(s) 'example_kubernetes_executor' retrieved from /home/airflow/.local/lib/python3.12/site-packages/airflow/example_dags/example_kubernetes_executor.py
[2025-06-26T22:44:04.661+0000] {logging_mixin.py:190} INFO - [2025-06-26T22:44:04.661+0000] {dag.py:3239} INFO - Sync 1 DAGs
[2025-06-26T22:44:04.673+0000] {logging_mixin.py:190} INFO - [2025-06-26T22:44:04.673+0000] {dag.py:4180} INFO - Setting next_dagrun for example_kubernetes_executor to None, run_after=None
[2025-06-26T22:44:04.693+0000] {processor.py:208} INFO - Processing /home/airflow/.local/lib/python3.12/site-packages/airflow/example_dags/example_kubernetes_executor.py took 0.089 seconds
[2025-06-26T22:44:35.138+0000] {processor.py:186} INFO - Started process (PID=218) to work on /home/airflow/.local/lib/python3.12/site-packages/airflow/example_dags/example_kubernetes_executor.py
[2025-06-26T22:44:35.139+0000] {processor.py:914} INFO - Processing file /home/airflow/.local/lib/python3.12/site-packages/airflow/example_dags/example_kubernetes_executor.py for tasks to queue
[2025-06-26T22:44:35.142+0000] {logging_mixin.py:190} INFO - [2025-06-26T22:44:35.141+0000] {dagbag.py:588} INFO - Filling up the DagBag from /home/airflow/.local/lib/python3.12/site-packages/airflow/example_dags/example_kubernetes_executor.py
[2025-06-26T22:44:35.154+0000] {processor.py:925} INFO - DAG(s) 'example_kubernetes_executor' retrieved from /home/airflow/.local/lib/python3.12/site-packages/airflow/example_dags/example_kubernetes_executor.py
[2025-06-26T22:44:35.184+0000] {logging_mixin.py:190} INFO - [2025-06-26T22:44:35.184+0000] {dag.py:3239} INFO - Sync 1 DAGs
[2025-06-26T22:44:35.196+0000] {logging_mixin.py:190} INFO - [2025-06-26T22:44:35.195+0000] {dag.py:4180} INFO - Setting next_dagrun for example_kubernetes_executor to None, run_after=None
[2025-06-26T22:44:35.214+0000] {processor.py:208} INFO - Processing /home/airflow/.local/lib/python3.12/site-packages/airflow/example_dags/example_kubernetes_executor.py took 0.082 seconds
[2025-06-26T22:45:05.485+0000] {processor.py:186} INFO - Started process (PID=280) to work on /home/airflow/.local/lib/python3.12/site-packages/airflow/example_dags/example_kubernetes_executor.py
[2025-06-26T22:45:05.486+0000] {processor.py:914} INFO - Processing file /home/airflow/.local/lib/python3.12/site-packages/airflow/example_dags/example_kubernetes_executor.py for tasks to queue
[2025-06-26T22:45:05.489+0000] {logging_mixin.py:190} INFO - [2025-06-26T22:45:05.489+0000] {dagbag.py:588} INFO - Filling up the DagBag from /home/airflow/.local/lib/python3.12/site-packages/airflow/example_dags/example_kubernetes_executor.py
[2025-06-26T22:45:05.502+0000] {processor.py:925} INFO - DAG(s) 'example_kubernetes_executor' retrieved from /home/airflow/.local/lib/python3.12/site-packages/airflow/example_dags/example_kubernetes_executor.py
[2025-06-26T22:45:05.537+0000] {logging_mixin.py:190} INFO - [2025-06-26T22:45:05.537+0000] {dag.py:3239} INFO - Sync 1 DAGs
[2025-06-26T22:45:05.550+0000] {logging_mixin.py:190} INFO - [2025-06-26T22:45:05.549+0000] {dag.py:4180} INFO - Setting next_dagrun for example_kubernetes_executor to None, run_after=None
[2025-06-26T22:45:05.572+0000] {processor.py:208} INFO - Processing /home/airflow/.local/lib/python3.12/site-packages/airflow/example_dags/example_kubernetes_executor.py took 0.094 seconds
[2025-06-26T22:45:35.930+0000] {processor.py:186} INFO - Started process (PID=342) to work on /home/airflow/.local/lib/python3.12/site-packages/airflow/example_dags/example_kubernetes_executor.py
[2025-06-26T22:45:35.931+0000] {processor.py:914} INFO - Processing file /home/airflow/.local/lib/python3.12/site-packages/airflow/example_dags/example_kubernetes_executor.py for tasks to queue
[2025-06-26T22:45:35.933+0000] {logging_mixin.py:190} INFO - [2025-06-26T22:45:35.933+0000] {dagbag.py:588} INFO - Filling up the DagBag from /home/airflow/.local/lib/python3.12/site-packages/airflow/example_dags/example_kubernetes_executor.py
[2025-06-26T22:45:35.945+0000] {processor.py:925} INFO - DAG(s) 'example_kubernetes_executor' retrieved from /home/airflow/.local/lib/python3.12/site-packages/airflow/example_dags/example_kubernetes_executor.py
[2025-06-26T22:45:35.977+0000] {logging_mixin.py:190} INFO - [2025-06-26T22:45:35.976+0000] {dag.py:3239} INFO - Sync 1 DAGs
[2025-06-26T22:45:35.988+0000] {logging_mixin.py:190} INFO - [2025-06-26T22:45:35.987+0000] {dag.py:4180} INFO - Setting next_dagrun for example_kubernetes_executor to None, run_after=None
[2025-06-26T22:45:36.007+0000] {processor.py:208} INFO - Processing /home/airflow/.local/lib/python3.12/site-packages/airflow/example_dags/example_kubernetes_executor.py took 0.082 seconds
[2025-06-26T22:46:06.239+0000] {processor.py:186} INFO - Started process (PID=404) to work on /home/airflow/.local/lib/python3.12/site-packages/airflow/example_dags/example_kubernetes_executor.py
[2025-06-26T22:46:06.240+0000] {processor.py:914} INFO - Processing file /home/airflow/.local/lib/python3.12/site-packages/airflow/example_dags/example_kubernetes_executor.py for tasks to queue
[2025-06-26T22:46:06.242+0000] {logging_mixin.py:190} INFO - [2025-06-26T22:46:06.242+0000] {dagbag.py:588} INFO - Filling up the DagBag from /home/airflow/.local/lib/python3.12/site-packages/airflow/example_dags/example_kubernetes_executor.py
[2025-06-26T22:46:06.253+0000] {processor.py:925} INFO - DAG(s) 'example_kubernetes_executor' retrieved from /home/airflow/.local/lib/python3.12/site-packages/airflow/example_dags/example_kubernetes_executor.py
[2025-06-26T22:46:06.284+0000] {logging_mixin.py:190} INFO - [2025-06-26T22:46:06.284+0000] {dag.py:3239} INFO - Sync 1 DAGs
[2025-06-26T22:46:06.297+0000] {logging_mixin.py:190} INFO - [2025-06-26T22:46:06.297+0000] {dag.py:4180} INFO - Setting next_dagrun for example_kubernetes_executor to None, run_after=None
[2025-06-26T22:46:06.316+0000] {processor.py:208} INFO - Processing /home/airflow/.local/lib/python3.12/site-packages/airflow/example_dags/example_kubernetes_executor.py took 0.083 seconds
[2025-06-26T22:46:36.861+0000] {processor.py:186} INFO - Started process (PID=466) to work on /home/airflow/.local/lib/python3.12/site-packages/airflow/example_dags/example_kubernetes_executor.py
[2025-06-26T22:46:36.862+0000] {processor.py:914} INFO - Processing file /home/airflow/.local/lib/python3.12/site-packages/airflow/example_dags/example_kubernetes_executor.py for tasks to queue
[2025-06-26T22:46:36.864+0000] {logging_mixin.py:190} INFO - [2025-06-26T22:46:36.864+0000] {dagbag.py:588} INFO - Filling up the DagBag from /home/airflow/.local/lib/python3.12/site-packages/airflow/example_dags/example_kubernetes_executor.py
[2025-06-26T22:46:36.876+0000] {processor.py:925} INFO - DAG(s) 'example_kubernetes_executor' retrieved from /home/airflow/.local/lib/python3.12/site-packages/airflow/example_dags/example_kubernetes_executor.py
[2025-06-26T22:46:36.910+0000] {logging_mixin.py:190} INFO - [2025-06-26T22:46:36.910+0000] {dag.py:3239} INFO - Sync 1 DAGs
[2025-06-26T22:46:36.921+0000] {logging_mixin.py:190} INFO - [2025-06-26T22:46:36.921+0000] {dag.py:4180} INFO - Setting next_dagrun for example_kubernetes_executor to None, run_after=None
[2025-06-26T22:46:36.940+0000] {processor.py:208} INFO - Processing /home/airflow/.local/lib/python3.12/site-packages/airflow/example_dags/example_kubernetes_executor.py took 0.085 seconds
[2025-06-26T22:47:07.263+0000] {processor.py:186} INFO - Started process (PID=528) to work on /home/airflow/.local/lib/python3.12/site-packages/airflow/example_dags/example_kubernetes_executor.py
[2025-06-26T22:47:07.264+0000] {processor.py:914} INFO - Processing file /home/airflow/.local/lib/python3.12/site-packages/airflow/example_dags/example_kubernetes_executor.py for tasks to queue
[2025-06-26T22:47:07.267+0000] {logging_mixin.py:190} INFO - [2025-06-26T22:47:07.266+0000] {dagbag.py:588} INFO - Filling up the DagBag from /home/airflow/.local/lib/python3.12/site-packages/airflow/example_dags/example_kubernetes_executor.py
[2025-06-26T22:47:07.278+0000] {processor.py:925} INFO - DAG(s) 'example_kubernetes_executor' retrieved from /home/airflow/.local/lib/python3.12/site-packages/airflow/example_dags/example_kubernetes_executor.py
[2025-06-26T22:47:07.313+0000] {logging_mixin.py:190} INFO - [2025-06-26T22:47:07.313+0000] {dag.py:3239} INFO - Sync 1 DAGs
[2025-06-26T22:47:07.326+0000] {logging_mixin.py:190} INFO - [2025-06-26T22:47:07.326+0000] {dag.py:4180} INFO - Setting next_dagrun for example_kubernetes_executor to None, run_after=None
[2025-06-26T22:47:07.345+0000] {processor.py:208} INFO - Processing /home/airflow/.local/lib/python3.12/site-packages/airflow/example_dags/example_kubernetes_executor.py took 0.087 seconds
[2025-06-26T22:47:37.718+0000] {processor.py:186} INFO - Started process (PID=590) to work on /home/airflow/.local/lib/python3.12/site-packages/airflow/example_dags/example_kubernetes_executor.py
[2025-06-26T22:47:37.719+0000] {processor.py:914} INFO - Processing file /home/airflow/.local/lib/python3.12/site-packages/airflow/example_dags/example_kubernetes_executor.py for tasks to queue
[2025-06-26T22:47:37.721+0000] {logging_mixin.py:190} INFO - [2025-06-26T22:47:37.721+0000] {dagbag.py:588} INFO - Filling up the DagBag from /home/airflow/.local/lib/python3.12/site-packages/airflow/example_dags/example_kubernetes_executor.py
[2025-06-26T22:47:37.734+0000] {processor.py:925} INFO - DAG(s) 'example_kubernetes_executor' retrieved from /home/airflow/.local/lib/python3.12/site-packages/airflow/example_dags/example_kubernetes_executor.py
[2025-06-26T22:47:37.767+0000] {logging_mixin.py:190} INFO - [2025-06-26T22:47:37.766+0000] {dag.py:3239} INFO - Sync 1 DAGs
[2025-06-26T22:47:37.780+0000] {logging_mixin.py:190} INFO - [2025-06-26T22:47:37.780+0000] {dag.py:4180} INFO - Setting next_dagrun for example_kubernetes_executor to None, run_after=None
[2025-06-26T22:47:37.799+0000] {processor.py:208} INFO - Processing /home/airflow/.local/lib/python3.12/site-packages/airflow/example_dags/example_kubernetes_executor.py took 0.087 seconds
[2025-06-26T22:48:08.054+0000] {processor.py:186} INFO - Started process (PID=652) to work on /home/airflow/.local/lib/python3.12/site-packages/airflow/example_dags/example_kubernetes_executor.py
[2025-06-26T22:48:08.055+0000] {processor.py:914} INFO - Processing file /home/airflow/.local/lib/python3.12/site-packages/airflow/example_dags/example_kubernetes_executor.py for tasks to queue
[2025-06-26T22:48:08.058+0000] {logging_mixin.py:190} INFO - [2025-06-26T22:48:08.058+0000] {dagbag.py:588} INFO - Filling up the DagBag from /home/airflow/.local/lib/python3.12/site-packages/airflow/example_dags/example_kubernetes_executor.py
[2025-06-26T22:48:08.072+0000] {processor.py:925} INFO - DAG(s) 'example_kubernetes_executor' retrieved from /home/airflow/.local/lib/python3.12/site-packages/airflow/example_dags/example_kubernetes_executor.py
[2025-06-26T22:48:08.110+0000] {logging_mixin.py:190} INFO - [2025-06-26T22:48:08.110+0000] {dag.py:3239} INFO - Sync 1 DAGs
[2025-06-26T22:48:08.124+0000] {logging_mixin.py:190} INFO - [2025-06-26T22:48:08.124+0000] {dag.py:4180} INFO - Setting next_dagrun for example_kubernetes_executor to None, run_after=None
[2025-06-26T22:48:08.145+0000] {processor.py:208} INFO - Processing /home/airflow/.local/lib/python3.12/site-packages/airflow/example_dags/example_kubernetes_executor.py took 0.098 seconds
[2025-06-26T22:48:38.418+0000] {processor.py:186} INFO - Started process (PID=714) to work on /home/airflow/.local/lib/python3.12/site-packages/airflow/example_dags/example_kubernetes_executor.py
[2025-06-26T22:48:38.419+0000] {processor.py:914} INFO - Processing file /home/airflow/.local/lib/python3.12/site-packages/airflow/example_dags/example_kubernetes_executor.py for tasks to queue
[2025-06-26T22:48:38.421+0000] {logging_mixin.py:190} INFO - [2025-06-26T22:48:38.421+0000] {dagbag.py:588} INFO - Filling up the DagBag from /home/airflow/.local/lib/python3.12/site-packages/airflow/example_dags/example_kubernetes_executor.py
[2025-06-26T22:48:38.433+0000] {processor.py:925} INFO - DAG(s) 'example_kubernetes_executor' retrieved from /home/airflow/.local/lib/python3.12/site-packages/airflow/example_dags/example_kubernetes_executor.py
[2025-06-26T22:48:38.465+0000] {logging_mixin.py:190} INFO - [2025-06-26T22:48:38.465+0000] {dag.py:3239} INFO - Sync 1 DAGs
[2025-06-26T22:48:38.477+0000] {logging_mixin.py:190} INFO - [2025-06-26T22:48:38.477+0000] {dag.py:4180} INFO - Setting next_dagrun for example_kubernetes_executor to None, run_after=None
[2025-06-26T22:48:38.496+0000] {processor.py:208} INFO - Processing /home/airflow/.local/lib/python3.12/site-packages/airflow/example_dags/example_kubernetes_executor.py took 0.083 seconds
[2025-06-26T22:49:08.701+0000] {processor.py:186} INFO - Started process (PID=776) to work on /home/airflow/.local/lib/python3.12/site-packages/airflow/example_dags/example_kubernetes_executor.py
[2025-06-26T22:49:08.702+0000] {processor.py:914} INFO - Processing file /home/airflow/.local/lib/python3.12/site-packages/airflow/example_dags/example_kubernetes_executor.py for tasks to queue
[2025-06-26T22:49:08.705+0000] {logging_mixin.py:190} INFO - [2025-06-26T22:49:08.704+0000] {dagbag.py:588} INFO - Filling up the DagBag from /home/airflow/.local/lib/python3.12/site-packages/airflow/example_dags/example_kubernetes_executor.py
[2025-06-26T22:49:08.718+0000] {processor.py:925} INFO - DAG(s) 'example_kubernetes_executor' retrieved from /home/airflow/.local/lib/python3.12/site-packages/airflow/example_dags/example_kubernetes_executor.py
[2025-06-26T22:49:08.756+0000] {logging_mixin.py:190} INFO - [2025-06-26T22:49:08.755+0000] {dag.py:3239} INFO - Sync 1 DAGs
[2025-06-26T22:49:08.769+0000] {logging_mixin.py:190} INFO - [2025-06-26T22:49:08.769+0000] {dag.py:4180} INFO - Setting next_dagrun for example_kubernetes_executor to None, run_after=None
[2025-06-26T22:49:08.786+0000] {processor.py:208} INFO - Processing /home/airflow/.local/lib/python3.12/site-packages/airflow/example_dags/example_kubernetes_executor.py took 0.091 seconds
[2025-06-26T22:49:39.057+0000] {processor.py:186} INFO - Started process (PID=838) to work on /home/airflow/.local/lib/python3.12/site-packages/airflow/example_dags/example_kubernetes_executor.py
[2025-06-26T22:49:39.058+0000] {processor.py:914} INFO - Processing file /home/airflow/.local/lib/python3.12/site-packages/airflow/example_dags/example_kubernetes_executor.py for tasks to queue
[2025-06-26T22:49:39.060+0000] {logging_mixin.py:190} INFO - [2025-06-26T22:49:39.060+0000] {dagbag.py:588} INFO - Filling up the DagBag from /home/airflow/.local/lib/python3.12/site-packages/airflow/example_dags/example_kubernetes_executor.py
[2025-06-26T22:49:39.073+0000] {processor.py:925} INFO - DAG(s) 'example_kubernetes_executor' retrieved from /home/airflow/.local/lib/python3.12/site-packages/airflow/example_dags/example_kubernetes_executor.py
[2025-06-26T22:49:39.112+0000] {logging_mixin.py:190} INFO - [2025-06-26T22:49:39.111+0000] {dag.py:3239} INFO - Sync 1 DAGs
[2025-06-26T22:49:39.128+0000] {logging_mixin.py:190} INFO - [2025-06-26T22:49:39.128+0000] {dag.py:4180} INFO - Setting next_dagrun for example_kubernetes_executor to None, run_after=None
[2025-06-26T22:49:39.149+0000] {processor.py:208} INFO - Processing /home/airflow/.local/lib/python3.12/site-packages/airflow/example_dags/example_kubernetes_executor.py took 0.099 seconds
[2025-06-26T22:50:09.532+0000] {processor.py:186} INFO - Started process (PID=900) to work on /home/airflow/.local/lib/python3.12/site-packages/airflow/example_dags/example_kubernetes_executor.py
[2025-06-26T22:50:09.533+0000] {processor.py:914} INFO - Processing file /home/airflow/.local/lib/python3.12/site-packages/airflow/example_dags/example_kubernetes_executor.py for tasks to queue
[2025-06-26T22:50:09.535+0000] {logging_mixin.py:190} INFO - [2025-06-26T22:50:09.534+0000] {dagbag.py:588} INFO - Filling up the DagBag from /home/airflow/.local/lib/python3.12/site-packages/airflow/example_dags/example_kubernetes_executor.py
[2025-06-26T22:50:09.546+0000] {processor.py:925} INFO - DAG(s) 'example_kubernetes_executor' retrieved from /home/airflow/.local/lib/python3.12/site-packages/airflow/example_dags/example_kubernetes_executor.py
[2025-06-26T22:50:09.580+0000] {logging_mixin.py:190} INFO - [2025-06-26T22:50:09.580+0000] {dag.py:3239} INFO - Sync 1 DAGs
[2025-06-26T22:50:09.595+0000] {logging_mixin.py:190} INFO - [2025-06-26T22:50:09.595+0000] {dag.py:4180} INFO - Setting next_dagrun for example_kubernetes_executor to None, run_after=None
[2025-06-26T22:50:09.614+0000] {processor.py:208} INFO - Processing /home/airflow/.local/lib/python3.12/site-packages/airflow/example_dags/example_kubernetes_executor.py took 0.087 seconds
[2025-06-26T22:50:39.793+0000] {processor.py:186} INFO - Started process (PID=961) to work on /home/airflow/.local/lib/python3.12/site-packages/airflow/example_dags/example_kubernetes_executor.py
[2025-06-26T22:50:39.794+0000] {processor.py:914} INFO - Processing file /home/airflow/.local/lib/python3.12/site-packages/airflow/example_dags/example_kubernetes_executor.py for tasks to queue
[2025-06-26T22:50:39.796+0000] {logging_mixin.py:190} INFO - [2025-06-26T22:50:39.796+0000] {dagbag.py:588} INFO - Filling up the DagBag from /home/airflow/.local/lib/python3.12/site-packages/airflow/example_dags/example_kubernetes_executor.py
[2025-06-26T22:50:39.812+0000] {processor.py:925} INFO - DAG(s) 'example_kubernetes_executor' retrieved from /home/airflow/.local/lib/python3.12/site-packages/airflow/example_dags/example_kubernetes_executor.py
[2025-06-26T22:50:39.846+0000] {logging_mixin.py:190} INFO - [2025-06-26T22:50:39.845+0000] {dag.py:3239} INFO - Sync 1 DAGs
[2025-06-26T22:50:39.857+0000] {logging_mixin.py:190} INFO - [2025-06-26T22:50:39.857+0000] {dag.py:4180} INFO - Setting next_dagrun for example_kubernetes_executor to None, run_after=None
[2025-06-26T22:50:39.879+0000] {processor.py:208} INFO - Processing /home/airflow/.local/lib/python3.12/site-packages/airflow/example_dags/example_kubernetes_executor.py took 0.093 seconds
[2025-06-26T22:51:10.395+0000] {processor.py:186} INFO - Started process (PID=1023) to work on /home/airflow/.local/lib/python3.12/site-packages/airflow/example_dags/example_kubernetes_executor.py
[2025-06-26T22:51:10.396+0000] {processor.py:914} INFO - Processing file /home/airflow/.local/lib/python3.12/site-packages/airflow/example_dags/example_kubernetes_executor.py for tasks to queue
[2025-06-26T22:51:10.398+0000] {logging_mixin.py:190} INFO - [2025-06-26T22:51:10.398+0000] {dagbag.py:588} INFO - Filling up the DagBag from /home/airflow/.local/lib/python3.12/site-packages/airflow/example_dags/example_kubernetes_executor.py
[2025-06-26T22:51:10.410+0000] {processor.py:925} INFO - DAG(s) 'example_kubernetes_executor' retrieved from /home/airflow/.local/lib/python3.12/site-packages/airflow/example_dags/example_kubernetes_executor.py
[2025-06-26T22:51:10.443+0000] {logging_mixin.py:190} INFO - [2025-06-26T22:51:10.443+0000] {dag.py:3239} INFO - Sync 1 DAGs
[2025-06-26T22:51:10.455+0000] {logging_mixin.py:190} INFO - [2025-06-26T22:51:10.454+0000] {dag.py:4180} INFO - Setting next_dagrun for example_kubernetes_executor to None, run_after=None
[2025-06-26T22:51:10.476+0000] {processor.py:208} INFO - Processing /home/airflow/.local/lib/python3.12/site-packages/airflow/example_dags/example_kubernetes_executor.py took 0.087 seconds
[2025-06-26T22:51:40.636+0000] {processor.py:186} INFO - Started process (PID=1085) to work on /home/airflow/.local/lib/python3.12/site-packages/airflow/example_dags/example_kubernetes_executor.py
[2025-06-26T22:51:40.637+0000] {processor.py:914} INFO - Processing file /home/airflow/.local/lib/python3.12/site-packages/airflow/example_dags/example_kubernetes_executor.py for tasks to queue
[2025-06-26T22:51:40.639+0000] {logging_mixin.py:190} INFO - [2025-06-26T22:51:40.639+0000] {dagbag.py:588} INFO - Filling up the DagBag from /home/airflow/.local/lib/python3.12/site-packages/airflow/example_dags/example_kubernetes_executor.py
[2025-06-26T22:51:40.651+0000] {processor.py:925} INFO - DAG(s) 'example_kubernetes_executor' retrieved from /home/airflow/.local/lib/python3.12/site-packages/airflow/example_dags/example_kubernetes_executor.py
[2025-06-26T22:51:40.683+0000] {logging_mixin.py:190} INFO - [2025-06-26T22:51:40.683+0000] {dag.py:3239} INFO - Sync 1 DAGs
[2025-06-26T22:51:40.696+0000] {logging_mixin.py:190} INFO - [2025-06-26T22:51:40.696+0000] {dag.py:4180} INFO - Setting next_dagrun for example_kubernetes_executor to None, run_after=None
[2025-06-26T22:51:40.718+0000] {processor.py:208} INFO - Processing /home/airflow/.local/lib/python3.12/site-packages/airflow/example_dags/example_kubernetes_executor.py took 0.087 seconds
[2025-06-26T22:52:11.010+0000] {processor.py:186} INFO - Started process (PID=1147) to work on /home/airflow/.local/lib/python3.12/site-packages/airflow/example_dags/example_kubernetes_executor.py
[2025-06-26T22:52:11.011+0000] {processor.py:914} INFO - Processing file /home/airflow/.local/lib/python3.12/site-packages/airflow/example_dags/example_kubernetes_executor.py for tasks to queue
[2025-06-26T22:52:11.013+0000] {logging_mixin.py:190} INFO - [2025-06-26T22:52:11.013+0000] {dagbag.py:588} INFO - Filling up the DagBag from /home/airflow/.local/lib/python3.12/site-packages/airflow/example_dags/example_kubernetes_executor.py
[2025-06-26T22:52:11.030+0000] {processor.py:925} INFO - DAG(s) 'example_kubernetes_executor' retrieved from /home/airflow/.local/lib/python3.12/site-packages/airflow/example_dags/example_kubernetes_executor.py
[2025-06-26T22:52:11.069+0000] {logging_mixin.py:190} INFO - [2025-06-26T22:52:11.068+0000] {dag.py:3239} INFO - Sync 1 DAGs
[2025-06-26T22:52:11.082+0000] {logging_mixin.py:190} INFO - [2025-06-26T22:52:11.082+0000] {dag.py:4180} INFO - Setting next_dagrun for example_kubernetes_executor to None, run_after=None
[2025-06-26T22:52:11.104+0000] {processor.py:208} INFO - Processing /home/airflow/.local/lib/python3.12/site-packages/airflow/example_dags/example_kubernetes_executor.py took 0.100 seconds
[2025-06-26T22:52:41.155+0000] {processor.py:186} INFO - Started process (PID=1209) to work on /home/airflow/.local/lib/python3.12/site-packages/airflow/example_dags/example_kubernetes_executor.py
[2025-06-26T22:52:41.156+0000] {processor.py:914} INFO - Processing file /home/airflow/.local/lib/python3.12/site-packages/airflow/example_dags/example_kubernetes_executor.py for tasks to queue
[2025-06-26T22:52:41.158+0000] {logging_mixin.py:190} INFO - [2025-06-26T22:52:41.158+0000] {dagbag.py:588} INFO - Filling up the DagBag from /home/airflow/.local/lib/python3.12/site-packages/airflow/example_dags/example_kubernetes_executor.py
[2025-06-26T22:52:41.170+0000] {processor.py:925} INFO - DAG(s) 'example_kubernetes_executor' retrieved from /home/airflow/.local/lib/python3.12/site-packages/airflow/example_dags/example_kubernetes_executor.py
[2025-06-26T22:52:41.202+0000] {logging_mixin.py:190} INFO - [2025-06-26T22:52:41.202+0000] {dag.py:3239} INFO - Sync 1 DAGs
[2025-06-26T22:52:41.215+0000] {logging_mixin.py:190} INFO - [2025-06-26T22:52:41.215+0000] {dag.py:4180} INFO - Setting next_dagrun for example_kubernetes_executor to None, run_after=None
[2025-06-26T22:52:41.234+0000] {processor.py:208} INFO - Processing /home/airflow/.local/lib/python3.12/site-packages/airflow/example_dags/example_kubernetes_executor.py took 0.086 seconds
[2025-06-26T22:53:11.598+0000] {processor.py:186} INFO - Started process (PID=1271) to work on /home/airflow/.local/lib/python3.12/site-packages/airflow/example_dags/example_kubernetes_executor.py
[2025-06-26T22:53:11.599+0000] {processor.py:914} INFO - Processing file /home/airflow/.local/lib/python3.12/site-packages/airflow/example_dags/example_kubernetes_executor.py for tasks to queue
[2025-06-26T22:53:11.601+0000] {logging_mixin.py:190} INFO - [2025-06-26T22:53:11.601+0000] {dagbag.py:588} INFO - Filling up the DagBag from /home/airflow/.local/lib/python3.12/site-packages/airflow/example_dags/example_kubernetes_executor.py
[2025-06-26T22:53:11.613+0000] {processor.py:925} INFO - DAG(s) 'example_kubernetes_executor' retrieved from /home/airflow/.local/lib/python3.12/site-packages/airflow/example_dags/example_kubernetes_executor.py
[2025-06-26T22:53:11.648+0000] {logging_mixin.py:190} INFO - [2025-06-26T22:53:11.648+0000] {dag.py:3239} INFO - Sync 1 DAGs
[2025-06-26T22:53:11.661+0000] {logging_mixin.py:190} INFO - [2025-06-26T22:53:11.661+0000] {dag.py:4180} INFO - Setting next_dagrun for example_kubernetes_executor to None, run_after=None
[2025-06-26T22:53:11.681+0000] {processor.py:208} INFO - Processing /home/airflow/.local/lib/python3.12/site-packages/airflow/example_dags/example_kubernetes_executor.py took 0.088 seconds
[2025-06-26T22:53:41.964+0000] {processor.py:186} INFO - Started process (PID=1333) to work on /home/airflow/.local/lib/python3.12/site-packages/airflow/example_dags/example_kubernetes_executor.py
[2025-06-26T22:53:41.965+0000] {processor.py:914} INFO - Processing file /home/airflow/.local/lib/python3.12/site-packages/airflow/example_dags/example_kubernetes_executor.py for tasks to queue
[2025-06-26T22:53:41.967+0000] {logging_mixin.py:190} INFO - [2025-06-26T22:53:41.967+0000] {dagbag.py:588} INFO - Filling up the DagBag from /home/airflow/.local/lib/python3.12/site-packages/airflow/example_dags/example_kubernetes_executor.py
[2025-06-26T22:53:41.978+0000] {processor.py:925} INFO - DAG(s) 'example_kubernetes_executor' retrieved from /home/airflow/.local/lib/python3.12/site-packages/airflow/example_dags/example_kubernetes_executor.py
[2025-06-26T22:53:42.010+0000] {logging_mixin.py:190} INFO - [2025-06-26T22:53:42.010+0000] {dag.py:3239} INFO - Sync 1 DAGs
[2025-06-26T22:53:42.024+0000] {logging_mixin.py:190} INFO - [2025-06-26T22:53:42.024+0000] {dag.py:4180} INFO - Setting next_dagrun for example_kubernetes_executor to None, run_after=None
[2025-06-26T22:53:42.045+0000] {processor.py:208} INFO - Processing /home/airflow/.local/lib/python3.12/site-packages/airflow/example_dags/example_kubernetes_executor.py took 0.086 seconds
[2025-06-26T22:54:12.298+0000] {processor.py:186} INFO - Started process (PID=1395) to work on /home/airflow/.local/lib/python3.12/site-packages/airflow/example_dags/example_kubernetes_executor.py
[2025-06-26T22:54:12.300+0000] {processor.py:914} INFO - Processing file /home/airflow/.local/lib/python3.12/site-packages/airflow/example_dags/example_kubernetes_executor.py for tasks to queue
[2025-06-26T22:54:12.303+0000] {logging_mixin.py:190} INFO - [2025-06-26T22:54:12.302+0000] {dagbag.py:588} INFO - Filling up the DagBag from /home/airflow/.local/lib/python3.12/site-packages/airflow/example_dags/example_kubernetes_executor.py
[2025-06-26T22:54:12.314+0000] {processor.py:925} INFO - DAG(s) 'example_kubernetes_executor' retrieved from /home/airflow/.local/lib/python3.12/site-packages/airflow/example_dags/example_kubernetes_executor.py
[2025-06-26T22:54:12.350+0000] {logging_mixin.py:190} INFO - [2025-06-26T22:54:12.349+0000] {dag.py:3239} INFO - Sync 1 DAGs
[2025-06-26T22:54:12.367+0000] {logging_mixin.py:190} INFO - [2025-06-26T22:54:12.366+0000] {dag.py:4180} INFO - Setting next_dagrun for example_kubernetes_executor to None, run_after=None
[2025-06-26T22:54:12.386+0000] {processor.py:208} INFO - Processing /home/airflow/.local/lib/python3.12/site-packages/airflow/example_dags/example_kubernetes_executor.py took 0.093 seconds
[2025-06-26T22:54:42.804+0000] {processor.py:186} INFO - Started process (PID=1457) to work on /home/airflow/.local/lib/python3.12/site-packages/airflow/example_dags/example_kubernetes_executor.py
[2025-06-26T22:54:42.805+0000] {processor.py:914} INFO - Processing file /home/airflow/.local/lib/python3.12/site-packages/airflow/example_dags/example_kubernetes_executor.py for tasks to queue
[2025-06-26T22:54:42.808+0000] {logging_mixin.py:190} INFO - [2025-06-26T22:54:42.807+0000] {dagbag.py:588} INFO - Filling up the DagBag from /home/airflow/.local/lib/python3.12/site-packages/airflow/example_dags/example_kubernetes_executor.py
[2025-06-26T22:54:42.825+0000] {processor.py:925} INFO - DAG(s) 'example_kubernetes_executor' retrieved from /home/airflow/.local/lib/python3.12/site-packages/airflow/example_dags/example_kubernetes_executor.py
[2025-06-26T22:54:42.859+0000] {logging_mixin.py:190} INFO - [2025-06-26T22:54:42.859+0000] {dag.py:3239} INFO - Sync 1 DAGs
[2025-06-26T22:54:42.874+0000] {logging_mixin.py:190} INFO - [2025-06-26T22:54:42.873+0000] {dag.py:4180} INFO - Setting next_dagrun for example_kubernetes_executor to None, run_after=None
[2025-06-26T22:54:42.894+0000] {processor.py:208} INFO - Processing /home/airflow/.local/lib/python3.12/site-packages/airflow/example_dags/example_kubernetes_executor.py took 0.096 seconds
[2025-06-26T22:55:13.262+0000] {processor.py:186} INFO - Started process (PID=1519) to work on /home/airflow/.local/lib/python3.12/site-packages/airflow/example_dags/example_kubernetes_executor.py
[2025-06-26T22:55:13.263+0000] {processor.py:914} INFO - Processing file /home/airflow/.local/lib/python3.12/site-packages/airflow/example_dags/example_kubernetes_executor.py for tasks to queue
[2025-06-26T22:55:13.265+0000] {logging_mixin.py:190} INFO - [2025-06-26T22:55:13.265+0000] {dagbag.py:588} INFO - Filling up the DagBag from /home/airflow/.local/lib/python3.12/site-packages/airflow/example_dags/example_kubernetes_executor.py
[2025-06-26T22:55:13.278+0000] {processor.py:925} INFO - DAG(s) 'example_kubernetes_executor' retrieved from /home/airflow/.local/lib/python3.12/site-packages/airflow/example_dags/example_kubernetes_executor.py
[2025-06-26T22:55:13.311+0000] {logging_mixin.py:190} INFO - [2025-06-26T22:55:13.311+0000] {dag.py:3239} INFO - Sync 1 DAGs
[2025-06-26T22:55:13.325+0000] {logging_mixin.py:190} INFO - [2025-06-26T22:55:13.325+0000] {dag.py:4180} INFO - Setting next_dagrun for example_kubernetes_executor to None, run_after=None
[2025-06-26T22:55:13.346+0000] {processor.py:208} INFO - Processing /home/airflow/.local/lib/python3.12/site-packages/airflow/example_dags/example_kubernetes_executor.py took 0.090 seconds
[2025-06-26T22:55:43.688+0000] {processor.py:186} INFO - Started process (PID=1581) to work on /home/airflow/.local/lib/python3.12/site-packages/airflow/example_dags/example_kubernetes_executor.py
[2025-06-26T22:55:43.689+0000] {processor.py:914} INFO - Processing file /home/airflow/.local/lib/python3.12/site-packages/airflow/example_dags/example_kubernetes_executor.py for tasks to queue
[2025-06-26T22:55:43.692+0000] {logging_mixin.py:190} INFO - [2025-06-26T22:55:43.692+0000] {dagbag.py:588} INFO - Filling up the DagBag from /home/airflow/.local/lib/python3.12/site-packages/airflow/example_dags/example_kubernetes_executor.py
[2025-06-26T22:55:43.707+0000] {processor.py:925} INFO - DAG(s) 'example_kubernetes_executor' retrieved from /home/airflow/.local/lib/python3.12/site-packages/airflow/example_dags/example_kubernetes_executor.py
[2025-06-26T22:55:43.745+0000] {logging_mixin.py:190} INFO - [2025-06-26T22:55:43.745+0000] {dag.py:3239} INFO - Sync 1 DAGs
[2025-06-26T22:55:43.757+0000] {logging_mixin.py:190} INFO - [2025-06-26T22:55:43.757+0000] {dag.py:4180} INFO - Setting next_dagrun for example_kubernetes_executor to None, run_after=None
[2025-06-26T22:55:43.778+0000] {processor.py:208} INFO - Processing /home/airflow/.local/lib/python3.12/site-packages/airflow/example_dags/example_kubernetes_executor.py took 0.097 seconds
[2025-06-26T22:56:13.933+0000] {processor.py:186} INFO - Started process (PID=1643) to work on /home/airflow/.local/lib/python3.12/site-packages/airflow/example_dags/example_kubernetes_executor.py
[2025-06-26T22:56:13.934+0000] {processor.py:914} INFO - Processing file /home/airflow/.local/lib/python3.12/site-packages/airflow/example_dags/example_kubernetes_executor.py for tasks to queue
[2025-06-26T22:56:13.937+0000] {logging_mixin.py:190} INFO - [2025-06-26T22:56:13.936+0000] {dagbag.py:588} INFO - Filling up the DagBag from /home/airflow/.local/lib/python3.12/site-packages/airflow/example_dags/example_kubernetes_executor.py
[2025-06-26T22:56:13.949+0000] {processor.py:925} INFO - DAG(s) 'example_kubernetes_executor' retrieved from /home/airflow/.local/lib/python3.12/site-packages/airflow/example_dags/example_kubernetes_executor.py
[2025-06-26T22:56:13.985+0000] {logging_mixin.py:190} INFO - [2025-06-26T22:56:13.985+0000] {dag.py:3239} INFO - Sync 1 DAGs
[2025-06-26T22:56:13.998+0000] {logging_mixin.py:190} INFO - [2025-06-26T22:56:13.998+0000] {dag.py:4180} INFO - Setting next_dagrun for example_kubernetes_executor to None, run_after=None
[2025-06-26T22:56:14.016+0000] {processor.py:208} INFO - Processing /home/airflow/.local/lib/python3.12/site-packages/airflow/example_dags/example_kubernetes_executor.py took 0.089 seconds
[2025-06-26T22:56:44.829+0000] {processor.py:186} INFO - Started process (PID=1705) to work on /home/airflow/.local/lib/python3.12/site-packages/airflow/example_dags/example_kubernetes_executor.py
[2025-06-26T22:56:44.830+0000] {processor.py:914} INFO - Processing file /home/airflow/.local/lib/python3.12/site-packages/airflow/example_dags/example_kubernetes_executor.py for tasks to queue
[2025-06-26T22:56:44.833+0000] {logging_mixin.py:190} INFO - [2025-06-26T22:56:44.833+0000] {dagbag.py:588} INFO - Filling up the DagBag from /home/airflow/.local/lib/python3.12/site-packages/airflow/example_dags/example_kubernetes_executor.py
[2025-06-26T22:56:44.848+0000] {processor.py:925} INFO - DAG(s) 'example_kubernetes_executor' retrieved from /home/airflow/.local/lib/python3.12/site-packages/airflow/example_dags/example_kubernetes_executor.py
[2025-06-26T22:56:44.888+0000] {logging_mixin.py:190} INFO - [2025-06-26T22:56:44.888+0000] {dag.py:3239} INFO - Sync 1 DAGs
[2025-06-26T22:56:44.901+0000] {logging_mixin.py:190} INFO - [2025-06-26T22:56:44.901+0000] {dag.py:4180} INFO - Setting next_dagrun for example_kubernetes_executor to None, run_after=None
[2025-06-26T22:56:44.920+0000] {processor.py:208} INFO - Processing /home/airflow/.local/lib/python3.12/site-packages/airflow/example_dags/example_kubernetes_executor.py took 0.097 seconds
[2025-06-26T22:57:15.145+0000] {processor.py:186} INFO - Started process (PID=1767) to work on /home/airflow/.local/lib/python3.12/site-packages/airflow/example_dags/example_kubernetes_executor.py
[2025-06-26T22:57:15.146+0000] {processor.py:914} INFO - Processing file /home/airflow/.local/lib/python3.12/site-packages/airflow/example_dags/example_kubernetes_executor.py for tasks to queue
[2025-06-26T22:57:15.149+0000] {logging_mixin.py:190} INFO - [2025-06-26T22:57:15.148+0000] {dagbag.py:588} INFO - Filling up the DagBag from /home/airflow/.local/lib/python3.12/site-packages/airflow/example_dags/example_kubernetes_executor.py
[2025-06-26T22:57:15.162+0000] {processor.py:925} INFO - DAG(s) 'example_kubernetes_executor' retrieved from /home/airflow/.local/lib/python3.12/site-packages/airflow/example_dags/example_kubernetes_executor.py
[2025-06-26T22:57:15.194+0000] {logging_mixin.py:190} INFO - [2025-06-26T22:57:15.194+0000] {dag.py:3239} INFO - Sync 1 DAGs
[2025-06-26T22:57:15.207+0000] {logging_mixin.py:190} INFO - [2025-06-26T22:57:15.206+0000] {dag.py:4180} INFO - Setting next_dagrun for example_kubernetes_executor to None, run_after=None
[2025-06-26T22:57:15.227+0000] {processor.py:208} INFO - Processing /home/airflow/.local/lib/python3.12/site-packages/airflow/example_dags/example_kubernetes_executor.py took 0.088 seconds
[2025-06-26T22:57:45.635+0000] {processor.py:186} INFO - Started process (PID=1829) to work on /home/airflow/.local/lib/python3.12/site-packages/airflow/example_dags/example_kubernetes_executor.py
[2025-06-26T22:57:45.637+0000] {processor.py:914} INFO - Processing file /home/airflow/.local/lib/python3.12/site-packages/airflow/example_dags/example_kubernetes_executor.py for tasks to queue
[2025-06-26T22:57:45.640+0000] {logging_mixin.py:190} INFO - [2025-06-26T22:57:45.639+0000] {dagbag.py:588} INFO - Filling up the DagBag from /home/airflow/.local/lib/python3.12/site-packages/airflow/example_dags/example_kubernetes_executor.py
[2025-06-26T22:57:45.655+0000] {processor.py:925} INFO - DAG(s) 'example_kubernetes_executor' retrieved from /home/airflow/.local/lib/python3.12/site-packages/airflow/example_dags/example_kubernetes_executor.py
[2025-06-26T22:57:45.697+0000] {logging_mixin.py:190} INFO - [2025-06-26T22:57:45.697+0000] {dag.py:3239} INFO - Sync 1 DAGs
[2025-06-26T22:57:45.714+0000] {logging_mixin.py:190} INFO - [2025-06-26T22:57:45.714+0000] {dag.py:4180} INFO - Setting next_dagrun for example_kubernetes_executor to None, run_after=None
[2025-06-26T22:57:45.735+0000] {processor.py:208} INFO - Processing /home/airflow/.local/lib/python3.12/site-packages/airflow/example_dags/example_kubernetes_executor.py took 0.107 seconds
[2025-06-26T22:58:16.115+0000] {processor.py:186} INFO - Started process (PID=1891) to work on /home/airflow/.local/lib/python3.12/site-packages/airflow/example_dags/example_kubernetes_executor.py
[2025-06-26T22:58:16.117+0000] {processor.py:914} INFO - Processing file /home/airflow/.local/lib/python3.12/site-packages/airflow/example_dags/example_kubernetes_executor.py for tasks to queue
[2025-06-26T22:58:16.119+0000] {logging_mixin.py:190} INFO - [2025-06-26T22:58:16.119+0000] {dagbag.py:588} INFO - Filling up the DagBag from /home/airflow/.local/lib/python3.12/site-packages/airflow/example_dags/example_kubernetes_executor.py
[2025-06-26T22:58:16.132+0000] {processor.py:925} INFO - DAG(s) 'example_kubernetes_executor' retrieved from /home/airflow/.local/lib/python3.12/site-packages/airflow/example_dags/example_kubernetes_executor.py
[2025-06-26T22:58:16.164+0000] {logging_mixin.py:190} INFO - [2025-06-26T22:58:16.164+0000] {dag.py:3239} INFO - Sync 1 DAGs
[2025-06-26T22:58:16.178+0000] {logging_mixin.py:190} INFO - [2025-06-26T22:58:16.178+0000] {dag.py:4180} INFO - Setting next_dagrun for example_kubernetes_executor to None, run_after=None
[2025-06-26T22:58:16.199+0000] {processor.py:208} INFO - Processing /home/airflow/.local/lib/python3.12/site-packages/airflow/example_dags/example_kubernetes_executor.py took 0.090 seconds
[2025-06-26T22:58:46.563+0000] {processor.py:186} INFO - Started process (PID=1953) to work on /home/airflow/.local/lib/python3.12/site-packages/airflow/example_dags/example_kubernetes_executor.py
[2025-06-26T22:58:46.565+0000] {processor.py:914} INFO - Processing file /home/airflow/.local/lib/python3.12/site-packages/airflow/example_dags/example_kubernetes_executor.py for tasks to queue
[2025-06-26T22:58:46.567+0000] {logging_mixin.py:190} INFO - [2025-06-26T22:58:46.567+0000] {dagbag.py:588} INFO - Filling up the DagBag from /home/airflow/.local/lib/python3.12/site-packages/airflow/example_dags/example_kubernetes_executor.py
[2025-06-26T22:58:46.580+0000] {processor.py:925} INFO - DAG(s) 'example_kubernetes_executor' retrieved from /home/airflow/.local/lib/python3.12/site-packages/airflow/example_dags/example_kubernetes_executor.py
[2025-06-26T22:58:46.613+0000] {logging_mixin.py:190} INFO - [2025-06-26T22:58:46.612+0000] {dag.py:3239} INFO - Sync 1 DAGs
[2025-06-26T22:58:46.625+0000] {logging_mixin.py:190} INFO - [2025-06-26T22:58:46.625+0000] {dag.py:4180} INFO - Setting next_dagrun for example_kubernetes_executor to None, run_after=None
[2025-06-26T22:58:46.644+0000] {processor.py:208} INFO - Processing /home/airflow/.local/lib/python3.12/site-packages/airflow/example_dags/example_kubernetes_executor.py took 0.087 seconds
[2025-06-26T22:59:16.814+0000] {processor.py:186} INFO - Started process (PID=2015) to work on /home/airflow/.local/lib/python3.12/site-packages/airflow/example_dags/example_kubernetes_executor.py
[2025-06-26T22:59:16.817+0000] {processor.py:914} INFO - Processing file /home/airflow/.local/lib/python3.12/site-packages/airflow/example_dags/example_kubernetes_executor.py for tasks to queue
[2025-06-26T22:59:16.821+0000] {logging_mixin.py:190} INFO - [2025-06-26T22:59:16.821+0000] {dagbag.py:588} INFO - Filling up the DagBag from /home/airflow/.local/lib/python3.12/site-packages/airflow/example_dags/example_kubernetes_executor.py
[2025-06-26T22:59:16.840+0000] {processor.py:925} INFO - DAG(s) 'example_kubernetes_executor' retrieved from /home/airflow/.local/lib/python3.12/site-packages/airflow/example_dags/example_kubernetes_executor.py
[2025-06-26T22:59:16.875+0000] {logging_mixin.py:190} INFO - [2025-06-26T22:59:16.875+0000] {dag.py:3239} INFO - Sync 1 DAGs
[2025-06-26T22:59:16.890+0000] {logging_mixin.py:190} INFO - [2025-06-26T22:59:16.890+0000] {dag.py:4180} INFO - Setting next_dagrun for example_kubernetes_executor to None, run_after=None
[2025-06-26T22:59:16.909+0000] {processor.py:208} INFO - Processing /home/airflow/.local/lib/python3.12/site-packages/airflow/example_dags/example_kubernetes_executor.py took 0.103 seconds
[2025-06-26T22:59:47.455+0000] {processor.py:186} INFO - Started process (PID=2077) to work on /home/airflow/.local/lib/python3.12/site-packages/airflow/example_dags/example_kubernetes_executor.py
[2025-06-26T22:59:47.456+0000] {processor.py:914} INFO - Processing file /home/airflow/.local/lib/python3.12/site-packages/airflow/example_dags/example_kubernetes_executor.py for tasks to queue
[2025-06-26T22:59:47.458+0000] {logging_mixin.py:190} INFO - [2025-06-26T22:59:47.458+0000] {dagbag.py:588} INFO - Filling up the DagBag from /home/airflow/.local/lib/python3.12/site-packages/airflow/example_dags/example_kubernetes_executor.py
[2025-06-26T22:59:47.471+0000] {processor.py:925} INFO - DAG(s) 'example_kubernetes_executor' retrieved from /home/airflow/.local/lib/python3.12/site-packages/airflow/example_dags/example_kubernetes_executor.py
[2025-06-26T22:59:47.506+0000] {logging_mixin.py:190} INFO - [2025-06-26T22:59:47.506+0000] {dag.py:3239} INFO - Sync 1 DAGs
[2025-06-26T22:59:47.521+0000] {logging_mixin.py:190} INFO - [2025-06-26T22:59:47.520+0000] {dag.py:4180} INFO - Setting next_dagrun for example_kubernetes_executor to None, run_after=None
[2025-06-26T22:59:47.543+0000] {processor.py:208} INFO - Processing /home/airflow/.local/lib/python3.12/site-packages/airflow/example_dags/example_kubernetes_executor.py took 0.093 seconds
[2025-06-26T23:00:17.997+0000] {processor.py:186} INFO - Started process (PID=2140) to work on /home/airflow/.local/lib/python3.12/site-packages/airflow/example_dags/example_kubernetes_executor.py
[2025-06-26T23:00:17.998+0000] {processor.py:914} INFO - Processing file /home/airflow/.local/lib/python3.12/site-packages/airflow/example_dags/example_kubernetes_executor.py for tasks to queue
[2025-06-26T23:00:18.001+0000] {logging_mixin.py:190} INFO - [2025-06-26T23:00:18.000+0000] {dagbag.py:588} INFO - Filling up the DagBag from /home/airflow/.local/lib/python3.12/site-packages/airflow/example_dags/example_kubernetes_executor.py
[2025-06-26T23:00:18.014+0000] {processor.py:925} INFO - DAG(s) 'example_kubernetes_executor' retrieved from /home/airflow/.local/lib/python3.12/site-packages/airflow/example_dags/example_kubernetes_executor.py
[2025-06-26T23:00:18.049+0000] {logging_mixin.py:190} INFO - [2025-06-26T23:00:18.049+0000] {dag.py:3239} INFO - Sync 1 DAGs
[2025-06-26T23:00:18.062+0000] {logging_mixin.py:190} INFO - [2025-06-26T23:00:18.062+0000] {dag.py:4180} INFO - Setting next_dagrun for example_kubernetes_executor to None, run_after=None
[2025-06-26T23:00:18.080+0000] {processor.py:208} INFO - Processing /home/airflow/.local/lib/python3.12/site-packages/airflow/example_dags/example_kubernetes_executor.py took 0.090 seconds
[2025-06-26T23:00:48.625+0000] {processor.py:186} INFO - Started process (PID=2202) to work on /home/airflow/.local/lib/python3.12/site-packages/airflow/example_dags/example_kubernetes_executor.py
[2025-06-26T23:00:48.626+0000] {processor.py:914} INFO - Processing file /home/airflow/.local/lib/python3.12/site-packages/airflow/example_dags/example_kubernetes_executor.py for tasks to queue
[2025-06-26T23:00:48.628+0000] {logging_mixin.py:190} INFO - [2025-06-26T23:00:48.628+0000] {dagbag.py:588} INFO - Filling up the DagBag from /home/airflow/.local/lib/python3.12/site-packages/airflow/example_dags/example_kubernetes_executor.py
[2025-06-26T23:00:48.640+0000] {processor.py:925} INFO - DAG(s) 'example_kubernetes_executor' retrieved from /home/airflow/.local/lib/python3.12/site-packages/airflow/example_dags/example_kubernetes_executor.py
[2025-06-26T23:00:48.671+0000] {logging_mixin.py:190} INFO - [2025-06-26T23:00:48.671+0000] {dag.py:3239} INFO - Sync 1 DAGs
[2025-06-26T23:00:48.683+0000] {logging_mixin.py:190} INFO - [2025-06-26T23:00:48.683+0000] {dag.py:4180} INFO - Setting next_dagrun for example_kubernetes_executor to None, run_after=None
[2025-06-26T23:00:48.704+0000] {processor.py:208} INFO - Processing /home/airflow/.local/lib/python3.12/site-packages/airflow/example_dags/example_kubernetes_executor.py took 0.084 seconds
[2025-06-26T23:01:18.988+0000] {processor.py:186} INFO - Started process (PID=2264) to work on /home/airflow/.local/lib/python3.12/site-packages/airflow/example_dags/example_kubernetes_executor.py
[2025-06-26T23:01:18.989+0000] {processor.py:914} INFO - Processing file /home/airflow/.local/lib/python3.12/site-packages/airflow/example_dags/example_kubernetes_executor.py for tasks to queue
[2025-06-26T23:01:18.992+0000] {logging_mixin.py:190} INFO - [2025-06-26T23:01:18.992+0000] {dagbag.py:588} INFO - Filling up the DagBag from /home/airflow/.local/lib/python3.12/site-packages/airflow/example_dags/example_kubernetes_executor.py
[2025-06-26T23:01:19.005+0000] {processor.py:925} INFO - DAG(s) 'example_kubernetes_executor' retrieved from /home/airflow/.local/lib/python3.12/site-packages/airflow/example_dags/example_kubernetes_executor.py
[2025-06-26T23:01:19.044+0000] {logging_mixin.py:190} INFO - [2025-06-26T23:01:19.043+0000] {dag.py:3239} INFO - Sync 1 DAGs
[2025-06-26T23:01:19.057+0000] {logging_mixin.py:190} INFO - [2025-06-26T23:01:19.057+0000] {dag.py:4180} INFO - Setting next_dagrun for example_kubernetes_executor to None, run_after=None
[2025-06-26T23:01:19.078+0000] {processor.py:208} INFO - Processing /home/airflow/.local/lib/python3.12/site-packages/airflow/example_dags/example_kubernetes_executor.py took 0.097 seconds
[2025-06-26T23:01:50.102+0000] {processor.py:186} INFO - Started process (PID=2326) to work on /home/airflow/.local/lib/python3.12/site-packages/airflow/example_dags/example_kubernetes_executor.py
[2025-06-26T23:01:50.104+0000] {processor.py:914} INFO - Processing file /home/airflow/.local/lib/python3.12/site-packages/airflow/example_dags/example_kubernetes_executor.py for tasks to queue
[2025-06-26T23:01:50.106+0000] {logging_mixin.py:190} INFO - [2025-06-26T23:01:50.106+0000] {dagbag.py:588} INFO - Filling up the DagBag from /home/airflow/.local/lib/python3.12/site-packages/airflow/example_dags/example_kubernetes_executor.py
[2025-06-26T23:01:50.118+0000] {processor.py:925} INFO - DAG(s) 'example_kubernetes_executor' retrieved from /home/airflow/.local/lib/python3.12/site-packages/airflow/example_dags/example_kubernetes_executor.py
[2025-06-26T23:01:50.156+0000] {logging_mixin.py:190} INFO - [2025-06-26T23:01:50.156+0000] {dag.py:3239} INFO - Sync 1 DAGs
[2025-06-26T23:01:50.170+0000] {logging_mixin.py:190} INFO - [2025-06-26T23:01:50.170+0000] {dag.py:4180} INFO - Setting next_dagrun for example_kubernetes_executor to None, run_after=None
[2025-06-26T23:01:50.196+0000] {processor.py:208} INFO - Processing /home/airflow/.local/lib/python3.12/site-packages/airflow/example_dags/example_kubernetes_executor.py took 0.100 seconds
[2025-06-26T23:02:20.666+0000] {processor.py:186} INFO - Started process (PID=2388) to work on /home/airflow/.local/lib/python3.12/site-packages/airflow/example_dags/example_kubernetes_executor.py
[2025-06-26T23:02:20.667+0000] {processor.py:914} INFO - Processing file /home/airflow/.local/lib/python3.12/site-packages/airflow/example_dags/example_kubernetes_executor.py for tasks to queue
[2025-06-26T23:02:20.671+0000] {logging_mixin.py:190} INFO - [2025-06-26T23:02:20.670+0000] {dagbag.py:588} INFO - Filling up the DagBag from /home/airflow/.local/lib/python3.12/site-packages/airflow/example_dags/example_kubernetes_executor.py
[2025-06-26T23:02:20.685+0000] {processor.py:925} INFO - DAG(s) 'example_kubernetes_executor' retrieved from /home/airflow/.local/lib/python3.12/site-packages/airflow/example_dags/example_kubernetes_executor.py
[2025-06-26T23:02:20.726+0000] {logging_mixin.py:190} INFO - [2025-06-26T23:02:20.726+0000] {dag.py:3239} INFO - Sync 1 DAGs
[2025-06-26T23:02:20.752+0000] {logging_mixin.py:190} INFO - [2025-06-26T23:02:20.751+0000] {dag.py:4180} INFO - Setting next_dagrun for example_kubernetes_executor to None, run_after=None
[2025-06-26T23:02:20.805+0000] {processor.py:208} INFO - Processing /home/airflow/.local/lib/python3.12/site-packages/airflow/example_dags/example_kubernetes_executor.py took 0.145 seconds
[2025-06-26T23:02:50.898+0000] {processor.py:186} INFO - Started process (PID=2450) to work on /home/airflow/.local/lib/python3.12/site-packages/airflow/example_dags/example_kubernetes_executor.py
[2025-06-26T23:02:50.899+0000] {processor.py:914} INFO - Processing file /home/airflow/.local/lib/python3.12/site-packages/airflow/example_dags/example_kubernetes_executor.py for tasks to queue
[2025-06-26T23:02:50.904+0000] {logging_mixin.py:190} INFO - [2025-06-26T23:02:50.903+0000] {dagbag.py:588} INFO - Filling up the DagBag from /home/airflow/.local/lib/python3.12/site-packages/airflow/example_dags/example_kubernetes_executor.py
[2025-06-26T23:02:50.918+0000] {processor.py:925} INFO - DAG(s) 'example_kubernetes_executor' retrieved from /home/airflow/.local/lib/python3.12/site-packages/airflow/example_dags/example_kubernetes_executor.py
[2025-06-26T23:02:50.960+0000] {logging_mixin.py:190} INFO - [2025-06-26T23:02:50.959+0000] {dag.py:3239} INFO - Sync 1 DAGs
[2025-06-26T23:02:50.974+0000] {logging_mixin.py:190} INFO - [2025-06-26T23:02:50.973+0000] {dag.py:4180} INFO - Setting next_dagrun for example_kubernetes_executor to None, run_after=None
[2025-06-26T23:02:50.994+0000] {processor.py:208} INFO - Processing /home/airflow/.local/lib/python3.12/site-packages/airflow/example_dags/example_kubernetes_executor.py took 0.103 seconds
[2025-06-26T23:03:21.671+0000] {processor.py:186} INFO - Started process (PID=2512) to work on /home/airflow/.local/lib/python3.12/site-packages/airflow/example_dags/example_kubernetes_executor.py
[2025-06-26T23:03:21.672+0000] {processor.py:914} INFO - Processing file /home/airflow/.local/lib/python3.12/site-packages/airflow/example_dags/example_kubernetes_executor.py for tasks to queue
[2025-06-26T23:03:21.675+0000] {logging_mixin.py:190} INFO - [2025-06-26T23:03:21.674+0000] {dagbag.py:588} INFO - Filling up the DagBag from /home/airflow/.local/lib/python3.12/site-packages/airflow/example_dags/example_kubernetes_executor.py
[2025-06-26T23:03:21.689+0000] {processor.py:925} INFO - DAG(s) 'example_kubernetes_executor' retrieved from /home/airflow/.local/lib/python3.12/site-packages/airflow/example_dags/example_kubernetes_executor.py
[2025-06-26T23:03:21.730+0000] {logging_mixin.py:190} INFO - [2025-06-26T23:03:21.730+0000] {dag.py:3239} INFO - Sync 1 DAGs
[2025-06-26T23:03:21.744+0000] {logging_mixin.py:190} INFO - [2025-06-26T23:03:21.743+0000] {dag.py:4180} INFO - Setting next_dagrun for example_kubernetes_executor to None, run_after=None
[2025-06-26T23:03:21.765+0000] {processor.py:208} INFO - Processing /home/airflow/.local/lib/python3.12/site-packages/airflow/example_dags/example_kubernetes_executor.py took 0.101 seconds
[2025-06-26T23:03:51.896+0000] {processor.py:186} INFO - Started process (PID=2574) to work on /home/airflow/.local/lib/python3.12/site-packages/airflow/example_dags/example_kubernetes_executor.py
[2025-06-26T23:03:51.896+0000] {processor.py:914} INFO - Processing file /home/airflow/.local/lib/python3.12/site-packages/airflow/example_dags/example_kubernetes_executor.py for tasks to queue
[2025-06-26T23:03:51.899+0000] {logging_mixin.py:190} INFO - [2025-06-26T23:03:51.898+0000] {dagbag.py:588} INFO - Filling up the DagBag from /home/airflow/.local/lib/python3.12/site-packages/airflow/example_dags/example_kubernetes_executor.py
[2025-06-26T23:03:51.910+0000] {processor.py:925} INFO - DAG(s) 'example_kubernetes_executor' retrieved from /home/airflow/.local/lib/python3.12/site-packages/airflow/example_dags/example_kubernetes_executor.py
[2025-06-26T23:03:51.942+0000] {logging_mixin.py:190} INFO - [2025-06-26T23:03:51.942+0000] {dag.py:3239} INFO - Sync 1 DAGs
[2025-06-26T23:03:51.954+0000] {logging_mixin.py:190} INFO - [2025-06-26T23:03:51.954+0000] {dag.py:4180} INFO - Setting next_dagrun for example_kubernetes_executor to None, run_after=None
[2025-06-26T23:03:51.972+0000] {processor.py:208} INFO - Processing /home/airflow/.local/lib/python3.12/site-packages/airflow/example_dags/example_kubernetes_executor.py took 0.082 seconds
[2025-06-26T23:04:22.063+0000] {processor.py:186} INFO - Started process (PID=2636) to work on /home/airflow/.local/lib/python3.12/site-packages/airflow/example_dags/example_kubernetes_executor.py
[2025-06-26T23:04:22.064+0000] {processor.py:914} INFO - Processing file /home/airflow/.local/lib/python3.12/site-packages/airflow/example_dags/example_kubernetes_executor.py for tasks to queue
[2025-06-26T23:04:22.066+0000] {logging_mixin.py:190} INFO - [2025-06-26T23:04:22.066+0000] {dagbag.py:588} INFO - Filling up the DagBag from /home/airflow/.local/lib/python3.12/site-packages/airflow/example_dags/example_kubernetes_executor.py
[2025-06-26T23:04:22.079+0000] {processor.py:925} INFO - DAG(s) 'example_kubernetes_executor' retrieved from /home/airflow/.local/lib/python3.12/site-packages/airflow/example_dags/example_kubernetes_executor.py
[2025-06-26T23:04:22.119+0000] {logging_mixin.py:190} INFO - [2025-06-26T23:04:22.118+0000] {dag.py:3239} INFO - Sync 1 DAGs
[2025-06-26T23:04:22.135+0000] {logging_mixin.py:190} INFO - [2025-06-26T23:04:22.134+0000] {dag.py:4180} INFO - Setting next_dagrun for example_kubernetes_executor to None, run_after=None
[2025-06-26T23:04:22.155+0000] {processor.py:208} INFO - Processing /home/airflow/.local/lib/python3.12/site-packages/airflow/example_dags/example_kubernetes_executor.py took 0.097 seconds
[2025-06-26T23:04:52.608+0000] {processor.py:186} INFO - Started process (PID=2698) to work on /home/airflow/.local/lib/python3.12/site-packages/airflow/example_dags/example_kubernetes_executor.py
[2025-06-26T23:04:52.609+0000] {processor.py:914} INFO - Processing file /home/airflow/.local/lib/python3.12/site-packages/airflow/example_dags/example_kubernetes_executor.py for tasks to queue
[2025-06-26T23:04:52.611+0000] {logging_mixin.py:190} INFO - [2025-06-26T23:04:52.611+0000] {dagbag.py:588} INFO - Filling up the DagBag from /home/airflow/.local/lib/python3.12/site-packages/airflow/example_dags/example_kubernetes_executor.py
[2025-06-26T23:04:52.623+0000] {processor.py:925} INFO - DAG(s) 'example_kubernetes_executor' retrieved from /home/airflow/.local/lib/python3.12/site-packages/airflow/example_dags/example_kubernetes_executor.py
[2025-06-26T23:04:52.655+0000] {logging_mixin.py:190} INFO - [2025-06-26T23:04:52.654+0000] {dag.py:3239} INFO - Sync 1 DAGs
[2025-06-26T23:04:52.666+0000] {logging_mixin.py:190} INFO - [2025-06-26T23:04:52.666+0000] {dag.py:4180} INFO - Setting next_dagrun for example_kubernetes_executor to None, run_after=None
[2025-06-26T23:04:52.687+0000] {processor.py:208} INFO - Processing /home/airflow/.local/lib/python3.12/site-packages/airflow/example_dags/example_kubernetes_executor.py took 0.084 seconds
[2025-06-26T23:05:22.835+0000] {processor.py:186} INFO - Started process (PID=2760) to work on /home/airflow/.local/lib/python3.12/site-packages/airflow/example_dags/example_kubernetes_executor.py
[2025-06-26T23:05:22.837+0000] {processor.py:914} INFO - Processing file /home/airflow/.local/lib/python3.12/site-packages/airflow/example_dags/example_kubernetes_executor.py for tasks to queue
[2025-06-26T23:05:22.840+0000] {logging_mixin.py:190} INFO - [2025-06-26T23:05:22.839+0000] {dagbag.py:588} INFO - Filling up the DagBag from /home/airflow/.local/lib/python3.12/site-packages/airflow/example_dags/example_kubernetes_executor.py
[2025-06-26T23:05:22.854+0000] {processor.py:925} INFO - DAG(s) 'example_kubernetes_executor' retrieved from /home/airflow/.local/lib/python3.12/site-packages/airflow/example_dags/example_kubernetes_executor.py
[2025-06-26T23:05:22.893+0000] {logging_mixin.py:190} INFO - [2025-06-26T23:05:22.892+0000] {dag.py:3239} INFO - Sync 1 DAGs
[2025-06-26T23:05:22.908+0000] {logging_mixin.py:190} INFO - [2025-06-26T23:05:22.908+0000] {dag.py:4180} INFO - Setting next_dagrun for example_kubernetes_executor to None, run_after=None
[2025-06-26T23:05:22.932+0000] {processor.py:208} INFO - Processing /home/airflow/.local/lib/python3.12/site-packages/airflow/example_dags/example_kubernetes_executor.py took 0.103 seconds
[2025-06-26T23:05:53.940+0000] {processor.py:186} INFO - Started process (PID=2822) to work on /home/airflow/.local/lib/python3.12/site-packages/airflow/example_dags/example_kubernetes_executor.py
[2025-06-26T23:05:53.941+0000] {processor.py:914} INFO - Processing file /home/airflow/.local/lib/python3.12/site-packages/airflow/example_dags/example_kubernetes_executor.py for tasks to queue
[2025-06-26T23:05:53.943+0000] {logging_mixin.py:190} INFO - [2025-06-26T23:05:53.943+0000] {dagbag.py:588} INFO - Filling up the DagBag from /home/airflow/.local/lib/python3.12/site-packages/airflow/example_dags/example_kubernetes_executor.py
[2025-06-26T23:05:53.954+0000] {processor.py:925} INFO - DAG(s) 'example_kubernetes_executor' retrieved from /home/airflow/.local/lib/python3.12/site-packages/airflow/example_dags/example_kubernetes_executor.py
[2025-06-26T23:05:53.983+0000] {logging_mixin.py:190} INFO - [2025-06-26T23:05:53.983+0000] {dag.py:3239} INFO - Sync 1 DAGs
[2025-06-26T23:05:53.995+0000] {logging_mixin.py:190} INFO - [2025-06-26T23:05:53.994+0000] {dag.py:4180} INFO - Setting next_dagrun for example_kubernetes_executor to None, run_after=None
[2025-06-26T23:05:54.014+0000] {processor.py:208} INFO - Processing /home/airflow/.local/lib/python3.12/site-packages/airflow/example_dags/example_kubernetes_executor.py took 0.079 seconds
[2025-06-26T23:06:24.827+0000] {processor.py:186} INFO - Started process (PID=2884) to work on /home/airflow/.local/lib/python3.12/site-packages/airflow/example_dags/example_kubernetes_executor.py
[2025-06-26T23:06:24.828+0000] {processor.py:914} INFO - Processing file /home/airflow/.local/lib/python3.12/site-packages/airflow/example_dags/example_kubernetes_executor.py for tasks to queue
[2025-06-26T23:06:24.831+0000] {logging_mixin.py:190} INFO - [2025-06-26T23:06:24.830+0000] {dagbag.py:588} INFO - Filling up the DagBag from /home/airflow/.local/lib/python3.12/site-packages/airflow/example_dags/example_kubernetes_executor.py
[2025-06-26T23:06:24.843+0000] {processor.py:925} INFO - DAG(s) 'example_kubernetes_executor' retrieved from /home/airflow/.local/lib/python3.12/site-packages/airflow/example_dags/example_kubernetes_executor.py
[2025-06-26T23:06:24.875+0000] {logging_mixin.py:190} INFO - [2025-06-26T23:06:24.875+0000] {dag.py:3239} INFO - Sync 1 DAGs
[2025-06-26T23:06:24.888+0000] {logging_mixin.py:190} INFO - [2025-06-26T23:06:24.888+0000] {dag.py:4180} INFO - Setting next_dagrun for example_kubernetes_executor to None, run_after=None
[2025-06-26T23:06:24.911+0000] {processor.py:208} INFO - Processing /home/airflow/.local/lib/python3.12/site-packages/airflow/example_dags/example_kubernetes_executor.py took 0.089 seconds
[2025-06-26T23:06:55.610+0000] {processor.py:186} INFO - Started process (PID=2946) to work on /home/airflow/.local/lib/python3.12/site-packages/airflow/example_dags/example_kubernetes_executor.py
[2025-06-26T23:06:55.611+0000] {processor.py:914} INFO - Processing file /home/airflow/.local/lib/python3.12/site-packages/airflow/example_dags/example_kubernetes_executor.py for tasks to queue
[2025-06-26T23:06:55.613+0000] {logging_mixin.py:190} INFO - [2025-06-26T23:06:55.613+0000] {dagbag.py:588} INFO - Filling up the DagBag from /home/airflow/.local/lib/python3.12/site-packages/airflow/example_dags/example_kubernetes_executor.py
[2025-06-26T23:06:55.625+0000] {processor.py:925} INFO - DAG(s) 'example_kubernetes_executor' retrieved from /home/airflow/.local/lib/python3.12/site-packages/airflow/example_dags/example_kubernetes_executor.py
[2025-06-26T23:06:55.655+0000] {logging_mixin.py:190} INFO - [2025-06-26T23:06:55.654+0000] {dag.py:3239} INFO - Sync 1 DAGs
[2025-06-26T23:06:55.666+0000] {logging_mixin.py:190} INFO - [2025-06-26T23:06:55.666+0000] {dag.py:4180} INFO - Setting next_dagrun for example_kubernetes_executor to None, run_after=None
[2025-06-26T23:06:55.686+0000] {processor.py:208} INFO - Processing /home/airflow/.local/lib/python3.12/site-packages/airflow/example_dags/example_kubernetes_executor.py took 0.081 seconds
[2025-06-26T23:07:26.458+0000] {processor.py:186} INFO - Started process (PID=3008) to work on /home/airflow/.local/lib/python3.12/site-packages/airflow/example_dags/example_kubernetes_executor.py
[2025-06-26T23:07:26.459+0000] {processor.py:914} INFO - Processing file /home/airflow/.local/lib/python3.12/site-packages/airflow/example_dags/example_kubernetes_executor.py for tasks to queue
[2025-06-26T23:07:26.461+0000] {logging_mixin.py:190} INFO - [2025-06-26T23:07:26.461+0000] {dagbag.py:588} INFO - Filling up the DagBag from /home/airflow/.local/lib/python3.12/site-packages/airflow/example_dags/example_kubernetes_executor.py
[2025-06-26T23:07:26.473+0000] {processor.py:925} INFO - DAG(s) 'example_kubernetes_executor' retrieved from /home/airflow/.local/lib/python3.12/site-packages/airflow/example_dags/example_kubernetes_executor.py
[2025-06-26T23:07:26.504+0000] {logging_mixin.py:190} INFO - [2025-06-26T23:07:26.504+0000] {dag.py:3239} INFO - Sync 1 DAGs
[2025-06-26T23:07:26.518+0000] {logging_mixin.py:190} INFO - [2025-06-26T23:07:26.517+0000] {dag.py:4180} INFO - Setting next_dagrun for example_kubernetes_executor to None, run_after=None
[2025-06-26T23:07:26.536+0000] {processor.py:208} INFO - Processing /home/airflow/.local/lib/python3.12/site-packages/airflow/example_dags/example_kubernetes_executor.py took 0.084 seconds
[2025-06-26T23:07:56.575+0000] {processor.py:186} INFO - Started process (PID=3070) to work on /home/airflow/.local/lib/python3.12/site-packages/airflow/example_dags/example_kubernetes_executor.py
[2025-06-26T23:07:56.576+0000] {processor.py:914} INFO - Processing file /home/airflow/.local/lib/python3.12/site-packages/airflow/example_dags/example_kubernetes_executor.py for tasks to queue
[2025-06-26T23:07:56.579+0000] {logging_mixin.py:190} INFO - [2025-06-26T23:07:56.578+0000] {dagbag.py:588} INFO - Filling up the DagBag from /home/airflow/.local/lib/python3.12/site-packages/airflow/example_dags/example_kubernetes_executor.py
[2025-06-26T23:07:56.591+0000] {processor.py:925} INFO - DAG(s) 'example_kubernetes_executor' retrieved from /home/airflow/.local/lib/python3.12/site-packages/airflow/example_dags/example_kubernetes_executor.py
[2025-06-26T23:07:56.624+0000] {logging_mixin.py:190} INFO - [2025-06-26T23:07:56.624+0000] {dag.py:3239} INFO - Sync 1 DAGs
[2025-06-26T23:07:56.637+0000] {logging_mixin.py:190} INFO - [2025-06-26T23:07:56.637+0000] {dag.py:4180} INFO - Setting next_dagrun for example_kubernetes_executor to None, run_after=None
[2025-06-26T23:07:56.655+0000] {processor.py:208} INFO - Processing /home/airflow/.local/lib/python3.12/site-packages/airflow/example_dags/example_kubernetes_executor.py took 0.085 seconds
[2025-06-26T23:08:27.342+0000] {processor.py:186} INFO - Started process (PID=3132) to work on /home/airflow/.local/lib/python3.12/site-packages/airflow/example_dags/example_kubernetes_executor.py
[2025-06-26T23:08:27.343+0000] {processor.py:914} INFO - Processing file /home/airflow/.local/lib/python3.12/site-packages/airflow/example_dags/example_kubernetes_executor.py for tasks to queue
[2025-06-26T23:08:27.345+0000] {logging_mixin.py:190} INFO - [2025-06-26T23:08:27.345+0000] {dagbag.py:588} INFO - Filling up the DagBag from /home/airflow/.local/lib/python3.12/site-packages/airflow/example_dags/example_kubernetes_executor.py
[2025-06-26T23:08:27.357+0000] {processor.py:925} INFO - DAG(s) 'example_kubernetes_executor' retrieved from /home/airflow/.local/lib/python3.12/site-packages/airflow/example_dags/example_kubernetes_executor.py
[2025-06-26T23:08:27.392+0000] {logging_mixin.py:190} INFO - [2025-06-26T23:08:27.392+0000] {dag.py:3239} INFO - Sync 1 DAGs
[2025-06-26T23:08:27.404+0000] {logging_mixin.py:190} INFO - [2025-06-26T23:08:27.404+0000] {dag.py:4180} INFO - Setting next_dagrun for example_kubernetes_executor to None, run_after=None
[2025-06-26T23:08:27.424+0000] {processor.py:208} INFO - Processing /home/airflow/.local/lib/python3.12/site-packages/airflow/example_dags/example_kubernetes_executor.py took 0.088 seconds
[2025-06-26T23:08:58.325+0000] {processor.py:186} INFO - Started process (PID=3194) to work on /home/airflow/.local/lib/python3.12/site-packages/airflow/example_dags/example_kubernetes_executor.py
[2025-06-26T23:08:58.326+0000] {processor.py:914} INFO - Processing file /home/airflow/.local/lib/python3.12/site-packages/airflow/example_dags/example_kubernetes_executor.py for tasks to queue
[2025-06-26T23:08:58.328+0000] {logging_mixin.py:190} INFO - [2025-06-26T23:08:58.328+0000] {dagbag.py:588} INFO - Filling up the DagBag from /home/airflow/.local/lib/python3.12/site-packages/airflow/example_dags/example_kubernetes_executor.py
[2025-06-26T23:08:58.341+0000] {processor.py:925} INFO - DAG(s) 'example_kubernetes_executor' retrieved from /home/airflow/.local/lib/python3.12/site-packages/airflow/example_dags/example_kubernetes_executor.py
[2025-06-26T23:08:58.371+0000] {logging_mixin.py:190} INFO - [2025-06-26T23:08:58.371+0000] {dag.py:3239} INFO - Sync 1 DAGs
[2025-06-26T23:08:58.383+0000] {logging_mixin.py:190} INFO - [2025-06-26T23:08:58.383+0000] {dag.py:4180} INFO - Setting next_dagrun for example_kubernetes_executor to None, run_after=None
[2025-06-26T23:08:58.403+0000] {processor.py:208} INFO - Processing /home/airflow/.local/lib/python3.12/site-packages/airflow/example_dags/example_kubernetes_executor.py took 0.085 seconds
[2025-06-26T23:09:29.409+0000] {processor.py:186} INFO - Started process (PID=3256) to work on /home/airflow/.local/lib/python3.12/site-packages/airflow/example_dags/example_kubernetes_executor.py
[2025-06-26T23:09:29.410+0000] {processor.py:914} INFO - Processing file /home/airflow/.local/lib/python3.12/site-packages/airflow/example_dags/example_kubernetes_executor.py for tasks to queue
[2025-06-26T23:09:29.413+0000] {logging_mixin.py:190} INFO - [2025-06-26T23:09:29.412+0000] {dagbag.py:588} INFO - Filling up the DagBag from /home/airflow/.local/lib/python3.12/site-packages/airflow/example_dags/example_kubernetes_executor.py
[2025-06-26T23:09:29.426+0000] {processor.py:925} INFO - DAG(s) 'example_kubernetes_executor' retrieved from /home/airflow/.local/lib/python3.12/site-packages/airflow/example_dags/example_kubernetes_executor.py
[2025-06-26T23:09:29.471+0000] {logging_mixin.py:190} INFO - [2025-06-26T23:09:29.471+0000] {dag.py:3239} INFO - Sync 1 DAGs
[2025-06-26T23:09:29.485+0000] {logging_mixin.py:190} INFO - [2025-06-26T23:09:29.485+0000] {dag.py:4180} INFO - Setting next_dagrun for example_kubernetes_executor to None, run_after=None
[2025-06-26T23:09:29.508+0000] {processor.py:208} INFO - Processing /home/airflow/.local/lib/python3.12/site-packages/airflow/example_dags/example_kubernetes_executor.py took 0.104 seconds
[2025-06-26T23:10:00.461+0000] {processor.py:186} INFO - Started process (PID=3318) to work on /home/airflow/.local/lib/python3.12/site-packages/airflow/example_dags/example_kubernetes_executor.py
[2025-06-26T23:10:00.462+0000] {processor.py:914} INFO - Processing file /home/airflow/.local/lib/python3.12/site-packages/airflow/example_dags/example_kubernetes_executor.py for tasks to queue
[2025-06-26T23:10:00.464+0000] {logging_mixin.py:190} INFO - [2025-06-26T23:10:00.464+0000] {dagbag.py:588} INFO - Filling up the DagBag from /home/airflow/.local/lib/python3.12/site-packages/airflow/example_dags/example_kubernetes_executor.py
[2025-06-26T23:10:00.475+0000] {processor.py:925} INFO - DAG(s) 'example_kubernetes_executor' retrieved from /home/airflow/.local/lib/python3.12/site-packages/airflow/example_dags/example_kubernetes_executor.py
[2025-06-26T23:10:00.508+0000] {logging_mixin.py:190} INFO - [2025-06-26T23:10:00.508+0000] {dag.py:3239} INFO - Sync 1 DAGs
[2025-06-26T23:10:00.520+0000] {logging_mixin.py:190} INFO - [2025-06-26T23:10:00.520+0000] {dag.py:4180} INFO - Setting next_dagrun for example_kubernetes_executor to None, run_after=None
[2025-06-26T23:10:00.539+0000] {processor.py:208} INFO - Processing /home/airflow/.local/lib/python3.12/site-packages/airflow/example_dags/example_kubernetes_executor.py took 0.083 seconds
[2025-06-26T23:10:31.152+0000] {processor.py:186} INFO - Started process (PID=3380) to work on /home/airflow/.local/lib/python3.12/site-packages/airflow/example_dags/example_kubernetes_executor.py
[2025-06-26T23:10:31.153+0000] {processor.py:914} INFO - Processing file /home/airflow/.local/lib/python3.12/site-packages/airflow/example_dags/example_kubernetes_executor.py for tasks to queue
[2025-06-26T23:10:31.155+0000] {logging_mixin.py:190} INFO - [2025-06-26T23:10:31.155+0000] {dagbag.py:588} INFO - Filling up the DagBag from /home/airflow/.local/lib/python3.12/site-packages/airflow/example_dags/example_kubernetes_executor.py
[2025-06-26T23:10:31.166+0000] {processor.py:925} INFO - DAG(s) 'example_kubernetes_executor' retrieved from /home/airflow/.local/lib/python3.12/site-packages/airflow/example_dags/example_kubernetes_executor.py
[2025-06-26T23:10:31.196+0000] {logging_mixin.py:190} INFO - [2025-06-26T23:10:31.196+0000] {dag.py:3239} INFO - Sync 1 DAGs
[2025-06-26T23:10:31.209+0000] {logging_mixin.py:190} INFO - [2025-06-26T23:10:31.209+0000] {dag.py:4180} INFO - Setting next_dagrun for example_kubernetes_executor to None, run_after=None
[2025-06-26T23:10:31.227+0000] {processor.py:208} INFO - Processing /home/airflow/.local/lib/python3.12/site-packages/airflow/example_dags/example_kubernetes_executor.py took 0.080 seconds
