[2025-06-26T22:43:32.912+0000] {processor.py:186} INFO - Started process (PID=86) to work on /home/airflow/.local/lib/python3.12/site-packages/airflow/example_dags/example_external_task_marker_dag.py
[2025-06-26T22:43:32.913+0000] {processor.py:914} INFO - Processing file /home/airflow/.local/lib/python3.12/site-packages/airflow/example_dags/example_external_task_marker_dag.py for tasks to queue
[2025-06-26T22:43:32.916+0000] {logging_mixin.py:190} INFO - [2025-06-26T22:43:32.916+0000] {dagbag.py:588} INFO - Filling up the DagBag from /home/airflow/.local/lib/python3.12/site-packages/airflow/example_dags/example_external_task_marker_dag.py
[2025-06-26T22:43:32.926+0000] {processor.py:925} INFO - DAG(s) 'example_external_task_marker_child', 'example_external_task_marker_parent' retrieved from /home/airflow/.local/lib/python3.12/site-packages/airflow/example_dags/example_external_task_marker_dag.py
[2025-06-26T22:43:33.034+0000] {logging_mixin.py:190} INFO - [2025-06-26T22:43:33.033+0000] {override.py:1900} INFO - Created Permission View: can read on DAG:example_external_task_marker_child
[2025-06-26T22:43:33.045+0000] {logging_mixin.py:190} INFO - [2025-06-26T22:43:33.045+0000] {override.py:1900} INFO - Created Permission View: can edit on DAG:example_external_task_marker_child
[2025-06-26T22:43:33.053+0000] {logging_mixin.py:190} INFO - [2025-06-26T22:43:33.053+0000] {override.py:1900} INFO - Created Permission View: can delete on DAG:example_external_task_marker_child
[2025-06-26T22:43:33.064+0000] {logging_mixin.py:190} INFO - [2025-06-26T22:43:33.064+0000] {override.py:1900} INFO - Created Permission View: can read on DAG Run:example_external_task_marker_child
[2025-06-26T22:43:33.073+0000] {logging_mixin.py:190} INFO - [2025-06-26T22:43:33.072+0000] {override.py:1900} INFO - Created Permission View: can delete on DAG Run:example_external_task_marker_child
[2025-06-26T22:43:33.082+0000] {logging_mixin.py:190} INFO - [2025-06-26T22:43:33.082+0000] {override.py:1900} INFO - Created Permission View: menu access on DAG Run:example_external_task_marker_child
[2025-06-26T22:43:33.090+0000] {logging_mixin.py:190} INFO - [2025-06-26T22:43:33.090+0000] {override.py:1900} INFO - Created Permission View: can create on DAG Run:example_external_task_marker_child
[2025-06-26T22:43:33.109+0000] {logging_mixin.py:190} INFO - [2025-06-26T22:43:33.109+0000] {override.py:1900} INFO - Created Permission View: can read on DAG:example_external_task_marker_parent
[2025-06-26T22:43:33.118+0000] {logging_mixin.py:190} INFO - [2025-06-26T22:43:33.118+0000] {override.py:1900} INFO - Created Permission View: can edit on DAG:example_external_task_marker_parent
[2025-06-26T22:43:33.128+0000] {logging_mixin.py:190} INFO - [2025-06-26T22:43:33.127+0000] {override.py:1900} INFO - Created Permission View: can delete on DAG:example_external_task_marker_parent
[2025-06-26T22:43:33.140+0000] {logging_mixin.py:190} INFO - [2025-06-26T22:43:33.140+0000] {override.py:1900} INFO - Created Permission View: can read on DAG Run:example_external_task_marker_parent
[2025-06-26T22:43:33.149+0000] {logging_mixin.py:190} INFO - [2025-06-26T22:43:33.148+0000] {override.py:1900} INFO - Created Permission View: can delete on DAG Run:example_external_task_marker_parent
[2025-06-26T22:43:33.157+0000] {logging_mixin.py:190} INFO - [2025-06-26T22:43:33.157+0000] {override.py:1900} INFO - Created Permission View: menu access on DAG Run:example_external_task_marker_parent
[2025-06-26T22:43:33.166+0000] {logging_mixin.py:190} INFO - [2025-06-26T22:43:33.165+0000] {override.py:1900} INFO - Created Permission View: can create on DAG Run:example_external_task_marker_parent
[2025-06-26T22:43:33.166+0000] {logging_mixin.py:190} INFO - [2025-06-26T22:43:33.166+0000] {dag.py:3239} INFO - Sync 2 DAGs
[2025-06-26T22:43:33.177+0000] {logging_mixin.py:190} INFO - [2025-06-26T22:43:33.176+0000] {dag.py:3262} INFO - Creating ORM DAG for example_external_task_marker_child
[2025-06-26T22:43:33.177+0000] {logging_mixin.py:190} INFO - [2025-06-26T22:43:33.177+0000] {dag.py:3262} INFO - Creating ORM DAG for example_external_task_marker_parent
[2025-06-26T22:43:33.178+0000] {logging_mixin.py:190} INFO - [2025-06-26T22:43:33.178+0000] {dag.py:4180} INFO - Setting next_dagrun for example_external_task_marker_child to None, run_after=None
[2025-06-26T22:43:33.179+0000] {logging_mixin.py:190} INFO - [2025-06-26T22:43:33.179+0000] {dag.py:4180} INFO - Setting next_dagrun for example_external_task_marker_parent to None, run_after=None
[2025-06-26T22:43:33.197+0000] {processor.py:208} INFO - Processing /home/airflow/.local/lib/python3.12/site-packages/airflow/example_dags/example_external_task_marker_dag.py took 0.292 seconds
[2025-06-26T22:44:03.246+0000] {processor.py:186} INFO - Started process (PID=148) to work on /home/airflow/.local/lib/python3.12/site-packages/airflow/example_dags/example_external_task_marker_dag.py
[2025-06-26T22:44:03.247+0000] {processor.py:914} INFO - Processing file /home/airflow/.local/lib/python3.12/site-packages/airflow/example_dags/example_external_task_marker_dag.py for tasks to queue
[2025-06-26T22:44:03.251+0000] {logging_mixin.py:190} INFO - [2025-06-26T22:44:03.250+0000] {dagbag.py:588} INFO - Filling up the DagBag from /home/airflow/.local/lib/python3.12/site-packages/airflow/example_dags/example_external_task_marker_dag.py
[2025-06-26T22:44:03.258+0000] {processor.py:925} INFO - DAG(s) 'example_external_task_marker_parent', 'example_external_task_marker_child' retrieved from /home/airflow/.local/lib/python3.12/site-packages/airflow/example_dags/example_external_task_marker_dag.py
[2025-06-26T22:44:03.280+0000] {logging_mixin.py:190} INFO - [2025-06-26T22:44:03.279+0000] {dag.py:3239} INFO - Sync 2 DAGs
[2025-06-26T22:44:03.292+0000] {logging_mixin.py:190} INFO - [2025-06-26T22:44:03.292+0000] {dag.py:4180} INFO - Setting next_dagrun for example_external_task_marker_child to None, run_after=None
[2025-06-26T22:44:03.296+0000] {logging_mixin.py:190} INFO - [2025-06-26T22:44:03.296+0000] {dag.py:4180} INFO - Setting next_dagrun for example_external_task_marker_parent to None, run_after=None
[2025-06-26T22:44:03.314+0000] {processor.py:208} INFO - Processing /home/airflow/.local/lib/python3.12/site-packages/airflow/example_dags/example_external_task_marker_dag.py took 0.074 seconds
[2025-06-26T22:44:33.586+0000] {processor.py:186} INFO - Started process (PID=210) to work on /home/airflow/.local/lib/python3.12/site-packages/airflow/example_dags/example_external_task_marker_dag.py
[2025-06-26T22:44:33.587+0000] {processor.py:914} INFO - Processing file /home/airflow/.local/lib/python3.12/site-packages/airflow/example_dags/example_external_task_marker_dag.py for tasks to queue
[2025-06-26T22:44:33.590+0000] {logging_mixin.py:190} INFO - [2025-06-26T22:44:33.590+0000] {dagbag.py:588} INFO - Filling up the DagBag from /home/airflow/.local/lib/python3.12/site-packages/airflow/example_dags/example_external_task_marker_dag.py
[2025-06-26T22:44:33.598+0000] {processor.py:925} INFO - DAG(s) 'example_external_task_marker_parent', 'example_external_task_marker_child' retrieved from /home/airflow/.local/lib/python3.12/site-packages/airflow/example_dags/example_external_task_marker_dag.py
[2025-06-26T22:44:33.621+0000] {logging_mixin.py:190} INFO - [2025-06-26T22:44:33.621+0000] {dag.py:3239} INFO - Sync 2 DAGs
[2025-06-26T22:44:33.635+0000] {logging_mixin.py:190} INFO - [2025-06-26T22:44:33.635+0000] {dag.py:4180} INFO - Setting next_dagrun for example_external_task_marker_child to None, run_after=None
[2025-06-26T22:44:33.638+0000] {logging_mixin.py:190} INFO - [2025-06-26T22:44:33.638+0000] {dag.py:4180} INFO - Setting next_dagrun for example_external_task_marker_parent to None, run_after=None
[2025-06-26T22:44:33.654+0000] {processor.py:208} INFO - Processing /home/airflow/.local/lib/python3.12/site-packages/airflow/example_dags/example_external_task_marker_dag.py took 0.074 seconds
[2025-06-26T22:45:03.967+0000] {processor.py:186} INFO - Started process (PID=272) to work on /home/airflow/.local/lib/python3.12/site-packages/airflow/example_dags/example_external_task_marker_dag.py
[2025-06-26T22:45:03.969+0000] {processor.py:914} INFO - Processing file /home/airflow/.local/lib/python3.12/site-packages/airflow/example_dags/example_external_task_marker_dag.py for tasks to queue
[2025-06-26T22:45:03.971+0000] {logging_mixin.py:190} INFO - [2025-06-26T22:45:03.971+0000] {dagbag.py:588} INFO - Filling up the DagBag from /home/airflow/.local/lib/python3.12/site-packages/airflow/example_dags/example_external_task_marker_dag.py
[2025-06-26T22:45:03.978+0000] {processor.py:925} INFO - DAG(s) 'example_external_task_marker_child', 'example_external_task_marker_parent' retrieved from /home/airflow/.local/lib/python3.12/site-packages/airflow/example_dags/example_external_task_marker_dag.py
[2025-06-26T22:45:04.001+0000] {logging_mixin.py:190} INFO - [2025-06-26T22:45:04.000+0000] {dag.py:3239} INFO - Sync 2 DAGs
[2025-06-26T22:45:04.015+0000] {logging_mixin.py:190} INFO - [2025-06-26T22:45:04.015+0000] {dag.py:4180} INFO - Setting next_dagrun for example_external_task_marker_child to None, run_after=None
[2025-06-26T22:45:04.019+0000] {logging_mixin.py:190} INFO - [2025-06-26T22:45:04.019+0000] {dag.py:4180} INFO - Setting next_dagrun for example_external_task_marker_parent to None, run_after=None
[2025-06-26T22:45:04.042+0000] {processor.py:208} INFO - Processing /home/airflow/.local/lib/python3.12/site-packages/airflow/example_dags/example_external_task_marker_dag.py took 0.082 seconds
[2025-06-26T22:45:34.487+0000] {processor.py:186} INFO - Started process (PID=334) to work on /home/airflow/.local/lib/python3.12/site-packages/airflow/example_dags/example_external_task_marker_dag.py
[2025-06-26T22:45:34.488+0000] {processor.py:914} INFO - Processing file /home/airflow/.local/lib/python3.12/site-packages/airflow/example_dags/example_external_task_marker_dag.py for tasks to queue
[2025-06-26T22:45:34.490+0000] {logging_mixin.py:190} INFO - [2025-06-26T22:45:34.490+0000] {dagbag.py:588} INFO - Filling up the DagBag from /home/airflow/.local/lib/python3.12/site-packages/airflow/example_dags/example_external_task_marker_dag.py
[2025-06-26T22:45:34.497+0000] {processor.py:925} INFO - DAG(s) 'example_external_task_marker_child', 'example_external_task_marker_parent' retrieved from /home/airflow/.local/lib/python3.12/site-packages/airflow/example_dags/example_external_task_marker_dag.py
[2025-06-26T22:45:34.519+0000] {logging_mixin.py:190} INFO - [2025-06-26T22:45:34.519+0000] {dag.py:3239} INFO - Sync 2 DAGs
[2025-06-26T22:45:34.532+0000] {logging_mixin.py:190} INFO - [2025-06-26T22:45:34.532+0000] {dag.py:4180} INFO - Setting next_dagrun for example_external_task_marker_child to None, run_after=None
[2025-06-26T22:45:34.535+0000] {logging_mixin.py:190} INFO - [2025-06-26T22:45:34.535+0000] {dag.py:4180} INFO - Setting next_dagrun for example_external_task_marker_parent to None, run_after=None
[2025-06-26T22:45:34.553+0000] {processor.py:208} INFO - Processing /home/airflow/.local/lib/python3.12/site-packages/airflow/example_dags/example_external_task_marker_dag.py took 0.071 seconds
[2025-06-26T22:46:04.704+0000] {processor.py:186} INFO - Started process (PID=396) to work on /home/airflow/.local/lib/python3.12/site-packages/airflow/example_dags/example_external_task_marker_dag.py
[2025-06-26T22:46:04.705+0000] {processor.py:914} INFO - Processing file /home/airflow/.local/lib/python3.12/site-packages/airflow/example_dags/example_external_task_marker_dag.py for tasks to queue
[2025-06-26T22:46:04.708+0000] {logging_mixin.py:190} INFO - [2025-06-26T22:46:04.708+0000] {dagbag.py:588} INFO - Filling up the DagBag from /home/airflow/.local/lib/python3.12/site-packages/airflow/example_dags/example_external_task_marker_dag.py
[2025-06-26T22:46:04.716+0000] {processor.py:925} INFO - DAG(s) 'example_external_task_marker_parent', 'example_external_task_marker_child' retrieved from /home/airflow/.local/lib/python3.12/site-packages/airflow/example_dags/example_external_task_marker_dag.py
[2025-06-26T22:46:04.739+0000] {logging_mixin.py:190} INFO - [2025-06-26T22:46:04.739+0000] {dag.py:3239} INFO - Sync 2 DAGs
[2025-06-26T22:46:04.752+0000] {logging_mixin.py:190} INFO - [2025-06-26T22:46:04.752+0000] {dag.py:4180} INFO - Setting next_dagrun for example_external_task_marker_child to None, run_after=None
[2025-06-26T22:46:04.757+0000] {logging_mixin.py:190} INFO - [2025-06-26T22:46:04.757+0000] {dag.py:4180} INFO - Setting next_dagrun for example_external_task_marker_parent to None, run_after=None
[2025-06-26T22:46:04.776+0000] {processor.py:208} INFO - Processing /home/airflow/.local/lib/python3.12/site-packages/airflow/example_dags/example_external_task_marker_dag.py took 0.078 seconds
[2025-06-26T22:46:35.340+0000] {processor.py:186} INFO - Started process (PID=458) to work on /home/airflow/.local/lib/python3.12/site-packages/airflow/example_dags/example_external_task_marker_dag.py
[2025-06-26T22:46:35.341+0000] {processor.py:914} INFO - Processing file /home/airflow/.local/lib/python3.12/site-packages/airflow/example_dags/example_external_task_marker_dag.py for tasks to queue
[2025-06-26T22:46:35.344+0000] {logging_mixin.py:190} INFO - [2025-06-26T22:46:35.344+0000] {dagbag.py:588} INFO - Filling up the DagBag from /home/airflow/.local/lib/python3.12/site-packages/airflow/example_dags/example_external_task_marker_dag.py
[2025-06-26T22:46:35.350+0000] {processor.py:925} INFO - DAG(s) 'example_external_task_marker_child', 'example_external_task_marker_parent' retrieved from /home/airflow/.local/lib/python3.12/site-packages/airflow/example_dags/example_external_task_marker_dag.py
[2025-06-26T22:46:35.374+0000] {logging_mixin.py:190} INFO - [2025-06-26T22:46:35.373+0000] {dag.py:3239} INFO - Sync 2 DAGs
[2025-06-26T22:46:35.387+0000] {logging_mixin.py:190} INFO - [2025-06-26T22:46:35.387+0000] {dag.py:4180} INFO - Setting next_dagrun for example_external_task_marker_child to None, run_after=None
[2025-06-26T22:46:35.391+0000] {logging_mixin.py:190} INFO - [2025-06-26T22:46:35.391+0000] {dag.py:4180} INFO - Setting next_dagrun for example_external_task_marker_parent to None, run_after=None
[2025-06-26T22:46:35.406+0000] {processor.py:208} INFO - Processing /home/airflow/.local/lib/python3.12/site-packages/airflow/example_dags/example_external_task_marker_dag.py took 0.071 seconds
[2025-06-26T22:47:05.828+0000] {processor.py:186} INFO - Started process (PID=520) to work on /home/airflow/.local/lib/python3.12/site-packages/airflow/example_dags/example_external_task_marker_dag.py
[2025-06-26T22:47:05.829+0000] {processor.py:914} INFO - Processing file /home/airflow/.local/lib/python3.12/site-packages/airflow/example_dags/example_external_task_marker_dag.py for tasks to queue
[2025-06-26T22:47:05.832+0000] {logging_mixin.py:190} INFO - [2025-06-26T22:47:05.831+0000] {dagbag.py:588} INFO - Filling up the DagBag from /home/airflow/.local/lib/python3.12/site-packages/airflow/example_dags/example_external_task_marker_dag.py
[2025-06-26T22:47:05.839+0000] {processor.py:925} INFO - DAG(s) 'example_external_task_marker_child', 'example_external_task_marker_parent' retrieved from /home/airflow/.local/lib/python3.12/site-packages/airflow/example_dags/example_external_task_marker_dag.py
[2025-06-26T22:47:05.860+0000] {logging_mixin.py:190} INFO - [2025-06-26T22:47:05.859+0000] {dag.py:3239} INFO - Sync 2 DAGs
[2025-06-26T22:47:05.873+0000] {logging_mixin.py:190} INFO - [2025-06-26T22:47:05.873+0000] {dag.py:4180} INFO - Setting next_dagrun for example_external_task_marker_child to None, run_after=None
[2025-06-26T22:47:05.876+0000] {logging_mixin.py:190} INFO - [2025-06-26T22:47:05.876+0000] {dag.py:4180} INFO - Setting next_dagrun for example_external_task_marker_parent to None, run_after=None
[2025-06-26T22:47:05.894+0000] {processor.py:208} INFO - Processing /home/airflow/.local/lib/python3.12/site-packages/airflow/example_dags/example_external_task_marker_dag.py took 0.071 seconds
[2025-06-26T22:47:36.277+0000] {processor.py:186} INFO - Started process (PID=582) to work on /home/airflow/.local/lib/python3.12/site-packages/airflow/example_dags/example_external_task_marker_dag.py
[2025-06-26T22:47:36.278+0000] {processor.py:914} INFO - Processing file /home/airflow/.local/lib/python3.12/site-packages/airflow/example_dags/example_external_task_marker_dag.py for tasks to queue
[2025-06-26T22:47:36.280+0000] {logging_mixin.py:190} INFO - [2025-06-26T22:47:36.280+0000] {dagbag.py:588} INFO - Filling up the DagBag from /home/airflow/.local/lib/python3.12/site-packages/airflow/example_dags/example_external_task_marker_dag.py
[2025-06-26T22:47:36.287+0000] {processor.py:925} INFO - DAG(s) 'example_external_task_marker_parent', 'example_external_task_marker_child' retrieved from /home/airflow/.local/lib/python3.12/site-packages/airflow/example_dags/example_external_task_marker_dag.py
[2025-06-26T22:47:36.309+0000] {logging_mixin.py:190} INFO - [2025-06-26T22:47:36.309+0000] {dag.py:3239} INFO - Sync 2 DAGs
[2025-06-26T22:47:36.321+0000] {logging_mixin.py:190} INFO - [2025-06-26T22:47:36.321+0000] {dag.py:4180} INFO - Setting next_dagrun for example_external_task_marker_child to None, run_after=None
[2025-06-26T22:47:36.324+0000] {logging_mixin.py:190} INFO - [2025-06-26T22:47:36.324+0000] {dag.py:4180} INFO - Setting next_dagrun for example_external_task_marker_parent to None, run_after=None
[2025-06-26T22:47:36.344+0000] {processor.py:208} INFO - Processing /home/airflow/.local/lib/python3.12/site-packages/airflow/example_dags/example_external_task_marker_dag.py took 0.072 seconds
[2025-06-26T22:48:06.693+0000] {processor.py:186} INFO - Started process (PID=644) to work on /home/airflow/.local/lib/python3.12/site-packages/airflow/example_dags/example_external_task_marker_dag.py
[2025-06-26T22:48:06.694+0000] {processor.py:914} INFO - Processing file /home/airflow/.local/lib/python3.12/site-packages/airflow/example_dags/example_external_task_marker_dag.py for tasks to queue
[2025-06-26T22:48:06.697+0000] {logging_mixin.py:190} INFO - [2025-06-26T22:48:06.696+0000] {dagbag.py:588} INFO - Filling up the DagBag from /home/airflow/.local/lib/python3.12/site-packages/airflow/example_dags/example_external_task_marker_dag.py
[2025-06-26T22:48:06.703+0000] {processor.py:925} INFO - DAG(s) 'example_external_task_marker_parent', 'example_external_task_marker_child' retrieved from /home/airflow/.local/lib/python3.12/site-packages/airflow/example_dags/example_external_task_marker_dag.py
[2025-06-26T22:48:06.724+0000] {logging_mixin.py:190} INFO - [2025-06-26T22:48:06.723+0000] {dag.py:3239} INFO - Sync 2 DAGs
[2025-06-26T22:48:06.736+0000] {logging_mixin.py:190} INFO - [2025-06-26T22:48:06.736+0000] {dag.py:4180} INFO - Setting next_dagrun for example_external_task_marker_child to None, run_after=None
[2025-06-26T22:48:06.739+0000] {logging_mixin.py:190} INFO - [2025-06-26T22:48:06.739+0000] {dag.py:4180} INFO - Setting next_dagrun for example_external_task_marker_parent to None, run_after=None
[2025-06-26T22:48:06.759+0000] {processor.py:208} INFO - Processing /home/airflow/.local/lib/python3.12/site-packages/airflow/example_dags/example_external_task_marker_dag.py took 0.071 seconds
[2025-06-26T22:48:37.011+0000] {processor.py:186} INFO - Started process (PID=706) to work on /home/airflow/.local/lib/python3.12/site-packages/airflow/example_dags/example_external_task_marker_dag.py
[2025-06-26T22:48:37.012+0000] {processor.py:914} INFO - Processing file /home/airflow/.local/lib/python3.12/site-packages/airflow/example_dags/example_external_task_marker_dag.py for tasks to queue
[2025-06-26T22:48:37.014+0000] {logging_mixin.py:190} INFO - [2025-06-26T22:48:37.014+0000] {dagbag.py:588} INFO - Filling up the DagBag from /home/airflow/.local/lib/python3.12/site-packages/airflow/example_dags/example_external_task_marker_dag.py
[2025-06-26T22:48:37.021+0000] {processor.py:925} INFO - DAG(s) 'example_external_task_marker_parent', 'example_external_task_marker_child' retrieved from /home/airflow/.local/lib/python3.12/site-packages/airflow/example_dags/example_external_task_marker_dag.py
[2025-06-26T22:48:37.045+0000] {logging_mixin.py:190} INFO - [2025-06-26T22:48:37.045+0000] {dag.py:3239} INFO - Sync 2 DAGs
[2025-06-26T22:48:37.058+0000] {logging_mixin.py:190} INFO - [2025-06-26T22:48:37.058+0000] {dag.py:4180} INFO - Setting next_dagrun for example_external_task_marker_child to None, run_after=None
[2025-06-26T22:48:37.061+0000] {logging_mixin.py:190} INFO - [2025-06-26T22:48:37.061+0000] {dag.py:4180} INFO - Setting next_dagrun for example_external_task_marker_parent to None, run_after=None
[2025-06-26T22:48:37.077+0000] {processor.py:208} INFO - Processing /home/airflow/.local/lib/python3.12/site-packages/airflow/example_dags/example_external_task_marker_dag.py took 0.072 seconds
[2025-06-26T22:49:07.277+0000] {processor.py:186} INFO - Started process (PID=768) to work on /home/airflow/.local/lib/python3.12/site-packages/airflow/example_dags/example_external_task_marker_dag.py
[2025-06-26T22:49:07.278+0000] {processor.py:914} INFO - Processing file /home/airflow/.local/lib/python3.12/site-packages/airflow/example_dags/example_external_task_marker_dag.py for tasks to queue
[2025-06-26T22:49:07.280+0000] {logging_mixin.py:190} INFO - [2025-06-26T22:49:07.280+0000] {dagbag.py:588} INFO - Filling up the DagBag from /home/airflow/.local/lib/python3.12/site-packages/airflow/example_dags/example_external_task_marker_dag.py
[2025-06-26T22:49:07.287+0000] {processor.py:925} INFO - DAG(s) 'example_external_task_marker_parent', 'example_external_task_marker_child' retrieved from /home/airflow/.local/lib/python3.12/site-packages/airflow/example_dags/example_external_task_marker_dag.py
[2025-06-26T22:49:07.309+0000] {logging_mixin.py:190} INFO - [2025-06-26T22:49:07.309+0000] {dag.py:3239} INFO - Sync 2 DAGs
[2025-06-26T22:49:07.323+0000] {logging_mixin.py:190} INFO - [2025-06-26T22:49:07.323+0000] {dag.py:4180} INFO - Setting next_dagrun for example_external_task_marker_child to None, run_after=None
[2025-06-26T22:49:07.326+0000] {logging_mixin.py:190} INFO - [2025-06-26T22:49:07.326+0000] {dag.py:4180} INFO - Setting next_dagrun for example_external_task_marker_parent to None, run_after=None
[2025-06-26T22:49:07.341+0000] {processor.py:208} INFO - Processing /home/airflow/.local/lib/python3.12/site-packages/airflow/example_dags/example_external_task_marker_dag.py took 0.070 seconds
[2025-06-26T22:49:37.615+0000] {processor.py:186} INFO - Started process (PID=830) to work on /home/airflow/.local/lib/python3.12/site-packages/airflow/example_dags/example_external_task_marker_dag.py
[2025-06-26T22:49:37.615+0000] {processor.py:914} INFO - Processing file /home/airflow/.local/lib/python3.12/site-packages/airflow/example_dags/example_external_task_marker_dag.py for tasks to queue
[2025-06-26T22:49:37.618+0000] {logging_mixin.py:190} INFO - [2025-06-26T22:49:37.618+0000] {dagbag.py:588} INFO - Filling up the DagBag from /home/airflow/.local/lib/python3.12/site-packages/airflow/example_dags/example_external_task_marker_dag.py
[2025-06-26T22:49:37.626+0000] {processor.py:925} INFO - DAG(s) 'example_external_task_marker_parent', 'example_external_task_marker_child' retrieved from /home/airflow/.local/lib/python3.12/site-packages/airflow/example_dags/example_external_task_marker_dag.py
[2025-06-26T22:49:37.650+0000] {logging_mixin.py:190} INFO - [2025-06-26T22:49:37.649+0000] {dag.py:3239} INFO - Sync 2 DAGs
[2025-06-26T22:49:37.664+0000] {logging_mixin.py:190} INFO - [2025-06-26T22:49:37.663+0000] {dag.py:4180} INFO - Setting next_dagrun for example_external_task_marker_child to None, run_after=None
[2025-06-26T22:49:37.668+0000] {logging_mixin.py:190} INFO - [2025-06-26T22:49:37.668+0000] {dag.py:4180} INFO - Setting next_dagrun for example_external_task_marker_parent to None, run_after=None
[2025-06-26T22:49:37.684+0000] {processor.py:208} INFO - Processing /home/airflow/.local/lib/python3.12/site-packages/airflow/example_dags/example_external_task_marker_dag.py took 0.075 seconds
[2025-06-26T22:50:08.096+0000] {processor.py:186} INFO - Started process (PID=892) to work on /home/airflow/.local/lib/python3.12/site-packages/airflow/example_dags/example_external_task_marker_dag.py
[2025-06-26T22:50:08.097+0000] {processor.py:914} INFO - Processing file /home/airflow/.local/lib/python3.12/site-packages/airflow/example_dags/example_external_task_marker_dag.py for tasks to queue
[2025-06-26T22:50:08.099+0000] {logging_mixin.py:190} INFO - [2025-06-26T22:50:08.098+0000] {dagbag.py:588} INFO - Filling up the DagBag from /home/airflow/.local/lib/python3.12/site-packages/airflow/example_dags/example_external_task_marker_dag.py
[2025-06-26T22:50:08.107+0000] {processor.py:925} INFO - DAG(s) 'example_external_task_marker_child', 'example_external_task_marker_parent' retrieved from /home/airflow/.local/lib/python3.12/site-packages/airflow/example_dags/example_external_task_marker_dag.py
[2025-06-26T22:50:08.132+0000] {logging_mixin.py:190} INFO - [2025-06-26T22:50:08.131+0000] {dag.py:3239} INFO - Sync 2 DAGs
[2025-06-26T22:50:08.145+0000] {logging_mixin.py:190} INFO - [2025-06-26T22:50:08.145+0000] {dag.py:4180} INFO - Setting next_dagrun for example_external_task_marker_child to None, run_after=None
[2025-06-26T22:50:08.148+0000] {logging_mixin.py:190} INFO - [2025-06-26T22:50:08.148+0000] {dag.py:4180} INFO - Setting next_dagrun for example_external_task_marker_parent to None, run_after=None
[2025-06-26T22:50:08.166+0000] {processor.py:208} INFO - Processing /home/airflow/.local/lib/python3.12/site-packages/airflow/example_dags/example_external_task_marker_dag.py took 0.076 seconds
[2025-06-26T22:50:38.319+0000] {processor.py:186} INFO - Started process (PID=953) to work on /home/airflow/.local/lib/python3.12/site-packages/airflow/example_dags/example_external_task_marker_dag.py
[2025-06-26T22:50:38.320+0000] {processor.py:914} INFO - Processing file /home/airflow/.local/lib/python3.12/site-packages/airflow/example_dags/example_external_task_marker_dag.py for tasks to queue
[2025-06-26T22:50:38.322+0000] {logging_mixin.py:190} INFO - [2025-06-26T22:50:38.322+0000] {dagbag.py:588} INFO - Filling up the DagBag from /home/airflow/.local/lib/python3.12/site-packages/airflow/example_dags/example_external_task_marker_dag.py
[2025-06-26T22:50:38.329+0000] {processor.py:925} INFO - DAG(s) 'example_external_task_marker_parent', 'example_external_task_marker_child' retrieved from /home/airflow/.local/lib/python3.12/site-packages/airflow/example_dags/example_external_task_marker_dag.py
[2025-06-26T22:50:38.349+0000] {logging_mixin.py:190} INFO - [2025-06-26T22:50:38.348+0000] {dag.py:3239} INFO - Sync 2 DAGs
[2025-06-26T22:50:38.360+0000] {logging_mixin.py:190} INFO - [2025-06-26T22:50:38.360+0000] {dag.py:4180} INFO - Setting next_dagrun for example_external_task_marker_child to None, run_after=None
[2025-06-26T22:50:38.364+0000] {logging_mixin.py:190} INFO - [2025-06-26T22:50:38.364+0000] {dag.py:4180} INFO - Setting next_dagrun for example_external_task_marker_parent to None, run_after=None
[2025-06-26T22:50:38.379+0000] {processor.py:208} INFO - Processing /home/airflow/.local/lib/python3.12/site-packages/airflow/example_dags/example_external_task_marker_dag.py took 0.065 seconds
[2025-06-26T22:51:08.883+0000] {processor.py:186} INFO - Started process (PID=1015) to work on /home/airflow/.local/lib/python3.12/site-packages/airflow/example_dags/example_external_task_marker_dag.py
[2025-06-26T22:51:08.884+0000] {processor.py:914} INFO - Processing file /home/airflow/.local/lib/python3.12/site-packages/airflow/example_dags/example_external_task_marker_dag.py for tasks to queue
[2025-06-26T22:51:08.887+0000] {logging_mixin.py:190} INFO - [2025-06-26T22:51:08.887+0000] {dagbag.py:588} INFO - Filling up the DagBag from /home/airflow/.local/lib/python3.12/site-packages/airflow/example_dags/example_external_task_marker_dag.py
[2025-06-26T22:51:08.898+0000] {processor.py:925} INFO - DAG(s) 'example_external_task_marker_parent', 'example_external_task_marker_child' retrieved from /home/airflow/.local/lib/python3.12/site-packages/airflow/example_dags/example_external_task_marker_dag.py
[2025-06-26T22:51:08.925+0000] {logging_mixin.py:190} INFO - [2025-06-26T22:51:08.925+0000] {dag.py:3239} INFO - Sync 2 DAGs
[2025-06-26T22:51:08.942+0000] {logging_mixin.py:190} INFO - [2025-06-26T22:51:08.941+0000] {dag.py:4180} INFO - Setting next_dagrun for example_external_task_marker_child to None, run_after=None
[2025-06-26T22:51:08.946+0000] {logging_mixin.py:190} INFO - [2025-06-26T22:51:08.946+0000] {dag.py:4180} INFO - Setting next_dagrun for example_external_task_marker_parent to None, run_after=None
[2025-06-26T22:51:08.969+0000] {processor.py:208} INFO - Processing /home/airflow/.local/lib/python3.12/site-packages/airflow/example_dags/example_external_task_marker_dag.py took 0.093 seconds
[2025-06-26T22:51:39.210+0000] {processor.py:186} INFO - Started process (PID=1077) to work on /home/airflow/.local/lib/python3.12/site-packages/airflow/example_dags/example_external_task_marker_dag.py
[2025-06-26T22:51:39.211+0000] {processor.py:914} INFO - Processing file /home/airflow/.local/lib/python3.12/site-packages/airflow/example_dags/example_external_task_marker_dag.py for tasks to queue
[2025-06-26T22:51:39.213+0000] {logging_mixin.py:190} INFO - [2025-06-26T22:51:39.212+0000] {dagbag.py:588} INFO - Filling up the DagBag from /home/airflow/.local/lib/python3.12/site-packages/airflow/example_dags/example_external_task_marker_dag.py
[2025-06-26T22:51:39.220+0000] {processor.py:925} INFO - DAG(s) 'example_external_task_marker_child', 'example_external_task_marker_parent' retrieved from /home/airflow/.local/lib/python3.12/site-packages/airflow/example_dags/example_external_task_marker_dag.py
[2025-06-26T22:51:39.243+0000] {logging_mixin.py:190} INFO - [2025-06-26T22:51:39.243+0000] {dag.py:3239} INFO - Sync 2 DAGs
[2025-06-26T22:51:39.256+0000] {logging_mixin.py:190} INFO - [2025-06-26T22:51:39.255+0000] {dag.py:4180} INFO - Setting next_dagrun for example_external_task_marker_child to None, run_after=None
[2025-06-26T22:51:39.259+0000] {logging_mixin.py:190} INFO - [2025-06-26T22:51:39.259+0000] {dag.py:4180} INFO - Setting next_dagrun for example_external_task_marker_parent to None, run_after=None
[2025-06-26T22:51:39.276+0000] {processor.py:208} INFO - Processing /home/airflow/.local/lib/python3.12/site-packages/airflow/example_dags/example_external_task_marker_dag.py took 0.072 seconds
[2025-06-26T22:52:09.567+0000] {processor.py:186} INFO - Started process (PID=1139) to work on /home/airflow/.local/lib/python3.12/site-packages/airflow/example_dags/example_external_task_marker_dag.py
[2025-06-26T22:52:09.569+0000] {processor.py:914} INFO - Processing file /home/airflow/.local/lib/python3.12/site-packages/airflow/example_dags/example_external_task_marker_dag.py for tasks to queue
[2025-06-26T22:52:09.572+0000] {logging_mixin.py:190} INFO - [2025-06-26T22:52:09.571+0000] {dagbag.py:588} INFO - Filling up the DagBag from /home/airflow/.local/lib/python3.12/site-packages/airflow/example_dags/example_external_task_marker_dag.py
[2025-06-26T22:52:09.581+0000] {processor.py:925} INFO - DAG(s) 'example_external_task_marker_child', 'example_external_task_marker_parent' retrieved from /home/airflow/.local/lib/python3.12/site-packages/airflow/example_dags/example_external_task_marker_dag.py
[2025-06-26T22:52:09.605+0000] {logging_mixin.py:190} INFO - [2025-06-26T22:52:09.605+0000] {dag.py:3239} INFO - Sync 2 DAGs
[2025-06-26T22:52:09.618+0000] {logging_mixin.py:190} INFO - [2025-06-26T22:52:09.618+0000] {dag.py:4180} INFO - Setting next_dagrun for example_external_task_marker_child to None, run_after=None
[2025-06-26T22:52:09.623+0000] {logging_mixin.py:190} INFO - [2025-06-26T22:52:09.622+0000] {dag.py:4180} INFO - Setting next_dagrun for example_external_task_marker_parent to None, run_after=None
[2025-06-26T22:52:09.641+0000] {processor.py:208} INFO - Processing /home/airflow/.local/lib/python3.12/site-packages/airflow/example_dags/example_external_task_marker_dag.py took 0.081 seconds
[2025-06-26T22:52:39.750+0000] {processor.py:186} INFO - Started process (PID=1201) to work on /home/airflow/.local/lib/python3.12/site-packages/airflow/example_dags/example_external_task_marker_dag.py
[2025-06-26T22:52:39.752+0000] {processor.py:914} INFO - Processing file /home/airflow/.local/lib/python3.12/site-packages/airflow/example_dags/example_external_task_marker_dag.py for tasks to queue
[2025-06-26T22:52:39.754+0000] {logging_mixin.py:190} INFO - [2025-06-26T22:52:39.754+0000] {dagbag.py:588} INFO - Filling up the DagBag from /home/airflow/.local/lib/python3.12/site-packages/airflow/example_dags/example_external_task_marker_dag.py
[2025-06-26T22:52:39.761+0000] {processor.py:925} INFO - DAG(s) 'example_external_task_marker_parent', 'example_external_task_marker_child' retrieved from /home/airflow/.local/lib/python3.12/site-packages/airflow/example_dags/example_external_task_marker_dag.py
[2025-06-26T22:52:39.782+0000] {logging_mixin.py:190} INFO - [2025-06-26T22:52:39.782+0000] {dag.py:3239} INFO - Sync 2 DAGs
[2025-06-26T22:52:39.797+0000] {logging_mixin.py:190} INFO - [2025-06-26T22:52:39.797+0000] {dag.py:4180} INFO - Setting next_dagrun for example_external_task_marker_child to None, run_after=None
[2025-06-26T22:52:39.800+0000] {logging_mixin.py:190} INFO - [2025-06-26T22:52:39.800+0000] {dag.py:4180} INFO - Setting next_dagrun for example_external_task_marker_parent to None, run_after=None
[2025-06-26T22:52:39.816+0000] {processor.py:208} INFO - Processing /home/airflow/.local/lib/python3.12/site-packages/airflow/example_dags/example_external_task_marker_dag.py took 0.071 seconds
[2025-06-26T22:53:10.225+0000] {processor.py:186} INFO - Started process (PID=1263) to work on /home/airflow/.local/lib/python3.12/site-packages/airflow/example_dags/example_external_task_marker_dag.py
[2025-06-26T22:53:10.226+0000] {processor.py:914} INFO - Processing file /home/airflow/.local/lib/python3.12/site-packages/airflow/example_dags/example_external_task_marker_dag.py for tasks to queue
[2025-06-26T22:53:10.228+0000] {logging_mixin.py:190} INFO - [2025-06-26T22:53:10.228+0000] {dagbag.py:588} INFO - Filling up the DagBag from /home/airflow/.local/lib/python3.12/site-packages/airflow/example_dags/example_external_task_marker_dag.py
[2025-06-26T22:53:10.235+0000] {processor.py:925} INFO - DAG(s) 'example_external_task_marker_parent', 'example_external_task_marker_child' retrieved from /home/airflow/.local/lib/python3.12/site-packages/airflow/example_dags/example_external_task_marker_dag.py
[2025-06-26T22:53:10.254+0000] {logging_mixin.py:190} INFO - [2025-06-26T22:53:10.254+0000] {dag.py:3239} INFO - Sync 2 DAGs
[2025-06-26T22:53:10.266+0000] {logging_mixin.py:190} INFO - [2025-06-26T22:53:10.266+0000] {dag.py:4180} INFO - Setting next_dagrun for example_external_task_marker_child to None, run_after=None
[2025-06-26T22:53:10.270+0000] {logging_mixin.py:190} INFO - [2025-06-26T22:53:10.270+0000] {dag.py:4180} INFO - Setting next_dagrun for example_external_task_marker_parent to None, run_after=None
[2025-06-26T22:53:10.288+0000] {processor.py:208} INFO - Processing /home/airflow/.local/lib/python3.12/site-packages/airflow/example_dags/example_external_task_marker_dag.py took 0.069 seconds
[2025-06-26T22:53:40.562+0000] {processor.py:186} INFO - Started process (PID=1325) to work on /home/airflow/.local/lib/python3.12/site-packages/airflow/example_dags/example_external_task_marker_dag.py
[2025-06-26T22:53:40.563+0000] {processor.py:914} INFO - Processing file /home/airflow/.local/lib/python3.12/site-packages/airflow/example_dags/example_external_task_marker_dag.py for tasks to queue
[2025-06-26T22:53:40.565+0000] {logging_mixin.py:190} INFO - [2025-06-26T22:53:40.565+0000] {dagbag.py:588} INFO - Filling up the DagBag from /home/airflow/.local/lib/python3.12/site-packages/airflow/example_dags/example_external_task_marker_dag.py
[2025-06-26T22:53:40.573+0000] {processor.py:925} INFO - DAG(s) 'example_external_task_marker_parent', 'example_external_task_marker_child' retrieved from /home/airflow/.local/lib/python3.12/site-packages/airflow/example_dags/example_external_task_marker_dag.py
[2025-06-26T22:53:40.595+0000] {logging_mixin.py:190} INFO - [2025-06-26T22:53:40.594+0000] {dag.py:3239} INFO - Sync 2 DAGs
[2025-06-26T22:53:40.607+0000] {logging_mixin.py:190} INFO - [2025-06-26T22:53:40.607+0000] {dag.py:4180} INFO - Setting next_dagrun for example_external_task_marker_child to None, run_after=None
[2025-06-26T22:53:40.611+0000] {logging_mixin.py:190} INFO - [2025-06-26T22:53:40.611+0000] {dag.py:4180} INFO - Setting next_dagrun for example_external_task_marker_parent to None, run_after=None
[2025-06-26T22:53:40.627+0000] {processor.py:208} INFO - Processing /home/airflow/.local/lib/python3.12/site-packages/airflow/example_dags/example_external_task_marker_dag.py took 0.070 seconds
[2025-06-26T22:54:10.837+0000] {processor.py:186} INFO - Started process (PID=1387) to work on /home/airflow/.local/lib/python3.12/site-packages/airflow/example_dags/example_external_task_marker_dag.py
[2025-06-26T22:54:10.838+0000] {processor.py:914} INFO - Processing file /home/airflow/.local/lib/python3.12/site-packages/airflow/example_dags/example_external_task_marker_dag.py for tasks to queue
[2025-06-26T22:54:10.841+0000] {logging_mixin.py:190} INFO - [2025-06-26T22:54:10.840+0000] {dagbag.py:588} INFO - Filling up the DagBag from /home/airflow/.local/lib/python3.12/site-packages/airflow/example_dags/example_external_task_marker_dag.py
[2025-06-26T22:54:10.849+0000] {processor.py:925} INFO - DAG(s) 'example_external_task_marker_parent', 'example_external_task_marker_child' retrieved from /home/airflow/.local/lib/python3.12/site-packages/airflow/example_dags/example_external_task_marker_dag.py
[2025-06-26T22:54:10.870+0000] {logging_mixin.py:190} INFO - [2025-06-26T22:54:10.870+0000] {dag.py:3239} INFO - Sync 2 DAGs
[2025-06-26T22:54:10.884+0000] {logging_mixin.py:190} INFO - [2025-06-26T22:54:10.884+0000] {dag.py:4180} INFO - Setting next_dagrun for example_external_task_marker_child to None, run_after=None
[2025-06-26T22:54:10.888+0000] {logging_mixin.py:190} INFO - [2025-06-26T22:54:10.888+0000] {dag.py:4180} INFO - Setting next_dagrun for example_external_task_marker_parent to None, run_after=None
[2025-06-26T22:54:10.905+0000] {processor.py:208} INFO - Processing /home/airflow/.local/lib/python3.12/site-packages/airflow/example_dags/example_external_task_marker_dag.py took 0.073 seconds
[2025-06-26T22:54:41.339+0000] {processor.py:186} INFO - Started process (PID=1449) to work on /home/airflow/.local/lib/python3.12/site-packages/airflow/example_dags/example_external_task_marker_dag.py
[2025-06-26T22:54:41.341+0000] {processor.py:914} INFO - Processing file /home/airflow/.local/lib/python3.12/site-packages/airflow/example_dags/example_external_task_marker_dag.py for tasks to queue
[2025-06-26T22:54:41.344+0000] {logging_mixin.py:190} INFO - [2025-06-26T22:54:41.344+0000] {dagbag.py:588} INFO - Filling up the DagBag from /home/airflow/.local/lib/python3.12/site-packages/airflow/example_dags/example_external_task_marker_dag.py
[2025-06-26T22:54:41.355+0000] {processor.py:925} INFO - DAG(s) 'example_external_task_marker_parent', 'example_external_task_marker_child' retrieved from /home/airflow/.local/lib/python3.12/site-packages/airflow/example_dags/example_external_task_marker_dag.py
[2025-06-26T22:54:41.380+0000] {logging_mixin.py:190} INFO - [2025-06-26T22:54:41.380+0000] {dag.py:3239} INFO - Sync 2 DAGs
[2025-06-26T22:54:41.395+0000] {logging_mixin.py:190} INFO - [2025-06-26T22:54:41.395+0000] {dag.py:4180} INFO - Setting next_dagrun for example_external_task_marker_child to None, run_after=None
[2025-06-26T22:54:41.400+0000] {logging_mixin.py:190} INFO - [2025-06-26T22:54:41.400+0000] {dag.py:4180} INFO - Setting next_dagrun for example_external_task_marker_parent to None, run_after=None
[2025-06-26T22:54:41.418+0000] {processor.py:208} INFO - Processing /home/airflow/.local/lib/python3.12/site-packages/airflow/example_dags/example_external_task_marker_dag.py took 0.086 seconds
[2025-06-26T22:55:11.753+0000] {processor.py:186} INFO - Started process (PID=1511) to work on /home/airflow/.local/lib/python3.12/site-packages/airflow/example_dags/example_external_task_marker_dag.py
[2025-06-26T22:55:11.754+0000] {processor.py:914} INFO - Processing file /home/airflow/.local/lib/python3.12/site-packages/airflow/example_dags/example_external_task_marker_dag.py for tasks to queue
[2025-06-26T22:55:11.757+0000] {logging_mixin.py:190} INFO - [2025-06-26T22:55:11.756+0000] {dagbag.py:588} INFO - Filling up the DagBag from /home/airflow/.local/lib/python3.12/site-packages/airflow/example_dags/example_external_task_marker_dag.py
[2025-06-26T22:55:11.764+0000] {processor.py:925} INFO - DAG(s) 'example_external_task_marker_parent', 'example_external_task_marker_child' retrieved from /home/airflow/.local/lib/python3.12/site-packages/airflow/example_dags/example_external_task_marker_dag.py
[2025-06-26T22:55:11.785+0000] {logging_mixin.py:190} INFO - [2025-06-26T22:55:11.785+0000] {dag.py:3239} INFO - Sync 2 DAGs
[2025-06-26T22:55:11.800+0000] {logging_mixin.py:190} INFO - [2025-06-26T22:55:11.799+0000] {dag.py:4180} INFO - Setting next_dagrun for example_external_task_marker_child to None, run_after=None
[2025-06-26T22:55:11.804+0000] {logging_mixin.py:190} INFO - [2025-06-26T22:55:11.803+0000] {dag.py:4180} INFO - Setting next_dagrun for example_external_task_marker_parent to None, run_after=None
[2025-06-26T22:55:11.820+0000] {processor.py:208} INFO - Processing /home/airflow/.local/lib/python3.12/site-packages/airflow/example_dags/example_external_task_marker_dag.py took 0.072 seconds
[2025-06-26T22:55:42.222+0000] {processor.py:186} INFO - Started process (PID=1573) to work on /home/airflow/.local/lib/python3.12/site-packages/airflow/example_dags/example_external_task_marker_dag.py
[2025-06-26T22:55:42.223+0000] {processor.py:914} INFO - Processing file /home/airflow/.local/lib/python3.12/site-packages/airflow/example_dags/example_external_task_marker_dag.py for tasks to queue
[2025-06-26T22:55:42.228+0000] {logging_mixin.py:190} INFO - [2025-06-26T22:55:42.228+0000] {dagbag.py:588} INFO - Filling up the DagBag from /home/airflow/.local/lib/python3.12/site-packages/airflow/example_dags/example_external_task_marker_dag.py
[2025-06-26T22:55:42.238+0000] {processor.py:925} INFO - DAG(s) 'example_external_task_marker_child', 'example_external_task_marker_parent' retrieved from /home/airflow/.local/lib/python3.12/site-packages/airflow/example_dags/example_external_task_marker_dag.py
[2025-06-26T22:55:42.259+0000] {logging_mixin.py:190} INFO - [2025-06-26T22:55:42.258+0000] {dag.py:3239} INFO - Sync 2 DAGs
[2025-06-26T22:55:42.270+0000] {logging_mixin.py:190} INFO - [2025-06-26T22:55:42.270+0000] {dag.py:4180} INFO - Setting next_dagrun for example_external_task_marker_child to None, run_after=None
[2025-06-26T22:55:42.274+0000] {logging_mixin.py:190} INFO - [2025-06-26T22:55:42.274+0000] {dag.py:4180} INFO - Setting next_dagrun for example_external_task_marker_parent to None, run_after=None
[2025-06-26T22:55:42.290+0000] {processor.py:208} INFO - Processing /home/airflow/.local/lib/python3.12/site-packages/airflow/example_dags/example_external_task_marker_dag.py took 0.074 seconds
[2025-06-26T22:56:12.434+0000] {processor.py:186} INFO - Started process (PID=1635) to work on /home/airflow/.local/lib/python3.12/site-packages/airflow/example_dags/example_external_task_marker_dag.py
[2025-06-26T22:56:12.435+0000] {processor.py:914} INFO - Processing file /home/airflow/.local/lib/python3.12/site-packages/airflow/example_dags/example_external_task_marker_dag.py for tasks to queue
[2025-06-26T22:56:12.438+0000] {logging_mixin.py:190} INFO - [2025-06-26T22:56:12.438+0000] {dagbag.py:588} INFO - Filling up the DagBag from /home/airflow/.local/lib/python3.12/site-packages/airflow/example_dags/example_external_task_marker_dag.py
[2025-06-26T22:56:12.446+0000] {processor.py:925} INFO - DAG(s) 'example_external_task_marker_child', 'example_external_task_marker_parent' retrieved from /home/airflow/.local/lib/python3.12/site-packages/airflow/example_dags/example_external_task_marker_dag.py
[2025-06-26T22:56:12.470+0000] {logging_mixin.py:190} INFO - [2025-06-26T22:56:12.470+0000] {dag.py:3239} INFO - Sync 2 DAGs
[2025-06-26T22:56:12.483+0000] {logging_mixin.py:190} INFO - [2025-06-26T22:56:12.483+0000] {dag.py:4180} INFO - Setting next_dagrun for example_external_task_marker_child to None, run_after=None
[2025-06-26T22:56:12.487+0000] {logging_mixin.py:190} INFO - [2025-06-26T22:56:12.487+0000] {dag.py:4180} INFO - Setting next_dagrun for example_external_task_marker_parent to None, run_after=None
[2025-06-26T22:56:12.503+0000] {processor.py:208} INFO - Processing /home/airflow/.local/lib/python3.12/site-packages/airflow/example_dags/example_external_task_marker_dag.py took 0.075 seconds
[2025-06-26T22:56:43.383+0000] {processor.py:186} INFO - Started process (PID=1697) to work on /home/airflow/.local/lib/python3.12/site-packages/airflow/example_dags/example_external_task_marker_dag.py
[2025-06-26T22:56:43.385+0000] {processor.py:914} INFO - Processing file /home/airflow/.local/lib/python3.12/site-packages/airflow/example_dags/example_external_task_marker_dag.py for tasks to queue
[2025-06-26T22:56:43.388+0000] {logging_mixin.py:190} INFO - [2025-06-26T22:56:43.387+0000] {dagbag.py:588} INFO - Filling up the DagBag from /home/airflow/.local/lib/python3.12/site-packages/airflow/example_dags/example_external_task_marker_dag.py
[2025-06-26T22:56:43.395+0000] {processor.py:925} INFO - DAG(s) 'example_external_task_marker_parent', 'example_external_task_marker_child' retrieved from /home/airflow/.local/lib/python3.12/site-packages/airflow/example_dags/example_external_task_marker_dag.py
[2025-06-26T22:56:43.416+0000] {logging_mixin.py:190} INFO - [2025-06-26T22:56:43.416+0000] {dag.py:3239} INFO - Sync 2 DAGs
[2025-06-26T22:56:43.428+0000] {logging_mixin.py:190} INFO - [2025-06-26T22:56:43.428+0000] {dag.py:4180} INFO - Setting next_dagrun for example_external_task_marker_child to None, run_after=None
[2025-06-26T22:56:43.432+0000] {logging_mixin.py:190} INFO - [2025-06-26T22:56:43.431+0000] {dag.py:4180} INFO - Setting next_dagrun for example_external_task_marker_parent to None, run_after=None
[2025-06-26T22:56:43.446+0000] {processor.py:208} INFO - Processing /home/airflow/.local/lib/python3.12/site-packages/airflow/example_dags/example_external_task_marker_dag.py took 0.069 seconds
[2025-06-26T22:57:13.719+0000] {processor.py:186} INFO - Started process (PID=1759) to work on /home/airflow/.local/lib/python3.12/site-packages/airflow/example_dags/example_external_task_marker_dag.py
[2025-06-26T22:57:13.720+0000] {processor.py:914} INFO - Processing file /home/airflow/.local/lib/python3.12/site-packages/airflow/example_dags/example_external_task_marker_dag.py for tasks to queue
[2025-06-26T22:57:13.723+0000] {logging_mixin.py:190} INFO - [2025-06-26T22:57:13.723+0000] {dagbag.py:588} INFO - Filling up the DagBag from /home/airflow/.local/lib/python3.12/site-packages/airflow/example_dags/example_external_task_marker_dag.py
[2025-06-26T22:57:13.731+0000] {processor.py:925} INFO - DAG(s) 'example_external_task_marker_parent', 'example_external_task_marker_child' retrieved from /home/airflow/.local/lib/python3.12/site-packages/airflow/example_dags/example_external_task_marker_dag.py
[2025-06-26T22:57:13.752+0000] {logging_mixin.py:190} INFO - [2025-06-26T22:57:13.752+0000] {dag.py:3239} INFO - Sync 2 DAGs
[2025-06-26T22:57:13.766+0000] {logging_mixin.py:190} INFO - [2025-06-26T22:57:13.765+0000] {dag.py:4180} INFO - Setting next_dagrun for example_external_task_marker_child to None, run_after=None
[2025-06-26T22:57:13.769+0000] {logging_mixin.py:190} INFO - [2025-06-26T22:57:13.769+0000] {dag.py:4180} INFO - Setting next_dagrun for example_external_task_marker_parent to None, run_after=None
[2025-06-26T22:57:13.784+0000] {processor.py:208} INFO - Processing /home/airflow/.local/lib/python3.12/site-packages/airflow/example_dags/example_external_task_marker_dag.py took 0.072 seconds
[2025-06-26T22:57:44.203+0000] {processor.py:186} INFO - Started process (PID=1821) to work on /home/airflow/.local/lib/python3.12/site-packages/airflow/example_dags/example_external_task_marker_dag.py
[2025-06-26T22:57:44.204+0000] {processor.py:914} INFO - Processing file /home/airflow/.local/lib/python3.12/site-packages/airflow/example_dags/example_external_task_marker_dag.py for tasks to queue
[2025-06-26T22:57:44.207+0000] {logging_mixin.py:190} INFO - [2025-06-26T22:57:44.207+0000] {dagbag.py:588} INFO - Filling up the DagBag from /home/airflow/.local/lib/python3.12/site-packages/airflow/example_dags/example_external_task_marker_dag.py
[2025-06-26T22:57:44.214+0000] {processor.py:925} INFO - DAG(s) 'example_external_task_marker_child', 'example_external_task_marker_parent' retrieved from /home/airflow/.local/lib/python3.12/site-packages/airflow/example_dags/example_external_task_marker_dag.py
[2025-06-26T22:57:44.234+0000] {logging_mixin.py:190} INFO - [2025-06-26T22:57:44.234+0000] {dag.py:3239} INFO - Sync 2 DAGs
[2025-06-26T22:57:44.246+0000] {logging_mixin.py:190} INFO - [2025-06-26T22:57:44.246+0000] {dag.py:4180} INFO - Setting next_dagrun for example_external_task_marker_child to None, run_after=None
[2025-06-26T22:57:44.250+0000] {logging_mixin.py:190} INFO - [2025-06-26T22:57:44.250+0000] {dag.py:4180} INFO - Setting next_dagrun for example_external_task_marker_parent to None, run_after=None
[2025-06-26T22:57:44.269+0000] {processor.py:208} INFO - Processing /home/airflow/.local/lib/python3.12/site-packages/airflow/example_dags/example_external_task_marker_dag.py took 0.072 seconds
[2025-06-26T22:58:14.591+0000] {processor.py:186} INFO - Started process (PID=1883) to work on /home/airflow/.local/lib/python3.12/site-packages/airflow/example_dags/example_external_task_marker_dag.py
[2025-06-26T22:58:14.592+0000] {processor.py:914} INFO - Processing file /home/airflow/.local/lib/python3.12/site-packages/airflow/example_dags/example_external_task_marker_dag.py for tasks to queue
[2025-06-26T22:58:14.595+0000] {logging_mixin.py:190} INFO - [2025-06-26T22:58:14.595+0000] {dagbag.py:588} INFO - Filling up the DagBag from /home/airflow/.local/lib/python3.12/site-packages/airflow/example_dags/example_external_task_marker_dag.py
[2025-06-26T22:58:14.602+0000] {processor.py:925} INFO - DAG(s) 'example_external_task_marker_parent', 'example_external_task_marker_child' retrieved from /home/airflow/.local/lib/python3.12/site-packages/airflow/example_dags/example_external_task_marker_dag.py
[2025-06-26T22:58:14.624+0000] {logging_mixin.py:190} INFO - [2025-06-26T22:58:14.624+0000] {dag.py:3239} INFO - Sync 2 DAGs
[2025-06-26T22:58:14.637+0000] {logging_mixin.py:190} INFO - [2025-06-26T22:58:14.637+0000] {dag.py:4180} INFO - Setting next_dagrun for example_external_task_marker_child to None, run_after=None
[2025-06-26T22:58:14.642+0000] {logging_mixin.py:190} INFO - [2025-06-26T22:58:14.641+0000] {dag.py:4180} INFO - Setting next_dagrun for example_external_task_marker_parent to None, run_after=None
[2025-06-26T22:58:14.659+0000] {processor.py:208} INFO - Processing /home/airflow/.local/lib/python3.12/site-packages/airflow/example_dags/example_external_task_marker_dag.py took 0.074 seconds
[2025-06-26T22:58:45.103+0000] {processor.py:186} INFO - Started process (PID=1945) to work on /home/airflow/.local/lib/python3.12/site-packages/airflow/example_dags/example_external_task_marker_dag.py
[2025-06-26T22:58:45.104+0000] {processor.py:914} INFO - Processing file /home/airflow/.local/lib/python3.12/site-packages/airflow/example_dags/example_external_task_marker_dag.py for tasks to queue
[2025-06-26T22:58:45.108+0000] {logging_mixin.py:190} INFO - [2025-06-26T22:58:45.107+0000] {dagbag.py:588} INFO - Filling up the DagBag from /home/airflow/.local/lib/python3.12/site-packages/airflow/example_dags/example_external_task_marker_dag.py
[2025-06-26T22:58:45.117+0000] {processor.py:925} INFO - DAG(s) 'example_external_task_marker_parent', 'example_external_task_marker_child' retrieved from /home/airflow/.local/lib/python3.12/site-packages/airflow/example_dags/example_external_task_marker_dag.py
[2025-06-26T22:58:45.162+0000] {logging_mixin.py:190} INFO - [2025-06-26T22:58:45.161+0000] {dag.py:3239} INFO - Sync 2 DAGs
[2025-06-26T22:58:45.181+0000] {logging_mixin.py:190} INFO - [2025-06-26T22:58:45.181+0000] {dag.py:4180} INFO - Setting next_dagrun for example_external_task_marker_child to None, run_after=None
[2025-06-26T22:58:45.186+0000] {logging_mixin.py:190} INFO - [2025-06-26T22:58:45.185+0000] {dag.py:4180} INFO - Setting next_dagrun for example_external_task_marker_parent to None, run_after=None
[2025-06-26T22:58:45.206+0000] {processor.py:208} INFO - Processing /home/airflow/.local/lib/python3.12/site-packages/airflow/example_dags/example_external_task_marker_dag.py took 0.110 seconds
[2025-06-26T22:59:15.380+0000] {processor.py:186} INFO - Started process (PID=2007) to work on /home/airflow/.local/lib/python3.12/site-packages/airflow/example_dags/example_external_task_marker_dag.py
[2025-06-26T22:59:15.381+0000] {processor.py:914} INFO - Processing file /home/airflow/.local/lib/python3.12/site-packages/airflow/example_dags/example_external_task_marker_dag.py for tasks to queue
[2025-06-26T22:59:15.384+0000] {logging_mixin.py:190} INFO - [2025-06-26T22:59:15.383+0000] {dagbag.py:588} INFO - Filling up the DagBag from /home/airflow/.local/lib/python3.12/site-packages/airflow/example_dags/example_external_task_marker_dag.py
[2025-06-26T22:59:15.392+0000] {processor.py:925} INFO - DAG(s) 'example_external_task_marker_parent', 'example_external_task_marker_child' retrieved from /home/airflow/.local/lib/python3.12/site-packages/airflow/example_dags/example_external_task_marker_dag.py
[2025-06-26T22:59:15.416+0000] {logging_mixin.py:190} INFO - [2025-06-26T22:59:15.416+0000] {dag.py:3239} INFO - Sync 2 DAGs
[2025-06-26T22:59:15.430+0000] {logging_mixin.py:190} INFO - [2025-06-26T22:59:15.430+0000] {dag.py:4180} INFO - Setting next_dagrun for example_external_task_marker_child to None, run_after=None
[2025-06-26T22:59:15.435+0000] {logging_mixin.py:190} INFO - [2025-06-26T22:59:15.435+0000] {dag.py:4180} INFO - Setting next_dagrun for example_external_task_marker_parent to None, run_after=None
[2025-06-26T22:59:15.453+0000] {processor.py:208} INFO - Processing /home/airflow/.local/lib/python3.12/site-packages/airflow/example_dags/example_external_task_marker_dag.py took 0.079 seconds
[2025-06-26T22:59:45.973+0000] {processor.py:186} INFO - Started process (PID=2069) to work on /home/airflow/.local/lib/python3.12/site-packages/airflow/example_dags/example_external_task_marker_dag.py
[2025-06-26T22:59:45.974+0000] {processor.py:914} INFO - Processing file /home/airflow/.local/lib/python3.12/site-packages/airflow/example_dags/example_external_task_marker_dag.py for tasks to queue
[2025-06-26T22:59:45.977+0000] {logging_mixin.py:190} INFO - [2025-06-26T22:59:45.976+0000] {dagbag.py:588} INFO - Filling up the DagBag from /home/airflow/.local/lib/python3.12/site-packages/airflow/example_dags/example_external_task_marker_dag.py
[2025-06-26T22:59:45.987+0000] {processor.py:925} INFO - DAG(s) 'example_external_task_marker_parent', 'example_external_task_marker_child' retrieved from /home/airflow/.local/lib/python3.12/site-packages/airflow/example_dags/example_external_task_marker_dag.py
[2025-06-26T22:59:46.011+0000] {logging_mixin.py:190} INFO - [2025-06-26T22:59:46.011+0000] {dag.py:3239} INFO - Sync 2 DAGs
[2025-06-26T22:59:46.026+0000] {logging_mixin.py:190} INFO - [2025-06-26T22:59:46.025+0000] {dag.py:4180} INFO - Setting next_dagrun for example_external_task_marker_child to None, run_after=None
[2025-06-26T22:59:46.029+0000] {logging_mixin.py:190} INFO - [2025-06-26T22:59:46.029+0000] {dag.py:4180} INFO - Setting next_dagrun for example_external_task_marker_parent to None, run_after=None
[2025-06-26T22:59:46.044+0000] {processor.py:208} INFO - Processing /home/airflow/.local/lib/python3.12/site-packages/airflow/example_dags/example_external_task_marker_dag.py took 0.078 seconds
[2025-06-26T23:00:16.557+0000] {processor.py:186} INFO - Started process (PID=2132) to work on /home/airflow/.local/lib/python3.12/site-packages/airflow/example_dags/example_external_task_marker_dag.py
[2025-06-26T23:00:16.558+0000] {processor.py:914} INFO - Processing file /home/airflow/.local/lib/python3.12/site-packages/airflow/example_dags/example_external_task_marker_dag.py for tasks to queue
[2025-06-26T23:00:16.561+0000] {logging_mixin.py:190} INFO - [2025-06-26T23:00:16.560+0000] {dagbag.py:588} INFO - Filling up the DagBag from /home/airflow/.local/lib/python3.12/site-packages/airflow/example_dags/example_external_task_marker_dag.py
[2025-06-26T23:00:16.568+0000] {processor.py:925} INFO - DAG(s) 'example_external_task_marker_child', 'example_external_task_marker_parent' retrieved from /home/airflow/.local/lib/python3.12/site-packages/airflow/example_dags/example_external_task_marker_dag.py
[2025-06-26T23:00:16.590+0000] {logging_mixin.py:190} INFO - [2025-06-26T23:00:16.590+0000] {dag.py:3239} INFO - Sync 2 DAGs
[2025-06-26T23:00:16.601+0000] {logging_mixin.py:190} INFO - [2025-06-26T23:00:16.601+0000] {dag.py:4180} INFO - Setting next_dagrun for example_external_task_marker_child to None, run_after=None
[2025-06-26T23:00:16.605+0000] {logging_mixin.py:190} INFO - [2025-06-26T23:00:16.605+0000] {dag.py:4180} INFO - Setting next_dagrun for example_external_task_marker_parent to None, run_after=None
[2025-06-26T23:00:16.625+0000] {processor.py:208} INFO - Processing /home/airflow/.local/lib/python3.12/site-packages/airflow/example_dags/example_external_task_marker_dag.py took 0.074 seconds
[2025-06-26T23:00:47.190+0000] {processor.py:186} INFO - Started process (PID=2194) to work on /home/airflow/.local/lib/python3.12/site-packages/airflow/example_dags/example_external_task_marker_dag.py
[2025-06-26T23:00:47.191+0000] {processor.py:914} INFO - Processing file /home/airflow/.local/lib/python3.12/site-packages/airflow/example_dags/example_external_task_marker_dag.py for tasks to queue
[2025-06-26T23:00:47.194+0000] {logging_mixin.py:190} INFO - [2025-06-26T23:00:47.194+0000] {dagbag.py:588} INFO - Filling up the DagBag from /home/airflow/.local/lib/python3.12/site-packages/airflow/example_dags/example_external_task_marker_dag.py
[2025-06-26T23:00:47.201+0000] {processor.py:925} INFO - DAG(s) 'example_external_task_marker_parent', 'example_external_task_marker_child' retrieved from /home/airflow/.local/lib/python3.12/site-packages/airflow/example_dags/example_external_task_marker_dag.py
[2025-06-26T23:00:47.223+0000] {logging_mixin.py:190} INFO - [2025-06-26T23:00:47.223+0000] {dag.py:3239} INFO - Sync 2 DAGs
[2025-06-26T23:00:47.236+0000] {logging_mixin.py:190} INFO - [2025-06-26T23:00:47.235+0000] {dag.py:4180} INFO - Setting next_dagrun for example_external_task_marker_child to None, run_after=None
[2025-06-26T23:00:47.239+0000] {logging_mixin.py:190} INFO - [2025-06-26T23:00:47.239+0000] {dag.py:4180} INFO - Setting next_dagrun for example_external_task_marker_parent to None, run_after=None
[2025-06-26T23:00:47.256+0000] {processor.py:208} INFO - Processing /home/airflow/.local/lib/python3.12/site-packages/airflow/example_dags/example_external_task_marker_dag.py took 0.072 seconds
[2025-06-26T23:01:17.601+0000] {processor.py:186} INFO - Started process (PID=2256) to work on /home/airflow/.local/lib/python3.12/site-packages/airflow/example_dags/example_external_task_marker_dag.py
[2025-06-26T23:01:17.602+0000] {processor.py:914} INFO - Processing file /home/airflow/.local/lib/python3.12/site-packages/airflow/example_dags/example_external_task_marker_dag.py for tasks to queue
[2025-06-26T23:01:17.605+0000] {logging_mixin.py:190} INFO - [2025-06-26T23:01:17.605+0000] {dagbag.py:588} INFO - Filling up the DagBag from /home/airflow/.local/lib/python3.12/site-packages/airflow/example_dags/example_external_task_marker_dag.py
[2025-06-26T23:01:17.612+0000] {processor.py:925} INFO - DAG(s) 'example_external_task_marker_parent', 'example_external_task_marker_child' retrieved from /home/airflow/.local/lib/python3.12/site-packages/airflow/example_dags/example_external_task_marker_dag.py
[2025-06-26T23:01:17.634+0000] {logging_mixin.py:190} INFO - [2025-06-26T23:01:17.633+0000] {dag.py:3239} INFO - Sync 2 DAGs
[2025-06-26T23:01:17.646+0000] {logging_mixin.py:190} INFO - [2025-06-26T23:01:17.646+0000] {dag.py:4180} INFO - Setting next_dagrun for example_external_task_marker_child to None, run_after=None
[2025-06-26T23:01:17.649+0000] {logging_mixin.py:190} INFO - [2025-06-26T23:01:17.649+0000] {dag.py:4180} INFO - Setting next_dagrun for example_external_task_marker_parent to None, run_after=None
[2025-06-26T23:01:17.670+0000] {processor.py:208} INFO - Processing /home/airflow/.local/lib/python3.12/site-packages/airflow/example_dags/example_external_task_marker_dag.py took 0.074 seconds
[2025-06-26T23:01:48.590+0000] {processor.py:186} INFO - Started process (PID=2318) to work on /home/airflow/.local/lib/python3.12/site-packages/airflow/example_dags/example_external_task_marker_dag.py
[2025-06-26T23:01:48.591+0000] {processor.py:914} INFO - Processing file /home/airflow/.local/lib/python3.12/site-packages/airflow/example_dags/example_external_task_marker_dag.py for tasks to queue
[2025-06-26T23:01:48.594+0000] {logging_mixin.py:190} INFO - [2025-06-26T23:01:48.594+0000] {dagbag.py:588} INFO - Filling up the DagBag from /home/airflow/.local/lib/python3.12/site-packages/airflow/example_dags/example_external_task_marker_dag.py
[2025-06-26T23:01:48.601+0000] {processor.py:925} INFO - DAG(s) 'example_external_task_marker_parent', 'example_external_task_marker_child' retrieved from /home/airflow/.local/lib/python3.12/site-packages/airflow/example_dags/example_external_task_marker_dag.py
[2025-06-26T23:01:48.622+0000] {logging_mixin.py:190} INFO - [2025-06-26T23:01:48.622+0000] {dag.py:3239} INFO - Sync 2 DAGs
[2025-06-26T23:01:48.635+0000] {logging_mixin.py:190} INFO - [2025-06-26T23:01:48.634+0000] {dag.py:4180} INFO - Setting next_dagrun for example_external_task_marker_child to None, run_after=None
[2025-06-26T23:01:48.637+0000] {logging_mixin.py:190} INFO - [2025-06-26T23:01:48.637+0000] {dag.py:4180} INFO - Setting next_dagrun for example_external_task_marker_parent to None, run_after=None
[2025-06-26T23:01:48.652+0000] {processor.py:208} INFO - Processing /home/airflow/.local/lib/python3.12/site-packages/airflow/example_dags/example_external_task_marker_dag.py took 0.067 seconds
[2025-06-26T23:02:19.145+0000] {processor.py:186} INFO - Started process (PID=2380) to work on /home/airflow/.local/lib/python3.12/site-packages/airflow/example_dags/example_external_task_marker_dag.py
[2025-06-26T23:02:19.146+0000] {processor.py:914} INFO - Processing file /home/airflow/.local/lib/python3.12/site-packages/airflow/example_dags/example_external_task_marker_dag.py for tasks to queue
[2025-06-26T23:02:19.148+0000] {logging_mixin.py:190} INFO - [2025-06-26T23:02:19.148+0000] {dagbag.py:588} INFO - Filling up the DagBag from /home/airflow/.local/lib/python3.12/site-packages/airflow/example_dags/example_external_task_marker_dag.py
[2025-06-26T23:02:19.155+0000] {processor.py:925} INFO - DAG(s) 'example_external_task_marker_parent', 'example_external_task_marker_child' retrieved from /home/airflow/.local/lib/python3.12/site-packages/airflow/example_dags/example_external_task_marker_dag.py
[2025-06-26T23:02:19.176+0000] {logging_mixin.py:190} INFO - [2025-06-26T23:02:19.175+0000] {dag.py:3239} INFO - Sync 2 DAGs
[2025-06-26T23:02:19.187+0000] {logging_mixin.py:190} INFO - [2025-06-26T23:02:19.187+0000] {dag.py:4180} INFO - Setting next_dagrun for example_external_task_marker_child to None, run_after=None
[2025-06-26T23:02:19.191+0000] {logging_mixin.py:190} INFO - [2025-06-26T23:02:19.191+0000] {dag.py:4180} INFO - Setting next_dagrun for example_external_task_marker_parent to None, run_after=None
[2025-06-26T23:02:19.209+0000] {processor.py:208} INFO - Processing /home/airflow/.local/lib/python3.12/site-packages/airflow/example_dags/example_external_task_marker_dag.py took 0.071 seconds
[2025-06-26T23:02:49.425+0000] {processor.py:186} INFO - Started process (PID=2442) to work on /home/airflow/.local/lib/python3.12/site-packages/airflow/example_dags/example_external_task_marker_dag.py
[2025-06-26T23:02:49.426+0000] {processor.py:914} INFO - Processing file /home/airflow/.local/lib/python3.12/site-packages/airflow/example_dags/example_external_task_marker_dag.py for tasks to queue
[2025-06-26T23:02:49.428+0000] {logging_mixin.py:190} INFO - [2025-06-26T23:02:49.427+0000] {dagbag.py:588} INFO - Filling up the DagBag from /home/airflow/.local/lib/python3.12/site-packages/airflow/example_dags/example_external_task_marker_dag.py
[2025-06-26T23:02:49.435+0000] {processor.py:925} INFO - DAG(s) 'example_external_task_marker_parent', 'example_external_task_marker_child' retrieved from /home/airflow/.local/lib/python3.12/site-packages/airflow/example_dags/example_external_task_marker_dag.py
[2025-06-26T23:02:49.455+0000] {logging_mixin.py:190} INFO - [2025-06-26T23:02:49.455+0000] {dag.py:3239} INFO - Sync 2 DAGs
[2025-06-26T23:02:49.470+0000] {logging_mixin.py:190} INFO - [2025-06-26T23:02:49.470+0000] {dag.py:4180} INFO - Setting next_dagrun for example_external_task_marker_child to None, run_after=None
[2025-06-26T23:02:49.474+0000] {logging_mixin.py:190} INFO - [2025-06-26T23:02:49.473+0000] {dag.py:4180} INFO - Setting next_dagrun for example_external_task_marker_parent to None, run_after=None
[2025-06-26T23:02:49.490+0000] {processor.py:208} INFO - Processing /home/airflow/.local/lib/python3.12/site-packages/airflow/example_dags/example_external_task_marker_dag.py took 0.071 seconds
[2025-06-26T23:03:20.193+0000] {processor.py:186} INFO - Started process (PID=2504) to work on /home/airflow/.local/lib/python3.12/site-packages/airflow/example_dags/example_external_task_marker_dag.py
[2025-06-26T23:03:20.194+0000] {processor.py:914} INFO - Processing file /home/airflow/.local/lib/python3.12/site-packages/airflow/example_dags/example_external_task_marker_dag.py for tasks to queue
[2025-06-26T23:03:20.196+0000] {logging_mixin.py:190} INFO - [2025-06-26T23:03:20.196+0000] {dagbag.py:588} INFO - Filling up the DagBag from /home/airflow/.local/lib/python3.12/site-packages/airflow/example_dags/example_external_task_marker_dag.py
[2025-06-26T23:03:20.204+0000] {processor.py:925} INFO - DAG(s) 'example_external_task_marker_parent', 'example_external_task_marker_child' retrieved from /home/airflow/.local/lib/python3.12/site-packages/airflow/example_dags/example_external_task_marker_dag.py
[2025-06-26T23:03:20.227+0000] {logging_mixin.py:190} INFO - [2025-06-26T23:03:20.227+0000] {dag.py:3239} INFO - Sync 2 DAGs
[2025-06-26T23:03:20.240+0000] {logging_mixin.py:190} INFO - [2025-06-26T23:03:20.240+0000] {dag.py:4180} INFO - Setting next_dagrun for example_external_task_marker_child to None, run_after=None
[2025-06-26T23:03:20.243+0000] {logging_mixin.py:190} INFO - [2025-06-26T23:03:20.243+0000] {dag.py:4180} INFO - Setting next_dagrun for example_external_task_marker_parent to None, run_after=None
[2025-06-26T23:03:20.260+0000] {processor.py:208} INFO - Processing /home/airflow/.local/lib/python3.12/site-packages/airflow/example_dags/example_external_task_marker_dag.py took 0.074 seconds
[2025-06-26T23:03:50.339+0000] {processor.py:186} INFO - Started process (PID=2566) to work on /home/airflow/.local/lib/python3.12/site-packages/airflow/example_dags/example_external_task_marker_dag.py
[2025-06-26T23:03:50.340+0000] {processor.py:914} INFO - Processing file /home/airflow/.local/lib/python3.12/site-packages/airflow/example_dags/example_external_task_marker_dag.py for tasks to queue
[2025-06-26T23:03:50.342+0000] {logging_mixin.py:190} INFO - [2025-06-26T23:03:50.342+0000] {dagbag.py:588} INFO - Filling up the DagBag from /home/airflow/.local/lib/python3.12/site-packages/airflow/example_dags/example_external_task_marker_dag.py
[2025-06-26T23:03:50.349+0000] {processor.py:925} INFO - DAG(s) 'example_external_task_marker_parent', 'example_external_task_marker_child' retrieved from /home/airflow/.local/lib/python3.12/site-packages/airflow/example_dags/example_external_task_marker_dag.py
[2025-06-26T23:03:50.369+0000] {logging_mixin.py:190} INFO - [2025-06-26T23:03:50.369+0000] {dag.py:3239} INFO - Sync 2 DAGs
[2025-06-26T23:03:50.383+0000] {logging_mixin.py:190} INFO - [2025-06-26T23:03:50.382+0000] {dag.py:4180} INFO - Setting next_dagrun for example_external_task_marker_child to None, run_after=None
[2025-06-26T23:03:50.386+0000] {logging_mixin.py:190} INFO - [2025-06-26T23:03:50.386+0000] {dag.py:4180} INFO - Setting next_dagrun for example_external_task_marker_parent to None, run_after=None
[2025-06-26T23:03:50.405+0000] {processor.py:208} INFO - Processing /home/airflow/.local/lib/python3.12/site-packages/airflow/example_dags/example_external_task_marker_dag.py took 0.071 seconds
[2025-06-26T23:04:20.653+0000] {processor.py:186} INFO - Started process (PID=2628) to work on /home/airflow/.local/lib/python3.12/site-packages/airflow/example_dags/example_external_task_marker_dag.py
[2025-06-26T23:04:20.654+0000] {processor.py:914} INFO - Processing file /home/airflow/.local/lib/python3.12/site-packages/airflow/example_dags/example_external_task_marker_dag.py for tasks to queue
[2025-06-26T23:04:20.656+0000] {logging_mixin.py:190} INFO - [2025-06-26T23:04:20.656+0000] {dagbag.py:588} INFO - Filling up the DagBag from /home/airflow/.local/lib/python3.12/site-packages/airflow/example_dags/example_external_task_marker_dag.py
[2025-06-26T23:04:20.664+0000] {processor.py:925} INFO - DAG(s) 'example_external_task_marker_parent', 'example_external_task_marker_child' retrieved from /home/airflow/.local/lib/python3.12/site-packages/airflow/example_dags/example_external_task_marker_dag.py
[2025-06-26T23:04:20.685+0000] {logging_mixin.py:190} INFO - [2025-06-26T23:04:20.685+0000] {dag.py:3239} INFO - Sync 2 DAGs
[2025-06-26T23:04:20.698+0000] {logging_mixin.py:190} INFO - [2025-06-26T23:04:20.697+0000] {dag.py:4180} INFO - Setting next_dagrun for example_external_task_marker_child to None, run_after=None
[2025-06-26T23:04:20.701+0000] {logging_mixin.py:190} INFO - [2025-06-26T23:04:20.701+0000] {dag.py:4180} INFO - Setting next_dagrun for example_external_task_marker_parent to None, run_after=None
[2025-06-26T23:04:20.717+0000] {processor.py:208} INFO - Processing /home/airflow/.local/lib/python3.12/site-packages/airflow/example_dags/example_external_task_marker_dag.py took 0.069 seconds
[2025-06-26T23:04:51.959+0000] {processor.py:186} INFO - Started process (PID=2690) to work on /home/airflow/.local/lib/python3.12/site-packages/airflow/example_dags/example_external_task_marker_dag.py
[2025-06-26T23:04:51.960+0000] {processor.py:914} INFO - Processing file /home/airflow/.local/lib/python3.12/site-packages/airflow/example_dags/example_external_task_marker_dag.py for tasks to queue
[2025-06-26T23:04:51.962+0000] {logging_mixin.py:190} INFO - [2025-06-26T23:04:51.962+0000] {dagbag.py:588} INFO - Filling up the DagBag from /home/airflow/.local/lib/python3.12/site-packages/airflow/example_dags/example_external_task_marker_dag.py
[2025-06-26T23:04:51.969+0000] {processor.py:925} INFO - DAG(s) 'example_external_task_marker_child', 'example_external_task_marker_parent' retrieved from /home/airflow/.local/lib/python3.12/site-packages/airflow/example_dags/example_external_task_marker_dag.py
[2025-06-26T23:04:51.992+0000] {logging_mixin.py:190} INFO - [2025-06-26T23:04:51.991+0000] {dag.py:3239} INFO - Sync 2 DAGs
[2025-06-26T23:04:52.005+0000] {logging_mixin.py:190} INFO - [2025-06-26T23:04:52.005+0000] {dag.py:4180} INFO - Setting next_dagrun for example_external_task_marker_child to None, run_after=None
[2025-06-26T23:04:52.009+0000] {logging_mixin.py:190} INFO - [2025-06-26T23:04:52.008+0000] {dag.py:4180} INFO - Setting next_dagrun for example_external_task_marker_parent to None, run_after=None
[2025-06-26T23:04:52.024+0000] {processor.py:208} INFO - Processing /home/airflow/.local/lib/python3.12/site-packages/airflow/example_dags/example_external_task_marker_dag.py took 0.070 seconds
[2025-06-26T23:05:22.140+0000] {processor.py:186} INFO - Started process (PID=2752) to work on /home/airflow/.local/lib/python3.12/site-packages/airflow/example_dags/example_external_task_marker_dag.py
[2025-06-26T23:05:22.141+0000] {processor.py:914} INFO - Processing file /home/airflow/.local/lib/python3.12/site-packages/airflow/example_dags/example_external_task_marker_dag.py for tasks to queue
[2025-06-26T23:05:22.143+0000] {logging_mixin.py:190} INFO - [2025-06-26T23:05:22.143+0000] {dagbag.py:588} INFO - Filling up the DagBag from /home/airflow/.local/lib/python3.12/site-packages/airflow/example_dags/example_external_task_marker_dag.py
[2025-06-26T23:05:22.151+0000] {processor.py:925} INFO - DAG(s) 'example_external_task_marker_parent', 'example_external_task_marker_child' retrieved from /home/airflow/.local/lib/python3.12/site-packages/airflow/example_dags/example_external_task_marker_dag.py
[2025-06-26T23:05:22.172+0000] {logging_mixin.py:190} INFO - [2025-06-26T23:05:22.172+0000] {dag.py:3239} INFO - Sync 2 DAGs
[2025-06-26T23:05:22.183+0000] {logging_mixin.py:190} INFO - [2025-06-26T23:05:22.183+0000] {dag.py:4180} INFO - Setting next_dagrun for example_external_task_marker_child to None, run_after=None
[2025-06-26T23:05:22.186+0000] {logging_mixin.py:190} INFO - [2025-06-26T23:05:22.186+0000] {dag.py:4180} INFO - Setting next_dagrun for example_external_task_marker_parent to None, run_after=None
[2025-06-26T23:05:22.205+0000] {processor.py:208} INFO - Processing /home/airflow/.local/lib/python3.12/site-packages/airflow/example_dags/example_external_task_marker_dag.py took 0.070 seconds
[2025-06-26T23:05:52.463+0000] {processor.py:186} INFO - Started process (PID=2814) to work on /home/airflow/.local/lib/python3.12/site-packages/airflow/example_dags/example_external_task_marker_dag.py
[2025-06-26T23:05:52.464+0000] {processor.py:914} INFO - Processing file /home/airflow/.local/lib/python3.12/site-packages/airflow/example_dags/example_external_task_marker_dag.py for tasks to queue
[2025-06-26T23:05:52.467+0000] {logging_mixin.py:190} INFO - [2025-06-26T23:05:52.466+0000] {dagbag.py:588} INFO - Filling up the DagBag from /home/airflow/.local/lib/python3.12/site-packages/airflow/example_dags/example_external_task_marker_dag.py
[2025-06-26T23:05:52.474+0000] {processor.py:925} INFO - DAG(s) 'example_external_task_marker_parent', 'example_external_task_marker_child' retrieved from /home/airflow/.local/lib/python3.12/site-packages/airflow/example_dags/example_external_task_marker_dag.py
[2025-06-26T23:05:52.494+0000] {logging_mixin.py:190} INFO - [2025-06-26T23:05:52.494+0000] {dag.py:3239} INFO - Sync 2 DAGs
[2025-06-26T23:05:52.506+0000] {logging_mixin.py:190} INFO - [2025-06-26T23:05:52.506+0000] {dag.py:4180} INFO - Setting next_dagrun for example_external_task_marker_child to None, run_after=None
[2025-06-26T23:05:52.510+0000] {logging_mixin.py:190} INFO - [2025-06-26T23:05:52.510+0000] {dag.py:4180} INFO - Setting next_dagrun for example_external_task_marker_parent to None, run_after=None
[2025-06-26T23:05:52.531+0000] {processor.py:208} INFO - Processing /home/airflow/.local/lib/python3.12/site-packages/airflow/example_dags/example_external_task_marker_dag.py took 0.074 seconds
[2025-06-26T23:06:23.302+0000] {processor.py:186} INFO - Started process (PID=2876) to work on /home/airflow/.local/lib/python3.12/site-packages/airflow/example_dags/example_external_task_marker_dag.py
[2025-06-26T23:06:23.304+0000] {processor.py:914} INFO - Processing file /home/airflow/.local/lib/python3.12/site-packages/airflow/example_dags/example_external_task_marker_dag.py for tasks to queue
[2025-06-26T23:06:23.306+0000] {logging_mixin.py:190} INFO - [2025-06-26T23:06:23.306+0000] {dagbag.py:588} INFO - Filling up the DagBag from /home/airflow/.local/lib/python3.12/site-packages/airflow/example_dags/example_external_task_marker_dag.py
[2025-06-26T23:06:23.314+0000] {processor.py:925} INFO - DAG(s) 'example_external_task_marker_child', 'example_external_task_marker_parent' retrieved from /home/airflow/.local/lib/python3.12/site-packages/airflow/example_dags/example_external_task_marker_dag.py
[2025-06-26T23:06:23.337+0000] {logging_mixin.py:190} INFO - [2025-06-26T23:06:23.337+0000] {dag.py:3239} INFO - Sync 2 DAGs
[2025-06-26T23:06:23.350+0000] {logging_mixin.py:190} INFO - [2025-06-26T23:06:23.350+0000] {dag.py:4180} INFO - Setting next_dagrun for example_external_task_marker_child to None, run_after=None
[2025-06-26T23:06:23.353+0000] {logging_mixin.py:190} INFO - [2025-06-26T23:06:23.353+0000] {dag.py:4180} INFO - Setting next_dagrun for example_external_task_marker_parent to None, run_after=None
[2025-06-26T23:06:23.369+0000] {processor.py:208} INFO - Processing /home/airflow/.local/lib/python3.12/site-packages/airflow/example_dags/example_external_task_marker_dag.py took 0.074 seconds
[2025-06-26T23:06:54.187+0000] {processor.py:186} INFO - Started process (PID=2938) to work on /home/airflow/.local/lib/python3.12/site-packages/airflow/example_dags/example_external_task_marker_dag.py
[2025-06-26T23:06:54.188+0000] {processor.py:914} INFO - Processing file /home/airflow/.local/lib/python3.12/site-packages/airflow/example_dags/example_external_task_marker_dag.py for tasks to queue
[2025-06-26T23:06:54.190+0000] {logging_mixin.py:190} INFO - [2025-06-26T23:06:54.190+0000] {dagbag.py:588} INFO - Filling up the DagBag from /home/airflow/.local/lib/python3.12/site-packages/airflow/example_dags/example_external_task_marker_dag.py
[2025-06-26T23:06:54.197+0000] {processor.py:925} INFO - DAG(s) 'example_external_task_marker_child', 'example_external_task_marker_parent' retrieved from /home/airflow/.local/lib/python3.12/site-packages/airflow/example_dags/example_external_task_marker_dag.py
[2025-06-26T23:06:54.219+0000] {logging_mixin.py:190} INFO - [2025-06-26T23:06:54.219+0000] {dag.py:3239} INFO - Sync 2 DAGs
[2025-06-26T23:06:54.232+0000] {logging_mixin.py:190} INFO - [2025-06-26T23:06:54.232+0000] {dag.py:4180} INFO - Setting next_dagrun for example_external_task_marker_child to None, run_after=None
[2025-06-26T23:06:54.235+0000] {logging_mixin.py:190} INFO - [2025-06-26T23:06:54.235+0000] {dag.py:4180} INFO - Setting next_dagrun for example_external_task_marker_parent to None, run_after=None
[2025-06-26T23:06:54.250+0000] {processor.py:208} INFO - Processing /home/airflow/.local/lib/python3.12/site-packages/airflow/example_dags/example_external_task_marker_dag.py took 0.069 seconds
[2025-06-26T23:07:24.961+0000] {processor.py:186} INFO - Started process (PID=3000) to work on /home/airflow/.local/lib/python3.12/site-packages/airflow/example_dags/example_external_task_marker_dag.py
[2025-06-26T23:07:24.962+0000] {processor.py:914} INFO - Processing file /home/airflow/.local/lib/python3.12/site-packages/airflow/example_dags/example_external_task_marker_dag.py for tasks to queue
[2025-06-26T23:07:24.964+0000] {logging_mixin.py:190} INFO - [2025-06-26T23:07:24.964+0000] {dagbag.py:588} INFO - Filling up the DagBag from /home/airflow/.local/lib/python3.12/site-packages/airflow/example_dags/example_external_task_marker_dag.py
[2025-06-26T23:07:24.971+0000] {processor.py:925} INFO - DAG(s) 'example_external_task_marker_child', 'example_external_task_marker_parent' retrieved from /home/airflow/.local/lib/python3.12/site-packages/airflow/example_dags/example_external_task_marker_dag.py
[2025-06-26T23:07:24.993+0000] {logging_mixin.py:190} INFO - [2025-06-26T23:07:24.993+0000] {dag.py:3239} INFO - Sync 2 DAGs
[2025-06-26T23:07:25.007+0000] {logging_mixin.py:190} INFO - [2025-06-26T23:07:25.007+0000] {dag.py:4180} INFO - Setting next_dagrun for example_external_task_marker_child to None, run_after=None
[2025-06-26T23:07:25.010+0000] {logging_mixin.py:190} INFO - [2025-06-26T23:07:25.010+0000] {dag.py:4180} INFO - Setting next_dagrun for example_external_task_marker_parent to None, run_after=None
[2025-06-26T23:07:25.026+0000] {processor.py:208} INFO - Processing /home/airflow/.local/lib/python3.12/site-packages/airflow/example_dags/example_external_task_marker_dag.py took 0.071 seconds
[2025-06-26T23:07:56.016+0000] {processor.py:186} INFO - Started process (PID=3062) to work on /home/airflow/.local/lib/python3.12/site-packages/airflow/example_dags/example_external_task_marker_dag.py
[2025-06-26T23:07:56.017+0000] {processor.py:914} INFO - Processing file /home/airflow/.local/lib/python3.12/site-packages/airflow/example_dags/example_external_task_marker_dag.py for tasks to queue
[2025-06-26T23:07:56.020+0000] {logging_mixin.py:190} INFO - [2025-06-26T23:07:56.019+0000] {dagbag.py:588} INFO - Filling up the DagBag from /home/airflow/.local/lib/python3.12/site-packages/airflow/example_dags/example_external_task_marker_dag.py
[2025-06-26T23:07:56.028+0000] {processor.py:925} INFO - DAG(s) 'example_external_task_marker_parent', 'example_external_task_marker_child' retrieved from /home/airflow/.local/lib/python3.12/site-packages/airflow/example_dags/example_external_task_marker_dag.py
[2025-06-26T23:07:56.048+0000] {logging_mixin.py:190} INFO - [2025-06-26T23:07:56.048+0000] {dag.py:3239} INFO - Sync 2 DAGs
[2025-06-26T23:07:56.062+0000] {logging_mixin.py:190} INFO - [2025-06-26T23:07:56.061+0000] {dag.py:4180} INFO - Setting next_dagrun for example_external_task_marker_child to None, run_after=None
[2025-06-26T23:07:56.065+0000] {logging_mixin.py:190} INFO - [2025-06-26T23:07:56.065+0000] {dag.py:4180} INFO - Setting next_dagrun for example_external_task_marker_parent to None, run_after=None
[2025-06-26T23:07:56.083+0000] {processor.py:208} INFO - Processing /home/airflow/.local/lib/python3.12/site-packages/airflow/example_dags/example_external_task_marker_dag.py took 0.073 seconds
[2025-06-26T23:08:26.893+0000] {processor.py:186} INFO - Started process (PID=3124) to work on /home/airflow/.local/lib/python3.12/site-packages/airflow/example_dags/example_external_task_marker_dag.py
[2025-06-26T23:08:26.894+0000] {processor.py:914} INFO - Processing file /home/airflow/.local/lib/python3.12/site-packages/airflow/example_dags/example_external_task_marker_dag.py for tasks to queue
[2025-06-26T23:08:26.897+0000] {logging_mixin.py:190} INFO - [2025-06-26T23:08:26.896+0000] {dagbag.py:588} INFO - Filling up the DagBag from /home/airflow/.local/lib/python3.12/site-packages/airflow/example_dags/example_external_task_marker_dag.py
[2025-06-26T23:08:26.905+0000] {processor.py:925} INFO - DAG(s) 'example_external_task_marker_parent', 'example_external_task_marker_child' retrieved from /home/airflow/.local/lib/python3.12/site-packages/airflow/example_dags/example_external_task_marker_dag.py
[2025-06-26T23:08:26.928+0000] {logging_mixin.py:190} INFO - [2025-06-26T23:08:26.927+0000] {dag.py:3239} INFO - Sync 2 DAGs
[2025-06-26T23:08:26.941+0000] {logging_mixin.py:190} INFO - [2025-06-26T23:08:26.941+0000] {dag.py:4180} INFO - Setting next_dagrun for example_external_task_marker_child to None, run_after=None
[2025-06-26T23:08:26.944+0000] {logging_mixin.py:190} INFO - [2025-06-26T23:08:26.944+0000] {dag.py:4180} INFO - Setting next_dagrun for example_external_task_marker_parent to None, run_after=None
[2025-06-26T23:08:26.961+0000] {processor.py:208} INFO - Processing /home/airflow/.local/lib/python3.12/site-packages/airflow/example_dags/example_external_task_marker_dag.py took 0.074 seconds
[2025-06-26T23:08:57.774+0000] {processor.py:186} INFO - Started process (PID=3186) to work on /home/airflow/.local/lib/python3.12/site-packages/airflow/example_dags/example_external_task_marker_dag.py
[2025-06-26T23:08:57.775+0000] {processor.py:914} INFO - Processing file /home/airflow/.local/lib/python3.12/site-packages/airflow/example_dags/example_external_task_marker_dag.py for tasks to queue
[2025-06-26T23:08:57.777+0000] {logging_mixin.py:190} INFO - [2025-06-26T23:08:57.776+0000] {dagbag.py:588} INFO - Filling up the DagBag from /home/airflow/.local/lib/python3.12/site-packages/airflow/example_dags/example_external_task_marker_dag.py
[2025-06-26T23:08:57.784+0000] {processor.py:925} INFO - DAG(s) 'example_external_task_marker_parent', 'example_external_task_marker_child' retrieved from /home/airflow/.local/lib/python3.12/site-packages/airflow/example_dags/example_external_task_marker_dag.py
[2025-06-26T23:08:57.806+0000] {logging_mixin.py:190} INFO - [2025-06-26T23:08:57.806+0000] {dag.py:3239} INFO - Sync 2 DAGs
[2025-06-26T23:08:57.819+0000] {logging_mixin.py:190} INFO - [2025-06-26T23:08:57.819+0000] {dag.py:4180} INFO - Setting next_dagrun for example_external_task_marker_child to None, run_after=None
[2025-06-26T23:08:57.822+0000] {logging_mixin.py:190} INFO - [2025-06-26T23:08:57.822+0000] {dag.py:4180} INFO - Setting next_dagrun for example_external_task_marker_parent to None, run_after=None
[2025-06-26T23:08:57.839+0000] {processor.py:208} INFO - Processing /home/airflow/.local/lib/python3.12/site-packages/airflow/example_dags/example_external_task_marker_dag.py took 0.071 seconds
[2025-06-26T23:09:28.961+0000] {processor.py:186} INFO - Started process (PID=3248) to work on /home/airflow/.local/lib/python3.12/site-packages/airflow/example_dags/example_external_task_marker_dag.py
[2025-06-26T23:09:28.962+0000] {processor.py:914} INFO - Processing file /home/airflow/.local/lib/python3.12/site-packages/airflow/example_dags/example_external_task_marker_dag.py for tasks to queue
[2025-06-26T23:09:28.964+0000] {logging_mixin.py:190} INFO - [2025-06-26T23:09:28.964+0000] {dagbag.py:588} INFO - Filling up the DagBag from /home/airflow/.local/lib/python3.12/site-packages/airflow/example_dags/example_external_task_marker_dag.py
[2025-06-26T23:09:28.972+0000] {processor.py:925} INFO - DAG(s) 'example_external_task_marker_parent', 'example_external_task_marker_child' retrieved from /home/airflow/.local/lib/python3.12/site-packages/airflow/example_dags/example_external_task_marker_dag.py
[2025-06-26T23:09:28.992+0000] {logging_mixin.py:190} INFO - [2025-06-26T23:09:28.992+0000] {dag.py:3239} INFO - Sync 2 DAGs
[2025-06-26T23:09:29.006+0000] {logging_mixin.py:190} INFO - [2025-06-26T23:09:29.005+0000] {dag.py:4180} INFO - Setting next_dagrun for example_external_task_marker_child to None, run_after=None
[2025-06-26T23:09:29.009+0000] {logging_mixin.py:190} INFO - [2025-06-26T23:09:29.009+0000] {dag.py:4180} INFO - Setting next_dagrun for example_external_task_marker_parent to None, run_after=None
[2025-06-26T23:09:29.026+0000] {processor.py:208} INFO - Processing /home/airflow/.local/lib/python3.12/site-packages/airflow/example_dags/example_external_task_marker_dag.py took 0.071 seconds
[2025-06-26T23:09:59.770+0000] {processor.py:186} INFO - Started process (PID=3310) to work on /home/airflow/.local/lib/python3.12/site-packages/airflow/example_dags/example_external_task_marker_dag.py
[2025-06-26T23:09:59.771+0000] {processor.py:914} INFO - Processing file /home/airflow/.local/lib/python3.12/site-packages/airflow/example_dags/example_external_task_marker_dag.py for tasks to queue
[2025-06-26T23:09:59.773+0000] {logging_mixin.py:190} INFO - [2025-06-26T23:09:59.772+0000] {dagbag.py:588} INFO - Filling up the DagBag from /home/airflow/.local/lib/python3.12/site-packages/airflow/example_dags/example_external_task_marker_dag.py
[2025-06-26T23:09:59.780+0000] {processor.py:925} INFO - DAG(s) 'example_external_task_marker_child', 'example_external_task_marker_parent' retrieved from /home/airflow/.local/lib/python3.12/site-packages/airflow/example_dags/example_external_task_marker_dag.py
[2025-06-26T23:09:59.802+0000] {logging_mixin.py:190} INFO - [2025-06-26T23:09:59.802+0000] {dag.py:3239} INFO - Sync 2 DAGs
[2025-06-26T23:09:59.814+0000] {logging_mixin.py:190} INFO - [2025-06-26T23:09:59.814+0000] {dag.py:4180} INFO - Setting next_dagrun for example_external_task_marker_child to None, run_after=None
[2025-06-26T23:09:59.818+0000] {logging_mixin.py:190} INFO - [2025-06-26T23:09:59.817+0000] {dag.py:4180} INFO - Setting next_dagrun for example_external_task_marker_parent to None, run_after=None
[2025-06-26T23:09:59.834+0000] {processor.py:208} INFO - Processing /home/airflow/.local/lib/python3.12/site-packages/airflow/example_dags/example_external_task_marker_dag.py took 0.070 seconds
[2025-06-26T23:10:30.742+0000] {processor.py:186} INFO - Started process (PID=3372) to work on /home/airflow/.local/lib/python3.12/site-packages/airflow/example_dags/example_external_task_marker_dag.py
[2025-06-26T23:10:30.743+0000] {processor.py:914} INFO - Processing file /home/airflow/.local/lib/python3.12/site-packages/airflow/example_dags/example_external_task_marker_dag.py for tasks to queue
[2025-06-26T23:10:30.746+0000] {logging_mixin.py:190} INFO - [2025-06-26T23:10:30.745+0000] {dagbag.py:588} INFO - Filling up the DagBag from /home/airflow/.local/lib/python3.12/site-packages/airflow/example_dags/example_external_task_marker_dag.py
[2025-06-26T23:10:30.754+0000] {processor.py:925} INFO - DAG(s) 'example_external_task_marker_child', 'example_external_task_marker_parent' retrieved from /home/airflow/.local/lib/python3.12/site-packages/airflow/example_dags/example_external_task_marker_dag.py
[2025-06-26T23:10:30.774+0000] {logging_mixin.py:190} INFO - [2025-06-26T23:10:30.774+0000] {dag.py:3239} INFO - Sync 2 DAGs
[2025-06-26T23:10:30.787+0000] {logging_mixin.py:190} INFO - [2025-06-26T23:10:30.787+0000] {dag.py:4180} INFO - Setting next_dagrun for example_external_task_marker_child to None, run_after=None
[2025-06-26T23:10:30.790+0000] {logging_mixin.py:190} INFO - [2025-06-26T23:10:30.790+0000] {dag.py:4180} INFO - Setting next_dagrun for example_external_task_marker_parent to None, run_after=None
[2025-06-26T23:10:30.807+0000] {processor.py:208} INFO - Processing /home/airflow/.local/lib/python3.12/site-packages/airflow/example_dags/example_external_task_marker_dag.py took 0.070 seconds
