[2025-06-26T22:43:36.728+0000] {processor.py:186} INFO - Started process (PID=110) to work on /home/airflow/.local/lib/python3.12/site-packages/airflow/example_dags/example_inlet_event_extra.py
[2025-06-26T22:43:36.729+0000] {processor.py:914} INFO - Processing file /home/airflow/.local/lib/python3.12/site-packages/airflow/example_dags/example_inlet_event_extra.py for tasks to queue
[2025-06-26T22:43:36.732+0000] {logging_mixin.py:190} INFO - [2025-06-26T22:43:36.732+0000] {dagbag.py:588} INFO - Filling up the DagBag from /home/airflow/.local/lib/python3.12/site-packages/airflow/example_dags/example_inlet_event_extra.py
[2025-06-26T22:43:36.860+0000] {processor.py:925} INFO - DAG(s) 'read_dataset_event', 'read_dataset_event_from_classic' retrieved from /home/airflow/.local/lib/python3.12/site-packages/airflow/example_dags/example_inlet_event_extra.py
[2025-06-26T22:43:36.957+0000] {logging_mixin.py:190} INFO - [2025-06-26T22:43:36.956+0000] {override.py:1900} INFO - Created Permission View: can read on DAG:read_dataset_event
[2025-06-26T22:43:36.969+0000] {logging_mixin.py:190} INFO - [2025-06-26T22:43:36.968+0000] {override.py:1900} INFO - Created Permission View: can edit on DAG:read_dataset_event
[2025-06-26T22:43:36.979+0000] {logging_mixin.py:190} INFO - [2025-06-26T22:43:36.978+0000] {override.py:1900} INFO - Created Permission View: can delete on DAG:read_dataset_event
[2025-06-26T22:43:36.990+0000] {logging_mixin.py:190} INFO - [2025-06-26T22:43:36.990+0000] {override.py:1900} INFO - Created Permission View: can read on DAG Run:read_dataset_event
[2025-06-26T22:43:36.998+0000] {logging_mixin.py:190} INFO - [2025-06-26T22:43:36.997+0000] {override.py:1900} INFO - Created Permission View: can delete on DAG Run:read_dataset_event
[2025-06-26T22:43:37.006+0000] {logging_mixin.py:190} INFO - [2025-06-26T22:43:37.005+0000] {override.py:1900} INFO - Created Permission View: menu access on DAG Run:read_dataset_event
[2025-06-26T22:43:37.013+0000] {logging_mixin.py:190} INFO - [2025-06-26T22:43:37.013+0000] {override.py:1900} INFO - Created Permission View: can create on DAG Run:read_dataset_event
[2025-06-26T22:43:37.031+0000] {logging_mixin.py:190} INFO - [2025-06-26T22:43:37.031+0000] {override.py:1900} INFO - Created Permission View: can read on DAG:read_dataset_event_from_classic
[2025-06-26T22:43:37.040+0000] {logging_mixin.py:190} INFO - [2025-06-26T22:43:37.039+0000] {override.py:1900} INFO - Created Permission View: can edit on DAG:read_dataset_event_from_classic
[2025-06-26T22:43:37.048+0000] {logging_mixin.py:190} INFO - [2025-06-26T22:43:37.047+0000] {override.py:1900} INFO - Created Permission View: can delete on DAG:read_dataset_event_from_classic
[2025-06-26T22:43:37.061+0000] {logging_mixin.py:190} INFO - [2025-06-26T22:43:37.060+0000] {override.py:1900} INFO - Created Permission View: can read on DAG Run:read_dataset_event_from_classic
[2025-06-26T22:43:37.069+0000] {logging_mixin.py:190} INFO - [2025-06-26T22:43:37.069+0000] {override.py:1900} INFO - Created Permission View: can delete on DAG Run:read_dataset_event_from_classic
[2025-06-26T22:43:37.076+0000] {logging_mixin.py:190} INFO - [2025-06-26T22:43:37.076+0000] {override.py:1900} INFO - Created Permission View: menu access on DAG Run:read_dataset_event_from_classic
[2025-06-26T22:43:37.084+0000] {logging_mixin.py:190} INFO - [2025-06-26T22:43:37.083+0000] {override.py:1900} INFO - Created Permission View: can create on DAG Run:read_dataset_event_from_classic
[2025-06-26T22:43:37.084+0000] {logging_mixin.py:190} INFO - [2025-06-26T22:43:37.084+0000] {dag.py:3239} INFO - Sync 2 DAGs
[2025-06-26T22:43:37.095+0000] {logging_mixin.py:190} INFO - [2025-06-26T22:43:37.095+0000] {dag.py:3262} INFO - Creating ORM DAG for read_dataset_event_from_classic
[2025-06-26T22:43:37.096+0000] {logging_mixin.py:190} INFO - [2025-06-26T22:43:37.096+0000] {dag.py:3262} INFO - Creating ORM DAG for read_dataset_event
[2025-06-26T22:43:37.106+0000] {logging_mixin.py:190} INFO - [2025-06-26T22:43:37.106+0000] {dag.py:4180} INFO - Setting next_dagrun for read_dataset_event to 2025-06-25 00:00:00+00:00, run_after=2025-06-26 00:00:00+00:00
[2025-06-26T22:43:37.108+0000] {logging_mixin.py:190} INFO - [2025-06-26T22:43:37.108+0000] {dag.py:4180} INFO - Setting next_dagrun for read_dataset_event_from_classic to 2025-06-25 00:00:00+00:00, run_after=2025-06-26 00:00:00+00:00
[2025-06-26T22:43:37.125+0000] {processor.py:208} INFO - Processing /home/airflow/.local/lib/python3.12/site-packages/airflow/example_dags/example_inlet_event_extra.py took 0.403 seconds
[2025-06-26T22:44:07.661+0000] {processor.py:186} INFO - Started process (PID=172) to work on /home/airflow/.local/lib/python3.12/site-packages/airflow/example_dags/example_inlet_event_extra.py
[2025-06-26T22:44:07.663+0000] {processor.py:914} INFO - Processing file /home/airflow/.local/lib/python3.12/site-packages/airflow/example_dags/example_inlet_event_extra.py for tasks to queue
[2025-06-26T22:44:07.667+0000] {logging_mixin.py:190} INFO - [2025-06-26T22:44:07.667+0000] {dagbag.py:588} INFO - Filling up the DagBag from /home/airflow/.local/lib/python3.12/site-packages/airflow/example_dags/example_inlet_event_extra.py
[2025-06-26T22:44:07.796+0000] {processor.py:925} INFO - DAG(s) 'read_dataset_event', 'read_dataset_event_from_classic' retrieved from /home/airflow/.local/lib/python3.12/site-packages/airflow/example_dags/example_inlet_event_extra.py
[2025-06-26T22:44:07.816+0000] {logging_mixin.py:190} INFO - [2025-06-26T22:44:07.816+0000] {dag.py:3239} INFO - Sync 2 DAGs
[2025-06-26T22:44:07.837+0000] {logging_mixin.py:190} INFO - [2025-06-26T22:44:07.837+0000] {dag.py:4180} INFO - Setting next_dagrun for read_dataset_event to 2025-06-25 00:00:00+00:00, run_after=2025-06-26 00:00:00+00:00
[2025-06-26T22:44:07.842+0000] {logging_mixin.py:190} INFO - [2025-06-26T22:44:07.842+0000] {dag.py:4180} INFO - Setting next_dagrun for read_dataset_event_from_classic to 2025-06-25 00:00:00+00:00, run_after=2025-06-26 00:00:00+00:00
[2025-06-26T22:44:07.858+0000] {processor.py:208} INFO - Processing /home/airflow/.local/lib/python3.12/site-packages/airflow/example_dags/example_inlet_event_extra.py took 0.204 seconds
[2025-06-26T22:44:38.113+0000] {processor.py:186} INFO - Started process (PID=234) to work on /home/airflow/.local/lib/python3.12/site-packages/airflow/example_dags/example_inlet_event_extra.py
[2025-06-26T22:44:38.114+0000] {processor.py:914} INFO - Processing file /home/airflow/.local/lib/python3.12/site-packages/airflow/example_dags/example_inlet_event_extra.py for tasks to queue
[2025-06-26T22:44:38.117+0000] {logging_mixin.py:190} INFO - [2025-06-26T22:44:38.116+0000] {dagbag.py:588} INFO - Filling up the DagBag from /home/airflow/.local/lib/python3.12/site-packages/airflow/example_dags/example_inlet_event_extra.py
[2025-06-26T22:44:38.242+0000] {processor.py:925} INFO - DAG(s) 'read_dataset_event', 'read_dataset_event_from_classic' retrieved from /home/airflow/.local/lib/python3.12/site-packages/airflow/example_dags/example_inlet_event_extra.py
[2025-06-26T22:44:38.267+0000] {logging_mixin.py:190} INFO - [2025-06-26T22:44:38.267+0000] {dag.py:3239} INFO - Sync 2 DAGs
[2025-06-26T22:44:38.291+0000] {logging_mixin.py:190} INFO - [2025-06-26T22:44:38.291+0000] {dag.py:4180} INFO - Setting next_dagrun for read_dataset_event to 2025-06-25 00:00:00+00:00, run_after=2025-06-26 00:00:00+00:00
[2025-06-26T22:44:38.296+0000] {logging_mixin.py:190} INFO - [2025-06-26T22:44:38.296+0000] {dag.py:4180} INFO - Setting next_dagrun for read_dataset_event_from_classic to 2025-06-25 00:00:00+00:00, run_after=2025-06-26 00:00:00+00:00
[2025-06-26T22:44:38.314+0000] {processor.py:208} INFO - Processing /home/airflow/.local/lib/python3.12/site-packages/airflow/example_dags/example_inlet_event_extra.py took 0.207 seconds
[2025-06-26T22:45:08.484+0000] {processor.py:186} INFO - Started process (PID=296) to work on /home/airflow/.local/lib/python3.12/site-packages/airflow/example_dags/example_inlet_event_extra.py
[2025-06-26T22:45:08.485+0000] {processor.py:914} INFO - Processing file /home/airflow/.local/lib/python3.12/site-packages/airflow/example_dags/example_inlet_event_extra.py for tasks to queue
[2025-06-26T22:45:08.487+0000] {logging_mixin.py:190} INFO - [2025-06-26T22:45:08.487+0000] {dagbag.py:588} INFO - Filling up the DagBag from /home/airflow/.local/lib/python3.12/site-packages/airflow/example_dags/example_inlet_event_extra.py
[2025-06-26T22:45:08.607+0000] {processor.py:925} INFO - DAG(s) 'read_dataset_event_from_classic', 'read_dataset_event' retrieved from /home/airflow/.local/lib/python3.12/site-packages/airflow/example_dags/example_inlet_event_extra.py
[2025-06-26T22:45:08.631+0000] {logging_mixin.py:190} INFO - [2025-06-26T22:45:08.630+0000] {dag.py:3239} INFO - Sync 2 DAGs
[2025-06-26T22:45:08.655+0000] {logging_mixin.py:190} INFO - [2025-06-26T22:45:08.655+0000] {dag.py:4180} INFO - Setting next_dagrun for read_dataset_event to 2025-06-25 00:00:00+00:00, run_after=2025-06-26 00:00:00+00:00
[2025-06-26T22:45:08.659+0000] {logging_mixin.py:190} INFO - [2025-06-26T22:45:08.659+0000] {dag.py:4180} INFO - Setting next_dagrun for read_dataset_event_from_classic to 2025-06-25 00:00:00+00:00, run_after=2025-06-26 00:00:00+00:00
[2025-06-26T22:45:08.678+0000] {processor.py:208} INFO - Processing /home/airflow/.local/lib/python3.12/site-packages/airflow/example_dags/example_inlet_event_extra.py took 0.200 seconds
[2025-06-26T22:45:38.800+0000] {processor.py:186} INFO - Started process (PID=358) to work on /home/airflow/.local/lib/python3.12/site-packages/airflow/example_dags/example_inlet_event_extra.py
[2025-06-26T22:45:38.801+0000] {processor.py:914} INFO - Processing file /home/airflow/.local/lib/python3.12/site-packages/airflow/example_dags/example_inlet_event_extra.py for tasks to queue
[2025-06-26T22:45:38.803+0000] {logging_mixin.py:190} INFO - [2025-06-26T22:45:38.803+0000] {dagbag.py:588} INFO - Filling up the DagBag from /home/airflow/.local/lib/python3.12/site-packages/airflow/example_dags/example_inlet_event_extra.py
[2025-06-26T22:45:38.922+0000] {processor.py:925} INFO - DAG(s) 'read_dataset_event', 'read_dataset_event_from_classic' retrieved from /home/airflow/.local/lib/python3.12/site-packages/airflow/example_dags/example_inlet_event_extra.py
[2025-06-26T22:45:38.944+0000] {logging_mixin.py:190} INFO - [2025-06-26T22:45:38.944+0000] {dag.py:3239} INFO - Sync 2 DAGs
[2025-06-26T22:45:38.969+0000] {logging_mixin.py:190} INFO - [2025-06-26T22:45:38.968+0000] {dag.py:4180} INFO - Setting next_dagrun for read_dataset_event to 2025-06-25 00:00:00+00:00, run_after=2025-06-26 00:00:00+00:00
[2025-06-26T22:45:38.973+0000] {logging_mixin.py:190} INFO - [2025-06-26T22:45:38.973+0000] {dag.py:4180} INFO - Setting next_dagrun for read_dataset_event_from_classic to 2025-06-25 00:00:00+00:00, run_after=2025-06-26 00:00:00+00:00
[2025-06-26T22:45:38.989+0000] {processor.py:208} INFO - Processing /home/airflow/.local/lib/python3.12/site-packages/airflow/example_dags/example_inlet_event_extra.py took 0.194 seconds
[2025-06-26T22:46:09.471+0000] {processor.py:186} INFO - Started process (PID=420) to work on /home/airflow/.local/lib/python3.12/site-packages/airflow/example_dags/example_inlet_event_extra.py
[2025-06-26T22:46:09.472+0000] {processor.py:914} INFO - Processing file /home/airflow/.local/lib/python3.12/site-packages/airflow/example_dags/example_inlet_event_extra.py for tasks to queue
[2025-06-26T22:46:09.474+0000] {logging_mixin.py:190} INFO - [2025-06-26T22:46:09.474+0000] {dagbag.py:588} INFO - Filling up the DagBag from /home/airflow/.local/lib/python3.12/site-packages/airflow/example_dags/example_inlet_event_extra.py
[2025-06-26T22:46:09.592+0000] {processor.py:925} INFO - DAG(s) 'read_dataset_event', 'read_dataset_event_from_classic' retrieved from /home/airflow/.local/lib/python3.12/site-packages/airflow/example_dags/example_inlet_event_extra.py
[2025-06-26T22:46:09.611+0000] {logging_mixin.py:190} INFO - [2025-06-26T22:46:09.611+0000] {dag.py:3239} INFO - Sync 2 DAGs
[2025-06-26T22:46:09.630+0000] {logging_mixin.py:190} INFO - [2025-06-26T22:46:09.630+0000] {dag.py:4180} INFO - Setting next_dagrun for read_dataset_event to 2025-06-25 00:00:00+00:00, run_after=2025-06-26 00:00:00+00:00
[2025-06-26T22:46:09.636+0000] {logging_mixin.py:190} INFO - [2025-06-26T22:46:09.636+0000] {dag.py:4180} INFO - Setting next_dagrun for read_dataset_event_from_classic to 2025-06-25 00:00:00+00:00, run_after=2025-06-26 00:00:00+00:00
[2025-06-26T22:46:09.661+0000] {processor.py:208} INFO - Processing /home/airflow/.local/lib/python3.12/site-packages/airflow/example_dags/example_inlet_event_extra.py took 0.196 seconds
[2025-06-26T22:46:39.949+0000] {processor.py:186} INFO - Started process (PID=482) to work on /home/airflow/.local/lib/python3.12/site-packages/airflow/example_dags/example_inlet_event_extra.py
[2025-06-26T22:46:39.950+0000] {processor.py:914} INFO - Processing file /home/airflow/.local/lib/python3.12/site-packages/airflow/example_dags/example_inlet_event_extra.py for tasks to queue
[2025-06-26T22:46:39.953+0000] {logging_mixin.py:190} INFO - [2025-06-26T22:46:39.952+0000] {dagbag.py:588} INFO - Filling up the DagBag from /home/airflow/.local/lib/python3.12/site-packages/airflow/example_dags/example_inlet_event_extra.py
[2025-06-26T22:46:40.070+0000] {processor.py:925} INFO - DAG(s) 'read_dataset_event', 'read_dataset_event_from_classic' retrieved from /home/airflow/.local/lib/python3.12/site-packages/airflow/example_dags/example_inlet_event_extra.py
[2025-06-26T22:46:40.089+0000] {logging_mixin.py:190} INFO - [2025-06-26T22:46:40.088+0000] {dag.py:3239} INFO - Sync 2 DAGs
[2025-06-26T22:46:40.108+0000] {logging_mixin.py:190} INFO - [2025-06-26T22:46:40.108+0000] {dag.py:4180} INFO - Setting next_dagrun for read_dataset_event to 2025-06-25 00:00:00+00:00, run_after=2025-06-26 00:00:00+00:00
[2025-06-26T22:46:40.113+0000] {logging_mixin.py:190} INFO - [2025-06-26T22:46:40.113+0000] {dag.py:4180} INFO - Setting next_dagrun for read_dataset_event_from_classic to 2025-06-25 00:00:00+00:00, run_after=2025-06-26 00:00:00+00:00
[2025-06-26T22:46:40.131+0000] {processor.py:208} INFO - Processing /home/airflow/.local/lib/python3.12/site-packages/airflow/example_dags/example_inlet_event_extra.py took 0.187 seconds
[2025-06-26T22:47:10.363+0000] {processor.py:186} INFO - Started process (PID=545) to work on /home/airflow/.local/lib/python3.12/site-packages/airflow/example_dags/example_inlet_event_extra.py
[2025-06-26T22:47:10.365+0000] {processor.py:914} INFO - Processing file /home/airflow/.local/lib/python3.12/site-packages/airflow/example_dags/example_inlet_event_extra.py for tasks to queue
[2025-06-26T22:47:10.367+0000] {logging_mixin.py:190} INFO - [2025-06-26T22:47:10.367+0000] {dagbag.py:588} INFO - Filling up the DagBag from /home/airflow/.local/lib/python3.12/site-packages/airflow/example_dags/example_inlet_event_extra.py
[2025-06-26T22:47:10.504+0000] {processor.py:925} INFO - DAG(s) 'read_dataset_event', 'read_dataset_event_from_classic' retrieved from /home/airflow/.local/lib/python3.12/site-packages/airflow/example_dags/example_inlet_event_extra.py
[2025-06-26T22:47:10.524+0000] {logging_mixin.py:190} INFO - [2025-06-26T22:47:10.524+0000] {dag.py:3239} INFO - Sync 2 DAGs
[2025-06-26T22:47:10.547+0000] {logging_mixin.py:190} INFO - [2025-06-26T22:47:10.547+0000] {dag.py:4180} INFO - Setting next_dagrun for read_dataset_event to 2025-06-25 00:00:00+00:00, run_after=2025-06-26 00:00:00+00:00
[2025-06-26T22:47:10.552+0000] {logging_mixin.py:190} INFO - [2025-06-26T22:47:10.552+0000] {dag.py:4180} INFO - Setting next_dagrun for read_dataset_event_from_classic to 2025-06-25 00:00:00+00:00, run_after=2025-06-26 00:00:00+00:00
[2025-06-26T22:47:10.572+0000] {processor.py:208} INFO - Processing /home/airflow/.local/lib/python3.12/site-packages/airflow/example_dags/example_inlet_event_extra.py took 0.215 seconds
[2025-06-26T22:47:40.835+0000] {processor.py:186} INFO - Started process (PID=608) to work on /home/airflow/.local/lib/python3.12/site-packages/airflow/example_dags/example_inlet_event_extra.py
[2025-06-26T22:47:40.836+0000] {processor.py:914} INFO - Processing file /home/airflow/.local/lib/python3.12/site-packages/airflow/example_dags/example_inlet_event_extra.py for tasks to queue
[2025-06-26T22:47:40.838+0000] {logging_mixin.py:190} INFO - [2025-06-26T22:47:40.838+0000] {dagbag.py:588} INFO - Filling up the DagBag from /home/airflow/.local/lib/python3.12/site-packages/airflow/example_dags/example_inlet_event_extra.py
[2025-06-26T22:47:40.972+0000] {processor.py:925} INFO - DAG(s) 'read_dataset_event', 'read_dataset_event_from_classic' retrieved from /home/airflow/.local/lib/python3.12/site-packages/airflow/example_dags/example_inlet_event_extra.py
[2025-06-26T22:47:40.995+0000] {logging_mixin.py:190} INFO - [2025-06-26T22:47:40.995+0000] {dag.py:3239} INFO - Sync 2 DAGs
[2025-06-26T22:47:41.017+0000] {logging_mixin.py:190} INFO - [2025-06-26T22:47:41.016+0000] {dag.py:4180} INFO - Setting next_dagrun for read_dataset_event to 2025-06-25 00:00:00+00:00, run_after=2025-06-26 00:00:00+00:00
[2025-06-26T22:47:41.021+0000] {logging_mixin.py:190} INFO - [2025-06-26T22:47:41.021+0000] {dag.py:4180} INFO - Setting next_dagrun for read_dataset_event_from_classic to 2025-06-25 00:00:00+00:00, run_after=2025-06-26 00:00:00+00:00
[2025-06-26T22:47:41.037+0000] {processor.py:208} INFO - Processing /home/airflow/.local/lib/python3.12/site-packages/airflow/example_dags/example_inlet_event_extra.py took 0.208 seconds
[2025-06-26T22:48:11.098+0000] {processor.py:186} INFO - Started process (PID=669) to work on /home/airflow/.local/lib/python3.12/site-packages/airflow/example_dags/example_inlet_event_extra.py
[2025-06-26T22:48:11.099+0000] {processor.py:914} INFO - Processing file /home/airflow/.local/lib/python3.12/site-packages/airflow/example_dags/example_inlet_event_extra.py for tasks to queue
[2025-06-26T22:48:11.101+0000] {logging_mixin.py:190} INFO - [2025-06-26T22:48:11.101+0000] {dagbag.py:588} INFO - Filling up the DagBag from /home/airflow/.local/lib/python3.12/site-packages/airflow/example_dags/example_inlet_event_extra.py
[2025-06-26T22:48:11.220+0000] {processor.py:925} INFO - DAG(s) 'read_dataset_event_from_classic', 'read_dataset_event' retrieved from /home/airflow/.local/lib/python3.12/site-packages/airflow/example_dags/example_inlet_event_extra.py
[2025-06-26T22:48:11.240+0000] {logging_mixin.py:190} INFO - [2025-06-26T22:48:11.240+0000] {dag.py:3239} INFO - Sync 2 DAGs
[2025-06-26T22:48:11.260+0000] {logging_mixin.py:190} INFO - [2025-06-26T22:48:11.260+0000] {dag.py:4180} INFO - Setting next_dagrun for read_dataset_event to 2025-06-25 00:00:00+00:00, run_after=2025-06-26 00:00:00+00:00
[2025-06-26T22:48:11.265+0000] {logging_mixin.py:190} INFO - [2025-06-26T22:48:11.265+0000] {dag.py:4180} INFO - Setting next_dagrun for read_dataset_event_from_classic to 2025-06-25 00:00:00+00:00, run_after=2025-06-26 00:00:00+00:00
[2025-06-26T22:48:11.283+0000] {processor.py:208} INFO - Processing /home/airflow/.local/lib/python3.12/site-packages/airflow/example_dags/example_inlet_event_extra.py took 0.190 seconds
[2025-06-26T22:48:41.425+0000] {processor.py:186} INFO - Started process (PID=731) to work on /home/airflow/.local/lib/python3.12/site-packages/airflow/example_dags/example_inlet_event_extra.py
[2025-06-26T22:48:41.426+0000] {processor.py:914} INFO - Processing file /home/airflow/.local/lib/python3.12/site-packages/airflow/example_dags/example_inlet_event_extra.py for tasks to queue
[2025-06-26T22:48:41.428+0000] {logging_mixin.py:190} INFO - [2025-06-26T22:48:41.428+0000] {dagbag.py:588} INFO - Filling up the DagBag from /home/airflow/.local/lib/python3.12/site-packages/airflow/example_dags/example_inlet_event_extra.py
[2025-06-26T22:48:41.555+0000] {processor.py:925} INFO - DAG(s) 'read_dataset_event_from_classic', 'read_dataset_event' retrieved from /home/airflow/.local/lib/python3.12/site-packages/airflow/example_dags/example_inlet_event_extra.py
[2025-06-26T22:48:41.581+0000] {logging_mixin.py:190} INFO - [2025-06-26T22:48:41.581+0000] {dag.py:3239} INFO - Sync 2 DAGs
[2025-06-26T22:48:41.613+0000] {logging_mixin.py:190} INFO - [2025-06-26T22:48:41.613+0000] {dag.py:4180} INFO - Setting next_dagrun for read_dataset_event to 2025-06-25 00:00:00+00:00, run_after=2025-06-26 00:00:00+00:00
[2025-06-26T22:48:41.618+0000] {logging_mixin.py:190} INFO - [2025-06-26T22:48:41.617+0000] {dag.py:4180} INFO - Setting next_dagrun for read_dataset_event_from_classic to 2025-06-25 00:00:00+00:00, run_after=2025-06-26 00:00:00+00:00
[2025-06-26T22:48:41.637+0000] {processor.py:208} INFO - Processing /home/airflow/.local/lib/python3.12/site-packages/airflow/example_dags/example_inlet_event_extra.py took 0.217 seconds
[2025-06-26T22:49:11.762+0000] {processor.py:186} INFO - Started process (PID=793) to work on /home/airflow/.local/lib/python3.12/site-packages/airflow/example_dags/example_inlet_event_extra.py
[2025-06-26T22:49:11.764+0000] {processor.py:914} INFO - Processing file /home/airflow/.local/lib/python3.12/site-packages/airflow/example_dags/example_inlet_event_extra.py for tasks to queue
[2025-06-26T22:49:11.766+0000] {logging_mixin.py:190} INFO - [2025-06-26T22:49:11.765+0000] {dagbag.py:588} INFO - Filling up the DagBag from /home/airflow/.local/lib/python3.12/site-packages/airflow/example_dags/example_inlet_event_extra.py
[2025-06-26T22:49:11.887+0000] {processor.py:925} INFO - DAG(s) 'read_dataset_event', 'read_dataset_event_from_classic' retrieved from /home/airflow/.local/lib/python3.12/site-packages/airflow/example_dags/example_inlet_event_extra.py
[2025-06-26T22:49:11.908+0000] {logging_mixin.py:190} INFO - [2025-06-26T22:49:11.908+0000] {dag.py:3239} INFO - Sync 2 DAGs
[2025-06-26T22:49:11.938+0000] {logging_mixin.py:190} INFO - [2025-06-26T22:49:11.938+0000] {dag.py:4180} INFO - Setting next_dagrun for read_dataset_event to 2025-06-25 00:00:00+00:00, run_after=2025-06-26 00:00:00+00:00
[2025-06-26T22:49:11.947+0000] {logging_mixin.py:190} INFO - [2025-06-26T22:49:11.947+0000] {dag.py:4180} INFO - Setting next_dagrun for read_dataset_event_from_classic to 2025-06-25 00:00:00+00:00, run_after=2025-06-26 00:00:00+00:00
[2025-06-26T22:49:11.973+0000] {processor.py:208} INFO - Processing /home/airflow/.local/lib/python3.12/site-packages/airflow/example_dags/example_inlet_event_extra.py took 0.216 seconds
[2025-06-26T22:49:42.084+0000] {processor.py:186} INFO - Started process (PID=855) to work on /home/airflow/.local/lib/python3.12/site-packages/airflow/example_dags/example_inlet_event_extra.py
[2025-06-26T22:49:42.085+0000] {processor.py:914} INFO - Processing file /home/airflow/.local/lib/python3.12/site-packages/airflow/example_dags/example_inlet_event_extra.py for tasks to queue
[2025-06-26T22:49:42.087+0000] {logging_mixin.py:190} INFO - [2025-06-26T22:49:42.087+0000] {dagbag.py:588} INFO - Filling up the DagBag from /home/airflow/.local/lib/python3.12/site-packages/airflow/example_dags/example_inlet_event_extra.py
[2025-06-26T22:49:42.255+0000] {processor.py:925} INFO - DAG(s) 'read_dataset_event_from_classic', 'read_dataset_event' retrieved from /home/airflow/.local/lib/python3.12/site-packages/airflow/example_dags/example_inlet_event_extra.py
[2025-06-26T22:49:42.287+0000] {logging_mixin.py:190} INFO - [2025-06-26T22:49:42.287+0000] {dag.py:3239} INFO - Sync 2 DAGs
[2025-06-26T22:49:42.319+0000] {logging_mixin.py:190} INFO - [2025-06-26T22:49:42.319+0000] {dag.py:4180} INFO - Setting next_dagrun for read_dataset_event to 2025-06-25 00:00:00+00:00, run_after=2025-06-26 00:00:00+00:00
[2025-06-26T22:49:42.327+0000] {logging_mixin.py:190} INFO - [2025-06-26T22:49:42.327+0000] {dag.py:4180} INFO - Setting next_dagrun for read_dataset_event_from_classic to 2025-06-25 00:00:00+00:00, run_after=2025-06-26 00:00:00+00:00
[2025-06-26T22:49:42.354+0000] {processor.py:208} INFO - Processing /home/airflow/.local/lib/python3.12/site-packages/airflow/example_dags/example_inlet_event_extra.py took 0.276 seconds
[2025-06-26T22:50:12.568+0000] {processor.py:186} INFO - Started process (PID=918) to work on /home/airflow/.local/lib/python3.12/site-packages/airflow/example_dags/example_inlet_event_extra.py
[2025-06-26T22:50:12.569+0000] {processor.py:914} INFO - Processing file /home/airflow/.local/lib/python3.12/site-packages/airflow/example_dags/example_inlet_event_extra.py for tasks to queue
[2025-06-26T22:50:12.573+0000] {logging_mixin.py:190} INFO - [2025-06-26T22:50:12.572+0000] {dagbag.py:588} INFO - Filling up the DagBag from /home/airflow/.local/lib/python3.12/site-packages/airflow/example_dags/example_inlet_event_extra.py
[2025-06-26T22:50:12.693+0000] {processor.py:925} INFO - DAG(s) 'read_dataset_event_from_classic', 'read_dataset_event' retrieved from /home/airflow/.local/lib/python3.12/site-packages/airflow/example_dags/example_inlet_event_extra.py
[2025-06-26T22:50:12.716+0000] {logging_mixin.py:190} INFO - [2025-06-26T22:50:12.716+0000] {dag.py:3239} INFO - Sync 2 DAGs
[2025-06-26T22:50:12.738+0000] {logging_mixin.py:190} INFO - [2025-06-26T22:50:12.738+0000] {dag.py:4180} INFO - Setting next_dagrun for read_dataset_event to 2025-06-25 00:00:00+00:00, run_after=2025-06-26 00:00:00+00:00
[2025-06-26T22:50:12.742+0000] {logging_mixin.py:190} INFO - [2025-06-26T22:50:12.742+0000] {dag.py:4180} INFO - Setting next_dagrun for read_dataset_event_from_classic to 2025-06-25 00:00:00+00:00, run_after=2025-06-26 00:00:00+00:00
[2025-06-26T22:50:12.758+0000] {processor.py:208} INFO - Processing /home/airflow/.local/lib/python3.12/site-packages/airflow/example_dags/example_inlet_event_extra.py took 0.197 seconds
[2025-06-26T22:50:42.968+0000] {processor.py:186} INFO - Started process (PID=979) to work on /home/airflow/.local/lib/python3.12/site-packages/airflow/example_dags/example_inlet_event_extra.py
[2025-06-26T22:50:42.969+0000] {processor.py:914} INFO - Processing file /home/airflow/.local/lib/python3.12/site-packages/airflow/example_dags/example_inlet_event_extra.py for tasks to queue
[2025-06-26T22:50:42.971+0000] {logging_mixin.py:190} INFO - [2025-06-26T22:50:42.971+0000] {dagbag.py:588} INFO - Filling up the DagBag from /home/airflow/.local/lib/python3.12/site-packages/airflow/example_dags/example_inlet_event_extra.py
[2025-06-26T22:50:43.089+0000] {processor.py:925} INFO - DAG(s) 'read_dataset_event', 'read_dataset_event_from_classic' retrieved from /home/airflow/.local/lib/python3.12/site-packages/airflow/example_dags/example_inlet_event_extra.py
[2025-06-26T22:50:43.111+0000] {logging_mixin.py:190} INFO - [2025-06-26T22:50:43.111+0000] {dag.py:3239} INFO - Sync 2 DAGs
[2025-06-26T22:50:43.135+0000] {logging_mixin.py:190} INFO - [2025-06-26T22:50:43.135+0000] {dag.py:4180} INFO - Setting next_dagrun for read_dataset_event to 2025-06-25 00:00:00+00:00, run_after=2025-06-26 00:00:00+00:00
[2025-06-26T22:50:43.141+0000] {logging_mixin.py:190} INFO - [2025-06-26T22:50:43.141+0000] {dag.py:4180} INFO - Setting next_dagrun for read_dataset_event_from_classic to 2025-06-25 00:00:00+00:00, run_after=2025-06-26 00:00:00+00:00
[2025-06-26T22:50:43.159+0000] {processor.py:208} INFO - Processing /home/airflow/.local/lib/python3.12/site-packages/airflow/example_dags/example_inlet_event_extra.py took 0.197 seconds
[2025-06-26T22:51:13.367+0000] {processor.py:186} INFO - Started process (PID=1039) to work on /home/airflow/.local/lib/python3.12/site-packages/airflow/example_dags/example_inlet_event_extra.py
[2025-06-26T22:51:13.368+0000] {processor.py:914} INFO - Processing file /home/airflow/.local/lib/python3.12/site-packages/airflow/example_dags/example_inlet_event_extra.py for tasks to queue
[2025-06-26T22:51:13.370+0000] {logging_mixin.py:190} INFO - [2025-06-26T22:51:13.370+0000] {dagbag.py:588} INFO - Filling up the DagBag from /home/airflow/.local/lib/python3.12/site-packages/airflow/example_dags/example_inlet_event_extra.py
[2025-06-26T22:51:13.485+0000] {processor.py:925} INFO - DAG(s) 'read_dataset_event', 'read_dataset_event_from_classic' retrieved from /home/airflow/.local/lib/python3.12/site-packages/airflow/example_dags/example_inlet_event_extra.py
[2025-06-26T22:51:13.506+0000] {logging_mixin.py:190} INFO - [2025-06-26T22:51:13.505+0000] {dag.py:3239} INFO - Sync 2 DAGs
[2025-06-26T22:51:13.531+0000] {logging_mixin.py:190} INFO - [2025-06-26T22:51:13.530+0000] {dag.py:4180} INFO - Setting next_dagrun for read_dataset_event to 2025-06-25 00:00:00+00:00, run_after=2025-06-26 00:00:00+00:00
[2025-06-26T22:51:13.535+0000] {logging_mixin.py:190} INFO - [2025-06-26T22:51:13.535+0000] {dag.py:4180} INFO - Setting next_dagrun for read_dataset_event_from_classic to 2025-06-25 00:00:00+00:00, run_after=2025-06-26 00:00:00+00:00
[2025-06-26T22:51:13.562+0000] {processor.py:208} INFO - Processing /home/airflow/.local/lib/python3.12/site-packages/airflow/example_dags/example_inlet_event_extra.py took 0.200 seconds
[2025-06-26T22:51:43.752+0000] {processor.py:186} INFO - Started process (PID=1101) to work on /home/airflow/.local/lib/python3.12/site-packages/airflow/example_dags/example_inlet_event_extra.py
[2025-06-26T22:51:43.753+0000] {processor.py:914} INFO - Processing file /home/airflow/.local/lib/python3.12/site-packages/airflow/example_dags/example_inlet_event_extra.py for tasks to queue
[2025-06-26T22:51:43.756+0000] {logging_mixin.py:190} INFO - [2025-06-26T22:51:43.755+0000] {dagbag.py:588} INFO - Filling up the DagBag from /home/airflow/.local/lib/python3.12/site-packages/airflow/example_dags/example_inlet_event_extra.py
[2025-06-26T22:51:43.872+0000] {processor.py:925} INFO - DAG(s) 'read_dataset_event', 'read_dataset_event_from_classic' retrieved from /home/airflow/.local/lib/python3.12/site-packages/airflow/example_dags/example_inlet_event_extra.py
[2025-06-26T22:51:43.894+0000] {logging_mixin.py:190} INFO - [2025-06-26T22:51:43.893+0000] {dag.py:3239} INFO - Sync 2 DAGs
[2025-06-26T22:51:43.916+0000] {logging_mixin.py:190} INFO - [2025-06-26T22:51:43.915+0000] {dag.py:4180} INFO - Setting next_dagrun for read_dataset_event to 2025-06-25 00:00:00+00:00, run_after=2025-06-26 00:00:00+00:00
[2025-06-26T22:51:43.920+0000] {logging_mixin.py:190} INFO - [2025-06-26T22:51:43.920+0000] {dag.py:4180} INFO - Setting next_dagrun for read_dataset_event_from_classic to 2025-06-25 00:00:00+00:00, run_after=2025-06-26 00:00:00+00:00
[2025-06-26T22:51:43.938+0000] {processor.py:208} INFO - Processing /home/airflow/.local/lib/python3.12/site-packages/airflow/example_dags/example_inlet_event_extra.py took 0.191 seconds
[2025-06-26T22:52:14.035+0000] {processor.py:186} INFO - Started process (PID=1163) to work on /home/airflow/.local/lib/python3.12/site-packages/airflow/example_dags/example_inlet_event_extra.py
[2025-06-26T22:52:14.036+0000] {processor.py:914} INFO - Processing file /home/airflow/.local/lib/python3.12/site-packages/airflow/example_dags/example_inlet_event_extra.py for tasks to queue
[2025-06-26T22:52:14.039+0000] {logging_mixin.py:190} INFO - [2025-06-26T22:52:14.038+0000] {dagbag.py:588} INFO - Filling up the DagBag from /home/airflow/.local/lib/python3.12/site-packages/airflow/example_dags/example_inlet_event_extra.py
[2025-06-26T22:52:14.156+0000] {processor.py:925} INFO - DAG(s) 'read_dataset_event_from_classic', 'read_dataset_event' retrieved from /home/airflow/.local/lib/python3.12/site-packages/airflow/example_dags/example_inlet_event_extra.py
[2025-06-26T22:52:14.177+0000] {logging_mixin.py:190} INFO - [2025-06-26T22:52:14.177+0000] {dag.py:3239} INFO - Sync 2 DAGs
[2025-06-26T22:52:14.199+0000] {logging_mixin.py:190} INFO - [2025-06-26T22:52:14.199+0000] {dag.py:4180} INFO - Setting next_dagrun for read_dataset_event to 2025-06-25 00:00:00+00:00, run_after=2025-06-26 00:00:00+00:00
[2025-06-26T22:52:14.204+0000] {logging_mixin.py:190} INFO - [2025-06-26T22:52:14.204+0000] {dag.py:4180} INFO - Setting next_dagrun for read_dataset_event_from_classic to 2025-06-25 00:00:00+00:00, run_after=2025-06-26 00:00:00+00:00
[2025-06-26T22:52:14.221+0000] {processor.py:208} INFO - Processing /home/airflow/.local/lib/python3.12/site-packages/airflow/example_dags/example_inlet_event_extra.py took 0.191 seconds
[2025-06-26T22:52:45.067+0000] {processor.py:186} INFO - Started process (PID=1225) to work on /home/airflow/.local/lib/python3.12/site-packages/airflow/example_dags/example_inlet_event_extra.py
[2025-06-26T22:52:45.069+0000] {processor.py:914} INFO - Processing file /home/airflow/.local/lib/python3.12/site-packages/airflow/example_dags/example_inlet_event_extra.py for tasks to queue
[2025-06-26T22:52:45.072+0000] {logging_mixin.py:190} INFO - [2025-06-26T22:52:45.071+0000] {dagbag.py:588} INFO - Filling up the DagBag from /home/airflow/.local/lib/python3.12/site-packages/airflow/example_dags/example_inlet_event_extra.py
[2025-06-26T22:52:45.201+0000] {processor.py:925} INFO - DAG(s) 'read_dataset_event_from_classic', 'read_dataset_event' retrieved from /home/airflow/.local/lib/python3.12/site-packages/airflow/example_dags/example_inlet_event_extra.py
[2025-06-26T22:52:45.220+0000] {logging_mixin.py:190} INFO - [2025-06-26T22:52:45.219+0000] {dag.py:3239} INFO - Sync 2 DAGs
[2025-06-26T22:52:45.239+0000] {logging_mixin.py:190} INFO - [2025-06-26T22:52:45.239+0000] {dag.py:4180} INFO - Setting next_dagrun for read_dataset_event to 2025-06-25 00:00:00+00:00, run_after=2025-06-26 00:00:00+00:00
[2025-06-26T22:52:45.243+0000] {logging_mixin.py:190} INFO - [2025-06-26T22:52:45.243+0000] {dag.py:4180} INFO - Setting next_dagrun for read_dataset_event_from_classic to 2025-06-25 00:00:00+00:00, run_after=2025-06-26 00:00:00+00:00
[2025-06-26T22:52:45.260+0000] {processor.py:208} INFO - Processing /home/airflow/.local/lib/python3.12/site-packages/airflow/example_dags/example_inlet_event_extra.py took 0.199 seconds
[2025-06-26T22:53:15.640+0000] {processor.py:186} INFO - Started process (PID=1287) to work on /home/airflow/.local/lib/python3.12/site-packages/airflow/example_dags/example_inlet_event_extra.py
[2025-06-26T22:53:15.641+0000] {processor.py:914} INFO - Processing file /home/airflow/.local/lib/python3.12/site-packages/airflow/example_dags/example_inlet_event_extra.py for tasks to queue
[2025-06-26T22:53:15.645+0000] {logging_mixin.py:190} INFO - [2025-06-26T22:53:15.644+0000] {dagbag.py:588} INFO - Filling up the DagBag from /home/airflow/.local/lib/python3.12/site-packages/airflow/example_dags/example_inlet_event_extra.py
[2025-06-26T22:53:15.786+0000] {processor.py:925} INFO - DAG(s) 'read_dataset_event_from_classic', 'read_dataset_event' retrieved from /home/airflow/.local/lib/python3.12/site-packages/airflow/example_dags/example_inlet_event_extra.py
[2025-06-26T22:53:15.809+0000] {logging_mixin.py:190} INFO - [2025-06-26T22:53:15.809+0000] {dag.py:3239} INFO - Sync 2 DAGs
[2025-06-26T22:53:15.834+0000] {logging_mixin.py:190} INFO - [2025-06-26T22:53:15.834+0000] {dag.py:4180} INFO - Setting next_dagrun for read_dataset_event to 2025-06-25 00:00:00+00:00, run_after=2025-06-26 00:00:00+00:00
[2025-06-26T22:53:15.840+0000] {logging_mixin.py:190} INFO - [2025-06-26T22:53:15.840+0000] {dag.py:4180} INFO - Setting next_dagrun for read_dataset_event_from_classic to 2025-06-25 00:00:00+00:00, run_after=2025-06-26 00:00:00+00:00
[2025-06-26T22:53:15.859+0000] {processor.py:208} INFO - Processing /home/airflow/.local/lib/python3.12/site-packages/airflow/example_dags/example_inlet_event_extra.py took 0.227 seconds
[2025-06-26T22:53:45.891+0000] {processor.py:186} INFO - Started process (PID=1349) to work on /home/airflow/.local/lib/python3.12/site-packages/airflow/example_dags/example_inlet_event_extra.py
[2025-06-26T22:53:45.892+0000] {processor.py:914} INFO - Processing file /home/airflow/.local/lib/python3.12/site-packages/airflow/example_dags/example_inlet_event_extra.py for tasks to queue
[2025-06-26T22:53:45.895+0000] {logging_mixin.py:190} INFO - [2025-06-26T22:53:45.894+0000] {dagbag.py:588} INFO - Filling up the DagBag from /home/airflow/.local/lib/python3.12/site-packages/airflow/example_dags/example_inlet_event_extra.py
[2025-06-26T22:53:46.024+0000] {processor.py:925} INFO - DAG(s) 'read_dataset_event_from_classic', 'read_dataset_event' retrieved from /home/airflow/.local/lib/python3.12/site-packages/airflow/example_dags/example_inlet_event_extra.py
[2025-06-26T22:53:46.044+0000] {logging_mixin.py:190} INFO - [2025-06-26T22:53:46.044+0000] {dag.py:3239} INFO - Sync 2 DAGs
[2025-06-26T22:53:46.065+0000] {logging_mixin.py:190} INFO - [2025-06-26T22:53:46.065+0000] {dag.py:4180} INFO - Setting next_dagrun for read_dataset_event to 2025-06-25 00:00:00+00:00, run_after=2025-06-26 00:00:00+00:00
[2025-06-26T22:53:46.070+0000] {logging_mixin.py:190} INFO - [2025-06-26T22:53:46.070+0000] {dag.py:4180} INFO - Setting next_dagrun for read_dataset_event_from_classic to 2025-06-25 00:00:00+00:00, run_after=2025-06-26 00:00:00+00:00
[2025-06-26T22:53:46.087+0000] {processor.py:208} INFO - Processing /home/airflow/.local/lib/python3.12/site-packages/airflow/example_dags/example_inlet_event_extra.py took 0.203 seconds
[2025-06-26T22:54:16.412+0000] {processor.py:186} INFO - Started process (PID=1411) to work on /home/airflow/.local/lib/python3.12/site-packages/airflow/example_dags/example_inlet_event_extra.py
[2025-06-26T22:54:16.414+0000] {processor.py:914} INFO - Processing file /home/airflow/.local/lib/python3.12/site-packages/airflow/example_dags/example_inlet_event_extra.py for tasks to queue
[2025-06-26T22:54:16.417+0000] {logging_mixin.py:190} INFO - [2025-06-26T22:54:16.417+0000] {dagbag.py:588} INFO - Filling up the DagBag from /home/airflow/.local/lib/python3.12/site-packages/airflow/example_dags/example_inlet_event_extra.py
[2025-06-26T22:54:16.555+0000] {processor.py:925} INFO - DAG(s) 'read_dataset_event', 'read_dataset_event_from_classic' retrieved from /home/airflow/.local/lib/python3.12/site-packages/airflow/example_dags/example_inlet_event_extra.py
[2025-06-26T22:54:16.577+0000] {logging_mixin.py:190} INFO - [2025-06-26T22:54:16.577+0000] {dag.py:3239} INFO - Sync 2 DAGs
[2025-06-26T22:54:16.598+0000] {logging_mixin.py:190} INFO - [2025-06-26T22:54:16.598+0000] {dag.py:4180} INFO - Setting next_dagrun for read_dataset_event to 2025-06-25 00:00:00+00:00, run_after=2025-06-26 00:00:00+00:00
[2025-06-26T22:54:16.604+0000] {logging_mixin.py:190} INFO - [2025-06-26T22:54:16.603+0000] {dag.py:4180} INFO - Setting next_dagrun for read_dataset_event_from_classic to 2025-06-25 00:00:00+00:00, run_after=2025-06-26 00:00:00+00:00
[2025-06-26T22:54:16.624+0000] {processor.py:208} INFO - Processing /home/airflow/.local/lib/python3.12/site-packages/airflow/example_dags/example_inlet_event_extra.py took 0.220 seconds
[2025-06-26T22:54:46.876+0000] {processor.py:186} INFO - Started process (PID=1473) to work on /home/airflow/.local/lib/python3.12/site-packages/airflow/example_dags/example_inlet_event_extra.py
[2025-06-26T22:54:46.877+0000] {processor.py:914} INFO - Processing file /home/airflow/.local/lib/python3.12/site-packages/airflow/example_dags/example_inlet_event_extra.py for tasks to queue
[2025-06-26T22:54:46.880+0000] {logging_mixin.py:190} INFO - [2025-06-26T22:54:46.880+0000] {dagbag.py:588} INFO - Filling up the DagBag from /home/airflow/.local/lib/python3.12/site-packages/airflow/example_dags/example_inlet_event_extra.py
[2025-06-26T22:54:47.006+0000] {processor.py:925} INFO - DAG(s) 'read_dataset_event', 'read_dataset_event_from_classic' retrieved from /home/airflow/.local/lib/python3.12/site-packages/airflow/example_dags/example_inlet_event_extra.py
[2025-06-26T22:54:47.026+0000] {logging_mixin.py:190} INFO - [2025-06-26T22:54:47.026+0000] {dag.py:3239} INFO - Sync 2 DAGs
[2025-06-26T22:54:47.047+0000] {logging_mixin.py:190} INFO - [2025-06-26T22:54:47.047+0000] {dag.py:4180} INFO - Setting next_dagrun for read_dataset_event to 2025-06-25 00:00:00+00:00, run_after=2025-06-26 00:00:00+00:00
[2025-06-26T22:54:47.051+0000] {logging_mixin.py:190} INFO - [2025-06-26T22:54:47.051+0000] {dag.py:4180} INFO - Setting next_dagrun for read_dataset_event_from_classic to 2025-06-25 00:00:00+00:00, run_after=2025-06-26 00:00:00+00:00
[2025-06-26T22:54:47.068+0000] {processor.py:208} INFO - Processing /home/airflow/.local/lib/python3.12/site-packages/airflow/example_dags/example_inlet_event_extra.py took 0.197 seconds
[2025-06-26T22:55:17.289+0000] {processor.py:186} INFO - Started process (PID=1535) to work on /home/airflow/.local/lib/python3.12/site-packages/airflow/example_dags/example_inlet_event_extra.py
[2025-06-26T22:55:17.290+0000] {processor.py:914} INFO - Processing file /home/airflow/.local/lib/python3.12/site-packages/airflow/example_dags/example_inlet_event_extra.py for tasks to queue
[2025-06-26T22:55:17.294+0000] {logging_mixin.py:190} INFO - [2025-06-26T22:55:17.293+0000] {dagbag.py:588} INFO - Filling up the DagBag from /home/airflow/.local/lib/python3.12/site-packages/airflow/example_dags/example_inlet_event_extra.py
[2025-06-26T22:55:17.450+0000] {processor.py:925} INFO - DAG(s) 'read_dataset_event_from_classic', 'read_dataset_event' retrieved from /home/airflow/.local/lib/python3.12/site-packages/airflow/example_dags/example_inlet_event_extra.py
[2025-06-26T22:55:17.474+0000] {logging_mixin.py:190} INFO - [2025-06-26T22:55:17.474+0000] {dag.py:3239} INFO - Sync 2 DAGs
[2025-06-26T22:55:17.507+0000] {logging_mixin.py:190} INFO - [2025-06-26T22:55:17.507+0000] {dag.py:4180} INFO - Setting next_dagrun for read_dataset_event to 2025-06-25 00:00:00+00:00, run_after=2025-06-26 00:00:00+00:00
[2025-06-26T22:55:17.513+0000] {logging_mixin.py:190} INFO - [2025-06-26T22:55:17.513+0000] {dag.py:4180} INFO - Setting next_dagrun for read_dataset_event_from_classic to 2025-06-25 00:00:00+00:00, run_after=2025-06-26 00:00:00+00:00
[2025-06-26T22:55:17.534+0000] {processor.py:208} INFO - Processing /home/airflow/.local/lib/python3.12/site-packages/airflow/example_dags/example_inlet_event_extra.py took 0.251 seconds
[2025-06-26T22:55:47.581+0000] {processor.py:186} INFO - Started process (PID=1597) to work on /home/airflow/.local/lib/python3.12/site-packages/airflow/example_dags/example_inlet_event_extra.py
[2025-06-26T22:55:47.582+0000] {processor.py:914} INFO - Processing file /home/airflow/.local/lib/python3.12/site-packages/airflow/example_dags/example_inlet_event_extra.py for tasks to queue
[2025-06-26T22:55:47.585+0000] {logging_mixin.py:190} INFO - [2025-06-26T22:55:47.584+0000] {dagbag.py:588} INFO - Filling up the DagBag from /home/airflow/.local/lib/python3.12/site-packages/airflow/example_dags/example_inlet_event_extra.py
[2025-06-26T22:55:47.698+0000] {processor.py:925} INFO - DAG(s) 'read_dataset_event_from_classic', 'read_dataset_event' retrieved from /home/airflow/.local/lib/python3.12/site-packages/airflow/example_dags/example_inlet_event_extra.py
[2025-06-26T22:55:47.717+0000] {logging_mixin.py:190} INFO - [2025-06-26T22:55:47.717+0000] {dag.py:3239} INFO - Sync 2 DAGs
[2025-06-26T22:55:47.738+0000] {logging_mixin.py:190} INFO - [2025-06-26T22:55:47.738+0000] {dag.py:4180} INFO - Setting next_dagrun for read_dataset_event to 2025-06-25 00:00:00+00:00, run_after=2025-06-26 00:00:00+00:00
[2025-06-26T22:55:47.744+0000] {logging_mixin.py:190} INFO - [2025-06-26T22:55:47.743+0000] {dag.py:4180} INFO - Setting next_dagrun for read_dataset_event_from_classic to 2025-06-25 00:00:00+00:00, run_after=2025-06-26 00:00:00+00:00
[2025-06-26T22:55:47.762+0000] {processor.py:208} INFO - Processing /home/airflow/.local/lib/python3.12/site-packages/airflow/example_dags/example_inlet_event_extra.py took 0.187 seconds
[2025-06-26T22:56:17.888+0000] {processor.py:186} INFO - Started process (PID=1659) to work on /home/airflow/.local/lib/python3.12/site-packages/airflow/example_dags/example_inlet_event_extra.py
[2025-06-26T22:56:17.889+0000] {processor.py:914} INFO - Processing file /home/airflow/.local/lib/python3.12/site-packages/airflow/example_dags/example_inlet_event_extra.py for tasks to queue
[2025-06-26T22:56:17.892+0000] {logging_mixin.py:190} INFO - [2025-06-26T22:56:17.891+0000] {dagbag.py:588} INFO - Filling up the DagBag from /home/airflow/.local/lib/python3.12/site-packages/airflow/example_dags/example_inlet_event_extra.py
[2025-06-26T22:56:18.026+0000] {processor.py:925} INFO - DAG(s) 'read_dataset_event', 'read_dataset_event_from_classic' retrieved from /home/airflow/.local/lib/python3.12/site-packages/airflow/example_dags/example_inlet_event_extra.py
[2025-06-26T22:56:18.047+0000] {logging_mixin.py:190} INFO - [2025-06-26T22:56:18.047+0000] {dag.py:3239} INFO - Sync 2 DAGs
[2025-06-26T22:56:18.073+0000] {logging_mixin.py:190} INFO - [2025-06-26T22:56:18.073+0000] {dag.py:4180} INFO - Setting next_dagrun for read_dataset_event to 2025-06-25 00:00:00+00:00, run_after=2025-06-26 00:00:00+00:00
[2025-06-26T22:56:18.079+0000] {logging_mixin.py:190} INFO - [2025-06-26T22:56:18.078+0000] {dag.py:4180} INFO - Setting next_dagrun for read_dataset_event_from_classic to 2025-06-25 00:00:00+00:00, run_after=2025-06-26 00:00:00+00:00
[2025-06-26T22:56:18.100+0000] {processor.py:208} INFO - Processing /home/airflow/.local/lib/python3.12/site-packages/airflow/example_dags/example_inlet_event_extra.py took 0.219 seconds
[2025-06-26T22:56:48.854+0000] {processor.py:186} INFO - Started process (PID=1721) to work on /home/airflow/.local/lib/python3.12/site-packages/airflow/example_dags/example_inlet_event_extra.py
[2025-06-26T22:56:48.855+0000] {processor.py:914} INFO - Processing file /home/airflow/.local/lib/python3.12/site-packages/airflow/example_dags/example_inlet_event_extra.py for tasks to queue
[2025-06-26T22:56:48.858+0000] {logging_mixin.py:190} INFO - [2025-06-26T22:56:48.858+0000] {dagbag.py:588} INFO - Filling up the DagBag from /home/airflow/.local/lib/python3.12/site-packages/airflow/example_dags/example_inlet_event_extra.py
[2025-06-26T22:56:48.976+0000] {processor.py:925} INFO - DAG(s) 'read_dataset_event', 'read_dataset_event_from_classic' retrieved from /home/airflow/.local/lib/python3.12/site-packages/airflow/example_dags/example_inlet_event_extra.py
[2025-06-26T22:56:48.997+0000] {logging_mixin.py:190} INFO - [2025-06-26T22:56:48.997+0000] {dag.py:3239} INFO - Sync 2 DAGs
[2025-06-26T22:56:49.020+0000] {logging_mixin.py:190} INFO - [2025-06-26T22:56:49.020+0000] {dag.py:4180} INFO - Setting next_dagrun for read_dataset_event to 2025-06-25 00:00:00+00:00, run_after=2025-06-26 00:00:00+00:00
[2025-06-26T22:56:49.025+0000] {logging_mixin.py:190} INFO - [2025-06-26T22:56:49.025+0000] {dag.py:4180} INFO - Setting next_dagrun for read_dataset_event_from_classic to 2025-06-25 00:00:00+00:00, run_after=2025-06-26 00:00:00+00:00
[2025-06-26T22:56:49.042+0000] {processor.py:208} INFO - Processing /home/airflow/.local/lib/python3.12/site-packages/airflow/example_dags/example_inlet_event_extra.py took 0.193 seconds
[2025-06-26T22:57:19.095+0000] {processor.py:186} INFO - Started process (PID=1783) to work on /home/airflow/.local/lib/python3.12/site-packages/airflow/example_dags/example_inlet_event_extra.py
[2025-06-26T22:57:19.097+0000] {processor.py:914} INFO - Processing file /home/airflow/.local/lib/python3.12/site-packages/airflow/example_dags/example_inlet_event_extra.py for tasks to queue
[2025-06-26T22:57:19.099+0000] {logging_mixin.py:190} INFO - [2025-06-26T22:57:19.099+0000] {dagbag.py:588} INFO - Filling up the DagBag from /home/airflow/.local/lib/python3.12/site-packages/airflow/example_dags/example_inlet_event_extra.py
[2025-06-26T22:57:19.231+0000] {processor.py:925} INFO - DAG(s) 'read_dataset_event', 'read_dataset_event_from_classic' retrieved from /home/airflow/.local/lib/python3.12/site-packages/airflow/example_dags/example_inlet_event_extra.py
[2025-06-26T22:57:19.250+0000] {logging_mixin.py:190} INFO - [2025-06-26T22:57:19.250+0000] {dag.py:3239} INFO - Sync 2 DAGs
[2025-06-26T22:57:19.272+0000] {logging_mixin.py:190} INFO - [2025-06-26T22:57:19.272+0000] {dag.py:4180} INFO - Setting next_dagrun for read_dataset_event to 2025-06-25 00:00:00+00:00, run_after=2025-06-26 00:00:00+00:00
[2025-06-26T22:57:19.277+0000] {logging_mixin.py:190} INFO - [2025-06-26T22:57:19.277+0000] {dag.py:4180} INFO - Setting next_dagrun for read_dataset_event_from_classic to 2025-06-25 00:00:00+00:00, run_after=2025-06-26 00:00:00+00:00
[2025-06-26T22:57:19.298+0000] {processor.py:208} INFO - Processing /home/airflow/.local/lib/python3.12/site-packages/airflow/example_dags/example_inlet_event_extra.py took 0.209 seconds
[2025-06-26T22:57:49.800+0000] {processor.py:186} INFO - Started process (PID=1845) to work on /home/airflow/.local/lib/python3.12/site-packages/airflow/example_dags/example_inlet_event_extra.py
[2025-06-26T22:57:49.801+0000] {processor.py:914} INFO - Processing file /home/airflow/.local/lib/python3.12/site-packages/airflow/example_dags/example_inlet_event_extra.py for tasks to queue
[2025-06-26T22:57:49.804+0000] {logging_mixin.py:190} INFO - [2025-06-26T22:57:49.804+0000] {dagbag.py:588} INFO - Filling up the DagBag from /home/airflow/.local/lib/python3.12/site-packages/airflow/example_dags/example_inlet_event_extra.py
[2025-06-26T22:57:49.925+0000] {processor.py:925} INFO - DAG(s) 'read_dataset_event', 'read_dataset_event_from_classic' retrieved from /home/airflow/.local/lib/python3.12/site-packages/airflow/example_dags/example_inlet_event_extra.py
[2025-06-26T22:57:49.944+0000] {logging_mixin.py:190} INFO - [2025-06-26T22:57:49.944+0000] {dag.py:3239} INFO - Sync 2 DAGs
[2025-06-26T22:57:49.967+0000] {logging_mixin.py:190} INFO - [2025-06-26T22:57:49.967+0000] {dag.py:4180} INFO - Setting next_dagrun for read_dataset_event to 2025-06-25 00:00:00+00:00, run_after=2025-06-26 00:00:00+00:00
[2025-06-26T22:57:49.974+0000] {logging_mixin.py:190} INFO - [2025-06-26T22:57:49.974+0000] {dag.py:4180} INFO - Setting next_dagrun for read_dataset_event_from_classic to 2025-06-25 00:00:00+00:00, run_after=2025-06-26 00:00:00+00:00
[2025-06-26T22:57:49.994+0000] {processor.py:208} INFO - Processing /home/airflow/.local/lib/python3.12/site-packages/airflow/example_dags/example_inlet_event_extra.py took 0.199 seconds
[2025-06-26T22:58:20.085+0000] {processor.py:186} INFO - Started process (PID=1907) to work on /home/airflow/.local/lib/python3.12/site-packages/airflow/example_dags/example_inlet_event_extra.py
[2025-06-26T22:58:20.086+0000] {processor.py:914} INFO - Processing file /home/airflow/.local/lib/python3.12/site-packages/airflow/example_dags/example_inlet_event_extra.py for tasks to queue
[2025-06-26T22:58:20.088+0000] {logging_mixin.py:190} INFO - [2025-06-26T22:58:20.088+0000] {dagbag.py:588} INFO - Filling up the DagBag from /home/airflow/.local/lib/python3.12/site-packages/airflow/example_dags/example_inlet_event_extra.py
[2025-06-26T22:58:20.206+0000] {processor.py:925} INFO - DAG(s) 'read_dataset_event_from_classic', 'read_dataset_event' retrieved from /home/airflow/.local/lib/python3.12/site-packages/airflow/example_dags/example_inlet_event_extra.py
[2025-06-26T22:58:20.227+0000] {logging_mixin.py:190} INFO - [2025-06-26T22:58:20.226+0000] {dag.py:3239} INFO - Sync 2 DAGs
[2025-06-26T22:58:20.248+0000] {logging_mixin.py:190} INFO - [2025-06-26T22:58:20.247+0000] {dag.py:4180} INFO - Setting next_dagrun for read_dataset_event to 2025-06-25 00:00:00+00:00, run_after=2025-06-26 00:00:00+00:00
[2025-06-26T22:58:20.252+0000] {logging_mixin.py:190} INFO - [2025-06-26T22:58:20.252+0000] {dag.py:4180} INFO - Setting next_dagrun for read_dataset_event_from_classic to 2025-06-25 00:00:00+00:00, run_after=2025-06-26 00:00:00+00:00
[2025-06-26T22:58:20.270+0000] {processor.py:208} INFO - Processing /home/airflow/.local/lib/python3.12/site-packages/airflow/example_dags/example_inlet_event_extra.py took 0.191 seconds
[2025-06-26T22:58:50.516+0000] {processor.py:186} INFO - Started process (PID=1969) to work on /home/airflow/.local/lib/python3.12/site-packages/airflow/example_dags/example_inlet_event_extra.py
[2025-06-26T22:58:50.517+0000] {processor.py:914} INFO - Processing file /home/airflow/.local/lib/python3.12/site-packages/airflow/example_dags/example_inlet_event_extra.py for tasks to queue
[2025-06-26T22:58:50.519+0000] {logging_mixin.py:190} INFO - [2025-06-26T22:58:50.519+0000] {dagbag.py:588} INFO - Filling up the DagBag from /home/airflow/.local/lib/python3.12/site-packages/airflow/example_dags/example_inlet_event_extra.py
[2025-06-26T22:58:50.646+0000] {processor.py:925} INFO - DAG(s) 'read_dataset_event_from_classic', 'read_dataset_event' retrieved from /home/airflow/.local/lib/python3.12/site-packages/airflow/example_dags/example_inlet_event_extra.py
[2025-06-26T22:58:50.669+0000] {logging_mixin.py:190} INFO - [2025-06-26T22:58:50.669+0000] {dag.py:3239} INFO - Sync 2 DAGs
[2025-06-26T22:58:50.688+0000] {logging_mixin.py:190} INFO - [2025-06-26T22:58:50.688+0000] {dag.py:4180} INFO - Setting next_dagrun for read_dataset_event to 2025-06-25 00:00:00+00:00, run_after=2025-06-26 00:00:00+00:00
[2025-06-26T22:58:50.693+0000] {logging_mixin.py:190} INFO - [2025-06-26T22:58:50.693+0000] {dag.py:4180} INFO - Setting next_dagrun for read_dataset_event_from_classic to 2025-06-25 00:00:00+00:00, run_after=2025-06-26 00:00:00+00:00
[2025-06-26T22:58:50.708+0000] {processor.py:208} INFO - Processing /home/airflow/.local/lib/python3.12/site-packages/airflow/example_dags/example_inlet_event_extra.py took 0.199 seconds
[2025-06-26T22:59:21.036+0000] {processor.py:186} INFO - Started process (PID=2031) to work on /home/airflow/.local/lib/python3.12/site-packages/airflow/example_dags/example_inlet_event_extra.py
[2025-06-26T22:59:21.037+0000] {processor.py:914} INFO - Processing file /home/airflow/.local/lib/python3.12/site-packages/airflow/example_dags/example_inlet_event_extra.py for tasks to queue
[2025-06-26T22:59:21.040+0000] {logging_mixin.py:190} INFO - [2025-06-26T22:59:21.039+0000] {dagbag.py:588} INFO - Filling up the DagBag from /home/airflow/.local/lib/python3.12/site-packages/airflow/example_dags/example_inlet_event_extra.py
[2025-06-26T22:59:21.162+0000] {processor.py:925} INFO - DAG(s) 'read_dataset_event', 'read_dataset_event_from_classic' retrieved from /home/airflow/.local/lib/python3.12/site-packages/airflow/example_dags/example_inlet_event_extra.py
[2025-06-26T22:59:21.183+0000] {logging_mixin.py:190} INFO - [2025-06-26T22:59:21.183+0000] {dag.py:3239} INFO - Sync 2 DAGs
[2025-06-26T22:59:21.207+0000] {logging_mixin.py:190} INFO - [2025-06-26T22:59:21.207+0000] {dag.py:4180} INFO - Setting next_dagrun for read_dataset_event to 2025-06-25 00:00:00+00:00, run_after=2025-06-26 00:00:00+00:00
[2025-06-26T22:59:21.389+0000] {logging_mixin.py:190} INFO - [2025-06-26T22:59:21.389+0000] {dag.py:4180} INFO - Setting next_dagrun for read_dataset_event_from_classic to 2025-06-25 00:00:00+00:00, run_after=2025-06-26 00:00:00+00:00
[2025-06-26T22:59:21.408+0000] {processor.py:208} INFO - Processing /home/airflow/.local/lib/python3.12/site-packages/airflow/example_dags/example_inlet_event_extra.py took 0.378 seconds
[2025-06-26T22:59:51.675+0000] {processor.py:186} INFO - Started process (PID=2095) to work on /home/airflow/.local/lib/python3.12/site-packages/airflow/example_dags/example_inlet_event_extra.py
[2025-06-26T22:59:51.676+0000] {processor.py:914} INFO - Processing file /home/airflow/.local/lib/python3.12/site-packages/airflow/example_dags/example_inlet_event_extra.py for tasks to queue
[2025-06-26T22:59:51.679+0000] {logging_mixin.py:190} INFO - [2025-06-26T22:59:51.678+0000] {dagbag.py:588} INFO - Filling up the DagBag from /home/airflow/.local/lib/python3.12/site-packages/airflow/example_dags/example_inlet_event_extra.py
[2025-06-26T22:59:51.809+0000] {processor.py:925} INFO - DAG(s) 'read_dataset_event', 'read_dataset_event_from_classic' retrieved from /home/airflow/.local/lib/python3.12/site-packages/airflow/example_dags/example_inlet_event_extra.py
[2025-06-26T22:59:51.830+0000] {logging_mixin.py:190} INFO - [2025-06-26T22:59:51.829+0000] {dag.py:3239} INFO - Sync 2 DAGs
[2025-06-26T22:59:51.852+0000] {logging_mixin.py:190} INFO - [2025-06-26T22:59:51.852+0000] {dag.py:4180} INFO - Setting next_dagrun for read_dataset_event to 2025-06-25 00:00:00+00:00, run_after=2025-06-26 00:00:00+00:00
[2025-06-26T22:59:51.858+0000] {logging_mixin.py:190} INFO - [2025-06-26T22:59:51.858+0000] {dag.py:4180} INFO - Setting next_dagrun for read_dataset_event_from_classic to 2025-06-25 00:00:00+00:00, run_after=2025-06-26 00:00:00+00:00
[2025-06-26T22:59:52.039+0000] {processor.py:208} INFO - Processing /home/airflow/.local/lib/python3.12/site-packages/airflow/example_dags/example_inlet_event_extra.py took 0.369 seconds
[2025-06-26T23:00:22.209+0000] {processor.py:186} INFO - Started process (PID=2159) to work on /home/airflow/.local/lib/python3.12/site-packages/airflow/example_dags/example_inlet_event_extra.py
[2025-06-26T23:00:22.210+0000] {processor.py:914} INFO - Processing file /home/airflow/.local/lib/python3.12/site-packages/airflow/example_dags/example_inlet_event_extra.py for tasks to queue
[2025-06-26T23:00:22.213+0000] {logging_mixin.py:190} INFO - [2025-06-26T23:00:22.213+0000] {dagbag.py:588} INFO - Filling up the DagBag from /home/airflow/.local/lib/python3.12/site-packages/airflow/example_dags/example_inlet_event_extra.py
[2025-06-26T23:00:22.344+0000] {processor.py:925} INFO - DAG(s) 'read_dataset_event', 'read_dataset_event_from_classic' retrieved from /home/airflow/.local/lib/python3.12/site-packages/airflow/example_dags/example_inlet_event_extra.py
[2025-06-26T23:00:22.367+0000] {logging_mixin.py:190} INFO - [2025-06-26T23:00:22.367+0000] {dag.py:3239} INFO - Sync 2 DAGs
[2025-06-26T23:00:22.389+0000] {logging_mixin.py:190} INFO - [2025-06-26T23:00:22.388+0000] {dag.py:4180} INFO - Setting next_dagrun for read_dataset_event to 2025-06-25 00:00:00+00:00, run_after=2025-06-26 00:00:00+00:00
[2025-06-26T23:00:22.394+0000] {logging_mixin.py:190} INFO - [2025-06-26T23:00:22.394+0000] {dag.py:4180} INFO - Setting next_dagrun for read_dataset_event_from_classic to 2025-06-25 00:00:00+00:00, run_after=2025-06-26 00:00:00+00:00
[2025-06-26T23:00:22.415+0000] {processor.py:208} INFO - Processing /home/airflow/.local/lib/python3.12/site-packages/airflow/example_dags/example_inlet_event_extra.py took 0.214 seconds
[2025-06-26T23:00:52.680+0000] {processor.py:186} INFO - Started process (PID=2218) to work on /home/airflow/.local/lib/python3.12/site-packages/airflow/example_dags/example_inlet_event_extra.py
[2025-06-26T23:00:52.681+0000] {processor.py:914} INFO - Processing file /home/airflow/.local/lib/python3.12/site-packages/airflow/example_dags/example_inlet_event_extra.py for tasks to queue
[2025-06-26T23:00:52.684+0000] {logging_mixin.py:190} INFO - [2025-06-26T23:00:52.683+0000] {dagbag.py:588} INFO - Filling up the DagBag from /home/airflow/.local/lib/python3.12/site-packages/airflow/example_dags/example_inlet_event_extra.py
[2025-06-26T23:00:52.800+0000] {processor.py:925} INFO - DAG(s) 'read_dataset_event_from_classic', 'read_dataset_event' retrieved from /home/airflow/.local/lib/python3.12/site-packages/airflow/example_dags/example_inlet_event_extra.py
[2025-06-26T23:00:52.974+0000] {logging_mixin.py:190} INFO - [2025-06-26T23:00:52.974+0000] {dag.py:3239} INFO - Sync 2 DAGs
[2025-06-26T23:00:52.991+0000] {logging_mixin.py:190} INFO - [2025-06-26T23:00:52.991+0000] {dag.py:4180} INFO - Setting next_dagrun for read_dataset_event to 2025-06-25 00:00:00+00:00, run_after=2025-06-26 00:00:00+00:00
[2025-06-26T23:00:52.996+0000] {logging_mixin.py:190} INFO - [2025-06-26T23:00:52.995+0000] {dag.py:4180} INFO - Setting next_dagrun for read_dataset_event_from_classic to 2025-06-25 00:00:00+00:00, run_after=2025-06-26 00:00:00+00:00
[2025-06-26T23:00:53.009+0000] {processor.py:208} INFO - Processing /home/airflow/.local/lib/python3.12/site-packages/airflow/example_dags/example_inlet_event_extra.py took 0.335 seconds
[2025-06-26T23:01:23.387+0000] {processor.py:186} INFO - Started process (PID=2280) to work on /home/airflow/.local/lib/python3.12/site-packages/airflow/example_dags/example_inlet_event_extra.py
[2025-06-26T23:01:23.388+0000] {processor.py:914} INFO - Processing file /home/airflow/.local/lib/python3.12/site-packages/airflow/example_dags/example_inlet_event_extra.py for tasks to queue
[2025-06-26T23:01:23.390+0000] {logging_mixin.py:190} INFO - [2025-06-26T23:01:23.390+0000] {dagbag.py:588} INFO - Filling up the DagBag from /home/airflow/.local/lib/python3.12/site-packages/airflow/example_dags/example_inlet_event_extra.py
[2025-06-26T23:01:23.516+0000] {processor.py:925} INFO - DAG(s) 'read_dataset_event', 'read_dataset_event_from_classic' retrieved from /home/airflow/.local/lib/python3.12/site-packages/airflow/example_dags/example_inlet_event_extra.py
[2025-06-26T23:01:23.536+0000] {logging_mixin.py:190} INFO - [2025-06-26T23:01:23.536+0000] {dag.py:3239} INFO - Sync 2 DAGs
[2025-06-26T23:01:23.726+0000] {logging_mixin.py:190} INFO - [2025-06-26T23:01:23.726+0000] {dag.py:4180} INFO - Setting next_dagrun for read_dataset_event to 2025-06-25 00:00:00+00:00, run_after=2025-06-26 00:00:00+00:00
[2025-06-26T23:01:23.732+0000] {logging_mixin.py:190} INFO - [2025-06-26T23:01:23.732+0000] {dag.py:4180} INFO - Setting next_dagrun for read_dataset_event_from_classic to 2025-06-25 00:00:00+00:00, run_after=2025-06-26 00:00:00+00:00
[2025-06-26T23:01:23.750+0000] {processor.py:208} INFO - Processing /home/airflow/.local/lib/python3.12/site-packages/airflow/example_dags/example_inlet_event_extra.py took 0.369 seconds
[2025-06-26T23:01:54.439+0000] {processor.py:186} INFO - Started process (PID=2342) to work on /home/airflow/.local/lib/python3.12/site-packages/airflow/example_dags/example_inlet_event_extra.py
[2025-06-26T23:01:54.440+0000] {processor.py:914} INFO - Processing file /home/airflow/.local/lib/python3.12/site-packages/airflow/example_dags/example_inlet_event_extra.py for tasks to queue
[2025-06-26T23:01:54.443+0000] {logging_mixin.py:190} INFO - [2025-06-26T23:01:54.442+0000] {dagbag.py:588} INFO - Filling up the DagBag from /home/airflow/.local/lib/python3.12/site-packages/airflow/example_dags/example_inlet_event_extra.py
[2025-06-26T23:01:54.635+0000] {processor.py:925} INFO - DAG(s) 'read_dataset_event_from_classic', 'read_dataset_event' retrieved from /home/airflow/.local/lib/python3.12/site-packages/airflow/example_dags/example_inlet_event_extra.py
[2025-06-26T23:01:54.666+0000] {logging_mixin.py:190} INFO - [2025-06-26T23:01:54.666+0000] {dag.py:3239} INFO - Sync 2 DAGs
[2025-06-26T23:01:54.699+0000] {logging_mixin.py:190} INFO - [2025-06-26T23:01:54.699+0000] {dag.py:4180} INFO - Setting next_dagrun for read_dataset_event to 2025-06-25 00:00:00+00:00, run_after=2025-06-26 00:00:00+00:00
[2025-06-26T23:01:54.710+0000] {logging_mixin.py:190} INFO - [2025-06-26T23:01:54.710+0000] {dag.py:4180} INFO - Setting next_dagrun for read_dataset_event_from_classic to 2025-06-25 00:00:00+00:00, run_after=2025-06-26 00:00:00+00:00
[2025-06-26T23:01:55.224+0000] {processor.py:208} INFO - Processing /home/airflow/.local/lib/python3.12/site-packages/airflow/example_dags/example_inlet_event_extra.py took 0.791 seconds
[2025-06-26T23:02:25.286+0000] {processor.py:186} INFO - Started process (PID=2406) to work on /home/airflow/.local/lib/python3.12/site-packages/airflow/example_dags/example_inlet_event_extra.py
[2025-06-26T23:02:25.287+0000] {processor.py:914} INFO - Processing file /home/airflow/.local/lib/python3.12/site-packages/airflow/example_dags/example_inlet_event_extra.py for tasks to queue
[2025-06-26T23:02:25.290+0000] {logging_mixin.py:190} INFO - [2025-06-26T23:02:25.290+0000] {dagbag.py:588} INFO - Filling up the DagBag from /home/airflow/.local/lib/python3.12/site-packages/airflow/example_dags/example_inlet_event_extra.py
[2025-06-26T23:02:25.600+0000] {processor.py:925} INFO - DAG(s) 'read_dataset_event', 'read_dataset_event_from_classic' retrieved from /home/airflow/.local/lib/python3.12/site-packages/airflow/example_dags/example_inlet_event_extra.py
[2025-06-26T23:02:25.617+0000] {logging_mixin.py:190} INFO - [2025-06-26T23:02:25.616+0000] {dag.py:3239} INFO - Sync 2 DAGs
[2025-06-26T23:02:25.634+0000] {logging_mixin.py:190} INFO - [2025-06-26T23:02:25.634+0000] {dag.py:4180} INFO - Setting next_dagrun for read_dataset_event to 2025-06-25 00:00:00+00:00, run_after=2025-06-26 00:00:00+00:00
[2025-06-26T23:02:25.639+0000] {logging_mixin.py:190} INFO - [2025-06-26T23:02:25.638+0000] {dag.py:4180} INFO - Setting next_dagrun for read_dataset_event_from_classic to 2025-06-25 00:00:00+00:00, run_after=2025-06-26 00:00:00+00:00
[2025-06-26T23:02:25.657+0000] {processor.py:208} INFO - Processing /home/airflow/.local/lib/python3.12/site-packages/airflow/example_dags/example_inlet_event_extra.py took 0.378 seconds
[2025-06-26T23:02:56.052+0000] {processor.py:186} INFO - Started process (PID=2466) to work on /home/airflow/.local/lib/python3.12/site-packages/airflow/example_dags/example_inlet_event_extra.py
[2025-06-26T23:02:56.054+0000] {processor.py:914} INFO - Processing file /home/airflow/.local/lib/python3.12/site-packages/airflow/example_dags/example_inlet_event_extra.py for tasks to queue
[2025-06-26T23:02:56.059+0000] {logging_mixin.py:190} INFO - [2025-06-26T23:02:56.058+0000] {dagbag.py:588} INFO - Filling up the DagBag from /home/airflow/.local/lib/python3.12/site-packages/airflow/example_dags/example_inlet_event_extra.py
[2025-06-26T23:02:56.220+0000] {processor.py:925} INFO - DAG(s) 'read_dataset_event_from_classic', 'read_dataset_event' retrieved from /home/airflow/.local/lib/python3.12/site-packages/airflow/example_dags/example_inlet_event_extra.py
[2025-06-26T23:02:56.431+0000] {logging_mixin.py:190} INFO - [2025-06-26T23:02:56.431+0000] {dag.py:3239} INFO - Sync 2 DAGs
[2025-06-26T23:02:56.449+0000] {logging_mixin.py:190} INFO - [2025-06-26T23:02:56.449+0000] {dag.py:4180} INFO - Setting next_dagrun for read_dataset_event to 2025-06-25 00:00:00+00:00, run_after=2025-06-26 00:00:00+00:00
[2025-06-26T23:02:56.453+0000] {logging_mixin.py:190} INFO - [2025-06-26T23:02:56.453+0000] {dag.py:4180} INFO - Setting next_dagrun for read_dataset_event_from_classic to 2025-06-25 00:00:00+00:00, run_after=2025-06-26 00:00:00+00:00
[2025-06-26T23:02:56.469+0000] {processor.py:208} INFO - Processing /home/airflow/.local/lib/python3.12/site-packages/airflow/example_dags/example_inlet_event_extra.py took 0.424 seconds
[2025-06-26T23:03:26.870+0000] {processor.py:186} INFO - Started process (PID=2528) to work on /home/airflow/.local/lib/python3.12/site-packages/airflow/example_dags/example_inlet_event_extra.py
[2025-06-26T23:03:26.871+0000] {processor.py:914} INFO - Processing file /home/airflow/.local/lib/python3.12/site-packages/airflow/example_dags/example_inlet_event_extra.py for tasks to queue
[2025-06-26T23:03:26.874+0000] {logging_mixin.py:190} INFO - [2025-06-26T23:03:26.873+0000] {dagbag.py:588} INFO - Filling up the DagBag from /home/airflow/.local/lib/python3.12/site-packages/airflow/example_dags/example_inlet_event_extra.py
[2025-06-26T23:03:27.008+0000] {processor.py:925} INFO - DAG(s) 'read_dataset_event_from_classic', 'read_dataset_event' retrieved from /home/airflow/.local/lib/python3.12/site-packages/airflow/example_dags/example_inlet_event_extra.py
[2025-06-26T23:03:27.030+0000] {logging_mixin.py:190} INFO - [2025-06-26T23:03:27.030+0000] {dag.py:3239} INFO - Sync 2 DAGs
[2025-06-26T23:03:27.232+0000] {logging_mixin.py:190} INFO - [2025-06-26T23:03:27.232+0000] {dag.py:4180} INFO - Setting next_dagrun for read_dataset_event to 2025-06-25 00:00:00+00:00, run_after=2025-06-26 00:00:00+00:00
[2025-06-26T23:03:27.236+0000] {logging_mixin.py:190} INFO - [2025-06-26T23:03:27.236+0000] {dag.py:4180} INFO - Setting next_dagrun for read_dataset_event_from_classic to 2025-06-25 00:00:00+00:00, run_after=2025-06-26 00:00:00+00:00
[2025-06-26T23:03:27.252+0000] {processor.py:208} INFO - Processing /home/airflow/.local/lib/python3.12/site-packages/airflow/example_dags/example_inlet_event_extra.py took 0.387 seconds
[2025-06-26T23:03:57.442+0000] {processor.py:186} INFO - Started process (PID=2591) to work on /home/airflow/.local/lib/python3.12/site-packages/airflow/example_dags/example_inlet_event_extra.py
[2025-06-26T23:03:57.443+0000] {processor.py:914} INFO - Processing file /home/airflow/.local/lib/python3.12/site-packages/airflow/example_dags/example_inlet_event_extra.py for tasks to queue
[2025-06-26T23:03:57.445+0000] {logging_mixin.py:190} INFO - [2025-06-26T23:03:57.445+0000] {dagbag.py:588} INFO - Filling up the DagBag from /home/airflow/.local/lib/python3.12/site-packages/airflow/example_dags/example_inlet_event_extra.py
[2025-06-26T23:03:57.766+0000] {processor.py:925} INFO - DAG(s) 'read_dataset_event', 'read_dataset_event_from_classic' retrieved from /home/airflow/.local/lib/python3.12/site-packages/airflow/example_dags/example_inlet_event_extra.py
[2025-06-26T23:03:57.784+0000] {logging_mixin.py:190} INFO - [2025-06-26T23:03:57.784+0000] {dag.py:3239} INFO - Sync 2 DAGs
[2025-06-26T23:03:57.809+0000] {logging_mixin.py:190} INFO - [2025-06-26T23:03:57.809+0000] {dag.py:4180} INFO - Setting next_dagrun for read_dataset_event to 2025-06-25 00:00:00+00:00, run_after=2025-06-26 00:00:00+00:00
[2025-06-26T23:03:57.817+0000] {logging_mixin.py:190} INFO - [2025-06-26T23:03:57.817+0000] {dag.py:4180} INFO - Setting next_dagrun for read_dataset_event_from_classic to 2025-06-25 00:00:00+00:00, run_after=2025-06-26 00:00:00+00:00
[2025-06-26T23:03:57.838+0000] {processor.py:208} INFO - Processing /home/airflow/.local/lib/python3.12/site-packages/airflow/example_dags/example_inlet_event_extra.py took 0.401 seconds
[2025-06-26T23:04:28.282+0000] {processor.py:186} INFO - Started process (PID=2652) to work on /home/airflow/.local/lib/python3.12/site-packages/airflow/example_dags/example_inlet_event_extra.py
[2025-06-26T23:04:28.283+0000] {processor.py:914} INFO - Processing file /home/airflow/.local/lib/python3.12/site-packages/airflow/example_dags/example_inlet_event_extra.py for tasks to queue
[2025-06-26T23:04:28.285+0000] {logging_mixin.py:190} INFO - [2025-06-26T23:04:28.285+0000] {dagbag.py:588} INFO - Filling up the DagBag from /home/airflow/.local/lib/python3.12/site-packages/airflow/example_dags/example_inlet_event_extra.py
[2025-06-26T23:04:28.583+0000] {processor.py:925} INFO - DAG(s) 'read_dataset_event_from_classic', 'read_dataset_event' retrieved from /home/airflow/.local/lib/python3.12/site-packages/airflow/example_dags/example_inlet_event_extra.py
[2025-06-26T23:04:28.600+0000] {logging_mixin.py:190} INFO - [2025-06-26T23:04:28.600+0000] {dag.py:3239} INFO - Sync 2 DAGs
[2025-06-26T23:04:28.618+0000] {logging_mixin.py:190} INFO - [2025-06-26T23:04:28.617+0000] {dag.py:4180} INFO - Setting next_dagrun for read_dataset_event to 2025-06-25 00:00:00+00:00, run_after=2025-06-26 00:00:00+00:00
[2025-06-26T23:04:28.622+0000] {logging_mixin.py:190} INFO - [2025-06-26T23:04:28.621+0000] {dag.py:4180} INFO - Setting next_dagrun for read_dataset_event_from_classic to 2025-06-25 00:00:00+00:00, run_after=2025-06-26 00:00:00+00:00
[2025-06-26T23:04:28.639+0000] {processor.py:208} INFO - Processing /home/airflow/.local/lib/python3.12/site-packages/airflow/example_dags/example_inlet_event_extra.py took 0.365 seconds
[2025-06-26T23:04:58.795+0000] {processor.py:186} INFO - Started process (PID=2714) to work on /home/airflow/.local/lib/python3.12/site-packages/airflow/example_dags/example_inlet_event_extra.py
[2025-06-26T23:04:58.796+0000] {processor.py:914} INFO - Processing file /home/airflow/.local/lib/python3.12/site-packages/airflow/example_dags/example_inlet_event_extra.py for tasks to queue
[2025-06-26T23:04:58.799+0000] {logging_mixin.py:190} INFO - [2025-06-26T23:04:58.799+0000] {dagbag.py:588} INFO - Filling up the DagBag from /home/airflow/.local/lib/python3.12/site-packages/airflow/example_dags/example_inlet_event_extra.py
[2025-06-26T23:04:58.966+0000] {processor.py:925} INFO - DAG(s) 'read_dataset_event', 'read_dataset_event_from_classic' retrieved from /home/airflow/.local/lib/python3.12/site-packages/airflow/example_dags/example_inlet_event_extra.py
[2025-06-26T23:04:59.179+0000] {logging_mixin.py:190} INFO - [2025-06-26T23:04:59.179+0000] {dag.py:3239} INFO - Sync 2 DAGs
[2025-06-26T23:04:59.197+0000] {logging_mixin.py:190} INFO - [2025-06-26T23:04:59.197+0000] {dag.py:4180} INFO - Setting next_dagrun for read_dataset_event to 2025-06-25 00:00:00+00:00, run_after=2025-06-26 00:00:00+00:00
[2025-06-26T23:04:59.202+0000] {logging_mixin.py:190} INFO - [2025-06-26T23:04:59.202+0000] {dag.py:4180} INFO - Setting next_dagrun for read_dataset_event_from_classic to 2025-06-25 00:00:00+00:00, run_after=2025-06-26 00:00:00+00:00
[2025-06-26T23:04:59.217+0000] {processor.py:208} INFO - Processing /home/airflow/.local/lib/python3.12/site-packages/airflow/example_dags/example_inlet_event_extra.py took 0.428 seconds
[2025-06-26T23:05:30.355+0000] {processor.py:186} INFO - Started process (PID=2777) to work on /home/airflow/.local/lib/python3.12/site-packages/airflow/example_dags/example_inlet_event_extra.py
[2025-06-26T23:05:30.356+0000] {processor.py:914} INFO - Processing file /home/airflow/.local/lib/python3.12/site-packages/airflow/example_dags/example_inlet_event_extra.py for tasks to queue
[2025-06-26T23:05:30.358+0000] {logging_mixin.py:190} INFO - [2025-06-26T23:05:30.358+0000] {dagbag.py:588} INFO - Filling up the DagBag from /home/airflow/.local/lib/python3.12/site-packages/airflow/example_dags/example_inlet_event_extra.py
[2025-06-26T23:05:30.669+0000] {processor.py:925} INFO - DAG(s) 'read_dataset_event', 'read_dataset_event_from_classic' retrieved from /home/airflow/.local/lib/python3.12/site-packages/airflow/example_dags/example_inlet_event_extra.py
[2025-06-26T23:05:30.689+0000] {logging_mixin.py:190} INFO - [2025-06-26T23:05:30.689+0000] {dag.py:3239} INFO - Sync 2 DAGs
[2025-06-26T23:05:30.713+0000] {logging_mixin.py:190} INFO - [2025-06-26T23:05:30.713+0000] {dag.py:4180} INFO - Setting next_dagrun for read_dataset_event to 2025-06-25 00:00:00+00:00, run_after=2025-06-26 00:00:00+00:00
[2025-06-26T23:05:30.717+0000] {logging_mixin.py:190} INFO - [2025-06-26T23:05:30.717+0000] {dag.py:4180} INFO - Setting next_dagrun for read_dataset_event_from_classic to 2025-06-25 00:00:00+00:00, run_after=2025-06-26 00:00:00+00:00
[2025-06-26T23:05:30.733+0000] {processor.py:208} INFO - Processing /home/airflow/.local/lib/python3.12/site-packages/airflow/example_dags/example_inlet_event_extra.py took 0.384 seconds
[2025-06-26T23:06:01.148+0000] {processor.py:186} INFO - Started process (PID=2838) to work on /home/airflow/.local/lib/python3.12/site-packages/airflow/example_dags/example_inlet_event_extra.py
[2025-06-26T23:06:01.149+0000] {processor.py:914} INFO - Processing file /home/airflow/.local/lib/python3.12/site-packages/airflow/example_dags/example_inlet_event_extra.py for tasks to queue
[2025-06-26T23:06:01.152+0000] {logging_mixin.py:190} INFO - [2025-06-26T23:06:01.151+0000] {dagbag.py:588} INFO - Filling up the DagBag from /home/airflow/.local/lib/python3.12/site-packages/airflow/example_dags/example_inlet_event_extra.py
[2025-06-26T23:06:01.441+0000] {processor.py:925} INFO - DAG(s) 'read_dataset_event_from_classic', 'read_dataset_event' retrieved from /home/airflow/.local/lib/python3.12/site-packages/airflow/example_dags/example_inlet_event_extra.py
[2025-06-26T23:06:01.458+0000] {logging_mixin.py:190} INFO - [2025-06-26T23:06:01.458+0000] {dag.py:3239} INFO - Sync 2 DAGs
[2025-06-26T23:06:01.476+0000] {logging_mixin.py:190} INFO - [2025-06-26T23:06:01.476+0000] {dag.py:4180} INFO - Setting next_dagrun for read_dataset_event to 2025-06-25 00:00:00+00:00, run_after=2025-06-26 00:00:00+00:00
[2025-06-26T23:06:01.480+0000] {logging_mixin.py:190} INFO - [2025-06-26T23:06:01.480+0000] {dag.py:4180} INFO - Setting next_dagrun for read_dataset_event_from_classic to 2025-06-25 00:00:00+00:00, run_after=2025-06-26 00:00:00+00:00
[2025-06-26T23:06:01.498+0000] {processor.py:208} INFO - Processing /home/airflow/.local/lib/python3.12/site-packages/airflow/example_dags/example_inlet_event_extra.py took 0.355 seconds
[2025-06-26T23:06:31.860+0000] {processor.py:186} INFO - Started process (PID=2900) to work on /home/airflow/.local/lib/python3.12/site-packages/airflow/example_dags/example_inlet_event_extra.py
[2025-06-26T23:06:31.862+0000] {processor.py:914} INFO - Processing file /home/airflow/.local/lib/python3.12/site-packages/airflow/example_dags/example_inlet_event_extra.py for tasks to queue
[2025-06-26T23:06:31.866+0000] {logging_mixin.py:190} INFO - [2025-06-26T23:06:31.865+0000] {dagbag.py:588} INFO - Filling up the DagBag from /home/airflow/.local/lib/python3.12/site-packages/airflow/example_dags/example_inlet_event_extra.py
[2025-06-26T23:06:32.190+0000] {processor.py:925} INFO - DAG(s) 'read_dataset_event', 'read_dataset_event_from_classic' retrieved from /home/airflow/.local/lib/python3.12/site-packages/airflow/example_dags/example_inlet_event_extra.py
[2025-06-26T23:06:32.214+0000] {logging_mixin.py:190} INFO - [2025-06-26T23:06:32.213+0000] {dag.py:3239} INFO - Sync 2 DAGs
[2025-06-26T23:06:32.232+0000] {logging_mixin.py:190} INFO - [2025-06-26T23:06:32.232+0000] {dag.py:4180} INFO - Setting next_dagrun for read_dataset_event to 2025-06-25 00:00:00+00:00, run_after=2025-06-26 00:00:00+00:00
[2025-06-26T23:06:32.236+0000] {logging_mixin.py:190} INFO - [2025-06-26T23:06:32.236+0000] {dag.py:4180} INFO - Setting next_dagrun for read_dataset_event_from_classic to 2025-06-25 00:00:00+00:00, run_after=2025-06-26 00:00:00+00:00
[2025-06-26T23:06:32.254+0000] {processor.py:208} INFO - Processing /home/airflow/.local/lib/python3.12/site-packages/airflow/example_dags/example_inlet_event_extra.py took 0.401 seconds
[2025-06-26T23:07:02.787+0000] {processor.py:186} INFO - Started process (PID=2962) to work on /home/airflow/.local/lib/python3.12/site-packages/airflow/example_dags/example_inlet_event_extra.py
[2025-06-26T23:07:02.788+0000] {processor.py:914} INFO - Processing file /home/airflow/.local/lib/python3.12/site-packages/airflow/example_dags/example_inlet_event_extra.py for tasks to queue
[2025-06-26T23:07:02.791+0000] {logging_mixin.py:190} INFO - [2025-06-26T23:07:02.790+0000] {dagbag.py:588} INFO - Filling up the DagBag from /home/airflow/.local/lib/python3.12/site-packages/airflow/example_dags/example_inlet_event_extra.py
[2025-06-26T23:07:03.071+0000] {processor.py:925} INFO - DAG(s) 'read_dataset_event', 'read_dataset_event_from_classic' retrieved from /home/airflow/.local/lib/python3.12/site-packages/airflow/example_dags/example_inlet_event_extra.py
[2025-06-26T23:07:03.088+0000] {logging_mixin.py:190} INFO - [2025-06-26T23:07:03.088+0000] {dag.py:3239} INFO - Sync 2 DAGs
[2025-06-26T23:07:03.107+0000] {logging_mixin.py:190} INFO - [2025-06-26T23:07:03.107+0000] {dag.py:4180} INFO - Setting next_dagrun for read_dataset_event to 2025-06-25 00:00:00+00:00, run_after=2025-06-26 00:00:00+00:00
[2025-06-26T23:07:03.111+0000] {logging_mixin.py:190} INFO - [2025-06-26T23:07:03.111+0000] {dag.py:4180} INFO - Setting next_dagrun for read_dataset_event_from_classic to 2025-06-25 00:00:00+00:00, run_after=2025-06-26 00:00:00+00:00
[2025-06-26T23:07:03.127+0000] {processor.py:208} INFO - Processing /home/airflow/.local/lib/python3.12/site-packages/airflow/example_dags/example_inlet_event_extra.py took 0.345 seconds
[2025-06-26T23:07:33.548+0000] {processor.py:186} INFO - Started process (PID=3024) to work on /home/airflow/.local/lib/python3.12/site-packages/airflow/example_dags/example_inlet_event_extra.py
[2025-06-26T23:07:33.549+0000] {processor.py:914} INFO - Processing file /home/airflow/.local/lib/python3.12/site-packages/airflow/example_dags/example_inlet_event_extra.py for tasks to queue
[2025-06-26T23:07:33.551+0000] {logging_mixin.py:190} INFO - [2025-06-26T23:07:33.551+0000] {dagbag.py:588} INFO - Filling up the DagBag from /home/airflow/.local/lib/python3.12/site-packages/airflow/example_dags/example_inlet_event_extra.py
[2025-06-26T23:07:33.839+0000] {processor.py:925} INFO - DAG(s) 'read_dataset_event_from_classic', 'read_dataset_event' retrieved from /home/airflow/.local/lib/python3.12/site-packages/airflow/example_dags/example_inlet_event_extra.py
[2025-06-26T23:07:33.855+0000] {logging_mixin.py:190} INFO - [2025-06-26T23:07:33.855+0000] {dag.py:3239} INFO - Sync 2 DAGs
[2025-06-26T23:07:33.876+0000] {logging_mixin.py:190} INFO - [2025-06-26T23:07:33.875+0000] {dag.py:4180} INFO - Setting next_dagrun for read_dataset_event to 2025-06-25 00:00:00+00:00, run_after=2025-06-26 00:00:00+00:00
[2025-06-26T23:07:33.880+0000] {logging_mixin.py:190} INFO - [2025-06-26T23:07:33.880+0000] {dag.py:4180} INFO - Setting next_dagrun for read_dataset_event_from_classic to 2025-06-25 00:00:00+00:00, run_after=2025-06-26 00:00:00+00:00
[2025-06-26T23:07:33.895+0000] {processor.py:208} INFO - Processing /home/airflow/.local/lib/python3.12/site-packages/airflow/example_dags/example_inlet_event_extra.py took 0.353 seconds
[2025-06-26T23:08:04.853+0000] {processor.py:186} INFO - Started process (PID=3088) to work on /home/airflow/.local/lib/python3.12/site-packages/airflow/example_dags/example_inlet_event_extra.py
[2025-06-26T23:08:04.854+0000] {processor.py:914} INFO - Processing file /home/airflow/.local/lib/python3.12/site-packages/airflow/example_dags/example_inlet_event_extra.py for tasks to queue
[2025-06-26T23:08:04.856+0000] {logging_mixin.py:190} INFO - [2025-06-26T23:08:04.856+0000] {dagbag.py:588} INFO - Filling up the DagBag from /home/airflow/.local/lib/python3.12/site-packages/airflow/example_dags/example_inlet_event_extra.py
[2025-06-26T23:08:05.140+0000] {processor.py:925} INFO - DAG(s) 'read_dataset_event', 'read_dataset_event_from_classic' retrieved from /home/airflow/.local/lib/python3.12/site-packages/airflow/example_dags/example_inlet_event_extra.py
[2025-06-26T23:08:05.157+0000] {logging_mixin.py:190} INFO - [2025-06-26T23:08:05.157+0000] {dag.py:3239} INFO - Sync 2 DAGs
[2025-06-26T23:08:05.174+0000] {logging_mixin.py:190} INFO - [2025-06-26T23:08:05.174+0000] {dag.py:4180} INFO - Setting next_dagrun for read_dataset_event to 2025-06-25 00:00:00+00:00, run_after=2025-06-26 00:00:00+00:00
[2025-06-26T23:08:05.178+0000] {logging_mixin.py:190} INFO - [2025-06-26T23:08:05.178+0000] {dag.py:4180} INFO - Setting next_dagrun for read_dataset_event_from_classic to 2025-06-25 00:00:00+00:00, run_after=2025-06-26 00:00:00+00:00
[2025-06-26T23:08:05.194+0000] {processor.py:208} INFO - Processing /home/airflow/.local/lib/python3.12/site-packages/airflow/example_dags/example_inlet_event_extra.py took 0.346 seconds
[2025-06-26T23:08:35.561+0000] {processor.py:186} INFO - Started process (PID=3154) to work on /home/airflow/.local/lib/python3.12/site-packages/airflow/example_dags/example_inlet_event_extra.py
[2025-06-26T23:08:35.562+0000] {processor.py:914} INFO - Processing file /home/airflow/.local/lib/python3.12/site-packages/airflow/example_dags/example_inlet_event_extra.py for tasks to queue
[2025-06-26T23:08:35.565+0000] {logging_mixin.py:190} INFO - [2025-06-26T23:08:35.565+0000] {dagbag.py:588} INFO - Filling up the DagBag from /home/airflow/.local/lib/python3.12/site-packages/airflow/example_dags/example_inlet_event_extra.py
[2025-06-26T23:08:35.868+0000] {processor.py:925} INFO - DAG(s) 'read_dataset_event', 'read_dataset_event_from_classic' retrieved from /home/airflow/.local/lib/python3.12/site-packages/airflow/example_dags/example_inlet_event_extra.py
[2025-06-26T23:08:35.887+0000] {logging_mixin.py:190} INFO - [2025-06-26T23:08:35.887+0000] {dag.py:3239} INFO - Sync 2 DAGs
[2025-06-26T23:08:35.906+0000] {logging_mixin.py:190} INFO - [2025-06-26T23:08:35.905+0000] {dag.py:4180} INFO - Setting next_dagrun for read_dataset_event to 2025-06-25 00:00:00+00:00, run_after=2025-06-26 00:00:00+00:00
[2025-06-26T23:08:35.910+0000] {logging_mixin.py:190} INFO - [2025-06-26T23:08:35.909+0000] {dag.py:4180} INFO - Setting next_dagrun for read_dataset_event_from_classic to 2025-06-25 00:00:00+00:00, run_after=2025-06-26 00:00:00+00:00
[2025-06-26T23:08:35.926+0000] {processor.py:208} INFO - Processing /home/airflow/.local/lib/python3.12/site-packages/airflow/example_dags/example_inlet_event_extra.py took 0.370 seconds
[2025-06-26T23:09:06.468+0000] {processor.py:186} INFO - Started process (PID=3216) to work on /home/airflow/.local/lib/python3.12/site-packages/airflow/example_dags/example_inlet_event_extra.py
[2025-06-26T23:09:06.469+0000] {processor.py:914} INFO - Processing file /home/airflow/.local/lib/python3.12/site-packages/airflow/example_dags/example_inlet_event_extra.py for tasks to queue
[2025-06-26T23:09:06.472+0000] {logging_mixin.py:190} INFO - [2025-06-26T23:09:06.472+0000] {dagbag.py:588} INFO - Filling up the DagBag from /home/airflow/.local/lib/python3.12/site-packages/airflow/example_dags/example_inlet_event_extra.py
[2025-06-26T23:09:06.754+0000] {processor.py:925} INFO - DAG(s) 'read_dataset_event', 'read_dataset_event_from_classic' retrieved from /home/airflow/.local/lib/python3.12/site-packages/airflow/example_dags/example_inlet_event_extra.py
[2025-06-26T23:09:06.773+0000] {logging_mixin.py:190} INFO - [2025-06-26T23:09:06.772+0000] {dag.py:3239} INFO - Sync 2 DAGs
[2025-06-26T23:09:06.790+0000] {logging_mixin.py:190} INFO - [2025-06-26T23:09:06.790+0000] {dag.py:4180} INFO - Setting next_dagrun for read_dataset_event to 2025-06-25 00:00:00+00:00, run_after=2025-06-26 00:00:00+00:00
[2025-06-26T23:09:06.795+0000] {logging_mixin.py:190} INFO - [2025-06-26T23:09:06.795+0000] {dag.py:4180} INFO - Setting next_dagrun for read_dataset_event_from_classic to 2025-06-25 00:00:00+00:00, run_after=2025-06-26 00:00:00+00:00
[2025-06-26T23:09:06.810+0000] {processor.py:208} INFO - Processing /home/airflow/.local/lib/python3.12/site-packages/airflow/example_dags/example_inlet_event_extra.py took 0.350 seconds
[2025-06-26T23:09:37.648+0000] {processor.py:186} INFO - Started process (PID=3279) to work on /home/airflow/.local/lib/python3.12/site-packages/airflow/example_dags/example_inlet_event_extra.py
[2025-06-26T23:09:37.650+0000] {processor.py:914} INFO - Processing file /home/airflow/.local/lib/python3.12/site-packages/airflow/example_dags/example_inlet_event_extra.py for tasks to queue
[2025-06-26T23:09:37.652+0000] {logging_mixin.py:190} INFO - [2025-06-26T23:09:37.651+0000] {dagbag.py:588} INFO - Filling up the DagBag from /home/airflow/.local/lib/python3.12/site-packages/airflow/example_dags/example_inlet_event_extra.py
[2025-06-26T23:09:37.926+0000] {processor.py:925} INFO - DAG(s) 'read_dataset_event_from_classic', 'read_dataset_event' retrieved from /home/airflow/.local/lib/python3.12/site-packages/airflow/example_dags/example_inlet_event_extra.py
[2025-06-26T23:09:37.943+0000] {logging_mixin.py:190} INFO - [2025-06-26T23:09:37.943+0000] {dag.py:3239} INFO - Sync 2 DAGs
[2025-06-26T23:09:37.964+0000] {logging_mixin.py:190} INFO - [2025-06-26T23:09:37.964+0000] {dag.py:4180} INFO - Setting next_dagrun for read_dataset_event to 2025-06-25 00:00:00+00:00, run_after=2025-06-26 00:00:00+00:00
[2025-06-26T23:09:37.969+0000] {logging_mixin.py:190} INFO - [2025-06-26T23:09:37.968+0000] {dag.py:4180} INFO - Setting next_dagrun for read_dataset_event_from_classic to 2025-06-25 00:00:00+00:00, run_after=2025-06-26 00:00:00+00:00
[2025-06-26T23:09:37.982+0000] {processor.py:208} INFO - Processing /home/airflow/.local/lib/python3.12/site-packages/airflow/example_dags/example_inlet_event_extra.py took 0.339 seconds
[2025-06-26T23:10:09.399+0000] {processor.py:186} INFO - Started process (PID=3341) to work on /home/airflow/.local/lib/python3.12/site-packages/airflow/example_dags/example_inlet_event_extra.py
[2025-06-26T23:10:09.401+0000] {processor.py:914} INFO - Processing file /home/airflow/.local/lib/python3.12/site-packages/airflow/example_dags/example_inlet_event_extra.py for tasks to queue
[2025-06-26T23:10:09.403+0000] {logging_mixin.py:190} INFO - [2025-06-26T23:10:09.403+0000] {dagbag.py:588} INFO - Filling up the DagBag from /home/airflow/.local/lib/python3.12/site-packages/airflow/example_dags/example_inlet_event_extra.py
[2025-06-26T23:10:09.698+0000] {processor.py:925} INFO - DAG(s) 'read_dataset_event', 'read_dataset_event_from_classic' retrieved from /home/airflow/.local/lib/python3.12/site-packages/airflow/example_dags/example_inlet_event_extra.py
[2025-06-26T23:10:09.716+0000] {logging_mixin.py:190} INFO - [2025-06-26T23:10:09.716+0000] {dag.py:3239} INFO - Sync 2 DAGs
[2025-06-26T23:10:09.734+0000] {logging_mixin.py:190} INFO - [2025-06-26T23:10:09.733+0000] {dag.py:4180} INFO - Setting next_dagrun for read_dataset_event to 2025-06-25 00:00:00+00:00, run_after=2025-06-26 00:00:00+00:00
[2025-06-26T23:10:09.738+0000] {logging_mixin.py:190} INFO - [2025-06-26T23:10:09.738+0000] {dag.py:4180} INFO - Setting next_dagrun for read_dataset_event_from_classic to 2025-06-25 00:00:00+00:00, run_after=2025-06-26 00:00:00+00:00
[2025-06-26T23:10:09.754+0000] {processor.py:208} INFO - Processing /home/airflow/.local/lib/python3.12/site-packages/airflow/example_dags/example_inlet_event_extra.py took 0.360 seconds
