[2025-06-26T22:43:29.896+0000] {processor.py:186} INFO - Started process (PID=62) to work on /home/airflow/.local/lib/python3.12/site-packages/airflow/example_dags/example_task_group.py
[2025-06-26T22:43:29.897+0000] {processor.py:914} INFO - Processing file /home/airflow/.local/lib/python3.12/site-packages/airflow/example_dags/example_task_group.py for tasks to queue
[2025-06-26T22:43:29.901+0000] {logging_mixin.py:190} INFO - [2025-06-26T22:43:29.901+0000] {dagbag.py:588} INFO - Filling up the DagBag from /home/airflow/.local/lib/python3.12/site-packages/airflow/example_dags/example_task_group.py
[2025-06-26T22:43:29.915+0000] {processor.py:925} INFO - DAG(s) 'example_task_group' retrieved from /home/airflow/.local/lib/python3.12/site-packages/airflow/example_dags/example_task_group.py
[2025-06-26T22:43:30.118+0000] {logging_mixin.py:190} INFO - [2025-06-26T22:43:30.117+0000] {override.py:1900} INFO - Created Permission View: can read on DAG:example_task_group
[2025-06-26T22:43:30.132+0000] {logging_mixin.py:190} INFO - [2025-06-26T22:43:30.132+0000] {override.py:1900} INFO - Created Permission View: can edit on DAG:example_task_group
[2025-06-26T22:43:30.142+0000] {logging_mixin.py:190} INFO - [2025-06-26T22:43:30.142+0000] {override.py:1900} INFO - Created Permission View: can delete on DAG:example_task_group
[2025-06-26T22:43:30.155+0000] {logging_mixin.py:190} INFO - [2025-06-26T22:43:30.155+0000] {override.py:1900} INFO - Created Permission View: can read on DAG Run:example_task_group
[2025-06-26T22:43:30.165+0000] {logging_mixin.py:190} INFO - [2025-06-26T22:43:30.164+0000] {override.py:1900} INFO - Created Permission View: can delete on DAG Run:example_task_group
[2025-06-26T22:43:30.174+0000] {logging_mixin.py:190} INFO - [2025-06-26T22:43:30.174+0000] {override.py:1900} INFO - Created Permission View: menu access on DAG Run:example_task_group
[2025-06-26T22:43:30.184+0000] {logging_mixin.py:190} INFO - [2025-06-26T22:43:30.183+0000] {override.py:1900} INFO - Created Permission View: can create on DAG Run:example_task_group
[2025-06-26T22:43:30.184+0000] {logging_mixin.py:190} INFO - [2025-06-26T22:43:30.184+0000] {dag.py:3239} INFO - Sync 1 DAGs
[2025-06-26T22:43:30.200+0000] {logging_mixin.py:190} INFO - [2025-06-26T22:43:30.199+0000] {dag.py:3262} INFO - Creating ORM DAG for example_task_group
[2025-06-26T22:43:30.201+0000] {logging_mixin.py:190} INFO - [2025-06-26T22:43:30.201+0000] {dag.py:4180} INFO - Setting next_dagrun for example_task_group to None, run_after=None
[2025-06-26T22:43:30.221+0000] {processor.py:208} INFO - Processing /home/airflow/.local/lib/python3.12/site-packages/airflow/example_dags/example_task_group.py took 0.334 seconds
[2025-06-26T22:44:00.978+0000] {processor.py:186} INFO - Started process (PID=124) to work on /home/airflow/.local/lib/python3.12/site-packages/airflow/example_dags/example_task_group.py
[2025-06-26T22:44:00.979+0000] {processor.py:914} INFO - Processing file /home/airflow/.local/lib/python3.12/site-packages/airflow/example_dags/example_task_group.py for tasks to queue
[2025-06-26T22:44:00.981+0000] {logging_mixin.py:190} INFO - [2025-06-26T22:44:00.981+0000] {dagbag.py:588} INFO - Filling up the DagBag from /home/airflow/.local/lib/python3.12/site-packages/airflow/example_dags/example_task_group.py
[2025-06-26T22:44:00.989+0000] {processor.py:925} INFO - DAG(s) 'example_task_group' retrieved from /home/airflow/.local/lib/python3.12/site-packages/airflow/example_dags/example_task_group.py
[2025-06-26T22:44:01.008+0000] {logging_mixin.py:190} INFO - [2025-06-26T22:44:01.008+0000] {dag.py:3239} INFO - Sync 1 DAGs
[2025-06-26T22:44:01.020+0000] {logging_mixin.py:190} INFO - [2025-06-26T22:44:01.020+0000] {dag.py:4180} INFO - Setting next_dagrun for example_task_group to None, run_after=None
[2025-06-26T22:44:01.041+0000] {processor.py:208} INFO - Processing /home/airflow/.local/lib/python3.12/site-packages/airflow/example_dags/example_task_group.py took 0.069 seconds
[2025-06-26T22:44:31.347+0000] {processor.py:186} INFO - Started process (PID=186) to work on /home/airflow/.local/lib/python3.12/site-packages/airflow/example_dags/example_task_group.py
[2025-06-26T22:44:31.348+0000] {processor.py:914} INFO - Processing file /home/airflow/.local/lib/python3.12/site-packages/airflow/example_dags/example_task_group.py for tasks to queue
[2025-06-26T22:44:31.350+0000] {logging_mixin.py:190} INFO - [2025-06-26T22:44:31.350+0000] {dagbag.py:588} INFO - Filling up the DagBag from /home/airflow/.local/lib/python3.12/site-packages/airflow/example_dags/example_task_group.py
[2025-06-26T22:44:31.357+0000] {processor.py:925} INFO - DAG(s) 'example_task_group' retrieved from /home/airflow/.local/lib/python3.12/site-packages/airflow/example_dags/example_task_group.py
[2025-06-26T22:44:31.378+0000] {logging_mixin.py:190} INFO - [2025-06-26T22:44:31.378+0000] {dag.py:3239} INFO - Sync 1 DAGs
[2025-06-26T22:44:31.390+0000] {logging_mixin.py:190} INFO - [2025-06-26T22:44:31.390+0000] {dag.py:4180} INFO - Setting next_dagrun for example_task_group to None, run_after=None
[2025-06-26T22:44:31.411+0000] {processor.py:208} INFO - Processing /home/airflow/.local/lib/python3.12/site-packages/airflow/example_dags/example_task_group.py took 0.070 seconds
[2025-06-26T22:45:01.826+0000] {processor.py:186} INFO - Started process (PID=248) to work on /home/airflow/.local/lib/python3.12/site-packages/airflow/example_dags/example_task_group.py
[2025-06-26T22:45:01.827+0000] {processor.py:914} INFO - Processing file /home/airflow/.local/lib/python3.12/site-packages/airflow/example_dags/example_task_group.py for tasks to queue
[2025-06-26T22:45:01.829+0000] {logging_mixin.py:190} INFO - [2025-06-26T22:45:01.828+0000] {dagbag.py:588} INFO - Filling up the DagBag from /home/airflow/.local/lib/python3.12/site-packages/airflow/example_dags/example_task_group.py
[2025-06-26T22:45:01.836+0000] {processor.py:925} INFO - DAG(s) 'example_task_group' retrieved from /home/airflow/.local/lib/python3.12/site-packages/airflow/example_dags/example_task_group.py
[2025-06-26T22:45:01.855+0000] {logging_mixin.py:190} INFO - [2025-06-26T22:45:01.854+0000] {dag.py:3239} INFO - Sync 1 DAGs
[2025-06-26T22:45:01.867+0000] {logging_mixin.py:190} INFO - [2025-06-26T22:45:01.867+0000] {dag.py:4180} INFO - Setting next_dagrun for example_task_group to None, run_after=None
[2025-06-26T22:45:01.887+0000] {processor.py:208} INFO - Processing /home/airflow/.local/lib/python3.12/site-packages/airflow/example_dags/example_task_group.py took 0.067 seconds
[2025-06-26T22:45:32.268+0000] {processor.py:186} INFO - Started process (PID=316) to work on /home/airflow/.local/lib/python3.12/site-packages/airflow/example_dags/example_task_group.py
[2025-06-26T22:45:32.269+0000] {processor.py:914} INFO - Processing file /home/airflow/.local/lib/python3.12/site-packages/airflow/example_dags/example_task_group.py for tasks to queue
[2025-06-26T22:45:32.273+0000] {logging_mixin.py:190} INFO - [2025-06-26T22:45:32.272+0000] {dagbag.py:588} INFO - Filling up the DagBag from /home/airflow/.local/lib/python3.12/site-packages/airflow/example_dags/example_task_group.py
[2025-06-26T22:45:32.283+0000] {processor.py:925} INFO - DAG(s) 'example_task_group' retrieved from /home/airflow/.local/lib/python3.12/site-packages/airflow/example_dags/example_task_group.py
[2025-06-26T22:45:32.307+0000] {logging_mixin.py:190} INFO - [2025-06-26T22:45:32.307+0000] {dag.py:3239} INFO - Sync 1 DAGs
[2025-06-26T22:45:32.323+0000] {logging_mixin.py:190} INFO - [2025-06-26T22:45:32.323+0000] {dag.py:4180} INFO - Setting next_dagrun for example_task_group to None, run_after=None
[2025-06-26T22:45:32.348+0000] {processor.py:208} INFO - Processing /home/airflow/.local/lib/python3.12/site-packages/airflow/example_dags/example_task_group.py took 0.087 seconds
[2025-06-26T22:46:02.551+0000] {processor.py:186} INFO - Started process (PID=378) to work on /home/airflow/.local/lib/python3.12/site-packages/airflow/example_dags/example_task_group.py
[2025-06-26T22:46:02.551+0000] {processor.py:914} INFO - Processing file /home/airflow/.local/lib/python3.12/site-packages/airflow/example_dags/example_task_group.py for tasks to queue
[2025-06-26T22:46:02.554+0000] {logging_mixin.py:190} INFO - [2025-06-26T22:46:02.553+0000] {dagbag.py:588} INFO - Filling up the DagBag from /home/airflow/.local/lib/python3.12/site-packages/airflow/example_dags/example_task_group.py
[2025-06-26T22:46:02.561+0000] {processor.py:925} INFO - DAG(s) 'example_task_group' retrieved from /home/airflow/.local/lib/python3.12/site-packages/airflow/example_dags/example_task_group.py
[2025-06-26T22:46:02.581+0000] {logging_mixin.py:190} INFO - [2025-06-26T22:46:02.581+0000] {dag.py:3239} INFO - Sync 1 DAGs
[2025-06-26T22:46:02.596+0000] {logging_mixin.py:190} INFO - [2025-06-26T22:46:02.596+0000] {dag.py:4180} INFO - Setting next_dagrun for example_task_group to None, run_after=None
[2025-06-26T22:46:02.615+0000] {processor.py:208} INFO - Processing /home/airflow/.local/lib/python3.12/site-packages/airflow/example_dags/example_task_group.py took 0.070 seconds
[2025-06-26T22:46:33.181+0000] {processor.py:186} INFO - Started process (PID=440) to work on /home/airflow/.local/lib/python3.12/site-packages/airflow/example_dags/example_task_group.py
[2025-06-26T22:46:33.182+0000] {processor.py:914} INFO - Processing file /home/airflow/.local/lib/python3.12/site-packages/airflow/example_dags/example_task_group.py for tasks to queue
[2025-06-26T22:46:33.184+0000] {logging_mixin.py:190} INFO - [2025-06-26T22:46:33.184+0000] {dagbag.py:588} INFO - Filling up the DagBag from /home/airflow/.local/lib/python3.12/site-packages/airflow/example_dags/example_task_group.py
[2025-06-26T22:46:33.193+0000] {processor.py:925} INFO - DAG(s) 'example_task_group' retrieved from /home/airflow/.local/lib/python3.12/site-packages/airflow/example_dags/example_task_group.py
[2025-06-26T22:46:33.214+0000] {logging_mixin.py:190} INFO - [2025-06-26T22:46:33.214+0000] {dag.py:3239} INFO - Sync 1 DAGs
[2025-06-26T22:46:33.227+0000] {logging_mixin.py:190} INFO - [2025-06-26T22:46:33.226+0000] {dag.py:4180} INFO - Setting next_dagrun for example_task_group to None, run_after=None
[2025-06-26T22:46:33.249+0000] {processor.py:208} INFO - Processing /home/airflow/.local/lib/python3.12/site-packages/airflow/example_dags/example_task_group.py took 0.073 seconds
[2025-06-26T22:47:03.682+0000] {processor.py:186} INFO - Started process (PID=502) to work on /home/airflow/.local/lib/python3.12/site-packages/airflow/example_dags/example_task_group.py
[2025-06-26T22:47:03.683+0000] {processor.py:914} INFO - Processing file /home/airflow/.local/lib/python3.12/site-packages/airflow/example_dags/example_task_group.py for tasks to queue
[2025-06-26T22:47:03.686+0000] {logging_mixin.py:190} INFO - [2025-06-26T22:47:03.685+0000] {dagbag.py:588} INFO - Filling up the DagBag from /home/airflow/.local/lib/python3.12/site-packages/airflow/example_dags/example_task_group.py
[2025-06-26T22:47:03.694+0000] {processor.py:925} INFO - DAG(s) 'example_task_group' retrieved from /home/airflow/.local/lib/python3.12/site-packages/airflow/example_dags/example_task_group.py
[2025-06-26T22:47:03.714+0000] {logging_mixin.py:190} INFO - [2025-06-26T22:47:03.714+0000] {dag.py:3239} INFO - Sync 1 DAGs
[2025-06-26T22:47:03.727+0000] {logging_mixin.py:190} INFO - [2025-06-26T22:47:03.727+0000] {dag.py:4180} INFO - Setting next_dagrun for example_task_group to None, run_after=None
[2025-06-26T22:47:03.748+0000] {processor.py:208} INFO - Processing /home/airflow/.local/lib/python3.12/site-packages/airflow/example_dags/example_task_group.py took 0.072 seconds
[2025-06-26T22:47:34.115+0000] {processor.py:186} INFO - Started process (PID=564) to work on /home/airflow/.local/lib/python3.12/site-packages/airflow/example_dags/example_task_group.py
[2025-06-26T22:47:34.116+0000] {processor.py:914} INFO - Processing file /home/airflow/.local/lib/python3.12/site-packages/airflow/example_dags/example_task_group.py for tasks to queue
[2025-06-26T22:47:34.118+0000] {logging_mixin.py:190} INFO - [2025-06-26T22:47:34.117+0000] {dagbag.py:588} INFO - Filling up the DagBag from /home/airflow/.local/lib/python3.12/site-packages/airflow/example_dags/example_task_group.py
[2025-06-26T22:47:34.125+0000] {processor.py:925} INFO - DAG(s) 'example_task_group' retrieved from /home/airflow/.local/lib/python3.12/site-packages/airflow/example_dags/example_task_group.py
[2025-06-26T22:47:34.146+0000] {logging_mixin.py:190} INFO - [2025-06-26T22:47:34.146+0000] {dag.py:3239} INFO - Sync 1 DAGs
[2025-06-26T22:47:34.158+0000] {logging_mixin.py:190} INFO - [2025-06-26T22:47:34.158+0000] {dag.py:4180} INFO - Setting next_dagrun for example_task_group to None, run_after=None
[2025-06-26T22:47:34.177+0000] {processor.py:208} INFO - Processing /home/airflow/.local/lib/python3.12/site-packages/airflow/example_dags/example_task_group.py took 0.067 seconds
[2025-06-26T22:48:04.451+0000] {processor.py:186} INFO - Started process (PID=626) to work on /home/airflow/.local/lib/python3.12/site-packages/airflow/example_dags/example_task_group.py
[2025-06-26T22:48:04.452+0000] {processor.py:914} INFO - Processing file /home/airflow/.local/lib/python3.12/site-packages/airflow/example_dags/example_task_group.py for tasks to queue
[2025-06-26T22:48:04.454+0000] {logging_mixin.py:190} INFO - [2025-06-26T22:48:04.454+0000] {dagbag.py:588} INFO - Filling up the DagBag from /home/airflow/.local/lib/python3.12/site-packages/airflow/example_dags/example_task_group.py
[2025-06-26T22:48:04.463+0000] {processor.py:925} INFO - DAG(s) 'example_task_group' retrieved from /home/airflow/.local/lib/python3.12/site-packages/airflow/example_dags/example_task_group.py
[2025-06-26T22:48:04.484+0000] {logging_mixin.py:190} INFO - [2025-06-26T22:48:04.484+0000] {dag.py:3239} INFO - Sync 1 DAGs
[2025-06-26T22:48:04.497+0000] {logging_mixin.py:190} INFO - [2025-06-26T22:48:04.497+0000] {dag.py:4180} INFO - Setting next_dagrun for example_task_group to None, run_after=None
[2025-06-26T22:48:04.521+0000] {processor.py:208} INFO - Processing /home/airflow/.local/lib/python3.12/site-packages/airflow/example_dags/example_task_group.py took 0.076 seconds
[2025-06-26T22:48:34.757+0000] {processor.py:186} INFO - Started process (PID=688) to work on /home/airflow/.local/lib/python3.12/site-packages/airflow/example_dags/example_task_group.py
[2025-06-26T22:48:34.758+0000] {processor.py:914} INFO - Processing file /home/airflow/.local/lib/python3.12/site-packages/airflow/example_dags/example_task_group.py for tasks to queue
[2025-06-26T22:48:34.760+0000] {logging_mixin.py:190} INFO - [2025-06-26T22:48:34.760+0000] {dagbag.py:588} INFO - Filling up the DagBag from /home/airflow/.local/lib/python3.12/site-packages/airflow/example_dags/example_task_group.py
[2025-06-26T22:48:34.767+0000] {processor.py:925} INFO - DAG(s) 'example_task_group' retrieved from /home/airflow/.local/lib/python3.12/site-packages/airflow/example_dags/example_task_group.py
[2025-06-26T22:48:34.787+0000] {logging_mixin.py:190} INFO - [2025-06-26T22:48:34.787+0000] {dag.py:3239} INFO - Sync 1 DAGs
[2025-06-26T22:48:34.799+0000] {logging_mixin.py:190} INFO - [2025-06-26T22:48:34.799+0000] {dag.py:4180} INFO - Setting next_dagrun for example_task_group to None, run_after=None
[2025-06-26T22:48:34.819+0000] {processor.py:208} INFO - Processing /home/airflow/.local/lib/python3.12/site-packages/airflow/example_dags/example_task_group.py took 0.067 seconds
[2025-06-26T22:49:05.099+0000] {processor.py:186} INFO - Started process (PID=750) to work on /home/airflow/.local/lib/python3.12/site-packages/airflow/example_dags/example_task_group.py
[2025-06-26T22:49:05.100+0000] {processor.py:914} INFO - Processing file /home/airflow/.local/lib/python3.12/site-packages/airflow/example_dags/example_task_group.py for tasks to queue
[2025-06-26T22:49:05.103+0000] {logging_mixin.py:190} INFO - [2025-06-26T22:49:05.102+0000] {dagbag.py:588} INFO - Filling up the DagBag from /home/airflow/.local/lib/python3.12/site-packages/airflow/example_dags/example_task_group.py
[2025-06-26T22:49:05.112+0000] {processor.py:925} INFO - DAG(s) 'example_task_group' retrieved from /home/airflow/.local/lib/python3.12/site-packages/airflow/example_dags/example_task_group.py
[2025-06-26T22:49:05.134+0000] {logging_mixin.py:190} INFO - [2025-06-26T22:49:05.134+0000] {dag.py:3239} INFO - Sync 1 DAGs
[2025-06-26T22:49:05.148+0000] {logging_mixin.py:190} INFO - [2025-06-26T22:49:05.148+0000] {dag.py:4180} INFO - Setting next_dagrun for example_task_group to None, run_after=None
[2025-06-26T22:49:05.170+0000] {processor.py:208} INFO - Processing /home/airflow/.local/lib/python3.12/site-packages/airflow/example_dags/example_task_group.py took 0.076 seconds
[2025-06-26T22:49:35.406+0000] {processor.py:186} INFO - Started process (PID=812) to work on /home/airflow/.local/lib/python3.12/site-packages/airflow/example_dags/example_task_group.py
[2025-06-26T22:49:35.407+0000] {processor.py:914} INFO - Processing file /home/airflow/.local/lib/python3.12/site-packages/airflow/example_dags/example_task_group.py for tasks to queue
[2025-06-26T22:49:35.409+0000] {logging_mixin.py:190} INFO - [2025-06-26T22:49:35.409+0000] {dagbag.py:588} INFO - Filling up the DagBag from /home/airflow/.local/lib/python3.12/site-packages/airflow/example_dags/example_task_group.py
[2025-06-26T22:49:35.418+0000] {processor.py:925} INFO - DAG(s) 'example_task_group' retrieved from /home/airflow/.local/lib/python3.12/site-packages/airflow/example_dags/example_task_group.py
[2025-06-26T22:49:35.441+0000] {logging_mixin.py:190} INFO - [2025-06-26T22:49:35.441+0000] {dag.py:3239} INFO - Sync 1 DAGs
[2025-06-26T22:49:35.455+0000] {logging_mixin.py:190} INFO - [2025-06-26T22:49:35.455+0000] {dag.py:4180} INFO - Setting next_dagrun for example_task_group to None, run_after=None
[2025-06-26T22:49:35.477+0000] {processor.py:208} INFO - Processing /home/airflow/.local/lib/python3.12/site-packages/airflow/example_dags/example_task_group.py took 0.076 seconds
[2025-06-26T22:50:05.774+0000] {processor.py:186} INFO - Started process (PID=874) to work on /home/airflow/.local/lib/python3.12/site-packages/airflow/example_dags/example_task_group.py
[2025-06-26T22:50:05.775+0000] {processor.py:914} INFO - Processing file /home/airflow/.local/lib/python3.12/site-packages/airflow/example_dags/example_task_group.py for tasks to queue
[2025-06-26T22:50:05.778+0000] {logging_mixin.py:190} INFO - [2025-06-26T22:50:05.777+0000] {dagbag.py:588} INFO - Filling up the DagBag from /home/airflow/.local/lib/python3.12/site-packages/airflow/example_dags/example_task_group.py
[2025-06-26T22:50:05.785+0000] {processor.py:925} INFO - DAG(s) 'example_task_group' retrieved from /home/airflow/.local/lib/python3.12/site-packages/airflow/example_dags/example_task_group.py
[2025-06-26T22:50:05.807+0000] {logging_mixin.py:190} INFO - [2025-06-26T22:50:05.807+0000] {dag.py:3239} INFO - Sync 1 DAGs
[2025-06-26T22:50:05.820+0000] {logging_mixin.py:190} INFO - [2025-06-26T22:50:05.819+0000] {dag.py:4180} INFO - Setting next_dagrun for example_task_group to None, run_after=None
[2025-06-26T22:50:05.844+0000] {processor.py:208} INFO - Processing /home/airflow/.local/lib/python3.12/site-packages/airflow/example_dags/example_task_group.py took 0.074 seconds
[2025-06-26T22:50:36.156+0000] {processor.py:186} INFO - Started process (PID=935) to work on /home/airflow/.local/lib/python3.12/site-packages/airflow/example_dags/example_task_group.py
[2025-06-26T22:50:36.157+0000] {processor.py:914} INFO - Processing file /home/airflow/.local/lib/python3.12/site-packages/airflow/example_dags/example_task_group.py for tasks to queue
[2025-06-26T22:50:36.159+0000] {logging_mixin.py:190} INFO - [2025-06-26T22:50:36.159+0000] {dagbag.py:588} INFO - Filling up the DagBag from /home/airflow/.local/lib/python3.12/site-packages/airflow/example_dags/example_task_group.py
[2025-06-26T22:50:36.166+0000] {processor.py:925} INFO - DAG(s) 'example_task_group' retrieved from /home/airflow/.local/lib/python3.12/site-packages/airflow/example_dags/example_task_group.py
[2025-06-26T22:50:36.187+0000] {logging_mixin.py:190} INFO - [2025-06-26T22:50:36.187+0000] {dag.py:3239} INFO - Sync 1 DAGs
[2025-06-26T22:50:36.200+0000] {logging_mixin.py:190} INFO - [2025-06-26T22:50:36.199+0000] {dag.py:4180} INFO - Setting next_dagrun for example_task_group to None, run_after=None
[2025-06-26T22:50:36.221+0000] {processor.py:208} INFO - Processing /home/airflow/.local/lib/python3.12/site-packages/airflow/example_dags/example_task_group.py took 0.070 seconds
[2025-06-26T22:51:06.678+0000] {processor.py:186} INFO - Started process (PID=997) to work on /home/airflow/.local/lib/python3.12/site-packages/airflow/example_dags/example_task_group.py
[2025-06-26T22:51:06.679+0000] {processor.py:914} INFO - Processing file /home/airflow/.local/lib/python3.12/site-packages/airflow/example_dags/example_task_group.py for tasks to queue
[2025-06-26T22:51:06.682+0000] {logging_mixin.py:190} INFO - [2025-06-26T22:51:06.682+0000] {dagbag.py:588} INFO - Filling up the DagBag from /home/airflow/.local/lib/python3.12/site-packages/airflow/example_dags/example_task_group.py
[2025-06-26T22:51:06.689+0000] {processor.py:925} INFO - DAG(s) 'example_task_group' retrieved from /home/airflow/.local/lib/python3.12/site-packages/airflow/example_dags/example_task_group.py
[2025-06-26T22:51:06.709+0000] {logging_mixin.py:190} INFO - [2025-06-26T22:51:06.709+0000] {dag.py:3239} INFO - Sync 1 DAGs
[2025-06-26T22:51:06.721+0000] {logging_mixin.py:190} INFO - [2025-06-26T22:51:06.721+0000] {dag.py:4180} INFO - Setting next_dagrun for example_task_group to None, run_after=None
[2025-06-26T22:51:06.740+0000] {processor.py:208} INFO - Processing /home/airflow/.local/lib/python3.12/site-packages/airflow/example_dags/example_task_group.py took 0.066 seconds
[2025-06-26T22:51:37.082+0000] {processor.py:186} INFO - Started process (PID=1059) to work on /home/airflow/.local/lib/python3.12/site-packages/airflow/example_dags/example_task_group.py
[2025-06-26T22:51:37.083+0000] {processor.py:914} INFO - Processing file /home/airflow/.local/lib/python3.12/site-packages/airflow/example_dags/example_task_group.py for tasks to queue
[2025-06-26T22:51:37.086+0000] {logging_mixin.py:190} INFO - [2025-06-26T22:51:37.086+0000] {dagbag.py:588} INFO - Filling up the DagBag from /home/airflow/.local/lib/python3.12/site-packages/airflow/example_dags/example_task_group.py
[2025-06-26T22:51:37.095+0000] {processor.py:925} INFO - DAG(s) 'example_task_group' retrieved from /home/airflow/.local/lib/python3.12/site-packages/airflow/example_dags/example_task_group.py
[2025-06-26T22:51:37.120+0000] {logging_mixin.py:190} INFO - [2025-06-26T22:51:37.120+0000] {dag.py:3239} INFO - Sync 1 DAGs
[2025-06-26T22:51:37.135+0000] {logging_mixin.py:190} INFO - [2025-06-26T22:51:37.135+0000] {dag.py:4180} INFO - Setting next_dagrun for example_task_group to None, run_after=None
[2025-06-26T22:51:37.170+0000] {processor.py:208} INFO - Processing /home/airflow/.local/lib/python3.12/site-packages/airflow/example_dags/example_task_group.py took 0.094 seconds
[2025-06-26T22:52:07.435+0000] {processor.py:186} INFO - Started process (PID=1121) to work on /home/airflow/.local/lib/python3.12/site-packages/airflow/example_dags/example_task_group.py
[2025-06-26T22:52:07.436+0000] {processor.py:914} INFO - Processing file /home/airflow/.local/lib/python3.12/site-packages/airflow/example_dags/example_task_group.py for tasks to queue
[2025-06-26T22:52:07.438+0000] {logging_mixin.py:190} INFO - [2025-06-26T22:52:07.438+0000] {dagbag.py:588} INFO - Filling up the DagBag from /home/airflow/.local/lib/python3.12/site-packages/airflow/example_dags/example_task_group.py
[2025-06-26T22:52:07.446+0000] {processor.py:925} INFO - DAG(s) 'example_task_group' retrieved from /home/airflow/.local/lib/python3.12/site-packages/airflow/example_dags/example_task_group.py
[2025-06-26T22:52:07.467+0000] {logging_mixin.py:190} INFO - [2025-06-26T22:52:07.467+0000] {dag.py:3239} INFO - Sync 1 DAGs
[2025-06-26T22:52:07.482+0000] {logging_mixin.py:190} INFO - [2025-06-26T22:52:07.482+0000] {dag.py:4180} INFO - Setting next_dagrun for example_task_group to None, run_after=None
[2025-06-26T22:52:07.504+0000] {processor.py:208} INFO - Processing /home/airflow/.local/lib/python3.12/site-packages/airflow/example_dags/example_task_group.py took 0.075 seconds
[2025-06-26T22:52:37.719+0000] {processor.py:186} INFO - Started process (PID=1183) to work on /home/airflow/.local/lib/python3.12/site-packages/airflow/example_dags/example_task_group.py
[2025-06-26T22:52:37.720+0000] {processor.py:914} INFO - Processing file /home/airflow/.local/lib/python3.12/site-packages/airflow/example_dags/example_task_group.py for tasks to queue
[2025-06-26T22:52:37.722+0000] {logging_mixin.py:190} INFO - [2025-06-26T22:52:37.722+0000] {dagbag.py:588} INFO - Filling up the DagBag from /home/airflow/.local/lib/python3.12/site-packages/airflow/example_dags/example_task_group.py
[2025-06-26T22:52:37.730+0000] {processor.py:925} INFO - DAG(s) 'example_task_group' retrieved from /home/airflow/.local/lib/python3.12/site-packages/airflow/example_dags/example_task_group.py
[2025-06-26T22:52:37.750+0000] {logging_mixin.py:190} INFO - [2025-06-26T22:52:37.750+0000] {dag.py:3239} INFO - Sync 1 DAGs
[2025-06-26T22:52:37.763+0000] {logging_mixin.py:190} INFO - [2025-06-26T22:52:37.763+0000] {dag.py:4180} INFO - Setting next_dagrun for example_task_group to None, run_after=None
[2025-06-26T22:52:37.784+0000] {processor.py:208} INFO - Processing /home/airflow/.local/lib/python3.12/site-packages/airflow/example_dags/example_task_group.py took 0.070 seconds
[2025-06-26T22:53:07.847+0000] {processor.py:186} INFO - Started process (PID=1244) to work on /home/airflow/.local/lib/python3.12/site-packages/airflow/example_dags/example_task_group.py
[2025-06-26T22:53:07.848+0000] {processor.py:914} INFO - Processing file /home/airflow/.local/lib/python3.12/site-packages/airflow/example_dags/example_task_group.py for tasks to queue
[2025-06-26T22:53:07.851+0000] {logging_mixin.py:190} INFO - [2025-06-26T22:53:07.851+0000] {dagbag.py:588} INFO - Filling up the DagBag from /home/airflow/.local/lib/python3.12/site-packages/airflow/example_dags/example_task_group.py
[2025-06-26T22:53:07.859+0000] {processor.py:925} INFO - DAG(s) 'example_task_group' retrieved from /home/airflow/.local/lib/python3.12/site-packages/airflow/example_dags/example_task_group.py
[2025-06-26T22:53:07.881+0000] {logging_mixin.py:190} INFO - [2025-06-26T22:53:07.881+0000] {dag.py:3239} INFO - Sync 1 DAGs
[2025-06-26T22:53:07.895+0000] {logging_mixin.py:190} INFO - [2025-06-26T22:53:07.895+0000] {dag.py:4180} INFO - Setting next_dagrun for example_task_group to None, run_after=None
[2025-06-26T22:53:07.918+0000] {processor.py:208} INFO - Processing /home/airflow/.local/lib/python3.12/site-packages/airflow/example_dags/example_task_group.py took 0.076 seconds
[2025-06-26T22:53:38.384+0000] {processor.py:186} INFO - Started process (PID=1307) to work on /home/airflow/.local/lib/python3.12/site-packages/airflow/example_dags/example_task_group.py
[2025-06-26T22:53:38.385+0000] {processor.py:914} INFO - Processing file /home/airflow/.local/lib/python3.12/site-packages/airflow/example_dags/example_task_group.py for tasks to queue
[2025-06-26T22:53:38.388+0000] {logging_mixin.py:190} INFO - [2025-06-26T22:53:38.387+0000] {dagbag.py:588} INFO - Filling up the DagBag from /home/airflow/.local/lib/python3.12/site-packages/airflow/example_dags/example_task_group.py
[2025-06-26T22:53:38.401+0000] {processor.py:925} INFO - DAG(s) 'example_task_group' retrieved from /home/airflow/.local/lib/python3.12/site-packages/airflow/example_dags/example_task_group.py
[2025-06-26T22:53:38.422+0000] {logging_mixin.py:190} INFO - [2025-06-26T22:53:38.422+0000] {dag.py:3239} INFO - Sync 1 DAGs
[2025-06-26T22:53:38.436+0000] {logging_mixin.py:190} INFO - [2025-06-26T22:53:38.436+0000] {dag.py:4180} INFO - Setting next_dagrun for example_task_group to None, run_after=None
[2025-06-26T22:53:38.463+0000] {processor.py:208} INFO - Processing /home/airflow/.local/lib/python3.12/site-packages/airflow/example_dags/example_task_group.py took 0.086 seconds
[2025-06-26T22:54:08.586+0000] {processor.py:186} INFO - Started process (PID=1368) to work on /home/airflow/.local/lib/python3.12/site-packages/airflow/example_dags/example_task_group.py
[2025-06-26T22:54:08.587+0000] {processor.py:914} INFO - Processing file /home/airflow/.local/lib/python3.12/site-packages/airflow/example_dags/example_task_group.py for tasks to queue
[2025-06-26T22:54:08.590+0000] {logging_mixin.py:190} INFO - [2025-06-26T22:54:08.589+0000] {dagbag.py:588} INFO - Filling up the DagBag from /home/airflow/.local/lib/python3.12/site-packages/airflow/example_dags/example_task_group.py
[2025-06-26T22:54:08.597+0000] {processor.py:925} INFO - DAG(s) 'example_task_group' retrieved from /home/airflow/.local/lib/python3.12/site-packages/airflow/example_dags/example_task_group.py
[2025-06-26T22:54:08.618+0000] {logging_mixin.py:190} INFO - [2025-06-26T22:54:08.618+0000] {dag.py:3239} INFO - Sync 1 DAGs
[2025-06-26T22:54:08.636+0000] {logging_mixin.py:190} INFO - [2025-06-26T22:54:08.635+0000] {dag.py:4180} INFO - Setting next_dagrun for example_task_group to None, run_after=None
[2025-06-26T22:54:08.656+0000] {processor.py:208} INFO - Processing /home/airflow/.local/lib/python3.12/site-packages/airflow/example_dags/example_task_group.py took 0.076 seconds
[2025-06-26T22:54:39.185+0000] {processor.py:186} INFO - Started process (PID=1431) to work on /home/airflow/.local/lib/python3.12/site-packages/airflow/example_dags/example_task_group.py
[2025-06-26T22:54:39.186+0000] {processor.py:914} INFO - Processing file /home/airflow/.local/lib/python3.12/site-packages/airflow/example_dags/example_task_group.py for tasks to queue
[2025-06-26T22:54:39.188+0000] {logging_mixin.py:190} INFO - [2025-06-26T22:54:39.188+0000] {dagbag.py:588} INFO - Filling up the DagBag from /home/airflow/.local/lib/python3.12/site-packages/airflow/example_dags/example_task_group.py
[2025-06-26T22:54:39.195+0000] {processor.py:925} INFO - DAG(s) 'example_task_group' retrieved from /home/airflow/.local/lib/python3.12/site-packages/airflow/example_dags/example_task_group.py
[2025-06-26T22:54:39.215+0000] {logging_mixin.py:190} INFO - [2025-06-26T22:54:39.215+0000] {dag.py:3239} INFO - Sync 1 DAGs
[2025-06-26T22:54:39.228+0000] {logging_mixin.py:190} INFO - [2025-06-26T22:54:39.228+0000] {dag.py:4180} INFO - Setting next_dagrun for example_task_group to None, run_after=None
[2025-06-26T22:54:39.248+0000] {processor.py:208} INFO - Processing /home/airflow/.local/lib/python3.12/site-packages/airflow/example_dags/example_task_group.py took 0.068 seconds
[2025-06-26T22:55:09.610+0000] {processor.py:186} INFO - Started process (PID=1493) to work on /home/airflow/.local/lib/python3.12/site-packages/airflow/example_dags/example_task_group.py
[2025-06-26T22:55:09.611+0000] {processor.py:914} INFO - Processing file /home/airflow/.local/lib/python3.12/site-packages/airflow/example_dags/example_task_group.py for tasks to queue
[2025-06-26T22:55:09.614+0000] {logging_mixin.py:190} INFO - [2025-06-26T22:55:09.614+0000] {dagbag.py:588} INFO - Filling up the DagBag from /home/airflow/.local/lib/python3.12/site-packages/airflow/example_dags/example_task_group.py
[2025-06-26T22:55:09.623+0000] {processor.py:925} INFO - DAG(s) 'example_task_group' retrieved from /home/airflow/.local/lib/python3.12/site-packages/airflow/example_dags/example_task_group.py
[2025-06-26T22:55:09.643+0000] {logging_mixin.py:190} INFO - [2025-06-26T22:55:09.643+0000] {dag.py:3239} INFO - Sync 1 DAGs
[2025-06-26T22:55:09.658+0000] {logging_mixin.py:190} INFO - [2025-06-26T22:55:09.657+0000] {dag.py:4180} INFO - Setting next_dagrun for example_task_group to None, run_after=None
[2025-06-26T22:55:09.683+0000] {processor.py:208} INFO - Processing /home/airflow/.local/lib/python3.12/site-packages/airflow/example_dags/example_task_group.py took 0.079 seconds
[2025-06-26T22:55:40.076+0000] {processor.py:186} INFO - Started process (PID=1555) to work on /home/airflow/.local/lib/python3.12/site-packages/airflow/example_dags/example_task_group.py
[2025-06-26T22:55:40.077+0000] {processor.py:914} INFO - Processing file /home/airflow/.local/lib/python3.12/site-packages/airflow/example_dags/example_task_group.py for tasks to queue
[2025-06-26T22:55:40.079+0000] {logging_mixin.py:190} INFO - [2025-06-26T22:55:40.079+0000] {dagbag.py:588} INFO - Filling up the DagBag from /home/airflow/.local/lib/python3.12/site-packages/airflow/example_dags/example_task_group.py
[2025-06-26T22:55:40.087+0000] {processor.py:925} INFO - DAG(s) 'example_task_group' retrieved from /home/airflow/.local/lib/python3.12/site-packages/airflow/example_dags/example_task_group.py
[2025-06-26T22:55:40.106+0000] {logging_mixin.py:190} INFO - [2025-06-26T22:55:40.106+0000] {dag.py:3239} INFO - Sync 1 DAGs
[2025-06-26T22:55:40.118+0000] {logging_mixin.py:190} INFO - [2025-06-26T22:55:40.118+0000] {dag.py:4180} INFO - Setting next_dagrun for example_task_group to None, run_after=None
[2025-06-26T22:55:40.137+0000] {processor.py:208} INFO - Processing /home/airflow/.local/lib/python3.12/site-packages/airflow/example_dags/example_task_group.py took 0.066 seconds
[2025-06-26T22:56:10.341+0000] {processor.py:186} INFO - Started process (PID=1617) to work on /home/airflow/.local/lib/python3.12/site-packages/airflow/example_dags/example_task_group.py
[2025-06-26T22:56:10.342+0000] {processor.py:914} INFO - Processing file /home/airflow/.local/lib/python3.12/site-packages/airflow/example_dags/example_task_group.py for tasks to queue
[2025-06-26T22:56:10.344+0000] {logging_mixin.py:190} INFO - [2025-06-26T22:56:10.344+0000] {dagbag.py:588} INFO - Filling up the DagBag from /home/airflow/.local/lib/python3.12/site-packages/airflow/example_dags/example_task_group.py
[2025-06-26T22:56:10.353+0000] {processor.py:925} INFO - DAG(s) 'example_task_group' retrieved from /home/airflow/.local/lib/python3.12/site-packages/airflow/example_dags/example_task_group.py
[2025-06-26T22:56:10.373+0000] {logging_mixin.py:190} INFO - [2025-06-26T22:56:10.373+0000] {dag.py:3239} INFO - Sync 1 DAGs
[2025-06-26T22:56:10.387+0000] {logging_mixin.py:190} INFO - [2025-06-26T22:56:10.386+0000] {dag.py:4180} INFO - Setting next_dagrun for example_task_group to None, run_after=None
[2025-06-26T22:56:10.410+0000] {processor.py:208} INFO - Processing /home/airflow/.local/lib/python3.12/site-packages/airflow/example_dags/example_task_group.py took 0.075 seconds
[2025-06-26T22:56:40.796+0000] {processor.py:186} INFO - Started process (PID=1679) to work on /home/airflow/.local/lib/python3.12/site-packages/airflow/example_dags/example_task_group.py
[2025-06-26T22:56:40.797+0000] {processor.py:914} INFO - Processing file /home/airflow/.local/lib/python3.12/site-packages/airflow/example_dags/example_task_group.py for tasks to queue
[2025-06-26T22:56:40.800+0000] {logging_mixin.py:190} INFO - [2025-06-26T22:56:40.799+0000] {dagbag.py:588} INFO - Filling up the DagBag from /home/airflow/.local/lib/python3.12/site-packages/airflow/example_dags/example_task_group.py
[2025-06-26T22:56:40.807+0000] {processor.py:925} INFO - DAG(s) 'example_task_group' retrieved from /home/airflow/.local/lib/python3.12/site-packages/airflow/example_dags/example_task_group.py
[2025-06-26T22:56:40.826+0000] {logging_mixin.py:190} INFO - [2025-06-26T22:56:40.825+0000] {dag.py:3239} INFO - Sync 1 DAGs
[2025-06-26T22:56:40.837+0000] {logging_mixin.py:190} INFO - [2025-06-26T22:56:40.837+0000] {dag.py:4180} INFO - Setting next_dagrun for example_task_group to None, run_after=None
[2025-06-26T22:56:40.857+0000] {processor.py:208} INFO - Processing /home/airflow/.local/lib/python3.12/site-packages/airflow/example_dags/example_task_group.py took 0.066 seconds
[2025-06-26T22:57:11.626+0000] {processor.py:186} INFO - Started process (PID=1741) to work on /home/airflow/.local/lib/python3.12/site-packages/airflow/example_dags/example_task_group.py
[2025-06-26T22:57:11.627+0000] {processor.py:914} INFO - Processing file /home/airflow/.local/lib/python3.12/site-packages/airflow/example_dags/example_task_group.py for tasks to queue
[2025-06-26T22:57:11.629+0000] {logging_mixin.py:190} INFO - [2025-06-26T22:57:11.629+0000] {dagbag.py:588} INFO - Filling up the DagBag from /home/airflow/.local/lib/python3.12/site-packages/airflow/example_dags/example_task_group.py
[2025-06-26T22:57:11.637+0000] {processor.py:925} INFO - DAG(s) 'example_task_group' retrieved from /home/airflow/.local/lib/python3.12/site-packages/airflow/example_dags/example_task_group.py
[2025-06-26T22:57:11.655+0000] {logging_mixin.py:190} INFO - [2025-06-26T22:57:11.655+0000] {dag.py:3239} INFO - Sync 1 DAGs
[2025-06-26T22:57:11.668+0000] {logging_mixin.py:190} INFO - [2025-06-26T22:57:11.668+0000] {dag.py:4180} INFO - Setting next_dagrun for example_task_group to None, run_after=None
[2025-06-26T22:57:11.690+0000] {processor.py:208} INFO - Processing /home/airflow/.local/lib/python3.12/site-packages/airflow/example_dags/example_task_group.py took 0.069 seconds
[2025-06-26T22:57:41.860+0000] {processor.py:186} INFO - Started process (PID=1802) to work on /home/airflow/.local/lib/python3.12/site-packages/airflow/example_dags/example_task_group.py
[2025-06-26T22:57:41.862+0000] {processor.py:914} INFO - Processing file /home/airflow/.local/lib/python3.12/site-packages/airflow/example_dags/example_task_group.py for tasks to queue
[2025-06-26T22:57:41.865+0000] {logging_mixin.py:190} INFO - [2025-06-26T22:57:41.865+0000] {dagbag.py:588} INFO - Filling up the DagBag from /home/airflow/.local/lib/python3.12/site-packages/airflow/example_dags/example_task_group.py
[2025-06-26T22:57:41.873+0000] {processor.py:925} INFO - DAG(s) 'example_task_group' retrieved from /home/airflow/.local/lib/python3.12/site-packages/airflow/example_dags/example_task_group.py
[2025-06-26T22:57:41.895+0000] {logging_mixin.py:190} INFO - [2025-06-26T22:57:41.895+0000] {dag.py:3239} INFO - Sync 1 DAGs
[2025-06-26T22:57:41.911+0000] {logging_mixin.py:190} INFO - [2025-06-26T22:57:41.911+0000] {dag.py:4180} INFO - Setting next_dagrun for example_task_group to None, run_after=None
[2025-06-26T22:57:41.939+0000] {processor.py:208} INFO - Processing /home/airflow/.local/lib/python3.12/site-packages/airflow/example_dags/example_task_group.py took 0.085 seconds
[2025-06-26T22:58:12.488+0000] {processor.py:186} INFO - Started process (PID=1865) to work on /home/airflow/.local/lib/python3.12/site-packages/airflow/example_dags/example_task_group.py
[2025-06-26T22:58:12.489+0000] {processor.py:914} INFO - Processing file /home/airflow/.local/lib/python3.12/site-packages/airflow/example_dags/example_task_group.py for tasks to queue
[2025-06-26T22:58:12.492+0000] {logging_mixin.py:190} INFO - [2025-06-26T22:58:12.491+0000] {dagbag.py:588} INFO - Filling up the DagBag from /home/airflow/.local/lib/python3.12/site-packages/airflow/example_dags/example_task_group.py
[2025-06-26T22:58:12.500+0000] {processor.py:925} INFO - DAG(s) 'example_task_group' retrieved from /home/airflow/.local/lib/python3.12/site-packages/airflow/example_dags/example_task_group.py
[2025-06-26T22:58:12.521+0000] {logging_mixin.py:190} INFO - [2025-06-26T22:58:12.520+0000] {dag.py:3239} INFO - Sync 1 DAGs
[2025-06-26T22:58:12.533+0000] {logging_mixin.py:190} INFO - [2025-06-26T22:58:12.532+0000] {dag.py:4180} INFO - Setting next_dagrun for example_task_group to None, run_after=None
[2025-06-26T22:58:12.553+0000] {processor.py:208} INFO - Processing /home/airflow/.local/lib/python3.12/site-packages/airflow/example_dags/example_task_group.py took 0.071 seconds
[2025-06-26T22:58:42.787+0000] {processor.py:186} INFO - Started process (PID=1927) to work on /home/airflow/.local/lib/python3.12/site-packages/airflow/example_dags/example_task_group.py
[2025-06-26T22:58:42.788+0000] {processor.py:914} INFO - Processing file /home/airflow/.local/lib/python3.12/site-packages/airflow/example_dags/example_task_group.py for tasks to queue
[2025-06-26T22:58:42.790+0000] {logging_mixin.py:190} INFO - [2025-06-26T22:58:42.790+0000] {dagbag.py:588} INFO - Filling up the DagBag from /home/airflow/.local/lib/python3.12/site-packages/airflow/example_dags/example_task_group.py
[2025-06-26T22:58:42.798+0000] {processor.py:925} INFO - DAG(s) 'example_task_group' retrieved from /home/airflow/.local/lib/python3.12/site-packages/airflow/example_dags/example_task_group.py
[2025-06-26T22:58:42.818+0000] {logging_mixin.py:190} INFO - [2025-06-26T22:58:42.818+0000] {dag.py:3239} INFO - Sync 1 DAGs
[2025-06-26T22:58:42.830+0000] {logging_mixin.py:190} INFO - [2025-06-26T22:58:42.830+0000] {dag.py:4180} INFO - Setting next_dagrun for example_task_group to None, run_after=None
[2025-06-26T22:58:42.850+0000] {processor.py:208} INFO - Processing /home/airflow/.local/lib/python3.12/site-packages/airflow/example_dags/example_task_group.py took 0.068 seconds
[2025-06-26T22:59:13.190+0000] {processor.py:186} INFO - Started process (PID=1988) to work on /home/airflow/.local/lib/python3.12/site-packages/airflow/example_dags/example_task_group.py
[2025-06-26T22:59:13.191+0000] {processor.py:914} INFO - Processing file /home/airflow/.local/lib/python3.12/site-packages/airflow/example_dags/example_task_group.py for tasks to queue
[2025-06-26T22:59:13.194+0000] {logging_mixin.py:190} INFO - [2025-06-26T22:59:13.194+0000] {dagbag.py:588} INFO - Filling up the DagBag from /home/airflow/.local/lib/python3.12/site-packages/airflow/example_dags/example_task_group.py
[2025-06-26T22:59:13.201+0000] {processor.py:925} INFO - DAG(s) 'example_task_group' retrieved from /home/airflow/.local/lib/python3.12/site-packages/airflow/example_dags/example_task_group.py
[2025-06-26T22:59:13.221+0000] {logging_mixin.py:190} INFO - [2025-06-26T22:59:13.221+0000] {dag.py:3239} INFO - Sync 1 DAGs
[2025-06-26T22:59:13.233+0000] {logging_mixin.py:190} INFO - [2025-06-26T22:59:13.233+0000] {dag.py:4180} INFO - Setting next_dagrun for example_task_group to None, run_after=None
[2025-06-26T22:59:13.255+0000] {processor.py:208} INFO - Processing /home/airflow/.local/lib/python3.12/site-packages/airflow/example_dags/example_task_group.py took 0.071 seconds
[2025-06-26T22:59:43.875+0000] {processor.py:186} INFO - Started process (PID=2051) to work on /home/airflow/.local/lib/python3.12/site-packages/airflow/example_dags/example_task_group.py
[2025-06-26T22:59:43.875+0000] {processor.py:914} INFO - Processing file /home/airflow/.local/lib/python3.12/site-packages/airflow/example_dags/example_task_group.py for tasks to queue
[2025-06-26T22:59:43.878+0000] {logging_mixin.py:190} INFO - [2025-06-26T22:59:43.878+0000] {dagbag.py:588} INFO - Filling up the DagBag from /home/airflow/.local/lib/python3.12/site-packages/airflow/example_dags/example_task_group.py
[2025-06-26T22:59:43.885+0000] {processor.py:925} INFO - DAG(s) 'example_task_group' retrieved from /home/airflow/.local/lib/python3.12/site-packages/airflow/example_dags/example_task_group.py
[2025-06-26T22:59:43.905+0000] {logging_mixin.py:190} INFO - [2025-06-26T22:59:43.905+0000] {dag.py:3239} INFO - Sync 1 DAGs
[2025-06-26T22:59:43.917+0000] {logging_mixin.py:190} INFO - [2025-06-26T22:59:43.917+0000] {dag.py:4180} INFO - Setting next_dagrun for example_task_group to None, run_after=None
[2025-06-26T22:59:43.935+0000] {processor.py:208} INFO - Processing /home/airflow/.local/lib/python3.12/site-packages/airflow/example_dags/example_task_group.py took 0.066 seconds
[2025-06-26T23:00:14.340+0000] {processor.py:186} INFO - Started process (PID=2114) to work on /home/airflow/.local/lib/python3.12/site-packages/airflow/example_dags/example_task_group.py
[2025-06-26T23:00:14.341+0000] {processor.py:914} INFO - Processing file /home/airflow/.local/lib/python3.12/site-packages/airflow/example_dags/example_task_group.py for tasks to queue
[2025-06-26T23:00:14.344+0000] {logging_mixin.py:190} INFO - [2025-06-26T23:00:14.344+0000] {dagbag.py:588} INFO - Filling up the DagBag from /home/airflow/.local/lib/python3.12/site-packages/airflow/example_dags/example_task_group.py
[2025-06-26T23:00:14.354+0000] {processor.py:925} INFO - DAG(s) 'example_task_group' retrieved from /home/airflow/.local/lib/python3.12/site-packages/airflow/example_dags/example_task_group.py
[2025-06-26T23:00:14.379+0000] {logging_mixin.py:190} INFO - [2025-06-26T23:00:14.379+0000] {dag.py:3239} INFO - Sync 1 DAGs
[2025-06-26T23:00:14.394+0000] {logging_mixin.py:190} INFO - [2025-06-26T23:00:14.394+0000] {dag.py:4180} INFO - Setting next_dagrun for example_task_group to None, run_after=None
[2025-06-26T23:00:14.418+0000] {processor.py:208} INFO - Processing /home/airflow/.local/lib/python3.12/site-packages/airflow/example_dags/example_task_group.py took 0.085 seconds
[2025-06-26T23:00:44.867+0000] {processor.py:186} INFO - Started process (PID=2176) to work on /home/airflow/.local/lib/python3.12/site-packages/airflow/example_dags/example_task_group.py
[2025-06-26T23:00:44.868+0000] {processor.py:914} INFO - Processing file /home/airflow/.local/lib/python3.12/site-packages/airflow/example_dags/example_task_group.py for tasks to queue
[2025-06-26T23:00:44.870+0000] {logging_mixin.py:190} INFO - [2025-06-26T23:00:44.869+0000] {dagbag.py:588} INFO - Filling up the DagBag from /home/airflow/.local/lib/python3.12/site-packages/airflow/example_dags/example_task_group.py
[2025-06-26T23:00:44.877+0000] {processor.py:925} INFO - DAG(s) 'example_task_group' retrieved from /home/airflow/.local/lib/python3.12/site-packages/airflow/example_dags/example_task_group.py
[2025-06-26T23:00:44.896+0000] {logging_mixin.py:190} INFO - [2025-06-26T23:00:44.896+0000] {dag.py:3239} INFO - Sync 1 DAGs
[2025-06-26T23:00:44.908+0000] {logging_mixin.py:190} INFO - [2025-06-26T23:00:44.908+0000] {dag.py:4180} INFO - Setting next_dagrun for example_task_group to None, run_after=None
[2025-06-26T23:00:44.928+0000] {processor.py:208} INFO - Processing /home/airflow/.local/lib/python3.12/site-packages/airflow/example_dags/example_task_group.py took 0.066 seconds
[2025-06-26T23:01:15.460+0000] {processor.py:186} INFO - Started process (PID=2238) to work on /home/airflow/.local/lib/python3.12/site-packages/airflow/example_dags/example_task_group.py
[2025-06-26T23:01:15.461+0000] {processor.py:914} INFO - Processing file /home/airflow/.local/lib/python3.12/site-packages/airflow/example_dags/example_task_group.py for tasks to queue
[2025-06-26T23:01:15.463+0000] {logging_mixin.py:190} INFO - [2025-06-26T23:01:15.463+0000] {dagbag.py:588} INFO - Filling up the DagBag from /home/airflow/.local/lib/python3.12/site-packages/airflow/example_dags/example_task_group.py
[2025-06-26T23:01:15.471+0000] {processor.py:925} INFO - DAG(s) 'example_task_group' retrieved from /home/airflow/.local/lib/python3.12/site-packages/airflow/example_dags/example_task_group.py
[2025-06-26T23:01:15.491+0000] {logging_mixin.py:190} INFO - [2025-06-26T23:01:15.491+0000] {dag.py:3239} INFO - Sync 1 DAGs
[2025-06-26T23:01:15.506+0000] {logging_mixin.py:190} INFO - [2025-06-26T23:01:15.505+0000] {dag.py:4180} INFO - Setting next_dagrun for example_task_group to None, run_after=None
[2025-06-26T23:01:15.528+0000] {processor.py:208} INFO - Processing /home/airflow/.local/lib/python3.12/site-packages/airflow/example_dags/example_task_group.py took 0.074 seconds
[2025-06-26T23:01:46.314+0000] {processor.py:186} INFO - Started process (PID=2300) to work on /home/airflow/.local/lib/python3.12/site-packages/airflow/example_dags/example_task_group.py
[2025-06-26T23:01:46.315+0000] {processor.py:914} INFO - Processing file /home/airflow/.local/lib/python3.12/site-packages/airflow/example_dags/example_task_group.py for tasks to queue
[2025-06-26T23:01:46.317+0000] {logging_mixin.py:190} INFO - [2025-06-26T23:01:46.317+0000] {dagbag.py:588} INFO - Filling up the DagBag from /home/airflow/.local/lib/python3.12/site-packages/airflow/example_dags/example_task_group.py
[2025-06-26T23:01:46.326+0000] {processor.py:925} INFO - DAG(s) 'example_task_group' retrieved from /home/airflow/.local/lib/python3.12/site-packages/airflow/example_dags/example_task_group.py
[2025-06-26T23:01:46.352+0000] {logging_mixin.py:190} INFO - [2025-06-26T23:01:46.351+0000] {dag.py:3239} INFO - Sync 1 DAGs
[2025-06-26T23:01:46.369+0000] {logging_mixin.py:190} INFO - [2025-06-26T23:01:46.369+0000] {dag.py:4180} INFO - Setting next_dagrun for example_task_group to None, run_after=None
[2025-06-26T23:01:46.392+0000] {processor.py:208} INFO - Processing /home/airflow/.local/lib/python3.12/site-packages/airflow/example_dags/example_task_group.py took 0.084 seconds
[2025-06-26T23:02:16.630+0000] {processor.py:186} INFO - Started process (PID=2361) to work on /home/airflow/.local/lib/python3.12/site-packages/airflow/example_dags/example_task_group.py
[2025-06-26T23:02:16.631+0000] {processor.py:914} INFO - Processing file /home/airflow/.local/lib/python3.12/site-packages/airflow/example_dags/example_task_group.py for tasks to queue
[2025-06-26T23:02:16.633+0000] {logging_mixin.py:190} INFO - [2025-06-26T23:02:16.633+0000] {dagbag.py:588} INFO - Filling up the DagBag from /home/airflow/.local/lib/python3.12/site-packages/airflow/example_dags/example_task_group.py
[2025-06-26T23:02:16.642+0000] {processor.py:925} INFO - DAG(s) 'example_task_group' retrieved from /home/airflow/.local/lib/python3.12/site-packages/airflow/example_dags/example_task_group.py
[2025-06-26T23:02:16.662+0000] {logging_mixin.py:190} INFO - [2025-06-26T23:02:16.662+0000] {dag.py:3239} INFO - Sync 1 DAGs
[2025-06-26T23:02:16.675+0000] {logging_mixin.py:190} INFO - [2025-06-26T23:02:16.675+0000] {dag.py:4180} INFO - Setting next_dagrun for example_task_group to None, run_after=None
[2025-06-26T23:02:16.698+0000] {processor.py:208} INFO - Processing /home/airflow/.local/lib/python3.12/site-packages/airflow/example_dags/example_task_group.py took 0.074 seconds
[2025-06-26T23:02:46.969+0000] {processor.py:186} INFO - Started process (PID=2423) to work on /home/airflow/.local/lib/python3.12/site-packages/airflow/example_dags/example_task_group.py
[2025-06-26T23:02:46.970+0000] {processor.py:914} INFO - Processing file /home/airflow/.local/lib/python3.12/site-packages/airflow/example_dags/example_task_group.py for tasks to queue
[2025-06-26T23:02:46.973+0000] {logging_mixin.py:190} INFO - [2025-06-26T23:02:46.972+0000] {dagbag.py:588} INFO - Filling up the DagBag from /home/airflow/.local/lib/python3.12/site-packages/airflow/example_dags/example_task_group.py
[2025-06-26T23:02:46.981+0000] {processor.py:925} INFO - DAG(s) 'example_task_group' retrieved from /home/airflow/.local/lib/python3.12/site-packages/airflow/example_dags/example_task_group.py
[2025-06-26T23:02:47.003+0000] {logging_mixin.py:190} INFO - [2025-06-26T23:02:47.003+0000] {dag.py:3239} INFO - Sync 1 DAGs
[2025-06-26T23:02:47.015+0000] {logging_mixin.py:190} INFO - [2025-06-26T23:02:47.015+0000] {dag.py:4180} INFO - Setting next_dagrun for example_task_group to None, run_after=None
[2025-06-26T23:02:47.034+0000] {processor.py:208} INFO - Processing /home/airflow/.local/lib/python3.12/site-packages/airflow/example_dags/example_task_group.py took 0.072 seconds
[2025-06-26T23:03:17.944+0000] {processor.py:186} INFO - Started process (PID=2486) to work on /home/airflow/.local/lib/python3.12/site-packages/airflow/example_dags/example_task_group.py
[2025-06-26T23:03:17.945+0000] {processor.py:914} INFO - Processing file /home/airflow/.local/lib/python3.12/site-packages/airflow/example_dags/example_task_group.py for tasks to queue
[2025-06-26T23:03:17.948+0000] {logging_mixin.py:190} INFO - [2025-06-26T23:03:17.947+0000] {dagbag.py:588} INFO - Filling up the DagBag from /home/airflow/.local/lib/python3.12/site-packages/airflow/example_dags/example_task_group.py
[2025-06-26T23:03:17.958+0000] {processor.py:925} INFO - DAG(s) 'example_task_group' retrieved from /home/airflow/.local/lib/python3.12/site-packages/airflow/example_dags/example_task_group.py
[2025-06-26T23:03:17.979+0000] {logging_mixin.py:190} INFO - [2025-06-26T23:03:17.979+0000] {dag.py:3239} INFO - Sync 1 DAGs
[2025-06-26T23:03:17.993+0000] {logging_mixin.py:190} INFO - [2025-06-26T23:03:17.993+0000] {dag.py:4180} INFO - Setting next_dagrun for example_task_group to None, run_after=None
[2025-06-26T23:03:18.016+0000] {processor.py:208} INFO - Processing /home/airflow/.local/lib/python3.12/site-packages/airflow/example_dags/example_task_group.py took 0.079 seconds
[2025-06-26T23:03:48.716+0000] {processor.py:186} INFO - Started process (PID=2548) to work on /home/airflow/.local/lib/python3.12/site-packages/airflow/example_dags/example_task_group.py
[2025-06-26T23:03:48.717+0000] {processor.py:914} INFO - Processing file /home/airflow/.local/lib/python3.12/site-packages/airflow/example_dags/example_task_group.py for tasks to queue
[2025-06-26T23:03:48.720+0000] {logging_mixin.py:190} INFO - [2025-06-26T23:03:48.719+0000] {dagbag.py:588} INFO - Filling up the DagBag from /home/airflow/.local/lib/python3.12/site-packages/airflow/example_dags/example_task_group.py
[2025-06-26T23:03:48.728+0000] {processor.py:925} INFO - DAG(s) 'example_task_group' retrieved from /home/airflow/.local/lib/python3.12/site-packages/airflow/example_dags/example_task_group.py
[2025-06-26T23:03:48.750+0000] {logging_mixin.py:190} INFO - [2025-06-26T23:03:48.750+0000] {dag.py:3239} INFO - Sync 1 DAGs
[2025-06-26T23:03:48.764+0000] {logging_mixin.py:190} INFO - [2025-06-26T23:03:48.764+0000] {dag.py:4180} INFO - Setting next_dagrun for example_task_group to None, run_after=None
[2025-06-26T23:03:48.789+0000] {processor.py:208} INFO - Processing /home/airflow/.local/lib/python3.12/site-packages/airflow/example_dags/example_task_group.py took 0.078 seconds
[2025-06-26T23:04:19.307+0000] {processor.py:186} INFO - Started process (PID=2610) to work on /home/airflow/.local/lib/python3.12/site-packages/airflow/example_dags/example_task_group.py
[2025-06-26T23:04:19.308+0000] {processor.py:914} INFO - Processing file /home/airflow/.local/lib/python3.12/site-packages/airflow/example_dags/example_task_group.py for tasks to queue
[2025-06-26T23:04:19.310+0000] {logging_mixin.py:190} INFO - [2025-06-26T23:04:19.310+0000] {dagbag.py:588} INFO - Filling up the DagBag from /home/airflow/.local/lib/python3.12/site-packages/airflow/example_dags/example_task_group.py
[2025-06-26T23:04:19.318+0000] {processor.py:925} INFO - DAG(s) 'example_task_group' retrieved from /home/airflow/.local/lib/python3.12/site-packages/airflow/example_dags/example_task_group.py
[2025-06-26T23:04:19.338+0000] {logging_mixin.py:190} INFO - [2025-06-26T23:04:19.337+0000] {dag.py:3239} INFO - Sync 1 DAGs
[2025-06-26T23:04:19.350+0000] {logging_mixin.py:190} INFO - [2025-06-26T23:04:19.350+0000] {dag.py:4180} INFO - Setting next_dagrun for example_task_group to None, run_after=None
[2025-06-26T23:04:19.374+0000] {processor.py:208} INFO - Processing /home/airflow/.local/lib/python3.12/site-packages/airflow/example_dags/example_task_group.py took 0.071 seconds
[2025-06-26T23:04:50.122+0000] {processor.py:186} INFO - Started process (PID=2672) to work on /home/airflow/.local/lib/python3.12/site-packages/airflow/example_dags/example_task_group.py
[2025-06-26T23:04:50.124+0000] {processor.py:914} INFO - Processing file /home/airflow/.local/lib/python3.12/site-packages/airflow/example_dags/example_task_group.py for tasks to queue
[2025-06-26T23:04:50.127+0000] {logging_mixin.py:190} INFO - [2025-06-26T23:04:50.126+0000] {dagbag.py:588} INFO - Filling up the DagBag from /home/airflow/.local/lib/python3.12/site-packages/airflow/example_dags/example_task_group.py
[2025-06-26T23:04:50.137+0000] {processor.py:925} INFO - DAG(s) 'example_task_group' retrieved from /home/airflow/.local/lib/python3.12/site-packages/airflow/example_dags/example_task_group.py
[2025-06-26T23:04:50.163+0000] {logging_mixin.py:190} INFO - [2025-06-26T23:04:50.163+0000] {dag.py:3239} INFO - Sync 1 DAGs
[2025-06-26T23:04:50.178+0000] {logging_mixin.py:190} INFO - [2025-06-26T23:04:50.178+0000] {dag.py:4180} INFO - Setting next_dagrun for example_task_group to None, run_after=None
[2025-06-26T23:04:50.201+0000] {processor.py:208} INFO - Processing /home/airflow/.local/lib/python3.12/site-packages/airflow/example_dags/example_task_group.py took 0.085 seconds
[2025-06-26T23:05:20.637+0000] {processor.py:186} INFO - Started process (PID=2734) to work on /home/airflow/.local/lib/python3.12/site-packages/airflow/example_dags/example_task_group.py
[2025-06-26T23:05:20.638+0000] {processor.py:914} INFO - Processing file /home/airflow/.local/lib/python3.12/site-packages/airflow/example_dags/example_task_group.py for tasks to queue
[2025-06-26T23:05:20.641+0000] {logging_mixin.py:190} INFO - [2025-06-26T23:05:20.640+0000] {dagbag.py:588} INFO - Filling up the DagBag from /home/airflow/.local/lib/python3.12/site-packages/airflow/example_dags/example_task_group.py
[2025-06-26T23:05:20.649+0000] {processor.py:925} INFO - DAG(s) 'example_task_group' retrieved from /home/airflow/.local/lib/python3.12/site-packages/airflow/example_dags/example_task_group.py
[2025-06-26T23:05:20.670+0000] {logging_mixin.py:190} INFO - [2025-06-26T23:05:20.670+0000] {dag.py:3239} INFO - Sync 1 DAGs
[2025-06-26T23:05:20.684+0000] {logging_mixin.py:190} INFO - [2025-06-26T23:05:20.684+0000] {dag.py:4180} INFO - Setting next_dagrun for example_task_group to None, run_after=None
[2025-06-26T23:05:20.705+0000] {processor.py:208} INFO - Processing /home/airflow/.local/lib/python3.12/site-packages/airflow/example_dags/example_task_group.py took 0.073 seconds
[2025-06-26T23:05:51.036+0000] {processor.py:186} INFO - Started process (PID=2795) to work on /home/airflow/.local/lib/python3.12/site-packages/airflow/example_dags/example_task_group.py
[2025-06-26T23:05:51.037+0000] {processor.py:914} INFO - Processing file /home/airflow/.local/lib/python3.12/site-packages/airflow/example_dags/example_task_group.py for tasks to queue
[2025-06-26T23:05:51.039+0000] {logging_mixin.py:190} INFO - [2025-06-26T23:05:51.039+0000] {dagbag.py:588} INFO - Filling up the DagBag from /home/airflow/.local/lib/python3.12/site-packages/airflow/example_dags/example_task_group.py
[2025-06-26T23:05:51.046+0000] {processor.py:925} INFO - DAG(s) 'example_task_group' retrieved from /home/airflow/.local/lib/python3.12/site-packages/airflow/example_dags/example_task_group.py
[2025-06-26T23:05:51.064+0000] {logging_mixin.py:190} INFO - [2025-06-26T23:05:51.064+0000] {dag.py:3239} INFO - Sync 1 DAGs
[2025-06-26T23:05:51.075+0000] {logging_mixin.py:190} INFO - [2025-06-26T23:05:51.075+0000] {dag.py:4180} INFO - Setting next_dagrun for example_task_group to None, run_after=None
[2025-06-26T23:05:51.095+0000] {processor.py:208} INFO - Processing /home/airflow/.local/lib/python3.12/site-packages/airflow/example_dags/example_task_group.py took 0.064 seconds
[2025-06-26T23:06:21.970+0000] {processor.py:186} INFO - Started process (PID=2858) to work on /home/airflow/.local/lib/python3.12/site-packages/airflow/example_dags/example_task_group.py
[2025-06-26T23:06:21.971+0000] {processor.py:914} INFO - Processing file /home/airflow/.local/lib/python3.12/site-packages/airflow/example_dags/example_task_group.py for tasks to queue
[2025-06-26T23:06:21.973+0000] {logging_mixin.py:190} INFO - [2025-06-26T23:06:21.973+0000] {dagbag.py:588} INFO - Filling up the DagBag from /home/airflow/.local/lib/python3.12/site-packages/airflow/example_dags/example_task_group.py
[2025-06-26T23:06:21.981+0000] {processor.py:925} INFO - DAG(s) 'example_task_group' retrieved from /home/airflow/.local/lib/python3.12/site-packages/airflow/example_dags/example_task_group.py
[2025-06-26T23:06:22.000+0000] {logging_mixin.py:190} INFO - [2025-06-26T23:06:22.000+0000] {dag.py:3239} INFO - Sync 1 DAGs
[2025-06-26T23:06:22.012+0000] {logging_mixin.py:190} INFO - [2025-06-26T23:06:22.012+0000] {dag.py:4180} INFO - Setting next_dagrun for example_task_group to None, run_after=None
[2025-06-26T23:06:22.034+0000] {processor.py:208} INFO - Processing /home/airflow/.local/lib/python3.12/site-packages/airflow/example_dags/example_task_group.py took 0.069 seconds
[2025-06-26T23:06:52.666+0000] {processor.py:186} INFO - Started process (PID=2920) to work on /home/airflow/.local/lib/python3.12/site-packages/airflow/example_dags/example_task_group.py
[2025-06-26T23:06:52.667+0000] {processor.py:914} INFO - Processing file /home/airflow/.local/lib/python3.12/site-packages/airflow/example_dags/example_task_group.py for tasks to queue
[2025-06-26T23:06:52.669+0000] {logging_mixin.py:190} INFO - [2025-06-26T23:06:52.669+0000] {dagbag.py:588} INFO - Filling up the DagBag from /home/airflow/.local/lib/python3.12/site-packages/airflow/example_dags/example_task_group.py
[2025-06-26T23:06:52.676+0000] {processor.py:925} INFO - DAG(s) 'example_task_group' retrieved from /home/airflow/.local/lib/python3.12/site-packages/airflow/example_dags/example_task_group.py
[2025-06-26T23:06:52.696+0000] {logging_mixin.py:190} INFO - [2025-06-26T23:06:52.696+0000] {dag.py:3239} INFO - Sync 1 DAGs
[2025-06-26T23:06:52.709+0000] {logging_mixin.py:190} INFO - [2025-06-26T23:06:52.709+0000] {dag.py:4180} INFO - Setting next_dagrun for example_task_group to None, run_after=None
[2025-06-26T23:06:52.729+0000] {processor.py:208} INFO - Processing /home/airflow/.local/lib/python3.12/site-packages/airflow/example_dags/example_task_group.py took 0.068 seconds
[2025-06-26T23:07:23.572+0000] {processor.py:186} INFO - Started process (PID=2982) to work on /home/airflow/.local/lib/python3.12/site-packages/airflow/example_dags/example_task_group.py
[2025-06-26T23:07:23.573+0000] {processor.py:914} INFO - Processing file /home/airflow/.local/lib/python3.12/site-packages/airflow/example_dags/example_task_group.py for tasks to queue
[2025-06-26T23:07:23.576+0000] {logging_mixin.py:190} INFO - [2025-06-26T23:07:23.575+0000] {dagbag.py:588} INFO - Filling up the DagBag from /home/airflow/.local/lib/python3.12/site-packages/airflow/example_dags/example_task_group.py
[2025-06-26T23:07:23.584+0000] {processor.py:925} INFO - DAG(s) 'example_task_group' retrieved from /home/airflow/.local/lib/python3.12/site-packages/airflow/example_dags/example_task_group.py
[2025-06-26T23:07:23.606+0000] {logging_mixin.py:190} INFO - [2025-06-26T23:07:23.606+0000] {dag.py:3239} INFO - Sync 1 DAGs
[2025-06-26T23:07:23.620+0000] {logging_mixin.py:190} INFO - [2025-06-26T23:07:23.620+0000] {dag.py:4180} INFO - Setting next_dagrun for example_task_group to None, run_after=None
[2025-06-26T23:07:23.639+0000] {processor.py:208} INFO - Processing /home/airflow/.local/lib/python3.12/site-packages/airflow/example_dags/example_task_group.py took 0.072 seconds
[2025-06-26T23:07:54.502+0000] {processor.py:186} INFO - Started process (PID=3044) to work on /home/airflow/.local/lib/python3.12/site-packages/airflow/example_dags/example_task_group.py
[2025-06-26T23:07:54.503+0000] {processor.py:914} INFO - Processing file /home/airflow/.local/lib/python3.12/site-packages/airflow/example_dags/example_task_group.py for tasks to queue
[2025-06-26T23:07:54.505+0000] {logging_mixin.py:190} INFO - [2025-06-26T23:07:54.505+0000] {dagbag.py:588} INFO - Filling up the DagBag from /home/airflow/.local/lib/python3.12/site-packages/airflow/example_dags/example_task_group.py
[2025-06-26T23:07:54.513+0000] {processor.py:925} INFO - DAG(s) 'example_task_group' retrieved from /home/airflow/.local/lib/python3.12/site-packages/airflow/example_dags/example_task_group.py
[2025-06-26T23:07:54.532+0000] {logging_mixin.py:190} INFO - [2025-06-26T23:07:54.532+0000] {dag.py:3239} INFO - Sync 1 DAGs
[2025-06-26T23:07:54.544+0000] {logging_mixin.py:190} INFO - [2025-06-26T23:07:54.544+0000] {dag.py:4180} INFO - Setting next_dagrun for example_task_group to None, run_after=None
[2025-06-26T23:07:54.564+0000] {processor.py:208} INFO - Processing /home/airflow/.local/lib/python3.12/site-packages/airflow/example_dags/example_task_group.py took 0.068 seconds
[2025-06-26T23:08:25.472+0000] {processor.py:186} INFO - Started process (PID=3106) to work on /home/airflow/.local/lib/python3.12/site-packages/airflow/example_dags/example_task_group.py
[2025-06-26T23:08:25.473+0000] {processor.py:914} INFO - Processing file /home/airflow/.local/lib/python3.12/site-packages/airflow/example_dags/example_task_group.py for tasks to queue
[2025-06-26T23:08:25.475+0000] {logging_mixin.py:190} INFO - [2025-06-26T23:08:25.475+0000] {dagbag.py:588} INFO - Filling up the DagBag from /home/airflow/.local/lib/python3.12/site-packages/airflow/example_dags/example_task_group.py
[2025-06-26T23:08:25.484+0000] {processor.py:925} INFO - DAG(s) 'example_task_group' retrieved from /home/airflow/.local/lib/python3.12/site-packages/airflow/example_dags/example_task_group.py
[2025-06-26T23:08:25.505+0000] {logging_mixin.py:190} INFO - [2025-06-26T23:08:25.504+0000] {dag.py:3239} INFO - Sync 1 DAGs
[2025-06-26T23:08:25.517+0000] {logging_mixin.py:190} INFO - [2025-06-26T23:08:25.517+0000] {dag.py:4180} INFO - Setting next_dagrun for example_task_group to None, run_after=None
[2025-06-26T23:08:25.539+0000] {processor.py:208} INFO - Processing /home/airflow/.local/lib/python3.12/site-packages/airflow/example_dags/example_task_group.py took 0.073 seconds
[2025-06-26T23:08:56.314+0000] {processor.py:186} INFO - Started process (PID=3168) to work on /home/airflow/.local/lib/python3.12/site-packages/airflow/example_dags/example_task_group.py
[2025-06-26T23:08:56.315+0000] {processor.py:914} INFO - Processing file /home/airflow/.local/lib/python3.12/site-packages/airflow/example_dags/example_task_group.py for tasks to queue
[2025-06-26T23:08:56.317+0000] {logging_mixin.py:190} INFO - [2025-06-26T23:08:56.317+0000] {dagbag.py:588} INFO - Filling up the DagBag from /home/airflow/.local/lib/python3.12/site-packages/airflow/example_dags/example_task_group.py
[2025-06-26T23:08:56.324+0000] {processor.py:925} INFO - DAG(s) 'example_task_group' retrieved from /home/airflow/.local/lib/python3.12/site-packages/airflow/example_dags/example_task_group.py
[2025-06-26T23:08:56.346+0000] {logging_mixin.py:190} INFO - [2025-06-26T23:08:56.346+0000] {dag.py:3239} INFO - Sync 1 DAGs
[2025-06-26T23:08:56.361+0000] {logging_mixin.py:190} INFO - [2025-06-26T23:08:56.361+0000] {dag.py:4180} INFO - Setting next_dagrun for example_task_group to None, run_after=None
[2025-06-26T23:08:56.389+0000] {processor.py:208} INFO - Processing /home/airflow/.local/lib/python3.12/site-packages/airflow/example_dags/example_task_group.py took 0.080 seconds
[2025-06-26T23:09:27.212+0000] {processor.py:186} INFO - Started process (PID=3230) to work on /home/airflow/.local/lib/python3.12/site-packages/airflow/example_dags/example_task_group.py
[2025-06-26T23:09:27.213+0000] {processor.py:914} INFO - Processing file /home/airflow/.local/lib/python3.12/site-packages/airflow/example_dags/example_task_group.py for tasks to queue
[2025-06-26T23:09:27.216+0000] {logging_mixin.py:190} INFO - [2025-06-26T23:09:27.215+0000] {dagbag.py:588} INFO - Filling up the DagBag from /home/airflow/.local/lib/python3.12/site-packages/airflow/example_dags/example_task_group.py
[2025-06-26T23:09:27.223+0000] {processor.py:925} INFO - DAG(s) 'example_task_group' retrieved from /home/airflow/.local/lib/python3.12/site-packages/airflow/example_dags/example_task_group.py
[2025-06-26T23:09:27.244+0000] {logging_mixin.py:190} INFO - [2025-06-26T23:09:27.244+0000] {dag.py:3239} INFO - Sync 1 DAGs
[2025-06-26T23:09:27.256+0000] {logging_mixin.py:190} INFO - [2025-06-26T23:09:27.256+0000] {dag.py:4180} INFO - Setting next_dagrun for example_task_group to None, run_after=None
[2025-06-26T23:09:27.277+0000] {processor.py:208} INFO - Processing /home/airflow/.local/lib/python3.12/site-packages/airflow/example_dags/example_task_group.py took 0.071 seconds
[2025-06-26T23:09:57.344+0000] {processor.py:186} INFO - Started process (PID=3291) to work on /home/airflow/.local/lib/python3.12/site-packages/airflow/example_dags/example_task_group.py
[2025-06-26T23:09:57.345+0000] {processor.py:914} INFO - Processing file /home/airflow/.local/lib/python3.12/site-packages/airflow/example_dags/example_task_group.py for tasks to queue
[2025-06-26T23:09:57.351+0000] {logging_mixin.py:190} INFO - [2025-06-26T23:09:57.350+0000] {dagbag.py:588} INFO - Filling up the DagBag from /home/airflow/.local/lib/python3.12/site-packages/airflow/example_dags/example_task_group.py
[2025-06-26T23:09:57.366+0000] {processor.py:925} INFO - DAG(s) 'example_task_group' retrieved from /home/airflow/.local/lib/python3.12/site-packages/airflow/example_dags/example_task_group.py
[2025-06-26T23:09:57.425+0000] {logging_mixin.py:190} INFO - [2025-06-26T23:09:57.425+0000] {dag.py:3239} INFO - Sync 1 DAGs
[2025-06-26T23:09:57.472+0000] {logging_mixin.py:190} INFO - [2025-06-26T23:09:57.471+0000] {dag.py:4180} INFO - Setting next_dagrun for example_task_group to None, run_after=None
[2025-06-26T23:09:57.533+0000] {processor.py:208} INFO - Processing /home/airflow/.local/lib/python3.12/site-packages/airflow/example_dags/example_task_group.py took 0.210 seconds
[2025-06-26T23:10:28.161+0000] {processor.py:186} INFO - Started process (PID=3353) to work on /home/airflow/.local/lib/python3.12/site-packages/airflow/example_dags/example_task_group.py
[2025-06-26T23:10:28.162+0000] {processor.py:914} INFO - Processing file /home/airflow/.local/lib/python3.12/site-packages/airflow/example_dags/example_task_group.py for tasks to queue
[2025-06-26T23:10:28.165+0000] {logging_mixin.py:190} INFO - [2025-06-26T23:10:28.165+0000] {dagbag.py:588} INFO - Filling up the DagBag from /home/airflow/.local/lib/python3.12/site-packages/airflow/example_dags/example_task_group.py
[2025-06-26T23:10:28.175+0000] {processor.py:925} INFO - DAG(s) 'example_task_group' retrieved from /home/airflow/.local/lib/python3.12/site-packages/airflow/example_dags/example_task_group.py
[2025-06-26T23:10:28.204+0000] {logging_mixin.py:190} INFO - [2025-06-26T23:10:28.203+0000] {dag.py:3239} INFO - Sync 1 DAGs
[2025-06-26T23:10:28.217+0000] {logging_mixin.py:190} INFO - [2025-06-26T23:10:28.217+0000] {dag.py:4180} INFO - Setting next_dagrun for example_task_group to None, run_after=None
[2025-06-26T23:10:28.239+0000] {processor.py:208} INFO - Processing /home/airflow/.local/lib/python3.12/site-packages/airflow/example_dags/example_task_group.py took 0.085 seconds
