[2025-06-26T22:43:31.132+0000] {processor.py:186} INFO - Started process (PID=68) to work on /home/airflow/.local/lib/python3.12/site-packages/airflow/example_dags/example_complex.py
[2025-06-26T22:43:31.133+0000] {processor.py:914} INFO - Processing file /home/airflow/.local/lib/python3.12/site-packages/airflow/example_dags/example_complex.py for tasks to queue
[2025-06-26T22:43:31.136+0000] {logging_mixin.py:190} INFO - [2025-06-26T22:43:31.136+0000] {dagbag.py:588} INFO - Filling up the DagBag from /home/airflow/.local/lib/python3.12/site-packages/airflow/example_dags/example_complex.py
[2025-06-26T22:43:31.148+0000] {processor.py:925} INFO - DAG(s) 'example_complex' retrieved from /home/airflow/.local/lib/python3.12/site-packages/airflow/example_dags/example_complex.py
[2025-06-26T22:43:31.252+0000] {logging_mixin.py:190} INFO - [2025-06-26T22:43:31.251+0000] {override.py:1900} INFO - Created Permission View: can read on DAG:example_complex
[2025-06-26T22:43:31.263+0000] {logging_mixin.py:190} INFO - [2025-06-26T22:43:31.263+0000] {override.py:1900} INFO - Created Permission View: can edit on DAG:example_complex
[2025-06-26T22:43:31.272+0000] {logging_mixin.py:190} INFO - [2025-06-26T22:43:31.272+0000] {override.py:1900} INFO - Created Permission View: can delete on DAG:example_complex
[2025-06-26T22:43:31.286+0000] {logging_mixin.py:190} INFO - [2025-06-26T22:43:31.285+0000] {override.py:1900} INFO - Created Permission View: can read on DAG Run:example_complex
[2025-06-26T22:43:31.295+0000] {logging_mixin.py:190} INFO - [2025-06-26T22:43:31.295+0000] {override.py:1900} INFO - Created Permission View: can delete on DAG Run:example_complex
[2025-06-26T22:43:31.305+0000] {logging_mixin.py:190} INFO - [2025-06-26T22:43:31.305+0000] {override.py:1900} INFO - Created Permission View: menu access on DAG Run:example_complex
[2025-06-26T22:43:31.316+0000] {logging_mixin.py:190} INFO - [2025-06-26T22:43:31.315+0000] {override.py:1900} INFO - Created Permission View: can create on DAG Run:example_complex
[2025-06-26T22:43:31.317+0000] {logging_mixin.py:190} INFO - [2025-06-26T22:43:31.316+0000] {dag.py:3239} INFO - Sync 1 DAGs
[2025-06-26T22:43:31.331+0000] {logging_mixin.py:190} INFO - [2025-06-26T22:43:31.330+0000] {dag.py:3262} INFO - Creating ORM DAG for example_complex
[2025-06-26T22:43:31.332+0000] {logging_mixin.py:190} INFO - [2025-06-26T22:43:31.332+0000] {dag.py:4180} INFO - Setting next_dagrun for example_complex to None, run_after=None
[2025-06-26T22:43:31.351+0000] {processor.py:208} INFO - Processing /home/airflow/.local/lib/python3.12/site-packages/airflow/example_dags/example_complex.py took 0.224 seconds
[2025-06-26T22:44:01.466+0000] {processor.py:186} INFO - Started process (PID=130) to work on /home/airflow/.local/lib/python3.12/site-packages/airflow/example_dags/example_complex.py
[2025-06-26T22:44:01.467+0000] {processor.py:914} INFO - Processing file /home/airflow/.local/lib/python3.12/site-packages/airflow/example_dags/example_complex.py for tasks to queue
[2025-06-26T22:44:01.469+0000] {logging_mixin.py:190} INFO - [2025-06-26T22:44:01.469+0000] {dagbag.py:588} INFO - Filling up the DagBag from /home/airflow/.local/lib/python3.12/site-packages/airflow/example_dags/example_complex.py
[2025-06-26T22:44:01.479+0000] {processor.py:925} INFO - DAG(s) 'example_complex' retrieved from /home/airflow/.local/lib/python3.12/site-packages/airflow/example_dags/example_complex.py
[2025-06-26T22:44:01.506+0000] {logging_mixin.py:190} INFO - [2025-06-26T22:44:01.506+0000] {dag.py:3239} INFO - Sync 1 DAGs
[2025-06-26T22:44:01.518+0000] {logging_mixin.py:190} INFO - [2025-06-26T22:44:01.518+0000] {dag.py:4180} INFO - Setting next_dagrun for example_complex to None, run_after=None
[2025-06-26T22:44:01.536+0000] {processor.py:208} INFO - Processing /home/airflow/.local/lib/python3.12/site-packages/airflow/example_dags/example_complex.py took 0.076 seconds
[2025-06-26T22:44:31.895+0000] {processor.py:186} INFO - Started process (PID=192) to work on /home/airflow/.local/lib/python3.12/site-packages/airflow/example_dags/example_complex.py
[2025-06-26T22:44:31.896+0000] {processor.py:914} INFO - Processing file /home/airflow/.local/lib/python3.12/site-packages/airflow/example_dags/example_complex.py for tasks to queue
[2025-06-26T22:44:31.899+0000] {logging_mixin.py:190} INFO - [2025-06-26T22:44:31.898+0000] {dagbag.py:588} INFO - Filling up the DagBag from /home/airflow/.local/lib/python3.12/site-packages/airflow/example_dags/example_complex.py
[2025-06-26T22:44:31.909+0000] {processor.py:925} INFO - DAG(s) 'example_complex' retrieved from /home/airflow/.local/lib/python3.12/site-packages/airflow/example_dags/example_complex.py
[2025-06-26T22:44:31.935+0000] {logging_mixin.py:190} INFO - [2025-06-26T22:44:31.935+0000] {dag.py:3239} INFO - Sync 1 DAGs
[2025-06-26T22:44:31.948+0000] {logging_mixin.py:190} INFO - [2025-06-26T22:44:31.948+0000] {dag.py:4180} INFO - Setting next_dagrun for example_complex to None, run_after=None
[2025-06-26T22:44:31.969+0000] {processor.py:208} INFO - Processing /home/airflow/.local/lib/python3.12/site-packages/airflow/example_dags/example_complex.py took 0.079 seconds
[2025-06-26T22:45:02.281+0000] {processor.py:186} INFO - Started process (PID=260) to work on /home/airflow/.local/lib/python3.12/site-packages/airflow/example_dags/example_complex.py
[2025-06-26T22:45:02.282+0000] {processor.py:914} INFO - Processing file /home/airflow/.local/lib/python3.12/site-packages/airflow/example_dags/example_complex.py for tasks to queue
[2025-06-26T22:45:02.284+0000] {logging_mixin.py:190} INFO - [2025-06-26T22:45:02.284+0000] {dagbag.py:588} INFO - Filling up the DagBag from /home/airflow/.local/lib/python3.12/site-packages/airflow/example_dags/example_complex.py
[2025-06-26T22:45:02.294+0000] {processor.py:925} INFO - DAG(s) 'example_complex' retrieved from /home/airflow/.local/lib/python3.12/site-packages/airflow/example_dags/example_complex.py
[2025-06-26T22:45:02.321+0000] {logging_mixin.py:190} INFO - [2025-06-26T22:45:02.321+0000] {dag.py:3239} INFO - Sync 1 DAGs
[2025-06-26T22:45:02.334+0000] {logging_mixin.py:190} INFO - [2025-06-26T22:45:02.333+0000] {dag.py:4180} INFO - Setting next_dagrun for example_complex to None, run_after=None
[2025-06-26T22:45:02.352+0000] {processor.py:208} INFO - Processing /home/airflow/.local/lib/python3.12/site-packages/airflow/example_dags/example_complex.py took 0.077 seconds
[2025-06-26T22:45:32.751+0000] {processor.py:186} INFO - Started process (PID=322) to work on /home/airflow/.local/lib/python3.12/site-packages/airflow/example_dags/example_complex.py
[2025-06-26T22:45:32.752+0000] {processor.py:914} INFO - Processing file /home/airflow/.local/lib/python3.12/site-packages/airflow/example_dags/example_complex.py for tasks to queue
[2025-06-26T22:45:32.754+0000] {logging_mixin.py:190} INFO - [2025-06-26T22:45:32.754+0000] {dagbag.py:588} INFO - Filling up the DagBag from /home/airflow/.local/lib/python3.12/site-packages/airflow/example_dags/example_complex.py
[2025-06-26T22:45:32.766+0000] {processor.py:925} INFO - DAG(s) 'example_complex' retrieved from /home/airflow/.local/lib/python3.12/site-packages/airflow/example_dags/example_complex.py
[2025-06-26T22:45:32.792+0000] {logging_mixin.py:190} INFO - [2025-06-26T22:45:32.792+0000] {dag.py:3239} INFO - Sync 1 DAGs
[2025-06-26T22:45:32.810+0000] {logging_mixin.py:190} INFO - [2025-06-26T22:45:32.810+0000] {dag.py:4180} INFO - Setting next_dagrun for example_complex to None, run_after=None
[2025-06-26T22:45:32.833+0000] {processor.py:208} INFO - Processing /home/airflow/.local/lib/python3.12/site-packages/airflow/example_dags/example_complex.py took 0.088 seconds
[2025-06-26T22:46:02.969+0000] {processor.py:186} INFO - Started process (PID=384) to work on /home/airflow/.local/lib/python3.12/site-packages/airflow/example_dags/example_complex.py
[2025-06-26T22:46:02.970+0000] {processor.py:914} INFO - Processing file /home/airflow/.local/lib/python3.12/site-packages/airflow/example_dags/example_complex.py for tasks to queue
[2025-06-26T22:46:02.972+0000] {logging_mixin.py:190} INFO - [2025-06-26T22:46:02.972+0000] {dagbag.py:588} INFO - Filling up the DagBag from /home/airflow/.local/lib/python3.12/site-packages/airflow/example_dags/example_complex.py
[2025-06-26T22:46:02.983+0000] {processor.py:925} INFO - DAG(s) 'example_complex' retrieved from /home/airflow/.local/lib/python3.12/site-packages/airflow/example_dags/example_complex.py
[2025-06-26T22:46:03.008+0000] {logging_mixin.py:190} INFO - [2025-06-26T22:46:03.008+0000] {dag.py:3239} INFO - Sync 1 DAGs
[2025-06-26T22:46:03.021+0000] {logging_mixin.py:190} INFO - [2025-06-26T22:46:03.021+0000] {dag.py:4180} INFO - Setting next_dagrun for example_complex to None, run_after=None
[2025-06-26T22:46:03.041+0000] {processor.py:208} INFO - Processing /home/airflow/.local/lib/python3.12/site-packages/airflow/example_dags/example_complex.py took 0.078 seconds
[2025-06-26T22:46:33.674+0000] {processor.py:186} INFO - Started process (PID=446) to work on /home/airflow/.local/lib/python3.12/site-packages/airflow/example_dags/example_complex.py
[2025-06-26T22:46:33.676+0000] {processor.py:914} INFO - Processing file /home/airflow/.local/lib/python3.12/site-packages/airflow/example_dags/example_complex.py for tasks to queue
[2025-06-26T22:46:33.678+0000] {logging_mixin.py:190} INFO - [2025-06-26T22:46:33.678+0000] {dagbag.py:588} INFO - Filling up the DagBag from /home/airflow/.local/lib/python3.12/site-packages/airflow/example_dags/example_complex.py
[2025-06-26T22:46:33.689+0000] {processor.py:925} INFO - DAG(s) 'example_complex' retrieved from /home/airflow/.local/lib/python3.12/site-packages/airflow/example_dags/example_complex.py
[2025-06-26T22:46:33.715+0000] {logging_mixin.py:190} INFO - [2025-06-26T22:46:33.715+0000] {dag.py:3239} INFO - Sync 1 DAGs
[2025-06-26T22:46:33.727+0000] {logging_mixin.py:190} INFO - [2025-06-26T22:46:33.727+0000] {dag.py:4180} INFO - Setting next_dagrun for example_complex to None, run_after=None
[2025-06-26T22:46:33.745+0000] {processor.py:208} INFO - Processing /home/airflow/.local/lib/python3.12/site-packages/airflow/example_dags/example_complex.py took 0.077 seconds
[2025-06-26T22:47:04.118+0000] {processor.py:186} INFO - Started process (PID=508) to work on /home/airflow/.local/lib/python3.12/site-packages/airflow/example_dags/example_complex.py
[2025-06-26T22:47:04.119+0000] {processor.py:914} INFO - Processing file /home/airflow/.local/lib/python3.12/site-packages/airflow/example_dags/example_complex.py for tasks to queue
[2025-06-26T22:47:04.122+0000] {logging_mixin.py:190} INFO - [2025-06-26T22:47:04.121+0000] {dagbag.py:588} INFO - Filling up the DagBag from /home/airflow/.local/lib/python3.12/site-packages/airflow/example_dags/example_complex.py
[2025-06-26T22:47:04.132+0000] {processor.py:925} INFO - DAG(s) 'example_complex' retrieved from /home/airflow/.local/lib/python3.12/site-packages/airflow/example_dags/example_complex.py
[2025-06-26T22:47:04.158+0000] {logging_mixin.py:190} INFO - [2025-06-26T22:47:04.158+0000] {dag.py:3239} INFO - Sync 1 DAGs
[2025-06-26T22:47:04.171+0000] {logging_mixin.py:190} INFO - [2025-06-26T22:47:04.171+0000] {dag.py:4180} INFO - Setting next_dagrun for example_complex to None, run_after=None
[2025-06-26T22:47:04.191+0000] {processor.py:208} INFO - Processing /home/airflow/.local/lib/python3.12/site-packages/airflow/example_dags/example_complex.py took 0.081 seconds
[2025-06-26T22:47:34.523+0000] {processor.py:186} INFO - Started process (PID=570) to work on /home/airflow/.local/lib/python3.12/site-packages/airflow/example_dags/example_complex.py
[2025-06-26T22:47:34.524+0000] {processor.py:914} INFO - Processing file /home/airflow/.local/lib/python3.12/site-packages/airflow/example_dags/example_complex.py for tasks to queue
[2025-06-26T22:47:34.527+0000] {logging_mixin.py:190} INFO - [2025-06-26T22:47:34.526+0000] {dagbag.py:588} INFO - Filling up the DagBag from /home/airflow/.local/lib/python3.12/site-packages/airflow/example_dags/example_complex.py
[2025-06-26T22:47:34.537+0000] {processor.py:925} INFO - DAG(s) 'example_complex' retrieved from /home/airflow/.local/lib/python3.12/site-packages/airflow/example_dags/example_complex.py
[2025-06-26T22:47:34.564+0000] {logging_mixin.py:190} INFO - [2025-06-26T22:47:34.564+0000] {dag.py:3239} INFO - Sync 1 DAGs
[2025-06-26T22:47:34.576+0000] {logging_mixin.py:190} INFO - [2025-06-26T22:47:34.575+0000] {dag.py:4180} INFO - Setting next_dagrun for example_complex to None, run_after=None
[2025-06-26T22:47:34.596+0000] {processor.py:208} INFO - Processing /home/airflow/.local/lib/python3.12/site-packages/airflow/example_dags/example_complex.py took 0.079 seconds
[2025-06-26T22:48:04.960+0000] {processor.py:186} INFO - Started process (PID=632) to work on /home/airflow/.local/lib/python3.12/site-packages/airflow/example_dags/example_complex.py
[2025-06-26T22:48:04.961+0000] {processor.py:914} INFO - Processing file /home/airflow/.local/lib/python3.12/site-packages/airflow/example_dags/example_complex.py for tasks to queue
[2025-06-26T22:48:04.963+0000] {logging_mixin.py:190} INFO - [2025-06-26T22:48:04.963+0000] {dagbag.py:588} INFO - Filling up the DagBag from /home/airflow/.local/lib/python3.12/site-packages/airflow/example_dags/example_complex.py
[2025-06-26T22:48:04.975+0000] {processor.py:925} INFO - DAG(s) 'example_complex' retrieved from /home/airflow/.local/lib/python3.12/site-packages/airflow/example_dags/example_complex.py
[2025-06-26T22:48:05.002+0000] {logging_mixin.py:190} INFO - [2025-06-26T22:48:05.002+0000] {dag.py:3239} INFO - Sync 1 DAGs
[2025-06-26T22:48:05.015+0000] {logging_mixin.py:190} INFO - [2025-06-26T22:48:05.014+0000] {dag.py:4180} INFO - Setting next_dagrun for example_complex to None, run_after=None
[2025-06-26T22:48:05.038+0000] {processor.py:208} INFO - Processing /home/airflow/.local/lib/python3.12/site-packages/airflow/example_dags/example_complex.py took 0.084 seconds
[2025-06-26T22:48:35.314+0000] {processor.py:186} INFO - Started process (PID=694) to work on /home/airflow/.local/lib/python3.12/site-packages/airflow/example_dags/example_complex.py
[2025-06-26T22:48:35.315+0000] {processor.py:914} INFO - Processing file /home/airflow/.local/lib/python3.12/site-packages/airflow/example_dags/example_complex.py for tasks to queue
[2025-06-26T22:48:35.317+0000] {logging_mixin.py:190} INFO - [2025-06-26T22:48:35.317+0000] {dagbag.py:588} INFO - Filling up the DagBag from /home/airflow/.local/lib/python3.12/site-packages/airflow/example_dags/example_complex.py
[2025-06-26T22:48:35.327+0000] {processor.py:925} INFO - DAG(s) 'example_complex' retrieved from /home/airflow/.local/lib/python3.12/site-packages/airflow/example_dags/example_complex.py
[2025-06-26T22:48:35.355+0000] {logging_mixin.py:190} INFO - [2025-06-26T22:48:35.355+0000] {dag.py:3239} INFO - Sync 1 DAGs
[2025-06-26T22:48:35.370+0000] {logging_mixin.py:190} INFO - [2025-06-26T22:48:35.370+0000] {dag.py:4180} INFO - Setting next_dagrun for example_complex to None, run_after=None
[2025-06-26T22:48:35.391+0000] {processor.py:208} INFO - Processing /home/airflow/.local/lib/python3.12/site-packages/airflow/example_dags/example_complex.py took 0.083 seconds
[2025-06-26T22:49:05.487+0000] {processor.py:186} INFO - Started process (PID=755) to work on /home/airflow/.local/lib/python3.12/site-packages/airflow/example_dags/example_complex.py
[2025-06-26T22:49:05.488+0000] {processor.py:914} INFO - Processing file /home/airflow/.local/lib/python3.12/site-packages/airflow/example_dags/example_complex.py for tasks to queue
[2025-06-26T22:49:05.490+0000] {logging_mixin.py:190} INFO - [2025-06-26T22:49:05.490+0000] {dagbag.py:588} INFO - Filling up the DagBag from /home/airflow/.local/lib/python3.12/site-packages/airflow/example_dags/example_complex.py
[2025-06-26T22:49:05.501+0000] {processor.py:925} INFO - DAG(s) 'example_complex' retrieved from /home/airflow/.local/lib/python3.12/site-packages/airflow/example_dags/example_complex.py
[2025-06-26T22:49:05.538+0000] {logging_mixin.py:190} INFO - [2025-06-26T22:49:05.537+0000] {dag.py:3239} INFO - Sync 1 DAGs
[2025-06-26T22:49:05.557+0000] {logging_mixin.py:190} INFO - [2025-06-26T22:49:05.557+0000] {dag.py:4180} INFO - Setting next_dagrun for example_complex to None, run_after=None
[2025-06-26T22:49:05.589+0000] {processor.py:208} INFO - Processing /home/airflow/.local/lib/python3.12/site-packages/airflow/example_dags/example_complex.py took 0.108 seconds
[2025-06-26T22:49:35.892+0000] {processor.py:186} INFO - Started process (PID=817) to work on /home/airflow/.local/lib/python3.12/site-packages/airflow/example_dags/example_complex.py
[2025-06-26T22:49:35.892+0000] {processor.py:914} INFO - Processing file /home/airflow/.local/lib/python3.12/site-packages/airflow/example_dags/example_complex.py for tasks to queue
[2025-06-26T22:49:35.895+0000] {logging_mixin.py:190} INFO - [2025-06-26T22:49:35.894+0000] {dagbag.py:588} INFO - Filling up the DagBag from /home/airflow/.local/lib/python3.12/site-packages/airflow/example_dags/example_complex.py
[2025-06-26T22:49:35.905+0000] {processor.py:925} INFO - DAG(s) 'example_complex' retrieved from /home/airflow/.local/lib/python3.12/site-packages/airflow/example_dags/example_complex.py
[2025-06-26T22:49:35.931+0000] {logging_mixin.py:190} INFO - [2025-06-26T22:49:35.931+0000] {dag.py:3239} INFO - Sync 1 DAGs
[2025-06-26T22:49:35.942+0000] {logging_mixin.py:190} INFO - [2025-06-26T22:49:35.942+0000] {dag.py:4180} INFO - Setting next_dagrun for example_complex to None, run_after=None
[2025-06-26T22:49:35.962+0000] {processor.py:208} INFO - Processing /home/airflow/.local/lib/python3.12/site-packages/airflow/example_dags/example_complex.py took 0.076 seconds
[2025-06-26T22:50:06.164+0000] {processor.py:186} INFO - Started process (PID=879) to work on /home/airflow/.local/lib/python3.12/site-packages/airflow/example_dags/example_complex.py
[2025-06-26T22:50:06.165+0000] {processor.py:914} INFO - Processing file /home/airflow/.local/lib/python3.12/site-packages/airflow/example_dags/example_complex.py for tasks to queue
[2025-06-26T22:50:06.168+0000] {logging_mixin.py:190} INFO - [2025-06-26T22:50:06.168+0000] {dagbag.py:588} INFO - Filling up the DagBag from /home/airflow/.local/lib/python3.12/site-packages/airflow/example_dags/example_complex.py
[2025-06-26T22:50:06.179+0000] {processor.py:925} INFO - DAG(s) 'example_complex' retrieved from /home/airflow/.local/lib/python3.12/site-packages/airflow/example_dags/example_complex.py
[2025-06-26T22:50:06.207+0000] {logging_mixin.py:190} INFO - [2025-06-26T22:50:06.207+0000] {dag.py:3239} INFO - Sync 1 DAGs
[2025-06-26T22:50:06.221+0000] {logging_mixin.py:190} INFO - [2025-06-26T22:50:06.221+0000] {dag.py:4180} INFO - Setting next_dagrun for example_complex to None, run_after=None
[2025-06-26T22:50:06.241+0000] {processor.py:208} INFO - Processing /home/airflow/.local/lib/python3.12/site-packages/airflow/example_dags/example_complex.py took 0.083 seconds
[2025-06-26T22:50:36.514+0000] {processor.py:186} INFO - Started process (PID=940) to work on /home/airflow/.local/lib/python3.12/site-packages/airflow/example_dags/example_complex.py
[2025-06-26T22:50:36.515+0000] {processor.py:914} INFO - Processing file /home/airflow/.local/lib/python3.12/site-packages/airflow/example_dags/example_complex.py for tasks to queue
[2025-06-26T22:50:36.517+0000] {logging_mixin.py:190} INFO - [2025-06-26T22:50:36.517+0000] {dagbag.py:588} INFO - Filling up the DagBag from /home/airflow/.local/lib/python3.12/site-packages/airflow/example_dags/example_complex.py
[2025-06-26T22:50:36.528+0000] {processor.py:925} INFO - DAG(s) 'example_complex' retrieved from /home/airflow/.local/lib/python3.12/site-packages/airflow/example_dags/example_complex.py
[2025-06-26T22:50:36.554+0000] {logging_mixin.py:190} INFO - [2025-06-26T22:50:36.554+0000] {dag.py:3239} INFO - Sync 1 DAGs
[2025-06-26T22:50:36.568+0000] {logging_mixin.py:190} INFO - [2025-06-26T22:50:36.568+0000] {dag.py:4180} INFO - Setting next_dagrun for example_complex to None, run_after=None
[2025-06-26T22:50:36.592+0000] {processor.py:208} INFO - Processing /home/airflow/.local/lib/python3.12/site-packages/airflow/example_dags/example_complex.py took 0.084 seconds
[2025-06-26T22:51:07.097+0000] {processor.py:186} INFO - Started process (PID=1002) to work on /home/airflow/.local/lib/python3.12/site-packages/airflow/example_dags/example_complex.py
[2025-06-26T22:51:07.098+0000] {processor.py:914} INFO - Processing file /home/airflow/.local/lib/python3.12/site-packages/airflow/example_dags/example_complex.py for tasks to queue
[2025-06-26T22:51:07.101+0000] {logging_mixin.py:190} INFO - [2025-06-26T22:51:07.100+0000] {dagbag.py:588} INFO - Filling up the DagBag from /home/airflow/.local/lib/python3.12/site-packages/airflow/example_dags/example_complex.py
[2025-06-26T22:51:07.114+0000] {processor.py:925} INFO - DAG(s) 'example_complex' retrieved from /home/airflow/.local/lib/python3.12/site-packages/airflow/example_dags/example_complex.py
[2025-06-26T22:51:07.149+0000] {logging_mixin.py:190} INFO - [2025-06-26T22:51:07.149+0000] {dag.py:3239} INFO - Sync 1 DAGs
[2025-06-26T22:51:07.161+0000] {logging_mixin.py:190} INFO - [2025-06-26T22:51:07.161+0000] {dag.py:4180} INFO - Setting next_dagrun for example_complex to None, run_after=None
[2025-06-26T22:51:07.184+0000] {processor.py:208} INFO - Processing /home/airflow/.local/lib/python3.12/site-packages/airflow/example_dags/example_complex.py took 0.094 seconds
[2025-06-26T22:51:37.494+0000] {processor.py:186} INFO - Started process (PID=1064) to work on /home/airflow/.local/lib/python3.12/site-packages/airflow/example_dags/example_complex.py
[2025-06-26T22:51:37.495+0000] {processor.py:914} INFO - Processing file /home/airflow/.local/lib/python3.12/site-packages/airflow/example_dags/example_complex.py for tasks to queue
[2025-06-26T22:51:37.498+0000] {logging_mixin.py:190} INFO - [2025-06-26T22:51:37.498+0000] {dagbag.py:588} INFO - Filling up the DagBag from /home/airflow/.local/lib/python3.12/site-packages/airflow/example_dags/example_complex.py
[2025-06-26T22:51:37.510+0000] {processor.py:925} INFO - DAG(s) 'example_complex' retrieved from /home/airflow/.local/lib/python3.12/site-packages/airflow/example_dags/example_complex.py
[2025-06-26T22:51:37.542+0000] {logging_mixin.py:190} INFO - [2025-06-26T22:51:37.541+0000] {dag.py:3239} INFO - Sync 1 DAGs
[2025-06-26T22:51:37.553+0000] {logging_mixin.py:190} INFO - [2025-06-26T22:51:37.553+0000] {dag.py:4180} INFO - Setting next_dagrun for example_complex to None, run_after=None
[2025-06-26T22:51:37.578+0000] {processor.py:208} INFO - Processing /home/airflow/.local/lib/python3.12/site-packages/airflow/example_dags/example_complex.py took 0.090 seconds
[2025-06-26T22:52:07.791+0000] {processor.py:186} INFO - Started process (PID=1126) to work on /home/airflow/.local/lib/python3.12/site-packages/airflow/example_dags/example_complex.py
[2025-06-26T22:52:07.792+0000] {processor.py:914} INFO - Processing file /home/airflow/.local/lib/python3.12/site-packages/airflow/example_dags/example_complex.py for tasks to queue
[2025-06-26T22:52:07.795+0000] {logging_mixin.py:190} INFO - [2025-06-26T22:52:07.795+0000] {dagbag.py:588} INFO - Filling up the DagBag from /home/airflow/.local/lib/python3.12/site-packages/airflow/example_dags/example_complex.py
[2025-06-26T22:52:07.805+0000] {processor.py:925} INFO - DAG(s) 'example_complex' retrieved from /home/airflow/.local/lib/python3.12/site-packages/airflow/example_dags/example_complex.py
[2025-06-26T22:52:07.830+0000] {logging_mixin.py:190} INFO - [2025-06-26T22:52:07.830+0000] {dag.py:3239} INFO - Sync 1 DAGs
[2025-06-26T22:52:07.843+0000] {logging_mixin.py:190} INFO - [2025-06-26T22:52:07.842+0000] {dag.py:4180} INFO - Setting next_dagrun for example_complex to None, run_after=None
[2025-06-26T22:52:07.860+0000] {processor.py:208} INFO - Processing /home/airflow/.local/lib/python3.12/site-packages/airflow/example_dags/example_complex.py took 0.074 seconds
[2025-06-26T22:52:38.059+0000] {processor.py:186} INFO - Started process (PID=1188) to work on /home/airflow/.local/lib/python3.12/site-packages/airflow/example_dags/example_complex.py
[2025-06-26T22:52:38.059+0000] {processor.py:914} INFO - Processing file /home/airflow/.local/lib/python3.12/site-packages/airflow/example_dags/example_complex.py for tasks to queue
[2025-06-26T22:52:38.062+0000] {logging_mixin.py:190} INFO - [2025-06-26T22:52:38.061+0000] {dagbag.py:588} INFO - Filling up the DagBag from /home/airflow/.local/lib/python3.12/site-packages/airflow/example_dags/example_complex.py
[2025-06-26T22:52:38.071+0000] {processor.py:925} INFO - DAG(s) 'example_complex' retrieved from /home/airflow/.local/lib/python3.12/site-packages/airflow/example_dags/example_complex.py
[2025-06-26T22:52:38.097+0000] {logging_mixin.py:190} INFO - [2025-06-26T22:52:38.097+0000] {dag.py:3239} INFO - Sync 1 DAGs
[2025-06-26T22:52:38.112+0000] {logging_mixin.py:190} INFO - [2025-06-26T22:52:38.112+0000] {dag.py:4180} INFO - Setting next_dagrun for example_complex to None, run_after=None
[2025-06-26T22:52:38.132+0000] {processor.py:208} INFO - Processing /home/airflow/.local/lib/python3.12/site-packages/airflow/example_dags/example_complex.py took 0.080 seconds
[2025-06-26T22:53:08.485+0000] {processor.py:186} INFO - Started process (PID=1250) to work on /home/airflow/.local/lib/python3.12/site-packages/airflow/example_dags/example_complex.py
[2025-06-26T22:53:08.487+0000] {processor.py:914} INFO - Processing file /home/airflow/.local/lib/python3.12/site-packages/airflow/example_dags/example_complex.py for tasks to queue
[2025-06-26T22:53:08.496+0000] {logging_mixin.py:190} INFO - [2025-06-26T22:53:08.495+0000] {dagbag.py:588} INFO - Filling up the DagBag from /home/airflow/.local/lib/python3.12/site-packages/airflow/example_dags/example_complex.py
[2025-06-26T22:53:08.515+0000] {processor.py:925} INFO - DAG(s) 'example_complex' retrieved from /home/airflow/.local/lib/python3.12/site-packages/airflow/example_dags/example_complex.py
[2025-06-26T22:53:08.541+0000] {logging_mixin.py:190} INFO - [2025-06-26T22:53:08.541+0000] {dag.py:3239} INFO - Sync 1 DAGs
[2025-06-26T22:53:08.555+0000] {logging_mixin.py:190} INFO - [2025-06-26T22:53:08.555+0000] {dag.py:4180} INFO - Setting next_dagrun for example_complex to None, run_after=None
[2025-06-26T22:53:08.581+0000] {processor.py:208} INFO - Processing /home/airflow/.local/lib/python3.12/site-packages/airflow/example_dags/example_complex.py took 0.102 seconds
[2025-06-26T22:53:38.809+0000] {processor.py:186} INFO - Started process (PID=1312) to work on /home/airflow/.local/lib/python3.12/site-packages/airflow/example_dags/example_complex.py
[2025-06-26T22:53:38.810+0000] {processor.py:914} INFO - Processing file /home/airflow/.local/lib/python3.12/site-packages/airflow/example_dags/example_complex.py for tasks to queue
[2025-06-26T22:53:38.812+0000] {logging_mixin.py:190} INFO - [2025-06-26T22:53:38.812+0000] {dagbag.py:588} INFO - Filling up the DagBag from /home/airflow/.local/lib/python3.12/site-packages/airflow/example_dags/example_complex.py
[2025-06-26T22:53:38.822+0000] {processor.py:925} INFO - DAG(s) 'example_complex' retrieved from /home/airflow/.local/lib/python3.12/site-packages/airflow/example_dags/example_complex.py
[2025-06-26T22:53:38.849+0000] {logging_mixin.py:190} INFO - [2025-06-26T22:53:38.849+0000] {dag.py:3239} INFO - Sync 1 DAGs
[2025-06-26T22:53:38.861+0000] {logging_mixin.py:190} INFO - [2025-06-26T22:53:38.861+0000] {dag.py:4180} INFO - Setting next_dagrun for example_complex to None, run_after=None
[2025-06-26T22:53:38.884+0000] {processor.py:208} INFO - Processing /home/airflow/.local/lib/python3.12/site-packages/airflow/example_dags/example_complex.py took 0.081 seconds
[2025-06-26T22:54:09.132+0000] {processor.py:186} INFO - Started process (PID=1374) to work on /home/airflow/.local/lib/python3.12/site-packages/airflow/example_dags/example_complex.py
[2025-06-26T22:54:09.133+0000] {processor.py:914} INFO - Processing file /home/airflow/.local/lib/python3.12/site-packages/airflow/example_dags/example_complex.py for tasks to queue
[2025-06-26T22:54:09.135+0000] {logging_mixin.py:190} INFO - [2025-06-26T22:54:09.135+0000] {dagbag.py:588} INFO - Filling up the DagBag from /home/airflow/.local/lib/python3.12/site-packages/airflow/example_dags/example_complex.py
[2025-06-26T22:54:09.146+0000] {processor.py:925} INFO - DAG(s) 'example_complex' retrieved from /home/airflow/.local/lib/python3.12/site-packages/airflow/example_dags/example_complex.py
[2025-06-26T22:54:09.173+0000] {logging_mixin.py:190} INFO - [2025-06-26T22:54:09.173+0000] {dag.py:3239} INFO - Sync 1 DAGs
[2025-06-26T22:54:09.185+0000] {logging_mixin.py:190} INFO - [2025-06-26T22:54:09.184+0000] {dag.py:4180} INFO - Setting next_dagrun for example_complex to None, run_after=None
[2025-06-26T22:54:09.204+0000] {processor.py:208} INFO - Processing /home/airflow/.local/lib/python3.12/site-packages/airflow/example_dags/example_complex.py took 0.077 seconds
[2025-06-26T22:54:39.668+0000] {processor.py:186} INFO - Started process (PID=1437) to work on /home/airflow/.local/lib/python3.12/site-packages/airflow/example_dags/example_complex.py
[2025-06-26T22:54:39.669+0000] {processor.py:914} INFO - Processing file /home/airflow/.local/lib/python3.12/site-packages/airflow/example_dags/example_complex.py for tasks to queue
[2025-06-26T22:54:39.672+0000] {logging_mixin.py:190} INFO - [2025-06-26T22:54:39.671+0000] {dagbag.py:588} INFO - Filling up the DagBag from /home/airflow/.local/lib/python3.12/site-packages/airflow/example_dags/example_complex.py
[2025-06-26T22:54:39.682+0000] {processor.py:925} INFO - DAG(s) 'example_complex' retrieved from /home/airflow/.local/lib/python3.12/site-packages/airflow/example_dags/example_complex.py
[2025-06-26T22:54:39.709+0000] {logging_mixin.py:190} INFO - [2025-06-26T22:54:39.709+0000] {dag.py:3239} INFO - Sync 1 DAGs
[2025-06-26T22:54:39.723+0000] {logging_mixin.py:190} INFO - [2025-06-26T22:54:39.723+0000] {dag.py:4180} INFO - Setting next_dagrun for example_complex to None, run_after=None
[2025-06-26T22:54:39.748+0000] {processor.py:208} INFO - Processing /home/airflow/.local/lib/python3.12/site-packages/airflow/example_dags/example_complex.py took 0.086 seconds
[2025-06-26T22:55:10.085+0000] {processor.py:186} INFO - Started process (PID=1499) to work on /home/airflow/.local/lib/python3.12/site-packages/airflow/example_dags/example_complex.py
[2025-06-26T22:55:10.086+0000] {processor.py:914} INFO - Processing file /home/airflow/.local/lib/python3.12/site-packages/airflow/example_dags/example_complex.py for tasks to queue
[2025-06-26T22:55:10.088+0000] {logging_mixin.py:190} INFO - [2025-06-26T22:55:10.087+0000] {dagbag.py:588} INFO - Filling up the DagBag from /home/airflow/.local/lib/python3.12/site-packages/airflow/example_dags/example_complex.py
[2025-06-26T22:55:10.097+0000] {processor.py:925} INFO - DAG(s) 'example_complex' retrieved from /home/airflow/.local/lib/python3.12/site-packages/airflow/example_dags/example_complex.py
[2025-06-26T22:55:10.123+0000] {logging_mixin.py:190} INFO - [2025-06-26T22:55:10.123+0000] {dag.py:3239} INFO - Sync 1 DAGs
[2025-06-26T22:55:10.137+0000] {logging_mixin.py:190} INFO - [2025-06-26T22:55:10.137+0000] {dag.py:4180} INFO - Setting next_dagrun for example_complex to None, run_after=None
[2025-06-26T22:55:10.156+0000] {processor.py:208} INFO - Processing /home/airflow/.local/lib/python3.12/site-packages/airflow/example_dags/example_complex.py took 0.077 seconds
[2025-06-26T22:55:40.523+0000] {processor.py:186} INFO - Started process (PID=1561) to work on /home/airflow/.local/lib/python3.12/site-packages/airflow/example_dags/example_complex.py
[2025-06-26T22:55:40.524+0000] {processor.py:914} INFO - Processing file /home/airflow/.local/lib/python3.12/site-packages/airflow/example_dags/example_complex.py for tasks to queue
[2025-06-26T22:55:40.526+0000] {logging_mixin.py:190} INFO - [2025-06-26T22:55:40.526+0000] {dagbag.py:588} INFO - Filling up the DagBag from /home/airflow/.local/lib/python3.12/site-packages/airflow/example_dags/example_complex.py
[2025-06-26T22:55:40.536+0000] {processor.py:925} INFO - DAG(s) 'example_complex' retrieved from /home/airflow/.local/lib/python3.12/site-packages/airflow/example_dags/example_complex.py
[2025-06-26T22:55:40.562+0000] {logging_mixin.py:190} INFO - [2025-06-26T22:55:40.562+0000] {dag.py:3239} INFO - Sync 1 DAGs
[2025-06-26T22:55:40.574+0000] {logging_mixin.py:190} INFO - [2025-06-26T22:55:40.574+0000] {dag.py:4180} INFO - Setting next_dagrun for example_complex to None, run_after=None
[2025-06-26T22:55:40.594+0000] {processor.py:208} INFO - Processing /home/airflow/.local/lib/python3.12/site-packages/airflow/example_dags/example_complex.py took 0.076 seconds
[2025-06-26T22:56:10.759+0000] {processor.py:186} INFO - Started process (PID=1623) to work on /home/airflow/.local/lib/python3.12/site-packages/airflow/example_dags/example_complex.py
[2025-06-26T22:56:10.760+0000] {processor.py:914} INFO - Processing file /home/airflow/.local/lib/python3.12/site-packages/airflow/example_dags/example_complex.py for tasks to queue
[2025-06-26T22:56:10.762+0000] {logging_mixin.py:190} INFO - [2025-06-26T22:56:10.762+0000] {dagbag.py:588} INFO - Filling up the DagBag from /home/airflow/.local/lib/python3.12/site-packages/airflow/example_dags/example_complex.py
[2025-06-26T22:56:10.773+0000] {processor.py:925} INFO - DAG(s) 'example_complex' retrieved from /home/airflow/.local/lib/python3.12/site-packages/airflow/example_dags/example_complex.py
[2025-06-26T22:56:10.799+0000] {logging_mixin.py:190} INFO - [2025-06-26T22:56:10.799+0000] {dag.py:3239} INFO - Sync 1 DAGs
[2025-06-26T22:56:10.812+0000] {logging_mixin.py:190} INFO - [2025-06-26T22:56:10.812+0000] {dag.py:4180} INFO - Setting next_dagrun for example_complex to None, run_after=None
[2025-06-26T22:56:10.830+0000] {processor.py:208} INFO - Processing /home/airflow/.local/lib/python3.12/site-packages/airflow/example_dags/example_complex.py took 0.077 seconds
[2025-06-26T22:56:41.611+0000] {processor.py:186} INFO - Started process (PID=1685) to work on /home/airflow/.local/lib/python3.12/site-packages/airflow/example_dags/example_complex.py
[2025-06-26T22:56:41.612+0000] {processor.py:914} INFO - Processing file /home/airflow/.local/lib/python3.12/site-packages/airflow/example_dags/example_complex.py for tasks to queue
[2025-06-26T22:56:41.614+0000] {logging_mixin.py:190} INFO - [2025-06-26T22:56:41.614+0000] {dagbag.py:588} INFO - Filling up the DagBag from /home/airflow/.local/lib/python3.12/site-packages/airflow/example_dags/example_complex.py
[2025-06-26T22:56:41.627+0000] {processor.py:925} INFO - DAG(s) 'example_complex' retrieved from /home/airflow/.local/lib/python3.12/site-packages/airflow/example_dags/example_complex.py
[2025-06-26T22:56:41.665+0000] {logging_mixin.py:190} INFO - [2025-06-26T22:56:41.665+0000] {dag.py:3239} INFO - Sync 1 DAGs
[2025-06-26T22:56:41.678+0000] {logging_mixin.py:190} INFO - [2025-06-26T22:56:41.677+0000] {dag.py:4180} INFO - Setting next_dagrun for example_complex to None, run_after=None
[2025-06-26T22:56:41.699+0000] {processor.py:208} INFO - Processing /home/airflow/.local/lib/python3.12/site-packages/airflow/example_dags/example_complex.py took 0.096 seconds
[2025-06-26T22:57:12.023+0000] {processor.py:186} INFO - Started process (PID=1747) to work on /home/airflow/.local/lib/python3.12/site-packages/airflow/example_dags/example_complex.py
[2025-06-26T22:57:12.024+0000] {processor.py:914} INFO - Processing file /home/airflow/.local/lib/python3.12/site-packages/airflow/example_dags/example_complex.py for tasks to queue
[2025-06-26T22:57:12.026+0000] {logging_mixin.py:190} INFO - [2025-06-26T22:57:12.026+0000] {dagbag.py:588} INFO - Filling up the DagBag from /home/airflow/.local/lib/python3.12/site-packages/airflow/example_dags/example_complex.py
[2025-06-26T22:57:12.036+0000] {processor.py:925} INFO - DAG(s) 'example_complex' retrieved from /home/airflow/.local/lib/python3.12/site-packages/airflow/example_dags/example_complex.py
[2025-06-26T22:57:12.060+0000] {logging_mixin.py:190} INFO - [2025-06-26T22:57:12.060+0000] {dag.py:3239} INFO - Sync 1 DAGs
[2025-06-26T22:57:12.072+0000] {logging_mixin.py:190} INFO - [2025-06-26T22:57:12.072+0000] {dag.py:4180} INFO - Setting next_dagrun for example_complex to None, run_after=None
[2025-06-26T22:57:12.092+0000] {processor.py:208} INFO - Processing /home/airflow/.local/lib/python3.12/site-packages/airflow/example_dags/example_complex.py took 0.075 seconds
[2025-06-26T22:57:42.571+0000] {processor.py:186} INFO - Started process (PID=1809) to work on /home/airflow/.local/lib/python3.12/site-packages/airflow/example_dags/example_complex.py
[2025-06-26T22:57:42.572+0000] {processor.py:914} INFO - Processing file /home/airflow/.local/lib/python3.12/site-packages/airflow/example_dags/example_complex.py for tasks to queue
[2025-06-26T22:57:42.575+0000] {logging_mixin.py:190} INFO - [2025-06-26T22:57:42.574+0000] {dagbag.py:588} INFO - Filling up the DagBag from /home/airflow/.local/lib/python3.12/site-packages/airflow/example_dags/example_complex.py
[2025-06-26T22:57:42.585+0000] {processor.py:925} INFO - DAG(s) 'example_complex' retrieved from /home/airflow/.local/lib/python3.12/site-packages/airflow/example_dags/example_complex.py
[2025-06-26T22:57:42.610+0000] {logging_mixin.py:190} INFO - [2025-06-26T22:57:42.610+0000] {dag.py:3239} INFO - Sync 1 DAGs
[2025-06-26T22:57:42.622+0000] {logging_mixin.py:190} INFO - [2025-06-26T22:57:42.622+0000] {dag.py:4180} INFO - Setting next_dagrun for example_complex to None, run_after=None
[2025-06-26T22:57:42.642+0000] {processor.py:208} INFO - Processing /home/airflow/.local/lib/python3.12/site-packages/airflow/example_dags/example_complex.py took 0.076 seconds
[2025-06-26T22:58:12.943+0000] {processor.py:186} INFO - Started process (PID=1871) to work on /home/airflow/.local/lib/python3.12/site-packages/airflow/example_dags/example_complex.py
[2025-06-26T22:58:12.944+0000] {processor.py:914} INFO - Processing file /home/airflow/.local/lib/python3.12/site-packages/airflow/example_dags/example_complex.py for tasks to queue
[2025-06-26T22:58:12.946+0000] {logging_mixin.py:190} INFO - [2025-06-26T22:58:12.946+0000] {dagbag.py:588} INFO - Filling up the DagBag from /home/airflow/.local/lib/python3.12/site-packages/airflow/example_dags/example_complex.py
[2025-06-26T22:58:12.956+0000] {processor.py:925} INFO - DAG(s) 'example_complex' retrieved from /home/airflow/.local/lib/python3.12/site-packages/airflow/example_dags/example_complex.py
[2025-06-26T22:58:12.981+0000] {logging_mixin.py:190} INFO - [2025-06-26T22:58:12.981+0000] {dag.py:3239} INFO - Sync 1 DAGs
[2025-06-26T22:58:12.994+0000] {logging_mixin.py:190} INFO - [2025-06-26T22:58:12.994+0000] {dag.py:4180} INFO - Setting next_dagrun for example_complex to None, run_after=None
[2025-06-26T22:58:13.011+0000] {processor.py:208} INFO - Processing /home/airflow/.local/lib/python3.12/site-packages/airflow/example_dags/example_complex.py took 0.074 seconds
[2025-06-26T22:58:43.336+0000] {processor.py:186} INFO - Started process (PID=1933) to work on /home/airflow/.local/lib/python3.12/site-packages/airflow/example_dags/example_complex.py
[2025-06-26T22:58:43.337+0000] {processor.py:914} INFO - Processing file /home/airflow/.local/lib/python3.12/site-packages/airflow/example_dags/example_complex.py for tasks to queue
[2025-06-26T22:58:43.340+0000] {logging_mixin.py:190} INFO - [2025-06-26T22:58:43.339+0000] {dagbag.py:588} INFO - Filling up the DagBag from /home/airflow/.local/lib/python3.12/site-packages/airflow/example_dags/example_complex.py
[2025-06-26T22:58:43.350+0000] {processor.py:925} INFO - DAG(s) 'example_complex' retrieved from /home/airflow/.local/lib/python3.12/site-packages/airflow/example_dags/example_complex.py
[2025-06-26T22:58:43.377+0000] {logging_mixin.py:190} INFO - [2025-06-26T22:58:43.377+0000] {dag.py:3239} INFO - Sync 1 DAGs
[2025-06-26T22:58:43.391+0000] {logging_mixin.py:190} INFO - [2025-06-26T22:58:43.391+0000] {dag.py:4180} INFO - Setting next_dagrun for example_complex to None, run_after=None
[2025-06-26T22:58:43.412+0000] {processor.py:208} INFO - Processing /home/airflow/.local/lib/python3.12/site-packages/airflow/example_dags/example_complex.py took 0.081 seconds
[2025-06-26T22:59:13.639+0000] {processor.py:186} INFO - Started process (PID=1994) to work on /home/airflow/.local/lib/python3.12/site-packages/airflow/example_dags/example_complex.py
[2025-06-26T22:59:13.640+0000] {processor.py:914} INFO - Processing file /home/airflow/.local/lib/python3.12/site-packages/airflow/example_dags/example_complex.py for tasks to queue
[2025-06-26T22:59:13.643+0000] {logging_mixin.py:190} INFO - [2025-06-26T22:59:13.643+0000] {dagbag.py:588} INFO - Filling up the DagBag from /home/airflow/.local/lib/python3.12/site-packages/airflow/example_dags/example_complex.py
[2025-06-26T22:59:13.654+0000] {processor.py:925} INFO - DAG(s) 'example_complex' retrieved from /home/airflow/.local/lib/python3.12/site-packages/airflow/example_dags/example_complex.py
[2025-06-26T22:59:13.681+0000] {logging_mixin.py:190} INFO - [2025-06-26T22:59:13.680+0000] {dag.py:3239} INFO - Sync 1 DAGs
[2025-06-26T22:59:13.693+0000] {logging_mixin.py:190} INFO - [2025-06-26T22:59:13.693+0000] {dag.py:4180} INFO - Setting next_dagrun for example_complex to None, run_after=None
[2025-06-26T22:59:13.713+0000] {processor.py:208} INFO - Processing /home/airflow/.local/lib/python3.12/site-packages/airflow/example_dags/example_complex.py took 0.079 seconds
[2025-06-26T22:59:44.223+0000] {processor.py:186} INFO - Started process (PID=2056) to work on /home/airflow/.local/lib/python3.12/site-packages/airflow/example_dags/example_complex.py
[2025-06-26T22:59:44.224+0000] {processor.py:914} INFO - Processing file /home/airflow/.local/lib/python3.12/site-packages/airflow/example_dags/example_complex.py for tasks to queue
[2025-06-26T22:59:44.227+0000] {logging_mixin.py:190} INFO - [2025-06-26T22:59:44.226+0000] {dagbag.py:588} INFO - Filling up the DagBag from /home/airflow/.local/lib/python3.12/site-packages/airflow/example_dags/example_complex.py
[2025-06-26T22:59:44.236+0000] {processor.py:925} INFO - DAG(s) 'example_complex' retrieved from /home/airflow/.local/lib/python3.12/site-packages/airflow/example_dags/example_complex.py
[2025-06-26T22:59:44.265+0000] {logging_mixin.py:190} INFO - [2025-06-26T22:59:44.265+0000] {dag.py:3239} INFO - Sync 1 DAGs
[2025-06-26T22:59:44.277+0000] {logging_mixin.py:190} INFO - [2025-06-26T22:59:44.277+0000] {dag.py:4180} INFO - Setting next_dagrun for example_complex to None, run_after=None
[2025-06-26T22:59:44.298+0000] {processor.py:208} INFO - Processing /home/airflow/.local/lib/python3.12/site-packages/airflow/example_dags/example_complex.py took 0.080 seconds
[2025-06-26T23:00:14.818+0000] {processor.py:186} INFO - Started process (PID=2119) to work on /home/airflow/.local/lib/python3.12/site-packages/airflow/example_dags/example_complex.py
[2025-06-26T23:00:14.819+0000] {processor.py:914} INFO - Processing file /home/airflow/.local/lib/python3.12/site-packages/airflow/example_dags/example_complex.py for tasks to queue
[2025-06-26T23:00:14.822+0000] {logging_mixin.py:190} INFO - [2025-06-26T23:00:14.821+0000] {dagbag.py:588} INFO - Filling up the DagBag from /home/airflow/.local/lib/python3.12/site-packages/airflow/example_dags/example_complex.py
[2025-06-26T23:00:14.833+0000] {processor.py:925} INFO - DAG(s) 'example_complex' retrieved from /home/airflow/.local/lib/python3.12/site-packages/airflow/example_dags/example_complex.py
[2025-06-26T23:00:14.861+0000] {logging_mixin.py:190} INFO - [2025-06-26T23:00:14.860+0000] {dag.py:3239} INFO - Sync 1 DAGs
[2025-06-26T23:00:14.874+0000] {logging_mixin.py:190} INFO - [2025-06-26T23:00:14.874+0000] {dag.py:4180} INFO - Setting next_dagrun for example_complex to None, run_after=None
[2025-06-26T23:00:14.895+0000] {processor.py:208} INFO - Processing /home/airflow/.local/lib/python3.12/site-packages/airflow/example_dags/example_complex.py took 0.082 seconds
[2025-06-26T23:00:45.415+0000] {processor.py:186} INFO - Started process (PID=2182) to work on /home/airflow/.local/lib/python3.12/site-packages/airflow/example_dags/example_complex.py
[2025-06-26T23:00:45.416+0000] {processor.py:914} INFO - Processing file /home/airflow/.local/lib/python3.12/site-packages/airflow/example_dags/example_complex.py for tasks to queue
[2025-06-26T23:00:45.419+0000] {logging_mixin.py:190} INFO - [2025-06-26T23:00:45.418+0000] {dagbag.py:588} INFO - Filling up the DagBag from /home/airflow/.local/lib/python3.12/site-packages/airflow/example_dags/example_complex.py
[2025-06-26T23:00:45.429+0000] {processor.py:925} INFO - DAG(s) 'example_complex' retrieved from /home/airflow/.local/lib/python3.12/site-packages/airflow/example_dags/example_complex.py
[2025-06-26T23:00:45.456+0000] {logging_mixin.py:190} INFO - [2025-06-26T23:00:45.456+0000] {dag.py:3239} INFO - Sync 1 DAGs
[2025-06-26T23:00:45.473+0000] {logging_mixin.py:190} INFO - [2025-06-26T23:00:45.473+0000] {dag.py:4180} INFO - Setting next_dagrun for example_complex to None, run_after=None
[2025-06-26T23:00:45.496+0000] {processor.py:208} INFO - Processing /home/airflow/.local/lib/python3.12/site-packages/airflow/example_dags/example_complex.py took 0.087 seconds
[2025-06-26T23:01:15.875+0000] {processor.py:186} INFO - Started process (PID=2244) to work on /home/airflow/.local/lib/python3.12/site-packages/airflow/example_dags/example_complex.py
[2025-06-26T23:01:15.877+0000] {processor.py:914} INFO - Processing file /home/airflow/.local/lib/python3.12/site-packages/airflow/example_dags/example_complex.py for tasks to queue
[2025-06-26T23:01:15.879+0000] {logging_mixin.py:190} INFO - [2025-06-26T23:01:15.878+0000] {dagbag.py:588} INFO - Filling up the DagBag from /home/airflow/.local/lib/python3.12/site-packages/airflow/example_dags/example_complex.py
[2025-06-26T23:01:15.888+0000] {processor.py:925} INFO - DAG(s) 'example_complex' retrieved from /home/airflow/.local/lib/python3.12/site-packages/airflow/example_dags/example_complex.py
[2025-06-26T23:01:15.915+0000] {logging_mixin.py:190} INFO - [2025-06-26T23:01:15.915+0000] {dag.py:3239} INFO - Sync 1 DAGs
[2025-06-26T23:01:15.927+0000] {logging_mixin.py:190} INFO - [2025-06-26T23:01:15.927+0000] {dag.py:4180} INFO - Setting next_dagrun for example_complex to None, run_after=None
[2025-06-26T23:01:15.949+0000] {processor.py:208} INFO - Processing /home/airflow/.local/lib/python3.12/site-packages/airflow/example_dags/example_complex.py took 0.079 seconds
[2025-06-26T23:01:46.880+0000] {processor.py:186} INFO - Started process (PID=2306) to work on /home/airflow/.local/lib/python3.12/site-packages/airflow/example_dags/example_complex.py
[2025-06-26T23:01:46.881+0000] {processor.py:914} INFO - Processing file /home/airflow/.local/lib/python3.12/site-packages/airflow/example_dags/example_complex.py for tasks to queue
[2025-06-26T23:01:46.883+0000] {logging_mixin.py:190} INFO - [2025-06-26T23:01:46.883+0000] {dagbag.py:588} INFO - Filling up the DagBag from /home/airflow/.local/lib/python3.12/site-packages/airflow/example_dags/example_complex.py
[2025-06-26T23:01:46.893+0000] {processor.py:925} INFO - DAG(s) 'example_complex' retrieved from /home/airflow/.local/lib/python3.12/site-packages/airflow/example_dags/example_complex.py
[2025-06-26T23:01:46.919+0000] {logging_mixin.py:190} INFO - [2025-06-26T23:01:46.919+0000] {dag.py:3239} INFO - Sync 1 DAGs
[2025-06-26T23:01:46.932+0000] {logging_mixin.py:190} INFO - [2025-06-26T23:01:46.932+0000] {dag.py:4180} INFO - Setting next_dagrun for example_complex to None, run_after=None
[2025-06-26T23:01:46.952+0000] {processor.py:208} INFO - Processing /home/airflow/.local/lib/python3.12/site-packages/airflow/example_dags/example_complex.py took 0.078 seconds
[2025-06-26T23:02:17.271+0000] {processor.py:186} INFO - Started process (PID=2368) to work on /home/airflow/.local/lib/python3.12/site-packages/airflow/example_dags/example_complex.py
[2025-06-26T23:02:17.272+0000] {processor.py:914} INFO - Processing file /home/airflow/.local/lib/python3.12/site-packages/airflow/example_dags/example_complex.py for tasks to queue
[2025-06-26T23:02:17.274+0000] {logging_mixin.py:190} INFO - [2025-06-26T23:02:17.274+0000] {dagbag.py:588} INFO - Filling up the DagBag from /home/airflow/.local/lib/python3.12/site-packages/airflow/example_dags/example_complex.py
[2025-06-26T23:02:17.284+0000] {processor.py:925} INFO - DAG(s) 'example_complex' retrieved from /home/airflow/.local/lib/python3.12/site-packages/airflow/example_dags/example_complex.py
[2025-06-26T23:02:17.311+0000] {logging_mixin.py:190} INFO - [2025-06-26T23:02:17.311+0000] {dag.py:3239} INFO - Sync 1 DAGs
[2025-06-26T23:02:17.324+0000] {logging_mixin.py:190} INFO - [2025-06-26T23:02:17.323+0000] {dag.py:4180} INFO - Setting next_dagrun for example_complex to None, run_after=None
[2025-06-26T23:02:17.346+0000] {processor.py:208} INFO - Processing /home/airflow/.local/lib/python3.12/site-packages/airflow/example_dags/example_complex.py took 0.080 seconds
[2025-06-26T23:02:47.419+0000] {processor.py:186} INFO - Started process (PID=2429) to work on /home/airflow/.local/lib/python3.12/site-packages/airflow/example_dags/example_complex.py
[2025-06-26T23:02:47.420+0000] {processor.py:914} INFO - Processing file /home/airflow/.local/lib/python3.12/site-packages/airflow/example_dags/example_complex.py for tasks to queue
[2025-06-26T23:02:47.423+0000] {logging_mixin.py:190} INFO - [2025-06-26T23:02:47.422+0000] {dagbag.py:588} INFO - Filling up the DagBag from /home/airflow/.local/lib/python3.12/site-packages/airflow/example_dags/example_complex.py
[2025-06-26T23:02:47.433+0000] {processor.py:925} INFO - DAG(s) 'example_complex' retrieved from /home/airflow/.local/lib/python3.12/site-packages/airflow/example_dags/example_complex.py
[2025-06-26T23:02:47.466+0000] {logging_mixin.py:190} INFO - [2025-06-26T23:02:47.466+0000] {dag.py:3239} INFO - Sync 1 DAGs
[2025-06-26T23:02:47.483+0000] {logging_mixin.py:190} INFO - [2025-06-26T23:02:47.483+0000] {dag.py:4180} INFO - Setting next_dagrun for example_complex to None, run_after=None
[2025-06-26T23:02:47.506+0000] {processor.py:208} INFO - Processing /home/airflow/.local/lib/python3.12/site-packages/airflow/example_dags/example_complex.py took 0.093 seconds
[2025-06-26T23:03:18.437+0000] {processor.py:186} INFO - Started process (PID=2491) to work on /home/airflow/.local/lib/python3.12/site-packages/airflow/example_dags/example_complex.py
[2025-06-26T23:03:18.438+0000] {processor.py:914} INFO - Processing file /home/airflow/.local/lib/python3.12/site-packages/airflow/example_dags/example_complex.py for tasks to queue
[2025-06-26T23:03:18.440+0000] {logging_mixin.py:190} INFO - [2025-06-26T23:03:18.440+0000] {dagbag.py:588} INFO - Filling up the DagBag from /home/airflow/.local/lib/python3.12/site-packages/airflow/example_dags/example_complex.py
[2025-06-26T23:03:18.450+0000] {processor.py:925} INFO - DAG(s) 'example_complex' retrieved from /home/airflow/.local/lib/python3.12/site-packages/airflow/example_dags/example_complex.py
[2025-06-26T23:03:18.477+0000] {logging_mixin.py:190} INFO - [2025-06-26T23:03:18.477+0000] {dag.py:3239} INFO - Sync 1 DAGs
[2025-06-26T23:03:18.491+0000] {logging_mixin.py:190} INFO - [2025-06-26T23:03:18.491+0000] {dag.py:4180} INFO - Setting next_dagrun for example_complex to None, run_after=None
[2025-06-26T23:03:18.511+0000] {processor.py:208} INFO - Processing /home/airflow/.local/lib/python3.12/site-packages/airflow/example_dags/example_complex.py took 0.080 seconds
[2025-06-26T23:03:49.239+0000] {processor.py:186} INFO - Started process (PID=2553) to work on /home/airflow/.local/lib/python3.12/site-packages/airflow/example_dags/example_complex.py
[2025-06-26T23:03:49.240+0000] {processor.py:914} INFO - Processing file /home/airflow/.local/lib/python3.12/site-packages/airflow/example_dags/example_complex.py for tasks to queue
[2025-06-26T23:03:49.243+0000] {logging_mixin.py:190} INFO - [2025-06-26T23:03:49.242+0000] {dagbag.py:588} INFO - Filling up the DagBag from /home/airflow/.local/lib/python3.12/site-packages/airflow/example_dags/example_complex.py
[2025-06-26T23:03:49.253+0000] {processor.py:925} INFO - DAG(s) 'example_complex' retrieved from /home/airflow/.local/lib/python3.12/site-packages/airflow/example_dags/example_complex.py
[2025-06-26T23:03:49.286+0000] {logging_mixin.py:190} INFO - [2025-06-26T23:03:49.286+0000] {dag.py:3239} INFO - Sync 1 DAGs
[2025-06-26T23:03:49.302+0000] {logging_mixin.py:190} INFO - [2025-06-26T23:03:49.301+0000] {dag.py:4180} INFO - Setting next_dagrun for example_complex to None, run_after=None
[2025-06-26T23:03:49.324+0000] {processor.py:208} INFO - Processing /home/airflow/.local/lib/python3.12/site-packages/airflow/example_dags/example_complex.py took 0.091 seconds
[2025-06-26T23:04:19.859+0000] {processor.py:186} INFO - Started process (PID=2616) to work on /home/airflow/.local/lib/python3.12/site-packages/airflow/example_dags/example_complex.py
[2025-06-26T23:04:19.859+0000] {processor.py:914} INFO - Processing file /home/airflow/.local/lib/python3.12/site-packages/airflow/example_dags/example_complex.py for tasks to queue
[2025-06-26T23:04:19.862+0000] {logging_mixin.py:190} INFO - [2025-06-26T23:04:19.862+0000] {dagbag.py:588} INFO - Filling up the DagBag from /home/airflow/.local/lib/python3.12/site-packages/airflow/example_dags/example_complex.py
[2025-06-26T23:04:19.872+0000] {processor.py:925} INFO - DAG(s) 'example_complex' retrieved from /home/airflow/.local/lib/python3.12/site-packages/airflow/example_dags/example_complex.py
[2025-06-26T23:04:19.899+0000] {logging_mixin.py:190} INFO - [2025-06-26T23:04:19.899+0000] {dag.py:3239} INFO - Sync 1 DAGs
[2025-06-26T23:04:19.912+0000] {logging_mixin.py:190} INFO - [2025-06-26T23:04:19.912+0000] {dag.py:4180} INFO - Setting next_dagrun for example_complex to None, run_after=None
[2025-06-26T23:04:19.933+0000] {processor.py:208} INFO - Processing /home/airflow/.local/lib/python3.12/site-packages/airflow/example_dags/example_complex.py took 0.079 seconds
[2025-06-26T23:04:50.672+0000] {processor.py:186} INFO - Started process (PID=2677) to work on /home/airflow/.local/lib/python3.12/site-packages/airflow/example_dags/example_complex.py
[2025-06-26T23:04:50.673+0000] {processor.py:914} INFO - Processing file /home/airflow/.local/lib/python3.12/site-packages/airflow/example_dags/example_complex.py for tasks to queue
[2025-06-26T23:04:50.675+0000] {logging_mixin.py:190} INFO - [2025-06-26T23:04:50.675+0000] {dagbag.py:588} INFO - Filling up the DagBag from /home/airflow/.local/lib/python3.12/site-packages/airflow/example_dags/example_complex.py
[2025-06-26T23:04:50.685+0000] {processor.py:925} INFO - DAG(s) 'example_complex' retrieved from /home/airflow/.local/lib/python3.12/site-packages/airflow/example_dags/example_complex.py
[2025-06-26T23:04:50.712+0000] {logging_mixin.py:190} INFO - [2025-06-26T23:04:50.711+0000] {dag.py:3239} INFO - Sync 1 DAGs
[2025-06-26T23:04:50.724+0000] {logging_mixin.py:190} INFO - [2025-06-26T23:04:50.724+0000] {dag.py:4180} INFO - Setting next_dagrun for example_complex to None, run_after=None
[2025-06-26T23:04:50.746+0000] {processor.py:208} INFO - Processing /home/airflow/.local/lib/python3.12/site-packages/airflow/example_dags/example_complex.py took 0.079 seconds
[2025-06-26T23:05:21.099+0000] {processor.py:186} INFO - Started process (PID=2739) to work on /home/airflow/.local/lib/python3.12/site-packages/airflow/example_dags/example_complex.py
[2025-06-26T23:05:21.100+0000] {processor.py:914} INFO - Processing file /home/airflow/.local/lib/python3.12/site-packages/airflow/example_dags/example_complex.py for tasks to queue
[2025-06-26T23:05:21.102+0000] {logging_mixin.py:190} INFO - [2025-06-26T23:05:21.102+0000] {dagbag.py:588} INFO - Filling up the DagBag from /home/airflow/.local/lib/python3.12/site-packages/airflow/example_dags/example_complex.py
[2025-06-26T23:05:21.112+0000] {processor.py:925} INFO - DAG(s) 'example_complex' retrieved from /home/airflow/.local/lib/python3.12/site-packages/airflow/example_dags/example_complex.py
[2025-06-26T23:05:21.138+0000] {logging_mixin.py:190} INFO - [2025-06-26T23:05:21.138+0000] {dag.py:3239} INFO - Sync 1 DAGs
[2025-06-26T23:05:21.151+0000] {logging_mixin.py:190} INFO - [2025-06-26T23:05:21.150+0000] {dag.py:4180} INFO - Setting next_dagrun for example_complex to None, run_after=None
[2025-06-26T23:05:21.169+0000] {processor.py:208} INFO - Processing /home/airflow/.local/lib/python3.12/site-packages/airflow/example_dags/example_complex.py took 0.076 seconds
[2025-06-26T23:05:51.462+0000] {processor.py:186} INFO - Started process (PID=2801) to work on /home/airflow/.local/lib/python3.12/site-packages/airflow/example_dags/example_complex.py
[2025-06-26T23:05:51.464+0000] {processor.py:914} INFO - Processing file /home/airflow/.local/lib/python3.12/site-packages/airflow/example_dags/example_complex.py for tasks to queue
[2025-06-26T23:05:51.468+0000] {logging_mixin.py:190} INFO - [2025-06-26T23:05:51.468+0000] {dagbag.py:588} INFO - Filling up the DagBag from /home/airflow/.local/lib/python3.12/site-packages/airflow/example_dags/example_complex.py
[2025-06-26T23:05:51.481+0000] {processor.py:925} INFO - DAG(s) 'example_complex' retrieved from /home/airflow/.local/lib/python3.12/site-packages/airflow/example_dags/example_complex.py
[2025-06-26T23:05:51.512+0000] {logging_mixin.py:190} INFO - [2025-06-26T23:05:51.512+0000] {dag.py:3239} INFO - Sync 1 DAGs
[2025-06-26T23:05:51.527+0000] {logging_mixin.py:190} INFO - [2025-06-26T23:05:51.526+0000] {dag.py:4180} INFO - Setting next_dagrun for example_complex to None, run_after=None
[2025-06-26T23:05:51.547+0000] {processor.py:208} INFO - Processing /home/airflow/.local/lib/python3.12/site-packages/airflow/example_dags/example_complex.py took 0.094 seconds
[2025-06-26T23:06:22.406+0000] {processor.py:186} INFO - Started process (PID=2863) to work on /home/airflow/.local/lib/python3.12/site-packages/airflow/example_dags/example_complex.py
[2025-06-26T23:06:22.407+0000] {processor.py:914} INFO - Processing file /home/airflow/.local/lib/python3.12/site-packages/airflow/example_dags/example_complex.py for tasks to queue
[2025-06-26T23:06:22.409+0000] {logging_mixin.py:190} INFO - [2025-06-26T23:06:22.409+0000] {dagbag.py:588} INFO - Filling up the DagBag from /home/airflow/.local/lib/python3.12/site-packages/airflow/example_dags/example_complex.py
[2025-06-26T23:06:22.420+0000] {processor.py:925} INFO - DAG(s) 'example_complex' retrieved from /home/airflow/.local/lib/python3.12/site-packages/airflow/example_dags/example_complex.py
[2025-06-26T23:06:22.446+0000] {logging_mixin.py:190} INFO - [2025-06-26T23:06:22.446+0000] {dag.py:3239} INFO - Sync 1 DAGs
[2025-06-26T23:06:22.460+0000] {logging_mixin.py:190} INFO - [2025-06-26T23:06:22.459+0000] {dag.py:4180} INFO - Setting next_dagrun for example_complex to None, run_after=None
[2025-06-26T23:06:22.476+0000] {processor.py:208} INFO - Processing /home/airflow/.local/lib/python3.12/site-packages/airflow/example_dags/example_complex.py took 0.077 seconds
[2025-06-26T23:06:53.098+0000] {processor.py:186} INFO - Started process (PID=2925) to work on /home/airflow/.local/lib/python3.12/site-packages/airflow/example_dags/example_complex.py
[2025-06-26T23:06:53.099+0000] {processor.py:914} INFO - Processing file /home/airflow/.local/lib/python3.12/site-packages/airflow/example_dags/example_complex.py for tasks to queue
[2025-06-26T23:06:53.101+0000] {logging_mixin.py:190} INFO - [2025-06-26T23:06:53.101+0000] {dagbag.py:588} INFO - Filling up the DagBag from /home/airflow/.local/lib/python3.12/site-packages/airflow/example_dags/example_complex.py
[2025-06-26T23:06:53.112+0000] {processor.py:925} INFO - DAG(s) 'example_complex' retrieved from /home/airflow/.local/lib/python3.12/site-packages/airflow/example_dags/example_complex.py
[2025-06-26T23:06:53.140+0000] {logging_mixin.py:190} INFO - [2025-06-26T23:06:53.140+0000] {dag.py:3239} INFO - Sync 1 DAGs
[2025-06-26T23:06:53.154+0000] {logging_mixin.py:190} INFO - [2025-06-26T23:06:53.153+0000] {dag.py:4180} INFO - Setting next_dagrun for example_complex to None, run_after=None
[2025-06-26T23:06:53.174+0000] {processor.py:208} INFO - Processing /home/airflow/.local/lib/python3.12/site-packages/airflow/example_dags/example_complex.py took 0.081 seconds
[2025-06-26T23:07:24.024+0000] {processor.py:186} INFO - Started process (PID=2987) to work on /home/airflow/.local/lib/python3.12/site-packages/airflow/example_dags/example_complex.py
[2025-06-26T23:07:24.025+0000] {processor.py:914} INFO - Processing file /home/airflow/.local/lib/python3.12/site-packages/airflow/example_dags/example_complex.py for tasks to queue
[2025-06-26T23:07:24.027+0000] {logging_mixin.py:190} INFO - [2025-06-26T23:07:24.026+0000] {dagbag.py:588} INFO - Filling up the DagBag from /home/airflow/.local/lib/python3.12/site-packages/airflow/example_dags/example_complex.py
[2025-06-26T23:07:24.037+0000] {processor.py:925} INFO - DAG(s) 'example_complex' retrieved from /home/airflow/.local/lib/python3.12/site-packages/airflow/example_dags/example_complex.py
[2025-06-26T23:07:24.063+0000] {logging_mixin.py:190} INFO - [2025-06-26T23:07:24.063+0000] {dag.py:3239} INFO - Sync 1 DAGs
[2025-06-26T23:07:24.076+0000] {logging_mixin.py:190} INFO - [2025-06-26T23:07:24.076+0000] {dag.py:4180} INFO - Setting next_dagrun for example_complex to None, run_after=None
[2025-06-26T23:07:24.096+0000] {processor.py:208} INFO - Processing /home/airflow/.local/lib/python3.12/site-packages/airflow/example_dags/example_complex.py took 0.077 seconds
[2025-06-26T23:07:54.948+0000] {processor.py:186} INFO - Started process (PID=3049) to work on /home/airflow/.local/lib/python3.12/site-packages/airflow/example_dags/example_complex.py
[2025-06-26T23:07:54.949+0000] {processor.py:914} INFO - Processing file /home/airflow/.local/lib/python3.12/site-packages/airflow/example_dags/example_complex.py for tasks to queue
[2025-06-26T23:07:54.952+0000] {logging_mixin.py:190} INFO - [2025-06-26T23:07:54.951+0000] {dagbag.py:588} INFO - Filling up the DagBag from /home/airflow/.local/lib/python3.12/site-packages/airflow/example_dags/example_complex.py
[2025-06-26T23:07:54.962+0000] {processor.py:925} INFO - DAG(s) 'example_complex' retrieved from /home/airflow/.local/lib/python3.12/site-packages/airflow/example_dags/example_complex.py
[2025-06-26T23:07:54.991+0000] {logging_mixin.py:190} INFO - [2025-06-26T23:07:54.990+0000] {dag.py:3239} INFO - Sync 1 DAGs
[2025-06-26T23:07:55.005+0000] {logging_mixin.py:190} INFO - [2025-06-26T23:07:55.004+0000] {dag.py:4180} INFO - Setting next_dagrun for example_complex to None, run_after=None
[2025-06-26T23:07:55.025+0000] {processor.py:208} INFO - Processing /home/airflow/.local/lib/python3.12/site-packages/airflow/example_dags/example_complex.py took 0.083 seconds
[2025-06-26T23:08:25.953+0000] {processor.py:186} INFO - Started process (PID=3111) to work on /home/airflow/.local/lib/python3.12/site-packages/airflow/example_dags/example_complex.py
[2025-06-26T23:08:25.954+0000] {processor.py:914} INFO - Processing file /home/airflow/.local/lib/python3.12/site-packages/airflow/example_dags/example_complex.py for tasks to queue
[2025-06-26T23:08:25.956+0000] {logging_mixin.py:190} INFO - [2025-06-26T23:08:25.956+0000] {dagbag.py:588} INFO - Filling up the DagBag from /home/airflow/.local/lib/python3.12/site-packages/airflow/example_dags/example_complex.py
[2025-06-26T23:08:25.966+0000] {processor.py:925} INFO - DAG(s) 'example_complex' retrieved from /home/airflow/.local/lib/python3.12/site-packages/airflow/example_dags/example_complex.py
[2025-06-26T23:08:25.993+0000] {logging_mixin.py:190} INFO - [2025-06-26T23:08:25.992+0000] {dag.py:3239} INFO - Sync 1 DAGs
[2025-06-26T23:08:26.005+0000] {logging_mixin.py:190} INFO - [2025-06-26T23:08:26.005+0000] {dag.py:4180} INFO - Setting next_dagrun for example_complex to None, run_after=None
[2025-06-26T23:08:26.025+0000] {processor.py:208} INFO - Processing /home/airflow/.local/lib/python3.12/site-packages/airflow/example_dags/example_complex.py took 0.078 seconds
[2025-06-26T23:08:56.787+0000] {processor.py:186} INFO - Started process (PID=3173) to work on /home/airflow/.local/lib/python3.12/site-packages/airflow/example_dags/example_complex.py
[2025-06-26T23:08:56.788+0000] {processor.py:914} INFO - Processing file /home/airflow/.local/lib/python3.12/site-packages/airflow/example_dags/example_complex.py for tasks to queue
[2025-06-26T23:08:56.791+0000] {logging_mixin.py:190} INFO - [2025-06-26T23:08:56.790+0000] {dagbag.py:588} INFO - Filling up the DagBag from /home/airflow/.local/lib/python3.12/site-packages/airflow/example_dags/example_complex.py
[2025-06-26T23:08:56.801+0000] {processor.py:925} INFO - DAG(s) 'example_complex' retrieved from /home/airflow/.local/lib/python3.12/site-packages/airflow/example_dags/example_complex.py
[2025-06-26T23:08:56.829+0000] {logging_mixin.py:190} INFO - [2025-06-26T23:08:56.828+0000] {dag.py:3239} INFO - Sync 1 DAGs
[2025-06-26T23:08:56.842+0000] {logging_mixin.py:190} INFO - [2025-06-26T23:08:56.842+0000] {dag.py:4180} INFO - Setting next_dagrun for example_complex to None, run_after=None
[2025-06-26T23:08:56.863+0000] {processor.py:208} INFO - Processing /home/airflow/.local/lib/python3.12/site-packages/airflow/example_dags/example_complex.py took 0.081 seconds
[2025-06-26T23:09:28.013+0000] {processor.py:186} INFO - Started process (PID=3235) to work on /home/airflow/.local/lib/python3.12/site-packages/airflow/example_dags/example_complex.py
[2025-06-26T23:09:28.014+0000] {processor.py:914} INFO - Processing file /home/airflow/.local/lib/python3.12/site-packages/airflow/example_dags/example_complex.py for tasks to queue
[2025-06-26T23:09:28.016+0000] {logging_mixin.py:190} INFO - [2025-06-26T23:09:28.016+0000] {dagbag.py:588} INFO - Filling up the DagBag from /home/airflow/.local/lib/python3.12/site-packages/airflow/example_dags/example_complex.py
[2025-06-26T23:09:28.026+0000] {processor.py:925} INFO - DAG(s) 'example_complex' retrieved from /home/airflow/.local/lib/python3.12/site-packages/airflow/example_dags/example_complex.py
[2025-06-26T23:09:28.054+0000] {logging_mixin.py:190} INFO - [2025-06-26T23:09:28.054+0000] {dag.py:3239} INFO - Sync 1 DAGs
[2025-06-26T23:09:28.068+0000] {logging_mixin.py:190} INFO - [2025-06-26T23:09:28.068+0000] {dag.py:4180} INFO - Setting next_dagrun for example_complex to None, run_after=None
[2025-06-26T23:09:28.095+0000] {processor.py:208} INFO - Processing /home/airflow/.local/lib/python3.12/site-packages/airflow/example_dags/example_complex.py took 0.088 seconds
[2025-06-26T23:09:58.865+0000] {processor.py:186} INFO - Started process (PID=3297) to work on /home/airflow/.local/lib/python3.12/site-packages/airflow/example_dags/example_complex.py
[2025-06-26T23:09:58.866+0000] {processor.py:914} INFO - Processing file /home/airflow/.local/lib/python3.12/site-packages/airflow/example_dags/example_complex.py for tasks to queue
[2025-06-26T23:09:58.868+0000] {logging_mixin.py:190} INFO - [2025-06-26T23:09:58.868+0000] {dagbag.py:588} INFO - Filling up the DagBag from /home/airflow/.local/lib/python3.12/site-packages/airflow/example_dags/example_complex.py
[2025-06-26T23:09:58.878+0000] {processor.py:925} INFO - DAG(s) 'example_complex' retrieved from /home/airflow/.local/lib/python3.12/site-packages/airflow/example_dags/example_complex.py
[2025-06-26T23:09:58.904+0000] {logging_mixin.py:190} INFO - [2025-06-26T23:09:58.904+0000] {dag.py:3239} INFO - Sync 1 DAGs
[2025-06-26T23:09:58.916+0000] {logging_mixin.py:190} INFO - [2025-06-26T23:09:58.916+0000] {dag.py:4180} INFO - Setting next_dagrun for example_complex to None, run_after=None
[2025-06-26T23:09:58.935+0000] {processor.py:208} INFO - Processing /home/airflow/.local/lib/python3.12/site-packages/airflow/example_dags/example_complex.py took 0.075 seconds
[2025-06-26T23:10:29.732+0000] {processor.py:186} INFO - Started process (PID=3359) to work on /home/airflow/.local/lib/python3.12/site-packages/airflow/example_dags/example_complex.py
[2025-06-26T23:10:29.733+0000] {processor.py:914} INFO - Processing file /home/airflow/.local/lib/python3.12/site-packages/airflow/example_dags/example_complex.py for tasks to queue
[2025-06-26T23:10:29.738+0000] {logging_mixin.py:190} INFO - [2025-06-26T23:10:29.736+0000] {dagbag.py:588} INFO - Filling up the DagBag from /home/airflow/.local/lib/python3.12/site-packages/airflow/example_dags/example_complex.py
[2025-06-26T23:10:29.752+0000] {processor.py:925} INFO - DAG(s) 'example_complex' retrieved from /home/airflow/.local/lib/python3.12/site-packages/airflow/example_dags/example_complex.py
[2025-06-26T23:10:29.784+0000] {logging_mixin.py:190} INFO - [2025-06-26T23:10:29.784+0000] {dag.py:3239} INFO - Sync 1 DAGs
[2025-06-26T23:10:29.798+0000] {logging_mixin.py:190} INFO - [2025-06-26T23:10:29.798+0000] {dag.py:4180} INFO - Setting next_dagrun for example_complex to None, run_after=None
[2025-06-26T23:10:29.820+0000] {processor.py:208} INFO - Processing /home/airflow/.local/lib/python3.12/site-packages/airflow/example_dags/example_complex.py took 0.094 seconds
