[2025-06-26T22:43:37.444+0000] {processor.py:186} INFO - Started process (PID=115) to work on /home/airflow/.local/lib/python3.12/site-packages/airflow/example_dags/example_nested_branch_dag.py
[2025-06-26T22:43:37.445+0000] {processor.py:914} INFO - Processing file /home/airflow/.local/lib/python3.12/site-packages/airflow/example_dags/example_nested_branch_dag.py for tasks to queue
[2025-06-26T22:43:37.447+0000] {logging_mixin.py:190} INFO - [2025-06-26T22:43:37.447+0000] {dagbag.py:588} INFO - Filling up the DagBag from /home/airflow/.local/lib/python3.12/site-packages/airflow/example_dags/example_nested_branch_dag.py
[2025-06-26T22:43:37.458+0000] {processor.py:925} INFO - DAG(s) 'example_nested_branch_dag' retrieved from /home/airflow/.local/lib/python3.12/site-packages/airflow/example_dags/example_nested_branch_dag.py
[2025-06-26T22:43:37.556+0000] {logging_mixin.py:190} INFO - [2025-06-26T22:43:37.555+0000] {override.py:1900} INFO - Created Permission View: can read on DAG:example_nested_branch_dag
[2025-06-26T22:43:37.568+0000] {logging_mixin.py:190} INFO - [2025-06-26T22:43:37.568+0000] {override.py:1900} INFO - Created Permission View: can edit on DAG:example_nested_branch_dag
[2025-06-26T22:43:37.577+0000] {logging_mixin.py:190} INFO - [2025-06-26T22:43:37.577+0000] {override.py:1900} INFO - Created Permission View: can delete on DAG:example_nested_branch_dag
[2025-06-26T22:43:37.599+0000] {logging_mixin.py:190} INFO - [2025-06-26T22:43:37.598+0000] {override.py:1900} INFO - Created Permission View: can read on DAG Run:example_nested_branch_dag
[2025-06-26T22:43:37.608+0000] {logging_mixin.py:190} INFO - [2025-06-26T22:43:37.608+0000] {override.py:1900} INFO - Created Permission View: can delete on DAG Run:example_nested_branch_dag
[2025-06-26T22:43:37.616+0000] {logging_mixin.py:190} INFO - [2025-06-26T22:43:37.616+0000] {override.py:1900} INFO - Created Permission View: menu access on DAG Run:example_nested_branch_dag
[2025-06-26T22:43:37.624+0000] {logging_mixin.py:190} INFO - [2025-06-26T22:43:37.624+0000] {override.py:1900} INFO - Created Permission View: can create on DAG Run:example_nested_branch_dag
[2025-06-26T22:43:37.625+0000] {logging_mixin.py:190} INFO - [2025-06-26T22:43:37.624+0000] {dag.py:3239} INFO - Sync 1 DAGs
[2025-06-26T22:43:37.637+0000] {logging_mixin.py:190} INFO - [2025-06-26T22:43:37.636+0000] {dag.py:3262} INFO - Creating ORM DAG for example_nested_branch_dag
[2025-06-26T22:43:37.646+0000] {logging_mixin.py:190} INFO - [2025-06-26T22:43:37.646+0000] {dag.py:4180} INFO - Setting next_dagrun for example_nested_branch_dag to 2025-06-25 00:00:00+00:00, run_after=2025-06-26 00:00:00+00:00
[2025-06-26T22:43:37.663+0000] {processor.py:208} INFO - Processing /home/airflow/.local/lib/python3.12/site-packages/airflow/example_dags/example_nested_branch_dag.py took 0.225 seconds
[2025-06-26T22:44:07.982+0000] {processor.py:186} INFO - Started process (PID=177) to work on /home/airflow/.local/lib/python3.12/site-packages/airflow/example_dags/example_nested_branch_dag.py
[2025-06-26T22:44:07.983+0000] {processor.py:914} INFO - Processing file /home/airflow/.local/lib/python3.12/site-packages/airflow/example_dags/example_nested_branch_dag.py for tasks to queue
[2025-06-26T22:44:07.985+0000] {logging_mixin.py:190} INFO - [2025-06-26T22:44:07.985+0000] {dagbag.py:588} INFO - Filling up the DagBag from /home/airflow/.local/lib/python3.12/site-packages/airflow/example_dags/example_nested_branch_dag.py
[2025-06-26T22:44:07.996+0000] {processor.py:925} INFO - DAG(s) 'example_nested_branch_dag' retrieved from /home/airflow/.local/lib/python3.12/site-packages/airflow/example_dags/example_nested_branch_dag.py
[2025-06-26T22:44:08.015+0000] {logging_mixin.py:190} INFO - [2025-06-26T22:44:08.015+0000] {dag.py:3239} INFO - Sync 1 DAGs
[2025-06-26T22:44:08.035+0000] {logging_mixin.py:190} INFO - [2025-06-26T22:44:08.034+0000] {dag.py:4180} INFO - Setting next_dagrun for example_nested_branch_dag to 2025-06-25 00:00:00+00:00, run_after=2025-06-26 00:00:00+00:00
[2025-06-26T22:44:08.055+0000] {processor.py:208} INFO - Processing /home/airflow/.local/lib/python3.12/site-packages/airflow/example_dags/example_nested_branch_dag.py took 0.079 seconds
[2025-06-26T22:44:38.443+0000] {processor.py:186} INFO - Started process (PID=239) to work on /home/airflow/.local/lib/python3.12/site-packages/airflow/example_dags/example_nested_branch_dag.py
[2025-06-26T22:44:38.444+0000] {processor.py:914} INFO - Processing file /home/airflow/.local/lib/python3.12/site-packages/airflow/example_dags/example_nested_branch_dag.py for tasks to queue
[2025-06-26T22:44:38.447+0000] {logging_mixin.py:190} INFO - [2025-06-26T22:44:38.446+0000] {dagbag.py:588} INFO - Filling up the DagBag from /home/airflow/.local/lib/python3.12/site-packages/airflow/example_dags/example_nested_branch_dag.py
[2025-06-26T22:44:38.459+0000] {processor.py:925} INFO - DAG(s) 'example_nested_branch_dag' retrieved from /home/airflow/.local/lib/python3.12/site-packages/airflow/example_dags/example_nested_branch_dag.py
[2025-06-26T22:44:38.480+0000] {logging_mixin.py:190} INFO - [2025-06-26T22:44:38.480+0000] {dag.py:3239} INFO - Sync 1 DAGs
[2025-06-26T22:44:38.505+0000] {logging_mixin.py:190} INFO - [2025-06-26T22:44:38.504+0000] {dag.py:4180} INFO - Setting next_dagrun for example_nested_branch_dag to 2025-06-25 00:00:00+00:00, run_after=2025-06-26 00:00:00+00:00
[2025-06-26T22:44:38.528+0000] {processor.py:208} INFO - Processing /home/airflow/.local/lib/python3.12/site-packages/airflow/example_dags/example_nested_branch_dag.py took 0.091 seconds
[2025-06-26T22:45:08.819+0000] {processor.py:186} INFO - Started process (PID=301) to work on /home/airflow/.local/lib/python3.12/site-packages/airflow/example_dags/example_nested_branch_dag.py
[2025-06-26T22:45:08.820+0000] {processor.py:914} INFO - Processing file /home/airflow/.local/lib/python3.12/site-packages/airflow/example_dags/example_nested_branch_dag.py for tasks to queue
[2025-06-26T22:45:08.823+0000] {logging_mixin.py:190} INFO - [2025-06-26T22:45:08.822+0000] {dagbag.py:588} INFO - Filling up the DagBag from /home/airflow/.local/lib/python3.12/site-packages/airflow/example_dags/example_nested_branch_dag.py
[2025-06-26T22:45:08.835+0000] {processor.py:925} INFO - DAG(s) 'example_nested_branch_dag' retrieved from /home/airflow/.local/lib/python3.12/site-packages/airflow/example_dags/example_nested_branch_dag.py
[2025-06-26T22:45:08.855+0000] {logging_mixin.py:190} INFO - [2025-06-26T22:45:08.855+0000] {dag.py:3239} INFO - Sync 1 DAGs
[2025-06-26T22:45:08.876+0000] {logging_mixin.py:190} INFO - [2025-06-26T22:45:08.876+0000] {dag.py:4180} INFO - Setting next_dagrun for example_nested_branch_dag to 2025-06-25 00:00:00+00:00, run_after=2025-06-26 00:00:00+00:00
[2025-06-26T22:45:08.901+0000] {processor.py:208} INFO - Processing /home/airflow/.local/lib/python3.12/site-packages/airflow/example_dags/example_nested_branch_dag.py took 0.087 seconds
[2025-06-26T22:45:39.215+0000] {processor.py:186} INFO - Started process (PID=363) to work on /home/airflow/.local/lib/python3.12/site-packages/airflow/example_dags/example_nested_branch_dag.py
[2025-06-26T22:45:39.216+0000] {processor.py:914} INFO - Processing file /home/airflow/.local/lib/python3.12/site-packages/airflow/example_dags/example_nested_branch_dag.py for tasks to queue
[2025-06-26T22:45:39.219+0000] {logging_mixin.py:190} INFO - [2025-06-26T22:45:39.218+0000] {dagbag.py:588} INFO - Filling up the DagBag from /home/airflow/.local/lib/python3.12/site-packages/airflow/example_dags/example_nested_branch_dag.py
[2025-06-26T22:45:39.232+0000] {processor.py:925} INFO - DAG(s) 'example_nested_branch_dag' retrieved from /home/airflow/.local/lib/python3.12/site-packages/airflow/example_dags/example_nested_branch_dag.py
[2025-06-26T22:45:39.262+0000] {logging_mixin.py:190} INFO - [2025-06-26T22:45:39.262+0000] {dag.py:3239} INFO - Sync 1 DAGs
[2025-06-26T22:45:39.285+0000] {logging_mixin.py:190} INFO - [2025-06-26T22:45:39.285+0000] {dag.py:4180} INFO - Setting next_dagrun for example_nested_branch_dag to 2025-06-25 00:00:00+00:00, run_after=2025-06-26 00:00:00+00:00
[2025-06-26T22:45:39.302+0000] {processor.py:208} INFO - Processing /home/airflow/.local/lib/python3.12/site-packages/airflow/example_dags/example_nested_branch_dag.py took 0.093 seconds
[2025-06-26T22:46:09.859+0000] {processor.py:186} INFO - Started process (PID=426) to work on /home/airflow/.local/lib/python3.12/site-packages/airflow/example_dags/example_nested_branch_dag.py
[2025-06-26T22:46:09.860+0000] {processor.py:914} INFO - Processing file /home/airflow/.local/lib/python3.12/site-packages/airflow/example_dags/example_nested_branch_dag.py for tasks to queue
[2025-06-26T22:46:09.862+0000] {logging_mixin.py:190} INFO - [2025-06-26T22:46:09.862+0000] {dagbag.py:588} INFO - Filling up the DagBag from /home/airflow/.local/lib/python3.12/site-packages/airflow/example_dags/example_nested_branch_dag.py
[2025-06-26T22:46:09.872+0000] {processor.py:925} INFO - DAG(s) 'example_nested_branch_dag' retrieved from /home/airflow/.local/lib/python3.12/site-packages/airflow/example_dags/example_nested_branch_dag.py
[2025-06-26T22:46:09.891+0000] {logging_mixin.py:190} INFO - [2025-06-26T22:46:09.891+0000] {dag.py:3239} INFO - Sync 1 DAGs
[2025-06-26T22:46:09.912+0000] {logging_mixin.py:190} INFO - [2025-06-26T22:46:09.911+0000] {dag.py:4180} INFO - Setting next_dagrun for example_nested_branch_dag to 2025-06-25 00:00:00+00:00, run_after=2025-06-26 00:00:00+00:00
[2025-06-26T22:46:09.934+0000] {processor.py:208} INFO - Processing /home/airflow/.local/lib/python3.12/site-packages/airflow/example_dags/example_nested_branch_dag.py took 0.081 seconds
[2025-06-26T22:46:40.364+0000] {processor.py:186} INFO - Started process (PID=487) to work on /home/airflow/.local/lib/python3.12/site-packages/airflow/example_dags/example_nested_branch_dag.py
[2025-06-26T22:46:40.365+0000] {processor.py:914} INFO - Processing file /home/airflow/.local/lib/python3.12/site-packages/airflow/example_dags/example_nested_branch_dag.py for tasks to queue
[2025-06-26T22:46:40.367+0000] {logging_mixin.py:190} INFO - [2025-06-26T22:46:40.367+0000] {dagbag.py:588} INFO - Filling up the DagBag from /home/airflow/.local/lib/python3.12/site-packages/airflow/example_dags/example_nested_branch_dag.py
[2025-06-26T22:46:40.378+0000] {processor.py:925} INFO - DAG(s) 'example_nested_branch_dag' retrieved from /home/airflow/.local/lib/python3.12/site-packages/airflow/example_dags/example_nested_branch_dag.py
[2025-06-26T22:46:40.398+0000] {logging_mixin.py:190} INFO - [2025-06-26T22:46:40.398+0000] {dag.py:3239} INFO - Sync 1 DAGs
[2025-06-26T22:46:40.420+0000] {logging_mixin.py:190} INFO - [2025-06-26T22:46:40.420+0000] {dag.py:4180} INFO - Setting next_dagrun for example_nested_branch_dag to 2025-06-25 00:00:00+00:00, run_after=2025-06-26 00:00:00+00:00
[2025-06-26T22:46:40.439+0000] {processor.py:208} INFO - Processing /home/airflow/.local/lib/python3.12/site-packages/airflow/example_dags/example_nested_branch_dag.py took 0.081 seconds
[2025-06-26T22:47:10.635+0000] {processor.py:186} INFO - Started process (PID=549) to work on /home/airflow/.local/lib/python3.12/site-packages/airflow/example_dags/example_nested_branch_dag.py
[2025-06-26T22:47:10.636+0000] {processor.py:914} INFO - Processing file /home/airflow/.local/lib/python3.12/site-packages/airflow/example_dags/example_nested_branch_dag.py for tasks to queue
[2025-06-26T22:47:10.638+0000] {logging_mixin.py:190} INFO - [2025-06-26T22:47:10.638+0000] {dagbag.py:588} INFO - Filling up the DagBag from /home/airflow/.local/lib/python3.12/site-packages/airflow/example_dags/example_nested_branch_dag.py
[2025-06-26T22:47:10.649+0000] {processor.py:925} INFO - DAG(s) 'example_nested_branch_dag' retrieved from /home/airflow/.local/lib/python3.12/site-packages/airflow/example_dags/example_nested_branch_dag.py
[2025-06-26T22:47:10.670+0000] {logging_mixin.py:190} INFO - [2025-06-26T22:47:10.669+0000] {dag.py:3239} INFO - Sync 1 DAGs
[2025-06-26T22:47:10.691+0000] {logging_mixin.py:190} INFO - [2025-06-26T22:47:10.691+0000] {dag.py:4180} INFO - Setting next_dagrun for example_nested_branch_dag to 2025-06-25 00:00:00+00:00, run_after=2025-06-26 00:00:00+00:00
[2025-06-26T22:47:10.711+0000] {processor.py:208} INFO - Processing /home/airflow/.local/lib/python3.12/site-packages/airflow/example_dags/example_nested_branch_dag.py took 0.082 seconds
[2025-06-26T22:47:41.070+0000] {processor.py:186} INFO - Started process (PID=611) to work on /home/airflow/.local/lib/python3.12/site-packages/airflow/example_dags/example_nested_branch_dag.py
[2025-06-26T22:47:41.071+0000] {processor.py:914} INFO - Processing file /home/airflow/.local/lib/python3.12/site-packages/airflow/example_dags/example_nested_branch_dag.py for tasks to queue
[2025-06-26T22:47:41.074+0000] {logging_mixin.py:190} INFO - [2025-06-26T22:47:41.074+0000] {dagbag.py:588} INFO - Filling up the DagBag from /home/airflow/.local/lib/python3.12/site-packages/airflow/example_dags/example_nested_branch_dag.py
[2025-06-26T22:47:41.085+0000] {processor.py:925} INFO - DAG(s) 'example_nested_branch_dag' retrieved from /home/airflow/.local/lib/python3.12/site-packages/airflow/example_dags/example_nested_branch_dag.py
[2025-06-26T22:47:41.105+0000] {logging_mixin.py:190} INFO - [2025-06-26T22:47:41.105+0000] {dag.py:3239} INFO - Sync 1 DAGs
[2025-06-26T22:47:41.134+0000] {logging_mixin.py:190} INFO - [2025-06-26T22:47:41.133+0000] {dag.py:4180} INFO - Setting next_dagrun for example_nested_branch_dag to 2025-06-25 00:00:00+00:00, run_after=2025-06-26 00:00:00+00:00
[2025-06-26T22:47:41.156+0000] {processor.py:208} INFO - Processing /home/airflow/.local/lib/python3.12/site-packages/airflow/example_dags/example_nested_branch_dag.py took 0.092 seconds
[2025-06-26T22:48:11.351+0000] {processor.py:186} INFO - Started process (PID=673) to work on /home/airflow/.local/lib/python3.12/site-packages/airflow/example_dags/example_nested_branch_dag.py
[2025-06-26T22:48:11.352+0000] {processor.py:914} INFO - Processing file /home/airflow/.local/lib/python3.12/site-packages/airflow/example_dags/example_nested_branch_dag.py for tasks to queue
[2025-06-26T22:48:11.355+0000] {logging_mixin.py:190} INFO - [2025-06-26T22:48:11.354+0000] {dagbag.py:588} INFO - Filling up the DagBag from /home/airflow/.local/lib/python3.12/site-packages/airflow/example_dags/example_nested_branch_dag.py
[2025-06-26T22:48:11.365+0000] {processor.py:925} INFO - DAG(s) 'example_nested_branch_dag' retrieved from /home/airflow/.local/lib/python3.12/site-packages/airflow/example_dags/example_nested_branch_dag.py
[2025-06-26T22:48:11.385+0000] {logging_mixin.py:190} INFO - [2025-06-26T22:48:11.385+0000] {dag.py:3239} INFO - Sync 1 DAGs
[2025-06-26T22:48:11.404+0000] {logging_mixin.py:190} INFO - [2025-06-26T22:48:11.404+0000] {dag.py:4180} INFO - Setting next_dagrun for example_nested_branch_dag to 2025-06-25 00:00:00+00:00, run_after=2025-06-26 00:00:00+00:00
[2025-06-26T22:48:11.420+0000] {processor.py:208} INFO - Processing /home/airflow/.local/lib/python3.12/site-packages/airflow/example_dags/example_nested_branch_dag.py took 0.075 seconds
[2025-06-26T22:48:41.763+0000] {processor.py:186} INFO - Started process (PID=735) to work on /home/airflow/.local/lib/python3.12/site-packages/airflow/example_dags/example_nested_branch_dag.py
[2025-06-26T22:48:41.764+0000] {processor.py:914} INFO - Processing file /home/airflow/.local/lib/python3.12/site-packages/airflow/example_dags/example_nested_branch_dag.py for tasks to queue
[2025-06-26T22:48:41.767+0000] {logging_mixin.py:190} INFO - [2025-06-26T22:48:41.766+0000] {dagbag.py:588} INFO - Filling up the DagBag from /home/airflow/.local/lib/python3.12/site-packages/airflow/example_dags/example_nested_branch_dag.py
[2025-06-26T22:48:41.778+0000] {processor.py:925} INFO - DAG(s) 'example_nested_branch_dag' retrieved from /home/airflow/.local/lib/python3.12/site-packages/airflow/example_dags/example_nested_branch_dag.py
[2025-06-26T22:48:41.804+0000] {logging_mixin.py:190} INFO - [2025-06-26T22:48:41.804+0000] {dag.py:3239} INFO - Sync 1 DAGs
[2025-06-26T22:48:41.826+0000] {logging_mixin.py:190} INFO - [2025-06-26T22:48:41.826+0000] {dag.py:4180} INFO - Setting next_dagrun for example_nested_branch_dag to 2025-06-25 00:00:00+00:00, run_after=2025-06-26 00:00:00+00:00
[2025-06-26T22:48:41.844+0000] {processor.py:208} INFO - Processing /home/airflow/.local/lib/python3.12/site-packages/airflow/example_dags/example_nested_branch_dag.py took 0.086 seconds
[2025-06-26T22:49:12.034+0000] {processor.py:186} INFO - Started process (PID=797) to work on /home/airflow/.local/lib/python3.12/site-packages/airflow/example_dags/example_nested_branch_dag.py
[2025-06-26T22:49:12.036+0000] {processor.py:914} INFO - Processing file /home/airflow/.local/lib/python3.12/site-packages/airflow/example_dags/example_nested_branch_dag.py for tasks to queue
[2025-06-26T22:49:12.038+0000] {logging_mixin.py:190} INFO - [2025-06-26T22:49:12.038+0000] {dagbag.py:588} INFO - Filling up the DagBag from /home/airflow/.local/lib/python3.12/site-packages/airflow/example_dags/example_nested_branch_dag.py
[2025-06-26T22:49:12.049+0000] {processor.py:925} INFO - DAG(s) 'example_nested_branch_dag' retrieved from /home/airflow/.local/lib/python3.12/site-packages/airflow/example_dags/example_nested_branch_dag.py
[2025-06-26T22:49:12.068+0000] {logging_mixin.py:190} INFO - [2025-06-26T22:49:12.068+0000] {dag.py:3239} INFO - Sync 1 DAGs
[2025-06-26T22:49:12.089+0000] {logging_mixin.py:190} INFO - [2025-06-26T22:49:12.089+0000] {dag.py:4180} INFO - Setting next_dagrun for example_nested_branch_dag to 2025-06-25 00:00:00+00:00, run_after=2025-06-26 00:00:00+00:00
[2025-06-26T22:49:12.109+0000] {processor.py:208} INFO - Processing /home/airflow/.local/lib/python3.12/site-packages/airflow/example_dags/example_nested_branch_dag.py took 0.081 seconds
[2025-06-26T22:49:42.407+0000] {processor.py:186} INFO - Started process (PID=859) to work on /home/airflow/.local/lib/python3.12/site-packages/airflow/example_dags/example_nested_branch_dag.py
[2025-06-26T22:49:42.408+0000] {processor.py:914} INFO - Processing file /home/airflow/.local/lib/python3.12/site-packages/airflow/example_dags/example_nested_branch_dag.py for tasks to queue
[2025-06-26T22:49:42.410+0000] {logging_mixin.py:190} INFO - [2025-06-26T22:49:42.410+0000] {dagbag.py:588} INFO - Filling up the DagBag from /home/airflow/.local/lib/python3.12/site-packages/airflow/example_dags/example_nested_branch_dag.py
[2025-06-26T22:49:42.423+0000] {processor.py:925} INFO - DAG(s) 'example_nested_branch_dag' retrieved from /home/airflow/.local/lib/python3.12/site-packages/airflow/example_dags/example_nested_branch_dag.py
[2025-06-26T22:49:42.443+0000] {logging_mixin.py:190} INFO - [2025-06-26T22:49:42.443+0000] {dag.py:3239} INFO - Sync 1 DAGs
[2025-06-26T22:49:42.463+0000] {logging_mixin.py:190} INFO - [2025-06-26T22:49:42.463+0000] {dag.py:4180} INFO - Setting next_dagrun for example_nested_branch_dag to 2025-06-25 00:00:00+00:00, run_after=2025-06-26 00:00:00+00:00
[2025-06-26T22:49:42.483+0000] {processor.py:208} INFO - Processing /home/airflow/.local/lib/python3.12/site-packages/airflow/example_dags/example_nested_branch_dag.py took 0.082 seconds
[2025-06-26T22:50:12.790+0000] {processor.py:186} INFO - Started process (PID=921) to work on /home/airflow/.local/lib/python3.12/site-packages/airflow/example_dags/example_nested_branch_dag.py
[2025-06-26T22:50:12.791+0000] {processor.py:914} INFO - Processing file /home/airflow/.local/lib/python3.12/site-packages/airflow/example_dags/example_nested_branch_dag.py for tasks to queue
[2025-06-26T22:50:12.793+0000] {logging_mixin.py:190} INFO - [2025-06-26T22:50:12.793+0000] {dagbag.py:588} INFO - Filling up the DagBag from /home/airflow/.local/lib/python3.12/site-packages/airflow/example_dags/example_nested_branch_dag.py
[2025-06-26T22:50:12.803+0000] {processor.py:925} INFO - DAG(s) 'example_nested_branch_dag' retrieved from /home/airflow/.local/lib/python3.12/site-packages/airflow/example_dags/example_nested_branch_dag.py
[2025-06-26T22:50:12.824+0000] {logging_mixin.py:190} INFO - [2025-06-26T22:50:12.823+0000] {dag.py:3239} INFO - Sync 1 DAGs
[2025-06-26T22:50:12.844+0000] {logging_mixin.py:190} INFO - [2025-06-26T22:50:12.844+0000] {dag.py:4180} INFO - Setting next_dagrun for example_nested_branch_dag to 2025-06-25 00:00:00+00:00, run_after=2025-06-26 00:00:00+00:00
[2025-06-26T22:50:12.863+0000] {processor.py:208} INFO - Processing /home/airflow/.local/lib/python3.12/site-packages/airflow/example_dags/example_nested_branch_dag.py took 0.079 seconds
[2025-06-26T22:50:43.204+0000] {processor.py:186} INFO - Started process (PID=982) to work on /home/airflow/.local/lib/python3.12/site-packages/airflow/example_dags/example_nested_branch_dag.py
[2025-06-26T22:50:43.205+0000] {processor.py:914} INFO - Processing file /home/airflow/.local/lib/python3.12/site-packages/airflow/example_dags/example_nested_branch_dag.py for tasks to queue
[2025-06-26T22:50:43.209+0000] {logging_mixin.py:190} INFO - [2025-06-26T22:50:43.209+0000] {dagbag.py:588} INFO - Filling up the DagBag from /home/airflow/.local/lib/python3.12/site-packages/airflow/example_dags/example_nested_branch_dag.py
[2025-06-26T22:50:43.220+0000] {processor.py:925} INFO - DAG(s) 'example_nested_branch_dag' retrieved from /home/airflow/.local/lib/python3.12/site-packages/airflow/example_dags/example_nested_branch_dag.py
[2025-06-26T22:50:43.241+0000] {logging_mixin.py:190} INFO - [2025-06-26T22:50:43.241+0000] {dag.py:3239} INFO - Sync 1 DAGs
[2025-06-26T22:50:43.262+0000] {logging_mixin.py:190} INFO - [2025-06-26T22:50:43.261+0000] {dag.py:4180} INFO - Setting next_dagrun for example_nested_branch_dag to 2025-06-25 00:00:00+00:00, run_after=2025-06-26 00:00:00+00:00
[2025-06-26T22:50:43.285+0000] {processor.py:208} INFO - Processing /home/airflow/.local/lib/python3.12/site-packages/airflow/example_dags/example_nested_branch_dag.py took 0.087 seconds
[2025-06-26T22:51:13.698+0000] {processor.py:186} INFO - Started process (PID=1044) to work on /home/airflow/.local/lib/python3.12/site-packages/airflow/example_dags/example_nested_branch_dag.py
[2025-06-26T22:51:13.699+0000] {processor.py:914} INFO - Processing file /home/airflow/.local/lib/python3.12/site-packages/airflow/example_dags/example_nested_branch_dag.py for tasks to queue
[2025-06-26T22:51:13.701+0000] {logging_mixin.py:190} INFO - [2025-06-26T22:51:13.701+0000] {dagbag.py:588} INFO - Filling up the DagBag from /home/airflow/.local/lib/python3.12/site-packages/airflow/example_dags/example_nested_branch_dag.py
[2025-06-26T22:51:13.712+0000] {processor.py:925} INFO - DAG(s) 'example_nested_branch_dag' retrieved from /home/airflow/.local/lib/python3.12/site-packages/airflow/example_dags/example_nested_branch_dag.py
[2025-06-26T22:51:13.731+0000] {logging_mixin.py:190} INFO - [2025-06-26T22:51:13.730+0000] {dag.py:3239} INFO - Sync 1 DAGs
[2025-06-26T22:51:13.752+0000] {logging_mixin.py:190} INFO - [2025-06-26T22:51:13.752+0000] {dag.py:4180} INFO - Setting next_dagrun for example_nested_branch_dag to 2025-06-25 00:00:00+00:00, run_after=2025-06-26 00:00:00+00:00
[2025-06-26T22:51:13.772+0000] {processor.py:208} INFO - Processing /home/airflow/.local/lib/python3.12/site-packages/airflow/example_dags/example_nested_branch_dag.py took 0.079 seconds
[2025-06-26T22:51:44.072+0000] {processor.py:186} INFO - Started process (PID=1106) to work on /home/airflow/.local/lib/python3.12/site-packages/airflow/example_dags/example_nested_branch_dag.py
[2025-06-26T22:51:44.074+0000] {processor.py:914} INFO - Processing file /home/airflow/.local/lib/python3.12/site-packages/airflow/example_dags/example_nested_branch_dag.py for tasks to queue
[2025-06-26T22:51:44.076+0000] {logging_mixin.py:190} INFO - [2025-06-26T22:51:44.076+0000] {dagbag.py:588} INFO - Filling up the DagBag from /home/airflow/.local/lib/python3.12/site-packages/airflow/example_dags/example_nested_branch_dag.py
[2025-06-26T22:51:44.086+0000] {processor.py:925} INFO - DAG(s) 'example_nested_branch_dag' retrieved from /home/airflow/.local/lib/python3.12/site-packages/airflow/example_dags/example_nested_branch_dag.py
[2025-06-26T22:51:44.109+0000] {logging_mixin.py:190} INFO - [2025-06-26T22:51:44.108+0000] {dag.py:3239} INFO - Sync 1 DAGs
[2025-06-26T22:51:44.130+0000] {logging_mixin.py:190} INFO - [2025-06-26T22:51:44.130+0000] {dag.py:4180} INFO - Setting next_dagrun for example_nested_branch_dag to 2025-06-25 00:00:00+00:00, run_after=2025-06-26 00:00:00+00:00
[2025-06-26T22:51:44.150+0000] {processor.py:208} INFO - Processing /home/airflow/.local/lib/python3.12/site-packages/airflow/example_dags/example_nested_branch_dag.py took 0.084 seconds
[2025-06-26T22:52:14.347+0000] {processor.py:186} INFO - Started process (PID=1168) to work on /home/airflow/.local/lib/python3.12/site-packages/airflow/example_dags/example_nested_branch_dag.py
[2025-06-26T22:52:14.347+0000] {processor.py:914} INFO - Processing file /home/airflow/.local/lib/python3.12/site-packages/airflow/example_dags/example_nested_branch_dag.py for tasks to queue
[2025-06-26T22:52:14.350+0000] {logging_mixin.py:190} INFO - [2025-06-26T22:52:14.349+0000] {dagbag.py:588} INFO - Filling up the DagBag from /home/airflow/.local/lib/python3.12/site-packages/airflow/example_dags/example_nested_branch_dag.py
[2025-06-26T22:52:14.360+0000] {processor.py:925} INFO - DAG(s) 'example_nested_branch_dag' retrieved from /home/airflow/.local/lib/python3.12/site-packages/airflow/example_dags/example_nested_branch_dag.py
[2025-06-26T22:52:14.380+0000] {logging_mixin.py:190} INFO - [2025-06-26T22:52:14.380+0000] {dag.py:3239} INFO - Sync 1 DAGs
[2025-06-26T22:52:14.401+0000] {logging_mixin.py:190} INFO - [2025-06-26T22:52:14.400+0000] {dag.py:4180} INFO - Setting next_dagrun for example_nested_branch_dag to 2025-06-25 00:00:00+00:00, run_after=2025-06-26 00:00:00+00:00
[2025-06-26T22:52:14.420+0000] {processor.py:208} INFO - Processing /home/airflow/.local/lib/python3.12/site-packages/airflow/example_dags/example_nested_branch_dag.py took 0.079 seconds
[2025-06-26T22:52:45.480+0000] {processor.py:186} INFO - Started process (PID=1230) to work on /home/airflow/.local/lib/python3.12/site-packages/airflow/example_dags/example_nested_branch_dag.py
[2025-06-26T22:52:45.481+0000] {processor.py:914} INFO - Processing file /home/airflow/.local/lib/python3.12/site-packages/airflow/example_dags/example_nested_branch_dag.py for tasks to queue
[2025-06-26T22:52:45.483+0000] {logging_mixin.py:190} INFO - [2025-06-26T22:52:45.483+0000] {dagbag.py:588} INFO - Filling up the DagBag from /home/airflow/.local/lib/python3.12/site-packages/airflow/example_dags/example_nested_branch_dag.py
[2025-06-26T22:52:45.494+0000] {processor.py:925} INFO - DAG(s) 'example_nested_branch_dag' retrieved from /home/airflow/.local/lib/python3.12/site-packages/airflow/example_dags/example_nested_branch_dag.py
[2025-06-26T22:52:45.520+0000] {logging_mixin.py:190} INFO - [2025-06-26T22:52:45.520+0000] {dag.py:3239} INFO - Sync 1 DAGs
[2025-06-26T22:52:45.549+0000] {logging_mixin.py:190} INFO - [2025-06-26T22:52:45.549+0000] {dag.py:4180} INFO - Setting next_dagrun for example_nested_branch_dag to 2025-06-25 00:00:00+00:00, run_after=2025-06-26 00:00:00+00:00
[2025-06-26T22:52:45.579+0000] {processor.py:208} INFO - Processing /home/airflow/.local/lib/python3.12/site-packages/airflow/example_dags/example_nested_branch_dag.py took 0.104 seconds
[2025-06-26T22:53:16.000+0000] {processor.py:186} INFO - Started process (PID=1292) to work on /home/airflow/.local/lib/python3.12/site-packages/airflow/example_dags/example_nested_branch_dag.py
[2025-06-26T22:53:16.001+0000] {processor.py:914} INFO - Processing file /home/airflow/.local/lib/python3.12/site-packages/airflow/example_dags/example_nested_branch_dag.py for tasks to queue
[2025-06-26T22:53:16.003+0000] {logging_mixin.py:190} INFO - [2025-06-26T22:53:16.003+0000] {dagbag.py:588} INFO - Filling up the DagBag from /home/airflow/.local/lib/python3.12/site-packages/airflow/example_dags/example_nested_branch_dag.py
[2025-06-26T22:53:16.014+0000] {processor.py:925} INFO - DAG(s) 'example_nested_branch_dag' retrieved from /home/airflow/.local/lib/python3.12/site-packages/airflow/example_dags/example_nested_branch_dag.py
[2025-06-26T22:53:16.041+0000] {logging_mixin.py:190} INFO - [2025-06-26T22:53:16.040+0000] {dag.py:3239} INFO - Sync 1 DAGs
[2025-06-26T22:53:16.068+0000] {logging_mixin.py:190} INFO - [2025-06-26T22:53:16.067+0000] {dag.py:4180} INFO - Setting next_dagrun for example_nested_branch_dag to 2025-06-25 00:00:00+00:00, run_after=2025-06-26 00:00:00+00:00
[2025-06-26T22:53:16.085+0000] {processor.py:208} INFO - Processing /home/airflow/.local/lib/python3.12/site-packages/airflow/example_dags/example_nested_branch_dag.py took 0.090 seconds
[2025-06-26T22:53:46.222+0000] {processor.py:186} INFO - Started process (PID=1354) to work on /home/airflow/.local/lib/python3.12/site-packages/airflow/example_dags/example_nested_branch_dag.py
[2025-06-26T22:53:46.223+0000] {processor.py:914} INFO - Processing file /home/airflow/.local/lib/python3.12/site-packages/airflow/example_dags/example_nested_branch_dag.py for tasks to queue
[2025-06-26T22:53:46.226+0000] {logging_mixin.py:190} INFO - [2025-06-26T22:53:46.226+0000] {dagbag.py:588} INFO - Filling up the DagBag from /home/airflow/.local/lib/python3.12/site-packages/airflow/example_dags/example_nested_branch_dag.py
[2025-06-26T22:53:46.236+0000] {processor.py:925} INFO - DAG(s) 'example_nested_branch_dag' retrieved from /home/airflow/.local/lib/python3.12/site-packages/airflow/example_dags/example_nested_branch_dag.py
[2025-06-26T22:53:46.255+0000] {logging_mixin.py:190} INFO - [2025-06-26T22:53:46.255+0000] {dag.py:3239} INFO - Sync 1 DAGs
[2025-06-26T22:53:46.276+0000] {logging_mixin.py:190} INFO - [2025-06-26T22:53:46.275+0000] {dag.py:4180} INFO - Setting next_dagrun for example_nested_branch_dag to 2025-06-25 00:00:00+00:00, run_after=2025-06-26 00:00:00+00:00
[2025-06-26T22:53:46.295+0000] {processor.py:208} INFO - Processing /home/airflow/.local/lib/python3.12/site-packages/airflow/example_dags/example_nested_branch_dag.py took 0.078 seconds
[2025-06-26T22:54:16.784+0000] {processor.py:186} INFO - Started process (PID=1416) to work on /home/airflow/.local/lib/python3.12/site-packages/airflow/example_dags/example_nested_branch_dag.py
[2025-06-26T22:54:16.785+0000] {processor.py:914} INFO - Processing file /home/airflow/.local/lib/python3.12/site-packages/airflow/example_dags/example_nested_branch_dag.py for tasks to queue
[2025-06-26T22:54:16.788+0000] {logging_mixin.py:190} INFO - [2025-06-26T22:54:16.787+0000] {dagbag.py:588} INFO - Filling up the DagBag from /home/airflow/.local/lib/python3.12/site-packages/airflow/example_dags/example_nested_branch_dag.py
[2025-06-26T22:54:16.799+0000] {processor.py:925} INFO - DAG(s) 'example_nested_branch_dag' retrieved from /home/airflow/.local/lib/python3.12/site-packages/airflow/example_dags/example_nested_branch_dag.py
[2025-06-26T22:54:16.820+0000] {logging_mixin.py:190} INFO - [2025-06-26T22:54:16.819+0000] {dag.py:3239} INFO - Sync 1 DAGs
[2025-06-26T22:54:16.843+0000] {logging_mixin.py:190} INFO - [2025-06-26T22:54:16.843+0000] {dag.py:4180} INFO - Setting next_dagrun for example_nested_branch_dag to 2025-06-25 00:00:00+00:00, run_after=2025-06-26 00:00:00+00:00
[2025-06-26T22:54:16.866+0000] {processor.py:208} INFO - Processing /home/airflow/.local/lib/python3.12/site-packages/airflow/example_dags/example_nested_branch_dag.py took 0.094 seconds
[2025-06-26T22:54:47.201+0000] {processor.py:186} INFO - Started process (PID=1478) to work on /home/airflow/.local/lib/python3.12/site-packages/airflow/example_dags/example_nested_branch_dag.py
[2025-06-26T22:54:47.202+0000] {processor.py:914} INFO - Processing file /home/airflow/.local/lib/python3.12/site-packages/airflow/example_dags/example_nested_branch_dag.py for tasks to queue
[2025-06-26T22:54:47.205+0000] {logging_mixin.py:190} INFO - [2025-06-26T22:54:47.204+0000] {dagbag.py:588} INFO - Filling up the DagBag from /home/airflow/.local/lib/python3.12/site-packages/airflow/example_dags/example_nested_branch_dag.py
[2025-06-26T22:54:47.216+0000] {processor.py:925} INFO - DAG(s) 'example_nested_branch_dag' retrieved from /home/airflow/.local/lib/python3.12/site-packages/airflow/example_dags/example_nested_branch_dag.py
[2025-06-26T22:54:47.237+0000] {logging_mixin.py:190} INFO - [2025-06-26T22:54:47.236+0000] {dag.py:3239} INFO - Sync 1 DAGs
[2025-06-26T22:54:47.257+0000] {logging_mixin.py:190} INFO - [2025-06-26T22:54:47.257+0000] {dag.py:4180} INFO - Setting next_dagrun for example_nested_branch_dag to 2025-06-25 00:00:00+00:00, run_after=2025-06-26 00:00:00+00:00
[2025-06-26T22:54:47.275+0000] {processor.py:208} INFO - Processing /home/airflow/.local/lib/python3.12/site-packages/airflow/example_dags/example_nested_branch_dag.py took 0.080 seconds
[2025-06-26T22:55:17.679+0000] {processor.py:186} INFO - Started process (PID=1540) to work on /home/airflow/.local/lib/python3.12/site-packages/airflow/example_dags/example_nested_branch_dag.py
[2025-06-26T22:55:17.680+0000] {processor.py:914} INFO - Processing file /home/airflow/.local/lib/python3.12/site-packages/airflow/example_dags/example_nested_branch_dag.py for tasks to queue
[2025-06-26T22:55:17.683+0000] {logging_mixin.py:190} INFO - [2025-06-26T22:55:17.683+0000] {dagbag.py:588} INFO - Filling up the DagBag from /home/airflow/.local/lib/python3.12/site-packages/airflow/example_dags/example_nested_branch_dag.py
[2025-06-26T22:55:17.695+0000] {processor.py:925} INFO - DAG(s) 'example_nested_branch_dag' retrieved from /home/airflow/.local/lib/python3.12/site-packages/airflow/example_dags/example_nested_branch_dag.py
[2025-06-26T22:55:17.716+0000] {logging_mixin.py:190} INFO - [2025-06-26T22:55:17.716+0000] {dag.py:3239} INFO - Sync 1 DAGs
[2025-06-26T22:55:17.740+0000] {logging_mixin.py:190} INFO - [2025-06-26T22:55:17.739+0000] {dag.py:4180} INFO - Setting next_dagrun for example_nested_branch_dag to 2025-06-25 00:00:00+00:00, run_after=2025-06-26 00:00:00+00:00
[2025-06-26T22:55:17.760+0000] {processor.py:208} INFO - Processing /home/airflow/.local/lib/python3.12/site-packages/airflow/example_dags/example_nested_branch_dag.py took 0.088 seconds
[2025-06-26T22:55:47.975+0000] {processor.py:186} INFO - Started process (PID=1602) to work on /home/airflow/.local/lib/python3.12/site-packages/airflow/example_dags/example_nested_branch_dag.py
[2025-06-26T22:55:47.976+0000] {processor.py:914} INFO - Processing file /home/airflow/.local/lib/python3.12/site-packages/airflow/example_dags/example_nested_branch_dag.py for tasks to queue
[2025-06-26T22:55:47.978+0000] {logging_mixin.py:190} INFO - [2025-06-26T22:55:47.978+0000] {dagbag.py:588} INFO - Filling up the DagBag from /home/airflow/.local/lib/python3.12/site-packages/airflow/example_dags/example_nested_branch_dag.py
[2025-06-26T22:55:47.988+0000] {processor.py:925} INFO - DAG(s) 'example_nested_branch_dag' retrieved from /home/airflow/.local/lib/python3.12/site-packages/airflow/example_dags/example_nested_branch_dag.py
[2025-06-26T22:55:48.009+0000] {logging_mixin.py:190} INFO - [2025-06-26T22:55:48.009+0000] {dag.py:3239} INFO - Sync 1 DAGs
[2025-06-26T22:55:48.030+0000] {logging_mixin.py:190} INFO - [2025-06-26T22:55:48.030+0000] {dag.py:4180} INFO - Setting next_dagrun for example_nested_branch_dag to 2025-06-25 00:00:00+00:00, run_after=2025-06-26 00:00:00+00:00
[2025-06-26T22:55:48.048+0000] {processor.py:208} INFO - Processing /home/airflow/.local/lib/python3.12/site-packages/airflow/example_dags/example_nested_branch_dag.py took 0.078 seconds
[2025-06-26T22:56:18.406+0000] {processor.py:186} INFO - Started process (PID=1664) to work on /home/airflow/.local/lib/python3.12/site-packages/airflow/example_dags/example_nested_branch_dag.py
[2025-06-26T22:56:18.407+0000] {processor.py:914} INFO - Processing file /home/airflow/.local/lib/python3.12/site-packages/airflow/example_dags/example_nested_branch_dag.py for tasks to queue
[2025-06-26T22:56:18.410+0000] {logging_mixin.py:190} INFO - [2025-06-26T22:56:18.410+0000] {dagbag.py:588} INFO - Filling up the DagBag from /home/airflow/.local/lib/python3.12/site-packages/airflow/example_dags/example_nested_branch_dag.py
[2025-06-26T22:56:18.426+0000] {processor.py:925} INFO - DAG(s) 'example_nested_branch_dag' retrieved from /home/airflow/.local/lib/python3.12/site-packages/airflow/example_dags/example_nested_branch_dag.py
[2025-06-26T22:56:18.455+0000] {logging_mixin.py:190} INFO - [2025-06-26T22:56:18.455+0000] {dag.py:3239} INFO - Sync 1 DAGs
[2025-06-26T22:56:18.481+0000] {logging_mixin.py:190} INFO - [2025-06-26T22:56:18.481+0000] {dag.py:4180} INFO - Setting next_dagrun for example_nested_branch_dag to 2025-06-25 00:00:00+00:00, run_after=2025-06-26 00:00:00+00:00
[2025-06-26T22:56:18.509+0000] {processor.py:208} INFO - Processing /home/airflow/.local/lib/python3.12/site-packages/airflow/example_dags/example_nested_branch_dag.py took 0.111 seconds
[2025-06-26T22:56:49.291+0000] {processor.py:186} INFO - Started process (PID=1726) to work on /home/airflow/.local/lib/python3.12/site-packages/airflow/example_dags/example_nested_branch_dag.py
[2025-06-26T22:56:49.292+0000] {processor.py:914} INFO - Processing file /home/airflow/.local/lib/python3.12/site-packages/airflow/example_dags/example_nested_branch_dag.py for tasks to queue
[2025-06-26T22:56:49.294+0000] {logging_mixin.py:190} INFO - [2025-06-26T22:56:49.294+0000] {dagbag.py:588} INFO - Filling up the DagBag from /home/airflow/.local/lib/python3.12/site-packages/airflow/example_dags/example_nested_branch_dag.py
[2025-06-26T22:56:49.305+0000] {processor.py:925} INFO - DAG(s) 'example_nested_branch_dag' retrieved from /home/airflow/.local/lib/python3.12/site-packages/airflow/example_dags/example_nested_branch_dag.py
[2025-06-26T22:56:49.324+0000] {logging_mixin.py:190} INFO - [2025-06-26T22:56:49.323+0000] {dag.py:3239} INFO - Sync 1 DAGs
[2025-06-26T22:56:49.344+0000] {logging_mixin.py:190} INFO - [2025-06-26T22:56:49.344+0000] {dag.py:4180} INFO - Setting next_dagrun for example_nested_branch_dag to 2025-06-25 00:00:00+00:00, run_after=2025-06-26 00:00:00+00:00
[2025-06-26T22:56:49.363+0000] {processor.py:208} INFO - Processing /home/airflow/.local/lib/python3.12/site-packages/airflow/example_dags/example_nested_branch_dag.py took 0.078 seconds
[2025-06-26T22:57:19.528+0000] {processor.py:186} INFO - Started process (PID=1788) to work on /home/airflow/.local/lib/python3.12/site-packages/airflow/example_dags/example_nested_branch_dag.py
[2025-06-26T22:57:19.530+0000] {processor.py:914} INFO - Processing file /home/airflow/.local/lib/python3.12/site-packages/airflow/example_dags/example_nested_branch_dag.py for tasks to queue
[2025-06-26T22:57:19.533+0000] {logging_mixin.py:190} INFO - [2025-06-26T22:57:19.533+0000] {dagbag.py:588} INFO - Filling up the DagBag from /home/airflow/.local/lib/python3.12/site-packages/airflow/example_dags/example_nested_branch_dag.py
[2025-06-26T22:57:19.546+0000] {processor.py:925} INFO - DAG(s) 'example_nested_branch_dag' retrieved from /home/airflow/.local/lib/python3.12/site-packages/airflow/example_dags/example_nested_branch_dag.py
[2025-06-26T22:57:19.567+0000] {logging_mixin.py:190} INFO - [2025-06-26T22:57:19.567+0000] {dag.py:3239} INFO - Sync 1 DAGs
[2025-06-26T22:57:19.591+0000] {logging_mixin.py:190} INFO - [2025-06-26T22:57:19.591+0000] {dag.py:4180} INFO - Setting next_dagrun for example_nested_branch_dag to 2025-06-25 00:00:00+00:00, run_after=2025-06-26 00:00:00+00:00
[2025-06-26T22:57:19.611+0000] {processor.py:208} INFO - Processing /home/airflow/.local/lib/python3.12/site-packages/airflow/example_dags/example_nested_branch_dag.py took 0.090 seconds
[2025-06-26T22:57:50.121+0000] {processor.py:186} INFO - Started process (PID=1850) to work on /home/airflow/.local/lib/python3.12/site-packages/airflow/example_dags/example_nested_branch_dag.py
[2025-06-26T22:57:50.122+0000] {processor.py:914} INFO - Processing file /home/airflow/.local/lib/python3.12/site-packages/airflow/example_dags/example_nested_branch_dag.py for tasks to queue
[2025-06-26T22:57:50.124+0000] {logging_mixin.py:190} INFO - [2025-06-26T22:57:50.124+0000] {dagbag.py:588} INFO - Filling up the DagBag from /home/airflow/.local/lib/python3.12/site-packages/airflow/example_dags/example_nested_branch_dag.py
[2025-06-26T22:57:50.135+0000] {processor.py:925} INFO - DAG(s) 'example_nested_branch_dag' retrieved from /home/airflow/.local/lib/python3.12/site-packages/airflow/example_dags/example_nested_branch_dag.py
[2025-06-26T22:57:50.156+0000] {logging_mixin.py:190} INFO - [2025-06-26T22:57:50.155+0000] {dag.py:3239} INFO - Sync 1 DAGs
[2025-06-26T22:57:50.176+0000] {logging_mixin.py:190} INFO - [2025-06-26T22:57:50.176+0000] {dag.py:4180} INFO - Setting next_dagrun for example_nested_branch_dag to 2025-06-25 00:00:00+00:00, run_after=2025-06-26 00:00:00+00:00
[2025-06-26T22:57:50.195+0000] {processor.py:208} INFO - Processing /home/airflow/.local/lib/python3.12/site-packages/airflow/example_dags/example_nested_branch_dag.py took 0.080 seconds
[2025-06-26T22:58:20.401+0000] {processor.py:186} INFO - Started process (PID=1912) to work on /home/airflow/.local/lib/python3.12/site-packages/airflow/example_dags/example_nested_branch_dag.py
[2025-06-26T22:58:20.402+0000] {processor.py:914} INFO - Processing file /home/airflow/.local/lib/python3.12/site-packages/airflow/example_dags/example_nested_branch_dag.py for tasks to queue
[2025-06-26T22:58:20.404+0000] {logging_mixin.py:190} INFO - [2025-06-26T22:58:20.404+0000] {dagbag.py:588} INFO - Filling up the DagBag from /home/airflow/.local/lib/python3.12/site-packages/airflow/example_dags/example_nested_branch_dag.py
[2025-06-26T22:58:20.415+0000] {processor.py:925} INFO - DAG(s) 'example_nested_branch_dag' retrieved from /home/airflow/.local/lib/python3.12/site-packages/airflow/example_dags/example_nested_branch_dag.py
[2025-06-26T22:58:20.435+0000] {logging_mixin.py:190} INFO - [2025-06-26T22:58:20.435+0000] {dag.py:3239} INFO - Sync 1 DAGs
[2025-06-26T22:58:20.456+0000] {logging_mixin.py:190} INFO - [2025-06-26T22:58:20.456+0000] {dag.py:4180} INFO - Setting next_dagrun for example_nested_branch_dag to 2025-06-25 00:00:00+00:00, run_after=2025-06-26 00:00:00+00:00
[2025-06-26T22:58:20.477+0000] {processor.py:208} INFO - Processing /home/airflow/.local/lib/python3.12/site-packages/airflow/example_dags/example_nested_branch_dag.py took 0.082 seconds
[2025-06-26T22:58:50.834+0000] {processor.py:186} INFO - Started process (PID=1974) to work on /home/airflow/.local/lib/python3.12/site-packages/airflow/example_dags/example_nested_branch_dag.py
[2025-06-26T22:58:50.835+0000] {processor.py:914} INFO - Processing file /home/airflow/.local/lib/python3.12/site-packages/airflow/example_dags/example_nested_branch_dag.py for tasks to queue
[2025-06-26T22:58:50.837+0000] {logging_mixin.py:190} INFO - [2025-06-26T22:58:50.837+0000] {dagbag.py:588} INFO - Filling up the DagBag from /home/airflow/.local/lib/python3.12/site-packages/airflow/example_dags/example_nested_branch_dag.py
[2025-06-26T22:58:50.850+0000] {processor.py:925} INFO - DAG(s) 'example_nested_branch_dag' retrieved from /home/airflow/.local/lib/python3.12/site-packages/airflow/example_dags/example_nested_branch_dag.py
[2025-06-26T22:58:50.869+0000] {logging_mixin.py:190} INFO - [2025-06-26T22:58:50.869+0000] {dag.py:3239} INFO - Sync 1 DAGs
[2025-06-26T22:58:50.889+0000] {logging_mixin.py:190} INFO - [2025-06-26T22:58:50.888+0000] {dag.py:4180} INFO - Setting next_dagrun for example_nested_branch_dag to 2025-06-25 00:00:00+00:00, run_after=2025-06-26 00:00:00+00:00
[2025-06-26T22:58:50.908+0000] {processor.py:208} INFO - Processing /home/airflow/.local/lib/python3.12/site-packages/airflow/example_dags/example_nested_branch_dag.py took 0.079 seconds
[2025-06-26T22:59:21.537+0000] {processor.py:186} INFO - Started process (PID=2036) to work on /home/airflow/.local/lib/python3.12/site-packages/airflow/example_dags/example_nested_branch_dag.py
[2025-06-26T22:59:21.538+0000] {processor.py:914} INFO - Processing file /home/airflow/.local/lib/python3.12/site-packages/airflow/example_dags/example_nested_branch_dag.py for tasks to queue
[2025-06-26T22:59:21.541+0000] {logging_mixin.py:190} INFO - [2025-06-26T22:59:21.540+0000] {dagbag.py:588} INFO - Filling up the DagBag from /home/airflow/.local/lib/python3.12/site-packages/airflow/example_dags/example_nested_branch_dag.py
[2025-06-26T22:59:21.553+0000] {processor.py:925} INFO - DAG(s) 'example_nested_branch_dag' retrieved from /home/airflow/.local/lib/python3.12/site-packages/airflow/example_dags/example_nested_branch_dag.py
[2025-06-26T22:59:21.579+0000] {logging_mixin.py:190} INFO - [2025-06-26T22:59:21.578+0000] {dag.py:3239} INFO - Sync 1 DAGs
[2025-06-26T22:59:21.605+0000] {logging_mixin.py:190} INFO - [2025-06-26T22:59:21.604+0000] {dag.py:4180} INFO - Setting next_dagrun for example_nested_branch_dag to 2025-06-25 00:00:00+00:00, run_after=2025-06-26 00:00:00+00:00
[2025-06-26T22:59:21.627+0000] {processor.py:208} INFO - Processing /home/airflow/.local/lib/python3.12/site-packages/airflow/example_dags/example_nested_branch_dag.py took 0.096 seconds
[2025-06-26T22:59:51.946+0000] {processor.py:186} INFO - Started process (PID=2098) to work on /home/airflow/.local/lib/python3.12/site-packages/airflow/example_dags/example_nested_branch_dag.py
[2025-06-26T22:59:51.947+0000] {processor.py:914} INFO - Processing file /home/airflow/.local/lib/python3.12/site-packages/airflow/example_dags/example_nested_branch_dag.py for tasks to queue
[2025-06-26T22:59:51.950+0000] {logging_mixin.py:190} INFO - [2025-06-26T22:59:51.950+0000] {dagbag.py:588} INFO - Filling up the DagBag from /home/airflow/.local/lib/python3.12/site-packages/airflow/example_dags/example_nested_branch_dag.py
[2025-06-26T22:59:51.961+0000] {processor.py:925} INFO - DAG(s) 'example_nested_branch_dag' retrieved from /home/airflow/.local/lib/python3.12/site-packages/airflow/example_dags/example_nested_branch_dag.py
[2025-06-26T22:59:51.982+0000] {logging_mixin.py:190} INFO - [2025-06-26T22:59:51.981+0000] {dag.py:3239} INFO - Sync 1 DAGs
[2025-06-26T22:59:52.004+0000] {logging_mixin.py:190} INFO - [2025-06-26T22:59:52.004+0000] {dag.py:4180} INFO - Setting next_dagrun for example_nested_branch_dag to 2025-06-25 00:00:00+00:00, run_after=2025-06-26 00:00:00+00:00
[2025-06-26T22:59:52.026+0000] {processor.py:208} INFO - Processing /home/airflow/.local/lib/python3.12/site-packages/airflow/example_dags/example_nested_branch_dag.py took 0.086 seconds
[2025-06-26T23:00:22.456+0000] {processor.py:186} INFO - Started process (PID=2161) to work on /home/airflow/.local/lib/python3.12/site-packages/airflow/example_dags/example_nested_branch_dag.py
[2025-06-26T23:00:22.457+0000] {processor.py:914} INFO - Processing file /home/airflow/.local/lib/python3.12/site-packages/airflow/example_dags/example_nested_branch_dag.py for tasks to queue
[2025-06-26T23:00:22.459+0000] {logging_mixin.py:190} INFO - [2025-06-26T23:00:22.459+0000] {dagbag.py:588} INFO - Filling up the DagBag from /home/airflow/.local/lib/python3.12/site-packages/airflow/example_dags/example_nested_branch_dag.py
[2025-06-26T23:00:22.471+0000] {processor.py:925} INFO - DAG(s) 'example_nested_branch_dag' retrieved from /home/airflow/.local/lib/python3.12/site-packages/airflow/example_dags/example_nested_branch_dag.py
[2025-06-26T23:00:22.491+0000] {logging_mixin.py:190} INFO - [2025-06-26T23:00:22.491+0000] {dag.py:3239} INFO - Sync 1 DAGs
[2025-06-26T23:00:22.511+0000] {logging_mixin.py:190} INFO - [2025-06-26T23:00:22.511+0000] {dag.py:4180} INFO - Setting next_dagrun for example_nested_branch_dag to 2025-06-25 00:00:00+00:00, run_after=2025-06-26 00:00:00+00:00
[2025-06-26T23:00:22.529+0000] {processor.py:208} INFO - Processing /home/airflow/.local/lib/python3.12/site-packages/airflow/example_dags/example_nested_branch_dag.py took 0.079 seconds
[2025-06-26T23:00:53.071+0000] {processor.py:186} INFO - Started process (PID=2223) to work on /home/airflow/.local/lib/python3.12/site-packages/airflow/example_dags/example_nested_branch_dag.py
[2025-06-26T23:00:53.072+0000] {processor.py:914} INFO - Processing file /home/airflow/.local/lib/python3.12/site-packages/airflow/example_dags/example_nested_branch_dag.py for tasks to queue
[2025-06-26T23:00:53.074+0000] {logging_mixin.py:190} INFO - [2025-06-26T23:00:53.073+0000] {dagbag.py:588} INFO - Filling up the DagBag from /home/airflow/.local/lib/python3.12/site-packages/airflow/example_dags/example_nested_branch_dag.py
[2025-06-26T23:00:53.083+0000] {processor.py:925} INFO - DAG(s) 'example_nested_branch_dag' retrieved from /home/airflow/.local/lib/python3.12/site-packages/airflow/example_dags/example_nested_branch_dag.py
[2025-06-26T23:00:53.104+0000] {logging_mixin.py:190} INFO - [2025-06-26T23:00:53.103+0000] {dag.py:3239} INFO - Sync 1 DAGs
[2025-06-26T23:00:53.126+0000] {logging_mixin.py:190} INFO - [2025-06-26T23:00:53.125+0000] {dag.py:4180} INFO - Setting next_dagrun for example_nested_branch_dag to 2025-06-25 00:00:00+00:00, run_after=2025-06-26 00:00:00+00:00
[2025-06-26T23:00:53.146+0000] {processor.py:208} INFO - Processing /home/airflow/.local/lib/python3.12/site-packages/airflow/example_dags/example_nested_branch_dag.py took 0.080 seconds
[2025-06-26T23:01:23.837+0000] {processor.py:186} INFO - Started process (PID=2285) to work on /home/airflow/.local/lib/python3.12/site-packages/airflow/example_dags/example_nested_branch_dag.py
[2025-06-26T23:01:23.838+0000] {processor.py:914} INFO - Processing file /home/airflow/.local/lib/python3.12/site-packages/airflow/example_dags/example_nested_branch_dag.py for tasks to queue
[2025-06-26T23:01:23.840+0000] {logging_mixin.py:190} INFO - [2025-06-26T23:01:23.840+0000] {dagbag.py:588} INFO - Filling up the DagBag from /home/airflow/.local/lib/python3.12/site-packages/airflow/example_dags/example_nested_branch_dag.py
[2025-06-26T23:01:23.851+0000] {processor.py:925} INFO - DAG(s) 'example_nested_branch_dag' retrieved from /home/airflow/.local/lib/python3.12/site-packages/airflow/example_dags/example_nested_branch_dag.py
[2025-06-26T23:01:23.871+0000] {logging_mixin.py:190} INFO - [2025-06-26T23:01:23.871+0000] {dag.py:3239} INFO - Sync 1 DAGs
[2025-06-26T23:01:23.893+0000] {logging_mixin.py:190} INFO - [2025-06-26T23:01:23.893+0000] {dag.py:4180} INFO - Setting next_dagrun for example_nested_branch_dag to 2025-06-25 00:00:00+00:00, run_after=2025-06-26 00:00:00+00:00
[2025-06-26T23:01:23.910+0000] {processor.py:208} INFO - Processing /home/airflow/.local/lib/python3.12/site-packages/airflow/example_dags/example_nested_branch_dag.py took 0.079 seconds
[2025-06-26T23:01:55.281+0000] {processor.py:186} INFO - Started process (PID=2347) to work on /home/airflow/.local/lib/python3.12/site-packages/airflow/example_dags/example_nested_branch_dag.py
[2025-06-26T23:01:55.282+0000] {processor.py:914} INFO - Processing file /home/airflow/.local/lib/python3.12/site-packages/airflow/example_dags/example_nested_branch_dag.py for tasks to queue
[2025-06-26T23:01:55.284+0000] {logging_mixin.py:190} INFO - [2025-06-26T23:01:55.284+0000] {dagbag.py:588} INFO - Filling up the DagBag from /home/airflow/.local/lib/python3.12/site-packages/airflow/example_dags/example_nested_branch_dag.py
[2025-06-26T23:01:55.295+0000] {processor.py:925} INFO - DAG(s) 'example_nested_branch_dag' retrieved from /home/airflow/.local/lib/python3.12/site-packages/airflow/example_dags/example_nested_branch_dag.py
[2025-06-26T23:01:55.315+0000] {logging_mixin.py:190} INFO - [2025-06-26T23:01:55.315+0000] {dag.py:3239} INFO - Sync 1 DAGs
[2025-06-26T23:01:55.336+0000] {logging_mixin.py:190} INFO - [2025-06-26T23:01:55.336+0000] {dag.py:4180} INFO - Setting next_dagrun for example_nested_branch_dag to 2025-06-25 00:00:00+00:00, run_after=2025-06-26 00:00:00+00:00
[2025-06-26T23:01:55.356+0000] {processor.py:208} INFO - Processing /home/airflow/.local/lib/python3.12/site-packages/airflow/example_dags/example_nested_branch_dag.py took 0.081 seconds
[2025-06-26T23:02:25.555+0000] {processor.py:186} INFO - Started process (PID=2409) to work on /home/airflow/.local/lib/python3.12/site-packages/airflow/example_dags/example_nested_branch_dag.py
[2025-06-26T23:02:25.556+0000] {processor.py:914} INFO - Processing file /home/airflow/.local/lib/python3.12/site-packages/airflow/example_dags/example_nested_branch_dag.py for tasks to queue
[2025-06-26T23:02:25.558+0000] {logging_mixin.py:190} INFO - [2025-06-26T23:02:25.558+0000] {dagbag.py:588} INFO - Filling up the DagBag from /home/airflow/.local/lib/python3.12/site-packages/airflow/example_dags/example_nested_branch_dag.py
[2025-06-26T23:02:25.570+0000] {processor.py:925} INFO - DAG(s) 'example_nested_branch_dag' retrieved from /home/airflow/.local/lib/python3.12/site-packages/airflow/example_dags/example_nested_branch_dag.py
[2025-06-26T23:02:25.592+0000] {logging_mixin.py:190} INFO - [2025-06-26T23:02:25.592+0000] {dag.py:3239} INFO - Sync 1 DAGs
[2025-06-26T23:02:25.612+0000] {logging_mixin.py:190} INFO - [2025-06-26T23:02:25.612+0000] {dag.py:4180} INFO - Setting next_dagrun for example_nested_branch_dag to 2025-06-25 00:00:00+00:00, run_after=2025-06-26 00:00:00+00:00
[2025-06-26T23:02:25.631+0000] {processor.py:208} INFO - Processing /home/airflow/.local/lib/python3.12/site-packages/airflow/example_dags/example_nested_branch_dag.py took 0.081 seconds
[2025-06-26T23:02:56.613+0000] {processor.py:186} INFO - Started process (PID=2471) to work on /home/airflow/.local/lib/python3.12/site-packages/airflow/example_dags/example_nested_branch_dag.py
[2025-06-26T23:02:56.614+0000] {processor.py:914} INFO - Processing file /home/airflow/.local/lib/python3.12/site-packages/airflow/example_dags/example_nested_branch_dag.py for tasks to queue
[2025-06-26T23:02:56.616+0000] {logging_mixin.py:190} INFO - [2025-06-26T23:02:56.616+0000] {dagbag.py:588} INFO - Filling up the DagBag from /home/airflow/.local/lib/python3.12/site-packages/airflow/example_dags/example_nested_branch_dag.py
[2025-06-26T23:02:56.631+0000] {processor.py:925} INFO - DAG(s) 'example_nested_branch_dag' retrieved from /home/airflow/.local/lib/python3.12/site-packages/airflow/example_dags/example_nested_branch_dag.py
[2025-06-26T23:02:56.653+0000] {logging_mixin.py:190} INFO - [2025-06-26T23:02:56.653+0000] {dag.py:3239} INFO - Sync 1 DAGs
[2025-06-26T23:02:56.675+0000] {logging_mixin.py:190} INFO - [2025-06-26T23:02:56.675+0000] {dag.py:4180} INFO - Setting next_dagrun for example_nested_branch_dag to 2025-06-25 00:00:00+00:00, run_after=2025-06-26 00:00:00+00:00
[2025-06-26T23:02:56.697+0000] {processor.py:208} INFO - Processing /home/airflow/.local/lib/python3.12/site-packages/airflow/example_dags/example_nested_branch_dag.py took 0.089 seconds
[2025-06-26T23:03:27.385+0000] {processor.py:186} INFO - Started process (PID=2533) to work on /home/airflow/.local/lib/python3.12/site-packages/airflow/example_dags/example_nested_branch_dag.py
[2025-06-26T23:03:27.386+0000] {processor.py:914} INFO - Processing file /home/airflow/.local/lib/python3.12/site-packages/airflow/example_dags/example_nested_branch_dag.py for tasks to queue
[2025-06-26T23:03:27.388+0000] {logging_mixin.py:190} INFO - [2025-06-26T23:03:27.388+0000] {dagbag.py:588} INFO - Filling up the DagBag from /home/airflow/.local/lib/python3.12/site-packages/airflow/example_dags/example_nested_branch_dag.py
[2025-06-26T23:03:27.398+0000] {processor.py:925} INFO - DAG(s) 'example_nested_branch_dag' retrieved from /home/airflow/.local/lib/python3.12/site-packages/airflow/example_dags/example_nested_branch_dag.py
[2025-06-26T23:03:27.418+0000] {logging_mixin.py:190} INFO - [2025-06-26T23:03:27.418+0000] {dag.py:3239} INFO - Sync 1 DAGs
[2025-06-26T23:03:27.438+0000] {logging_mixin.py:190} INFO - [2025-06-26T23:03:27.438+0000] {dag.py:4180} INFO - Setting next_dagrun for example_nested_branch_dag to 2025-06-25 00:00:00+00:00, run_after=2025-06-26 00:00:00+00:00
[2025-06-26T23:03:27.457+0000] {processor.py:208} INFO - Processing /home/airflow/.local/lib/python3.12/site-packages/airflow/example_dags/example_nested_branch_dag.py took 0.077 seconds
[2025-06-26T23:03:57.895+0000] {processor.py:186} INFO - Started process (PID=2596) to work on /home/airflow/.local/lib/python3.12/site-packages/airflow/example_dags/example_nested_branch_dag.py
[2025-06-26T23:03:57.896+0000] {processor.py:914} INFO - Processing file /home/airflow/.local/lib/python3.12/site-packages/airflow/example_dags/example_nested_branch_dag.py for tasks to queue
[2025-06-26T23:03:57.899+0000] {logging_mixin.py:190} INFO - [2025-06-26T23:03:57.899+0000] {dagbag.py:588} INFO - Filling up the DagBag from /home/airflow/.local/lib/python3.12/site-packages/airflow/example_dags/example_nested_branch_dag.py
[2025-06-26T23:03:57.912+0000] {processor.py:925} INFO - DAG(s) 'example_nested_branch_dag' retrieved from /home/airflow/.local/lib/python3.12/site-packages/airflow/example_dags/example_nested_branch_dag.py
[2025-06-26T23:03:57.934+0000] {logging_mixin.py:190} INFO - [2025-06-26T23:03:57.933+0000] {dag.py:3239} INFO - Sync 1 DAGs
[2025-06-26T23:03:57.956+0000] {logging_mixin.py:190} INFO - [2025-06-26T23:03:57.956+0000] {dag.py:4180} INFO - Setting next_dagrun for example_nested_branch_dag to 2025-06-25 00:00:00+00:00, run_after=2025-06-26 00:00:00+00:00
[2025-06-26T23:03:57.988+0000] {processor.py:208} INFO - Processing /home/airflow/.local/lib/python3.12/site-packages/airflow/example_dags/example_nested_branch_dag.py took 0.099 seconds
[2025-06-26T23:04:28.709+0000] {processor.py:186} INFO - Started process (PID=2657) to work on /home/airflow/.local/lib/python3.12/site-packages/airflow/example_dags/example_nested_branch_dag.py
[2025-06-26T23:04:28.711+0000] {processor.py:914} INFO - Processing file /home/airflow/.local/lib/python3.12/site-packages/airflow/example_dags/example_nested_branch_dag.py for tasks to queue
[2025-06-26T23:04:28.713+0000] {logging_mixin.py:190} INFO - [2025-06-26T23:04:28.713+0000] {dagbag.py:588} INFO - Filling up the DagBag from /home/airflow/.local/lib/python3.12/site-packages/airflow/example_dags/example_nested_branch_dag.py
[2025-06-26T23:04:28.724+0000] {processor.py:925} INFO - DAG(s) 'example_nested_branch_dag' retrieved from /home/airflow/.local/lib/python3.12/site-packages/airflow/example_dags/example_nested_branch_dag.py
[2025-06-26T23:04:28.744+0000] {logging_mixin.py:190} INFO - [2025-06-26T23:04:28.744+0000] {dag.py:3239} INFO - Sync 1 DAGs
[2025-06-26T23:04:28.773+0000] {logging_mixin.py:190} INFO - [2025-06-26T23:04:28.772+0000] {dag.py:4180} INFO - Setting next_dagrun for example_nested_branch_dag to 2025-06-25 00:00:00+00:00, run_after=2025-06-26 00:00:00+00:00
[2025-06-26T23:04:28.795+0000] {processor.py:208} INFO - Processing /home/airflow/.local/lib/python3.12/site-packages/airflow/example_dags/example_nested_branch_dag.py took 0.094 seconds
[2025-06-26T23:04:59.253+0000] {processor.py:186} INFO - Started process (PID=2719) to work on /home/airflow/.local/lib/python3.12/site-packages/airflow/example_dags/example_nested_branch_dag.py
[2025-06-26T23:04:59.254+0000] {processor.py:914} INFO - Processing file /home/airflow/.local/lib/python3.12/site-packages/airflow/example_dags/example_nested_branch_dag.py for tasks to queue
[2025-06-26T23:04:59.257+0000] {logging_mixin.py:190} INFO - [2025-06-26T23:04:59.256+0000] {dagbag.py:588} INFO - Filling up the DagBag from /home/airflow/.local/lib/python3.12/site-packages/airflow/example_dags/example_nested_branch_dag.py
[2025-06-26T23:04:59.266+0000] {processor.py:925} INFO - DAG(s) 'example_nested_branch_dag' retrieved from /home/airflow/.local/lib/python3.12/site-packages/airflow/example_dags/example_nested_branch_dag.py
[2025-06-26T23:04:59.287+0000] {logging_mixin.py:190} INFO - [2025-06-26T23:04:59.286+0000] {dag.py:3239} INFO - Sync 1 DAGs
[2025-06-26T23:04:59.308+0000] {logging_mixin.py:190} INFO - [2025-06-26T23:04:59.307+0000] {dag.py:4180} INFO - Setting next_dagrun for example_nested_branch_dag to 2025-06-25 00:00:00+00:00, run_after=2025-06-26 00:00:00+00:00
[2025-06-26T23:04:59.326+0000] {processor.py:208} INFO - Processing /home/airflow/.local/lib/python3.12/site-packages/airflow/example_dags/example_nested_branch_dag.py took 0.078 seconds
[2025-06-26T23:05:30.691+0000] {processor.py:186} INFO - Started process (PID=2781) to work on /home/airflow/.local/lib/python3.12/site-packages/airflow/example_dags/example_nested_branch_dag.py
[2025-06-26T23:05:30.693+0000] {processor.py:914} INFO - Processing file /home/airflow/.local/lib/python3.12/site-packages/airflow/example_dags/example_nested_branch_dag.py for tasks to queue
[2025-06-26T23:05:30.695+0000] {logging_mixin.py:190} INFO - [2025-06-26T23:05:30.695+0000] {dagbag.py:588} INFO - Filling up the DagBag from /home/airflow/.local/lib/python3.12/site-packages/airflow/example_dags/example_nested_branch_dag.py
[2025-06-26T23:05:30.707+0000] {processor.py:925} INFO - DAG(s) 'example_nested_branch_dag' retrieved from /home/airflow/.local/lib/python3.12/site-packages/airflow/example_dags/example_nested_branch_dag.py
[2025-06-26T23:05:30.725+0000] {logging_mixin.py:190} INFO - [2025-06-26T23:05:30.725+0000] {dag.py:3239} INFO - Sync 1 DAGs
[2025-06-26T23:05:30.748+0000] {logging_mixin.py:190} INFO - [2025-06-26T23:05:30.747+0000] {dag.py:4180} INFO - Setting next_dagrun for example_nested_branch_dag to 2025-06-25 00:00:00+00:00, run_after=2025-06-26 00:00:00+00:00
[2025-06-26T23:05:30.766+0000] {processor.py:208} INFO - Processing /home/airflow/.local/lib/python3.12/site-packages/airflow/example_dags/example_nested_branch_dag.py took 0.080 seconds
[2025-06-26T23:06:01.633+0000] {processor.py:186} INFO - Started process (PID=2843) to work on /home/airflow/.local/lib/python3.12/site-packages/airflow/example_dags/example_nested_branch_dag.py
[2025-06-26T23:06:01.634+0000] {processor.py:914} INFO - Processing file /home/airflow/.local/lib/python3.12/site-packages/airflow/example_dags/example_nested_branch_dag.py for tasks to queue
[2025-06-26T23:06:01.637+0000] {logging_mixin.py:190} INFO - [2025-06-26T23:06:01.636+0000] {dagbag.py:588} INFO - Filling up the DagBag from /home/airflow/.local/lib/python3.12/site-packages/airflow/example_dags/example_nested_branch_dag.py
[2025-06-26T23:06:01.648+0000] {processor.py:925} INFO - DAG(s) 'example_nested_branch_dag' retrieved from /home/airflow/.local/lib/python3.12/site-packages/airflow/example_dags/example_nested_branch_dag.py
[2025-06-26T23:06:01.671+0000] {logging_mixin.py:190} INFO - [2025-06-26T23:06:01.670+0000] {dag.py:3239} INFO - Sync 1 DAGs
[2025-06-26T23:06:01.699+0000] {logging_mixin.py:190} INFO - [2025-06-26T23:06:01.698+0000] {dag.py:4180} INFO - Setting next_dagrun for example_nested_branch_dag to 2025-06-25 00:00:00+00:00, run_after=2025-06-26 00:00:00+00:00
[2025-06-26T23:06:01.725+0000] {processor.py:208} INFO - Processing /home/airflow/.local/lib/python3.12/site-packages/airflow/example_dags/example_nested_branch_dag.py took 0.097 seconds
[2025-06-26T23:06:32.312+0000] {processor.py:186} INFO - Started process (PID=2905) to work on /home/airflow/.local/lib/python3.12/site-packages/airflow/example_dags/example_nested_branch_dag.py
[2025-06-26T23:06:32.313+0000] {processor.py:914} INFO - Processing file /home/airflow/.local/lib/python3.12/site-packages/airflow/example_dags/example_nested_branch_dag.py for tasks to queue
[2025-06-26T23:06:32.315+0000] {logging_mixin.py:190} INFO - [2025-06-26T23:06:32.315+0000] {dagbag.py:588} INFO - Filling up the DagBag from /home/airflow/.local/lib/python3.12/site-packages/airflow/example_dags/example_nested_branch_dag.py
[2025-06-26T23:06:32.325+0000] {processor.py:925} INFO - DAG(s) 'example_nested_branch_dag' retrieved from /home/airflow/.local/lib/python3.12/site-packages/airflow/example_dags/example_nested_branch_dag.py
[2025-06-26T23:06:32.344+0000] {logging_mixin.py:190} INFO - [2025-06-26T23:06:32.344+0000] {dag.py:3239} INFO - Sync 1 DAGs
[2025-06-26T23:06:32.364+0000] {logging_mixin.py:190} INFO - [2025-06-26T23:06:32.364+0000] {dag.py:4180} INFO - Setting next_dagrun for example_nested_branch_dag to 2025-06-25 00:00:00+00:00, run_after=2025-06-26 00:00:00+00:00
[2025-06-26T23:06:32.385+0000] {processor.py:208} INFO - Processing /home/airflow/.local/lib/python3.12/site-packages/airflow/example_dags/example_nested_branch_dag.py took 0.079 seconds
[2025-06-26T23:07:03.254+0000] {processor.py:186} INFO - Started process (PID=2967) to work on /home/airflow/.local/lib/python3.12/site-packages/airflow/example_dags/example_nested_branch_dag.py
[2025-06-26T23:07:03.255+0000] {processor.py:914} INFO - Processing file /home/airflow/.local/lib/python3.12/site-packages/airflow/example_dags/example_nested_branch_dag.py for tasks to queue
[2025-06-26T23:07:03.257+0000] {logging_mixin.py:190} INFO - [2025-06-26T23:07:03.257+0000] {dagbag.py:588} INFO - Filling up the DagBag from /home/airflow/.local/lib/python3.12/site-packages/airflow/example_dags/example_nested_branch_dag.py
[2025-06-26T23:07:03.268+0000] {processor.py:925} INFO - DAG(s) 'example_nested_branch_dag' retrieved from /home/airflow/.local/lib/python3.12/site-packages/airflow/example_dags/example_nested_branch_dag.py
[2025-06-26T23:07:03.286+0000] {logging_mixin.py:190} INFO - [2025-06-26T23:07:03.286+0000] {dag.py:3239} INFO - Sync 1 DAGs
[2025-06-26T23:07:03.308+0000] {logging_mixin.py:190} INFO - [2025-06-26T23:07:03.307+0000] {dag.py:4180} INFO - Setting next_dagrun for example_nested_branch_dag to 2025-06-25 00:00:00+00:00, run_after=2025-06-26 00:00:00+00:00
[2025-06-26T23:07:03.327+0000] {processor.py:208} INFO - Processing /home/airflow/.local/lib/python3.12/site-packages/airflow/example_dags/example_nested_branch_dag.py took 0.079 seconds
[2025-06-26T23:07:34.101+0000] {processor.py:186} INFO - Started process (PID=3030) to work on /home/airflow/.local/lib/python3.12/site-packages/airflow/example_dags/example_nested_branch_dag.py
[2025-06-26T23:07:34.103+0000] {processor.py:914} INFO - Processing file /home/airflow/.local/lib/python3.12/site-packages/airflow/example_dags/example_nested_branch_dag.py for tasks to queue
[2025-06-26T23:07:34.106+0000] {logging_mixin.py:190} INFO - [2025-06-26T23:07:34.105+0000] {dagbag.py:588} INFO - Filling up the DagBag from /home/airflow/.local/lib/python3.12/site-packages/airflow/example_dags/example_nested_branch_dag.py
[2025-06-26T23:07:34.117+0000] {processor.py:925} INFO - DAG(s) 'example_nested_branch_dag' retrieved from /home/airflow/.local/lib/python3.12/site-packages/airflow/example_dags/example_nested_branch_dag.py
[2025-06-26T23:07:34.138+0000] {logging_mixin.py:190} INFO - [2025-06-26T23:07:34.137+0000] {dag.py:3239} INFO - Sync 1 DAGs
[2025-06-26T23:07:34.159+0000] {logging_mixin.py:190} INFO - [2025-06-26T23:07:34.159+0000] {dag.py:4180} INFO - Setting next_dagrun for example_nested_branch_dag to 2025-06-25 00:00:00+00:00, run_after=2025-06-26 00:00:00+00:00
[2025-06-26T23:07:34.178+0000] {processor.py:208} INFO - Processing /home/airflow/.local/lib/python3.12/site-packages/airflow/example_dags/example_nested_branch_dag.py took 0.084 seconds
[2025-06-26T23:08:05.095+0000] {processor.py:186} INFO - Started process (PID=3097) to work on /home/airflow/.local/lib/python3.12/site-packages/airflow/example_dags/example_nested_branch_dag.py
[2025-06-26T23:08:05.096+0000] {processor.py:914} INFO - Processing file /home/airflow/.local/lib/python3.12/site-packages/airflow/example_dags/example_nested_branch_dag.py for tasks to queue
[2025-06-26T23:08:05.099+0000] {logging_mixin.py:190} INFO - [2025-06-26T23:08:05.098+0000] {dagbag.py:588} INFO - Filling up the DagBag from /home/airflow/.local/lib/python3.12/site-packages/airflow/example_dags/example_nested_branch_dag.py
[2025-06-26T23:08:05.109+0000] {processor.py:925} INFO - DAG(s) 'example_nested_branch_dag' retrieved from /home/airflow/.local/lib/python3.12/site-packages/airflow/example_dags/example_nested_branch_dag.py
[2025-06-26T23:08:05.129+0000] {logging_mixin.py:190} INFO - [2025-06-26T23:08:05.128+0000] {dag.py:3239} INFO - Sync 1 DAGs
[2025-06-26T23:08:05.150+0000] {logging_mixin.py:190} INFO - [2025-06-26T23:08:05.150+0000] {dag.py:4180} INFO - Setting next_dagrun for example_nested_branch_dag to 2025-06-25 00:00:00+00:00, run_after=2025-06-26 00:00:00+00:00
[2025-06-26T23:08:05.167+0000] {processor.py:208} INFO - Processing /home/airflow/.local/lib/python3.12/site-packages/airflow/example_dags/example_nested_branch_dag.py took 0.077 seconds
[2025-06-26T23:08:35.961+0000] {processor.py:186} INFO - Started process (PID=3159) to work on /home/airflow/.local/lib/python3.12/site-packages/airflow/example_dags/example_nested_branch_dag.py
[2025-06-26T23:08:35.962+0000] {processor.py:914} INFO - Processing file /home/airflow/.local/lib/python3.12/site-packages/airflow/example_dags/example_nested_branch_dag.py for tasks to queue
[2025-06-26T23:08:35.964+0000] {logging_mixin.py:190} INFO - [2025-06-26T23:08:35.964+0000] {dagbag.py:588} INFO - Filling up the DagBag from /home/airflow/.local/lib/python3.12/site-packages/airflow/example_dags/example_nested_branch_dag.py
[2025-06-26T23:08:35.975+0000] {processor.py:925} INFO - DAG(s) 'example_nested_branch_dag' retrieved from /home/airflow/.local/lib/python3.12/site-packages/airflow/example_dags/example_nested_branch_dag.py
[2025-06-26T23:08:35.993+0000] {logging_mixin.py:190} INFO - [2025-06-26T23:08:35.993+0000] {dag.py:3239} INFO - Sync 1 DAGs
[2025-06-26T23:08:36.014+0000] {logging_mixin.py:190} INFO - [2025-06-26T23:08:36.013+0000] {dag.py:4180} INFO - Setting next_dagrun for example_nested_branch_dag to 2025-06-25 00:00:00+00:00, run_after=2025-06-26 00:00:00+00:00
[2025-06-26T23:08:36.032+0000] {processor.py:208} INFO - Processing /home/airflow/.local/lib/python3.12/site-packages/airflow/example_dags/example_nested_branch_dag.py took 0.077 seconds
[2025-06-26T23:09:06.864+0000] {processor.py:186} INFO - Started process (PID=3221) to work on /home/airflow/.local/lib/python3.12/site-packages/airflow/example_dags/example_nested_branch_dag.py
[2025-06-26T23:09:06.865+0000] {processor.py:914} INFO - Processing file /home/airflow/.local/lib/python3.12/site-packages/airflow/example_dags/example_nested_branch_dag.py for tasks to queue
[2025-06-26T23:09:06.867+0000] {logging_mixin.py:190} INFO - [2025-06-26T23:09:06.867+0000] {dagbag.py:588} INFO - Filling up the DagBag from /home/airflow/.local/lib/python3.12/site-packages/airflow/example_dags/example_nested_branch_dag.py
[2025-06-26T23:09:06.877+0000] {processor.py:925} INFO - DAG(s) 'example_nested_branch_dag' retrieved from /home/airflow/.local/lib/python3.12/site-packages/airflow/example_dags/example_nested_branch_dag.py
[2025-06-26T23:09:06.897+0000] {logging_mixin.py:190} INFO - [2025-06-26T23:09:06.897+0000] {dag.py:3239} INFO - Sync 1 DAGs
[2025-06-26T23:09:06.919+0000] {logging_mixin.py:190} INFO - [2025-06-26T23:09:06.919+0000] {dag.py:4180} INFO - Setting next_dagrun for example_nested_branch_dag to 2025-06-25 00:00:00+00:00, run_after=2025-06-26 00:00:00+00:00
[2025-06-26T23:09:06.938+0000] {processor.py:208} INFO - Processing /home/airflow/.local/lib/python3.12/site-packages/airflow/example_dags/example_nested_branch_dag.py took 0.080 seconds
[2025-06-26T23:09:37.976+0000] {processor.py:186} INFO - Started process (PID=3283) to work on /home/airflow/.local/lib/python3.12/site-packages/airflow/example_dags/example_nested_branch_dag.py
[2025-06-26T23:09:37.977+0000] {processor.py:914} INFO - Processing file /home/airflow/.local/lib/python3.12/site-packages/airflow/example_dags/example_nested_branch_dag.py for tasks to queue
[2025-06-26T23:09:37.980+0000] {logging_mixin.py:190} INFO - [2025-06-26T23:09:37.979+0000] {dagbag.py:588} INFO - Filling up the DagBag from /home/airflow/.local/lib/python3.12/site-packages/airflow/example_dags/example_nested_branch_dag.py
[2025-06-26T23:09:37.989+0000] {processor.py:925} INFO - DAG(s) 'example_nested_branch_dag' retrieved from /home/airflow/.local/lib/python3.12/site-packages/airflow/example_dags/example_nested_branch_dag.py
[2025-06-26T23:09:38.011+0000] {logging_mixin.py:190} INFO - [2025-06-26T23:09:38.010+0000] {dag.py:3239} INFO - Sync 1 DAGs
[2025-06-26T23:09:38.031+0000] {logging_mixin.py:190} INFO - [2025-06-26T23:09:38.031+0000] {dag.py:4180} INFO - Setting next_dagrun for example_nested_branch_dag to 2025-06-25 00:00:00+00:00, run_after=2025-06-26 00:00:00+00:00
[2025-06-26T23:09:38.054+0000] {processor.py:208} INFO - Processing /home/airflow/.local/lib/python3.12/site-packages/airflow/example_dags/example_nested_branch_dag.py took 0.082 seconds
[2025-06-26T23:10:09.790+0000] {processor.py:186} INFO - Started process (PID=3345) to work on /home/airflow/.local/lib/python3.12/site-packages/airflow/example_dags/example_nested_branch_dag.py
[2025-06-26T23:10:09.791+0000] {processor.py:914} INFO - Processing file /home/airflow/.local/lib/python3.12/site-packages/airflow/example_dags/example_nested_branch_dag.py for tasks to queue
[2025-06-26T23:10:09.793+0000] {logging_mixin.py:190} INFO - [2025-06-26T23:10:09.793+0000] {dagbag.py:588} INFO - Filling up the DagBag from /home/airflow/.local/lib/python3.12/site-packages/airflow/example_dags/example_nested_branch_dag.py
[2025-06-26T23:10:09.803+0000] {processor.py:925} INFO - DAG(s) 'example_nested_branch_dag' retrieved from /home/airflow/.local/lib/python3.12/site-packages/airflow/example_dags/example_nested_branch_dag.py
[2025-06-26T23:10:09.824+0000] {logging_mixin.py:190} INFO - [2025-06-26T23:10:09.824+0000] {dag.py:3239} INFO - Sync 1 DAGs
[2025-06-26T23:10:09.852+0000] {logging_mixin.py:190} INFO - [2025-06-26T23:10:09.852+0000] {dag.py:4180} INFO - Setting next_dagrun for example_nested_branch_dag to 2025-06-25 00:00:00+00:00, run_after=2025-06-26 00:00:00+00:00
[2025-06-26T23:10:09.877+0000] {processor.py:208} INFO - Processing /home/airflow/.local/lib/python3.12/site-packages/airflow/example_dags/example_nested_branch_dag.py took 0.093 seconds
