[2025-06-26T22:43:32.325+0000] {processor.py:186} INFO - Started process (PID=82) to work on /home/airflow/.local/lib/python3.12/site-packages/airflow/example_dags/example_skip_dag.py
[2025-06-26T22:43:32.326+0000] {processor.py:914} INFO - Processing file /home/airflow/.local/lib/python3.12/site-packages/airflow/example_dags/example_skip_dag.py for tasks to queue
[2025-06-26T22:43:32.331+0000] {logging_mixin.py:190} INFO - [2025-06-26T22:43:32.330+0000] {dagbag.py:588} INFO - Filling up the DagBag from /home/airflow/.local/lib/python3.12/site-packages/airflow/example_dags/example_skip_dag.py
[2025-06-26T22:43:32.343+0000] {processor.py:925} INFO - DAG(s) 'example_skip_dag' retrieved from /home/airflow/.local/lib/python3.12/site-packages/airflow/example_dags/example_skip_dag.py
[2025-06-26T22:43:32.488+0000] {logging_mixin.py:190} INFO - [2025-06-26T22:43:32.487+0000] {override.py:1900} INFO - Created Permission View: can read on DAG:example_skip_dag
[2025-06-26T22:43:32.499+0000] {logging_mixin.py:190} INFO - [2025-06-26T22:43:32.499+0000] {override.py:1900} INFO - Created Permission View: can edit on DAG:example_skip_dag
[2025-06-26T22:43:32.508+0000] {logging_mixin.py:190} INFO - [2025-06-26T22:43:32.508+0000] {override.py:1900} INFO - Created Permission View: can delete on DAG:example_skip_dag
[2025-06-26T22:43:32.522+0000] {logging_mixin.py:190} INFO - [2025-06-26T22:43:32.522+0000] {override.py:1900} INFO - Created Permission View: can read on DAG Run:example_skip_dag
[2025-06-26T22:43:32.531+0000] {logging_mixin.py:190} INFO - [2025-06-26T22:43:32.530+0000] {override.py:1900} INFO - Created Permission View: can delete on DAG Run:example_skip_dag
[2025-06-26T22:43:32.539+0000] {logging_mixin.py:190} INFO - [2025-06-26T22:43:32.539+0000] {override.py:1900} INFO - Created Permission View: menu access on DAG Run:example_skip_dag
[2025-06-26T22:43:32.549+0000] {logging_mixin.py:190} INFO - [2025-06-26T22:43:32.548+0000] {override.py:1900} INFO - Created Permission View: can create on DAG Run:example_skip_dag
[2025-06-26T22:43:32.549+0000] {logging_mixin.py:190} INFO - [2025-06-26T22:43:32.549+0000] {dag.py:3239} INFO - Sync 1 DAGs
[2025-06-26T22:43:32.561+0000] {logging_mixin.py:190} INFO - [2025-06-26T22:43:32.560+0000] {dag.py:3262} INFO - Creating ORM DAG for example_skip_dag
[2025-06-26T22:43:32.570+0000] {logging_mixin.py:190} INFO - [2025-06-26T22:43:32.570+0000] {dag.py:4180} INFO - Setting next_dagrun for example_skip_dag to 2025-06-25 00:00:00+00:00, run_after=2025-06-26 00:00:00+00:00
[2025-06-26T22:43:32.587+0000] {processor.py:208} INFO - Processing /home/airflow/.local/lib/python3.12/site-packages/airflow/example_dags/example_skip_dag.py took 0.270 seconds
[2025-06-26T22:44:02.913+0000] {processor.py:186} INFO - Started process (PID=144) to work on /home/airflow/.local/lib/python3.12/site-packages/airflow/example_dags/example_skip_dag.py
[2025-06-26T22:44:02.914+0000] {processor.py:914} INFO - Processing file /home/airflow/.local/lib/python3.12/site-packages/airflow/example_dags/example_skip_dag.py for tasks to queue
[2025-06-26T22:44:02.918+0000] {logging_mixin.py:190} INFO - [2025-06-26T22:44:02.917+0000] {dagbag.py:588} INFO - Filling up the DagBag from /home/airflow/.local/lib/python3.12/site-packages/airflow/example_dags/example_skip_dag.py
[2025-06-26T22:44:02.924+0000] {processor.py:925} INFO - DAG(s) 'example_skip_dag' retrieved from /home/airflow/.local/lib/python3.12/site-packages/airflow/example_dags/example_skip_dag.py
[2025-06-26T22:44:02.945+0000] {logging_mixin.py:190} INFO - [2025-06-26T22:44:02.945+0000] {dag.py:3239} INFO - Sync 1 DAGs
[2025-06-26T22:44:02.963+0000] {logging_mixin.py:190} INFO - [2025-06-26T22:44:02.963+0000] {dag.py:4180} INFO - Setting next_dagrun for example_skip_dag to 2025-06-25 00:00:00+00:00, run_after=2025-06-26 00:00:00+00:00
[2025-06-26T22:44:02.982+0000] {processor.py:208} INFO - Processing /home/airflow/.local/lib/python3.12/site-packages/airflow/example_dags/example_skip_dag.py took 0.075 seconds
[2025-06-26T22:44:33.354+0000] {processor.py:186} INFO - Started process (PID=206) to work on /home/airflow/.local/lib/python3.12/site-packages/airflow/example_dags/example_skip_dag.py
[2025-06-26T22:44:33.355+0000] {processor.py:914} INFO - Processing file /home/airflow/.local/lib/python3.12/site-packages/airflow/example_dags/example_skip_dag.py for tasks to queue
[2025-06-26T22:44:33.358+0000] {logging_mixin.py:190} INFO - [2025-06-26T22:44:33.358+0000] {dagbag.py:588} INFO - Filling up the DagBag from /home/airflow/.local/lib/python3.12/site-packages/airflow/example_dags/example_skip_dag.py
[2025-06-26T22:44:33.365+0000] {processor.py:925} INFO - DAG(s) 'example_skip_dag' retrieved from /home/airflow/.local/lib/python3.12/site-packages/airflow/example_dags/example_skip_dag.py
[2025-06-26T22:44:33.385+0000] {logging_mixin.py:190} INFO - [2025-06-26T22:44:33.385+0000] {dag.py:3239} INFO - Sync 1 DAGs
[2025-06-26T22:44:33.405+0000] {logging_mixin.py:190} INFO - [2025-06-26T22:44:33.405+0000] {dag.py:4180} INFO - Setting next_dagrun for example_skip_dag to 2025-06-25 00:00:00+00:00, run_after=2025-06-26 00:00:00+00:00
[2025-06-26T22:44:33.426+0000] {processor.py:208} INFO - Processing /home/airflow/.local/lib/python3.12/site-packages/airflow/example_dags/example_skip_dag.py took 0.078 seconds
[2025-06-26T22:45:03.730+0000] {processor.py:186} INFO - Started process (PID=268) to work on /home/airflow/.local/lib/python3.12/site-packages/airflow/example_dags/example_skip_dag.py
[2025-06-26T22:45:03.731+0000] {processor.py:914} INFO - Processing file /home/airflow/.local/lib/python3.12/site-packages/airflow/example_dags/example_skip_dag.py for tasks to queue
[2025-06-26T22:45:03.734+0000] {logging_mixin.py:190} INFO - [2025-06-26T22:45:03.733+0000] {dagbag.py:588} INFO - Filling up the DagBag from /home/airflow/.local/lib/python3.12/site-packages/airflow/example_dags/example_skip_dag.py
[2025-06-26T22:45:03.742+0000] {processor.py:925} INFO - DAG(s) 'example_skip_dag' retrieved from /home/airflow/.local/lib/python3.12/site-packages/airflow/example_dags/example_skip_dag.py
[2025-06-26T22:45:03.763+0000] {logging_mixin.py:190} INFO - [2025-06-26T22:45:03.763+0000] {dag.py:3239} INFO - Sync 1 DAGs
[2025-06-26T22:45:03.786+0000] {logging_mixin.py:190} INFO - [2025-06-26T22:45:03.785+0000] {dag.py:4180} INFO - Setting next_dagrun for example_skip_dag to 2025-06-25 00:00:00+00:00, run_after=2025-06-26 00:00:00+00:00
[2025-06-26T22:45:03.809+0000] {processor.py:208} INFO - Processing /home/airflow/.local/lib/python3.12/site-packages/airflow/example_dags/example_skip_dag.py took 0.084 seconds
[2025-06-26T22:45:34.164+0000] {processor.py:186} INFO - Started process (PID=329) to work on /home/airflow/.local/lib/python3.12/site-packages/airflow/example_dags/example_skip_dag.py
[2025-06-26T22:45:34.165+0000] {processor.py:914} INFO - Processing file /home/airflow/.local/lib/python3.12/site-packages/airflow/example_dags/example_skip_dag.py for tasks to queue
[2025-06-26T22:45:34.167+0000] {logging_mixin.py:190} INFO - [2025-06-26T22:45:34.167+0000] {dagbag.py:588} INFO - Filling up the DagBag from /home/airflow/.local/lib/python3.12/site-packages/airflow/example_dags/example_skip_dag.py
[2025-06-26T22:45:34.175+0000] {processor.py:925} INFO - DAG(s) 'example_skip_dag' retrieved from /home/airflow/.local/lib/python3.12/site-packages/airflow/example_dags/example_skip_dag.py
[2025-06-26T22:45:34.195+0000] {logging_mixin.py:190} INFO - [2025-06-26T22:45:34.194+0000] {dag.py:3239} INFO - Sync 1 DAGs
[2025-06-26T22:45:34.216+0000] {logging_mixin.py:190} INFO - [2025-06-26T22:45:34.216+0000] {dag.py:4180} INFO - Setting next_dagrun for example_skip_dag to 2025-06-25 00:00:00+00:00, run_after=2025-06-26 00:00:00+00:00
[2025-06-26T22:45:34.237+0000] {processor.py:208} INFO - Processing /home/airflow/.local/lib/python3.12/site-packages/airflow/example_dags/example_skip_dag.py took 0.078 seconds
[2025-06-26T22:46:04.469+0000] {processor.py:186} INFO - Started process (PID=392) to work on /home/airflow/.local/lib/python3.12/site-packages/airflow/example_dags/example_skip_dag.py
[2025-06-26T22:46:04.470+0000] {processor.py:914} INFO - Processing file /home/airflow/.local/lib/python3.12/site-packages/airflow/example_dags/example_skip_dag.py for tasks to queue
[2025-06-26T22:46:04.473+0000] {logging_mixin.py:190} INFO - [2025-06-26T22:46:04.472+0000] {dagbag.py:588} INFO - Filling up the DagBag from /home/airflow/.local/lib/python3.12/site-packages/airflow/example_dags/example_skip_dag.py
[2025-06-26T22:46:04.482+0000] {processor.py:925} INFO - DAG(s) 'example_skip_dag' retrieved from /home/airflow/.local/lib/python3.12/site-packages/airflow/example_dags/example_skip_dag.py
[2025-06-26T22:46:04.503+0000] {logging_mixin.py:190} INFO - [2025-06-26T22:46:04.503+0000] {dag.py:3239} INFO - Sync 1 DAGs
[2025-06-26T22:46:04.524+0000] {logging_mixin.py:190} INFO - [2025-06-26T22:46:04.524+0000] {dag.py:4180} INFO - Setting next_dagrun for example_skip_dag to 2025-06-25 00:00:00+00:00, run_after=2025-06-26 00:00:00+00:00
[2025-06-26T22:46:04.547+0000] {processor.py:208} INFO - Processing /home/airflow/.local/lib/python3.12/site-packages/airflow/example_dags/example_skip_dag.py took 0.083 seconds
[2025-06-26T22:46:35.115+0000] {processor.py:186} INFO - Started process (PID=454) to work on /home/airflow/.local/lib/python3.12/site-packages/airflow/example_dags/example_skip_dag.py
[2025-06-26T22:46:35.116+0000] {processor.py:914} INFO - Processing file /home/airflow/.local/lib/python3.12/site-packages/airflow/example_dags/example_skip_dag.py for tasks to queue
[2025-06-26T22:46:35.119+0000] {logging_mixin.py:190} INFO - [2025-06-26T22:46:35.119+0000] {dagbag.py:588} INFO - Filling up the DagBag from /home/airflow/.local/lib/python3.12/site-packages/airflow/example_dags/example_skip_dag.py
[2025-06-26T22:46:35.126+0000] {processor.py:925} INFO - DAG(s) 'example_skip_dag' retrieved from /home/airflow/.local/lib/python3.12/site-packages/airflow/example_dags/example_skip_dag.py
[2025-06-26T22:46:35.148+0000] {logging_mixin.py:190} INFO - [2025-06-26T22:46:35.147+0000] {dag.py:3239} INFO - Sync 1 DAGs
[2025-06-26T22:46:35.168+0000] {logging_mixin.py:190} INFO - [2025-06-26T22:46:35.167+0000] {dag.py:4180} INFO - Setting next_dagrun for example_skip_dag to 2025-06-25 00:00:00+00:00, run_after=2025-06-26 00:00:00+00:00
[2025-06-26T22:46:35.188+0000] {processor.py:208} INFO - Processing /home/airflow/.local/lib/python3.12/site-packages/airflow/example_dags/example_skip_dag.py took 0.079 seconds
[2025-06-26T22:47:05.530+0000] {processor.py:186} INFO - Started process (PID=515) to work on /home/airflow/.local/lib/python3.12/site-packages/airflow/example_dags/example_skip_dag.py
[2025-06-26T22:47:05.531+0000] {processor.py:914} INFO - Processing file /home/airflow/.local/lib/python3.12/site-packages/airflow/example_dags/example_skip_dag.py for tasks to queue
[2025-06-26T22:47:05.534+0000] {logging_mixin.py:190} INFO - [2025-06-26T22:47:05.533+0000] {dagbag.py:588} INFO - Filling up the DagBag from /home/airflow/.local/lib/python3.12/site-packages/airflow/example_dags/example_skip_dag.py
[2025-06-26T22:47:05.541+0000] {processor.py:925} INFO - DAG(s) 'example_skip_dag' retrieved from /home/airflow/.local/lib/python3.12/site-packages/airflow/example_dags/example_skip_dag.py
[2025-06-26T22:47:05.560+0000] {logging_mixin.py:190} INFO - [2025-06-26T22:47:05.560+0000] {dag.py:3239} INFO - Sync 1 DAGs
[2025-06-26T22:47:05.581+0000] {logging_mixin.py:190} INFO - [2025-06-26T22:47:05.581+0000] {dag.py:4180} INFO - Setting next_dagrun for example_skip_dag to 2025-06-25 00:00:00+00:00, run_after=2025-06-26 00:00:00+00:00
[2025-06-26T22:47:05.599+0000] {processor.py:208} INFO - Processing /home/airflow/.local/lib/python3.12/site-packages/airflow/example_dags/example_skip_dag.py took 0.075 seconds
[2025-06-26T22:47:35.937+0000] {processor.py:186} INFO - Started process (PID=577) to work on /home/airflow/.local/lib/python3.12/site-packages/airflow/example_dags/example_skip_dag.py
[2025-06-26T22:47:35.938+0000] {processor.py:914} INFO - Processing file /home/airflow/.local/lib/python3.12/site-packages/airflow/example_dags/example_skip_dag.py for tasks to queue
[2025-06-26T22:47:35.941+0000] {logging_mixin.py:190} INFO - [2025-06-26T22:47:35.941+0000] {dagbag.py:588} INFO - Filling up the DagBag from /home/airflow/.local/lib/python3.12/site-packages/airflow/example_dags/example_skip_dag.py
[2025-06-26T22:47:35.948+0000] {processor.py:925} INFO - DAG(s) 'example_skip_dag' retrieved from /home/airflow/.local/lib/python3.12/site-packages/airflow/example_dags/example_skip_dag.py
[2025-06-26T22:47:35.968+0000] {logging_mixin.py:190} INFO - [2025-06-26T22:47:35.968+0000] {dag.py:3239} INFO - Sync 1 DAGs
[2025-06-26T22:47:35.990+0000] {logging_mixin.py:190} INFO - [2025-06-26T22:47:35.989+0000] {dag.py:4180} INFO - Setting next_dagrun for example_skip_dag to 2025-06-25 00:00:00+00:00, run_after=2025-06-26 00:00:00+00:00
[2025-06-26T22:47:36.010+0000] {processor.py:208} INFO - Processing /home/airflow/.local/lib/python3.12/site-packages/airflow/example_dags/example_skip_dag.py took 0.079 seconds
[2025-06-26T22:48:06.372+0000] {processor.py:186} INFO - Started process (PID=639) to work on /home/airflow/.local/lib/python3.12/site-packages/airflow/example_dags/example_skip_dag.py
[2025-06-26T22:48:06.374+0000] {processor.py:914} INFO - Processing file /home/airflow/.local/lib/python3.12/site-packages/airflow/example_dags/example_skip_dag.py for tasks to queue
[2025-06-26T22:48:06.377+0000] {logging_mixin.py:190} INFO - [2025-06-26T22:48:06.376+0000] {dagbag.py:588} INFO - Filling up the DagBag from /home/airflow/.local/lib/python3.12/site-packages/airflow/example_dags/example_skip_dag.py
[2025-06-26T22:48:06.386+0000] {processor.py:925} INFO - DAG(s) 'example_skip_dag' retrieved from /home/airflow/.local/lib/python3.12/site-packages/airflow/example_dags/example_skip_dag.py
[2025-06-26T22:48:06.407+0000] {logging_mixin.py:190} INFO - [2025-06-26T22:48:06.407+0000] {dag.py:3239} INFO - Sync 1 DAGs
[2025-06-26T22:48:06.428+0000] {logging_mixin.py:190} INFO - [2025-06-26T22:48:06.428+0000] {dag.py:4180} INFO - Setting next_dagrun for example_skip_dag to 2025-06-25 00:00:00+00:00, run_after=2025-06-26 00:00:00+00:00
[2025-06-26T22:48:06.446+0000] {processor.py:208} INFO - Processing /home/airflow/.local/lib/python3.12/site-packages/airflow/example_dags/example_skip_dag.py took 0.080 seconds
[2025-06-26T22:48:36.774+0000] {processor.py:186} INFO - Started process (PID=702) to work on /home/airflow/.local/lib/python3.12/site-packages/airflow/example_dags/example_skip_dag.py
[2025-06-26T22:48:36.775+0000] {processor.py:914} INFO - Processing file /home/airflow/.local/lib/python3.12/site-packages/airflow/example_dags/example_skip_dag.py for tasks to queue
[2025-06-26T22:48:36.777+0000] {logging_mixin.py:190} INFO - [2025-06-26T22:48:36.777+0000] {dagbag.py:588} INFO - Filling up the DagBag from /home/airflow/.local/lib/python3.12/site-packages/airflow/example_dags/example_skip_dag.py
[2025-06-26T22:48:36.784+0000] {processor.py:925} INFO - DAG(s) 'example_skip_dag' retrieved from /home/airflow/.local/lib/python3.12/site-packages/airflow/example_dags/example_skip_dag.py
[2025-06-26T22:48:36.803+0000] {logging_mixin.py:190} INFO - [2025-06-26T22:48:36.803+0000] {dag.py:3239} INFO - Sync 1 DAGs
[2025-06-26T22:48:36.823+0000] {logging_mixin.py:190} INFO - [2025-06-26T22:48:36.822+0000] {dag.py:4180} INFO - Setting next_dagrun for example_skip_dag to 2025-06-25 00:00:00+00:00, run_after=2025-06-26 00:00:00+00:00
[2025-06-26T22:48:36.841+0000] {processor.py:208} INFO - Processing /home/airflow/.local/lib/python3.12/site-packages/airflow/example_dags/example_skip_dag.py took 0.072 seconds
[2025-06-26T22:49:07.031+0000] {processor.py:186} INFO - Started process (PID=764) to work on /home/airflow/.local/lib/python3.12/site-packages/airflow/example_dags/example_skip_dag.py
[2025-06-26T22:49:07.032+0000] {processor.py:914} INFO - Processing file /home/airflow/.local/lib/python3.12/site-packages/airflow/example_dags/example_skip_dag.py for tasks to queue
[2025-06-26T22:49:07.035+0000] {logging_mixin.py:190} INFO - [2025-06-26T22:49:07.035+0000] {dagbag.py:588} INFO - Filling up the DagBag from /home/airflow/.local/lib/python3.12/site-packages/airflow/example_dags/example_skip_dag.py
[2025-06-26T22:49:07.043+0000] {processor.py:925} INFO - DAG(s) 'example_skip_dag' retrieved from /home/airflow/.local/lib/python3.12/site-packages/airflow/example_dags/example_skip_dag.py
[2025-06-26T22:49:07.064+0000] {logging_mixin.py:190} INFO - [2025-06-26T22:49:07.064+0000] {dag.py:3239} INFO - Sync 1 DAGs
[2025-06-26T22:49:07.088+0000] {logging_mixin.py:190} INFO - [2025-06-26T22:49:07.088+0000] {dag.py:4180} INFO - Setting next_dagrun for example_skip_dag to 2025-06-25 00:00:00+00:00, run_after=2025-06-26 00:00:00+00:00
[2025-06-26T22:49:07.110+0000] {processor.py:208} INFO - Processing /home/airflow/.local/lib/python3.12/site-packages/airflow/example_dags/example_skip_dag.py took 0.085 seconds
[2025-06-26T22:49:37.384+0000] {processor.py:186} INFO - Started process (PID=826) to work on /home/airflow/.local/lib/python3.12/site-packages/airflow/example_dags/example_skip_dag.py
[2025-06-26T22:49:37.385+0000] {processor.py:914} INFO - Processing file /home/airflow/.local/lib/python3.12/site-packages/airflow/example_dags/example_skip_dag.py for tasks to queue
[2025-06-26T22:49:37.388+0000] {logging_mixin.py:190} INFO - [2025-06-26T22:49:37.387+0000] {dagbag.py:588} INFO - Filling up the DagBag from /home/airflow/.local/lib/python3.12/site-packages/airflow/example_dags/example_skip_dag.py
[2025-06-26T22:49:37.395+0000] {processor.py:925} INFO - DAG(s) 'example_skip_dag' retrieved from /home/airflow/.local/lib/python3.12/site-packages/airflow/example_dags/example_skip_dag.py
[2025-06-26T22:49:37.416+0000] {logging_mixin.py:190} INFO - [2025-06-26T22:49:37.416+0000] {dag.py:3239} INFO - Sync 1 DAGs
[2025-06-26T22:49:37.436+0000] {logging_mixin.py:190} INFO - [2025-06-26T22:49:37.436+0000] {dag.py:4180} INFO - Setting next_dagrun for example_skip_dag to 2025-06-25 00:00:00+00:00, run_after=2025-06-26 00:00:00+00:00
[2025-06-26T22:49:37.454+0000] {processor.py:208} INFO - Processing /home/airflow/.local/lib/python3.12/site-packages/airflow/example_dags/example_skip_dag.py took 0.076 seconds
[2025-06-26T22:50:07.891+0000] {processor.py:186} INFO - Started process (PID=888) to work on /home/airflow/.local/lib/python3.12/site-packages/airflow/example_dags/example_skip_dag.py
[2025-06-26T22:50:07.892+0000] {processor.py:914} INFO - Processing file /home/airflow/.local/lib/python3.12/site-packages/airflow/example_dags/example_skip_dag.py for tasks to queue
[2025-06-26T22:50:07.894+0000] {logging_mixin.py:190} INFO - [2025-06-26T22:50:07.894+0000] {dagbag.py:588} INFO - Filling up the DagBag from /home/airflow/.local/lib/python3.12/site-packages/airflow/example_dags/example_skip_dag.py
[2025-06-26T22:50:07.901+0000] {processor.py:925} INFO - DAG(s) 'example_skip_dag' retrieved from /home/airflow/.local/lib/python3.12/site-packages/airflow/example_dags/example_skip_dag.py
[2025-06-26T22:50:07.920+0000] {logging_mixin.py:190} INFO - [2025-06-26T22:50:07.920+0000] {dag.py:3239} INFO - Sync 1 DAGs
[2025-06-26T22:50:07.940+0000] {logging_mixin.py:190} INFO - [2025-06-26T22:50:07.940+0000] {dag.py:4180} INFO - Setting next_dagrun for example_skip_dag to 2025-06-25 00:00:00+00:00, run_after=2025-06-26 00:00:00+00:00
[2025-06-26T22:50:07.957+0000] {processor.py:208} INFO - Processing /home/airflow/.local/lib/python3.12/site-packages/airflow/example_dags/example_skip_dag.py took 0.072 seconds
[2025-06-26T22:50:38.098+0000] {processor.py:186} INFO - Started process (PID=949) to work on /home/airflow/.local/lib/python3.12/site-packages/airflow/example_dags/example_skip_dag.py
[2025-06-26T22:50:38.099+0000] {processor.py:914} INFO - Processing file /home/airflow/.local/lib/python3.12/site-packages/airflow/example_dags/example_skip_dag.py for tasks to queue
[2025-06-26T22:50:38.101+0000] {logging_mixin.py:190} INFO - [2025-06-26T22:50:38.101+0000] {dagbag.py:588} INFO - Filling up the DagBag from /home/airflow/.local/lib/python3.12/site-packages/airflow/example_dags/example_skip_dag.py
[2025-06-26T22:50:38.109+0000] {processor.py:925} INFO - DAG(s) 'example_skip_dag' retrieved from /home/airflow/.local/lib/python3.12/site-packages/airflow/example_dags/example_skip_dag.py
[2025-06-26T22:50:38.128+0000] {logging_mixin.py:190} INFO - [2025-06-26T22:50:38.128+0000] {dag.py:3239} INFO - Sync 1 DAGs
[2025-06-26T22:50:38.148+0000] {logging_mixin.py:190} INFO - [2025-06-26T22:50:38.147+0000] {dag.py:4180} INFO - Setting next_dagrun for example_skip_dag to 2025-06-25 00:00:00+00:00, run_after=2025-06-26 00:00:00+00:00
[2025-06-26T22:50:38.166+0000] {processor.py:208} INFO - Processing /home/airflow/.local/lib/python3.12/site-packages/airflow/example_dags/example_skip_dag.py took 0.074 seconds
[2025-06-26T22:51:08.613+0000] {processor.py:186} INFO - Started process (PID=1011) to work on /home/airflow/.local/lib/python3.12/site-packages/airflow/example_dags/example_skip_dag.py
[2025-06-26T22:51:08.614+0000] {processor.py:914} INFO - Processing file /home/airflow/.local/lib/python3.12/site-packages/airflow/example_dags/example_skip_dag.py for tasks to queue
[2025-06-26T22:51:08.617+0000] {logging_mixin.py:190} INFO - [2025-06-26T22:51:08.616+0000] {dagbag.py:588} INFO - Filling up the DagBag from /home/airflow/.local/lib/python3.12/site-packages/airflow/example_dags/example_skip_dag.py
[2025-06-26T22:51:08.625+0000] {processor.py:925} INFO - DAG(s) 'example_skip_dag' retrieved from /home/airflow/.local/lib/python3.12/site-packages/airflow/example_dags/example_skip_dag.py
[2025-06-26T22:51:08.645+0000] {logging_mixin.py:190} INFO - [2025-06-26T22:51:08.645+0000] {dag.py:3239} INFO - Sync 1 DAGs
[2025-06-26T22:51:08.667+0000] {logging_mixin.py:190} INFO - [2025-06-26T22:51:08.667+0000] {dag.py:4180} INFO - Setting next_dagrun for example_skip_dag to 2025-06-25 00:00:00+00:00, run_after=2025-06-26 00:00:00+00:00
[2025-06-26T22:51:08.687+0000] {processor.py:208} INFO - Processing /home/airflow/.local/lib/python3.12/site-packages/airflow/example_dags/example_skip_dag.py took 0.079 seconds
[2025-06-26T22:51:38.982+0000] {processor.py:186} INFO - Started process (PID=1073) to work on /home/airflow/.local/lib/python3.12/site-packages/airflow/example_dags/example_skip_dag.py
[2025-06-26T22:51:38.983+0000] {processor.py:914} INFO - Processing file /home/airflow/.local/lib/python3.12/site-packages/airflow/example_dags/example_skip_dag.py for tasks to queue
[2025-06-26T22:51:38.985+0000] {logging_mixin.py:190} INFO - [2025-06-26T22:51:38.985+0000] {dagbag.py:588} INFO - Filling up the DagBag from /home/airflow/.local/lib/python3.12/site-packages/airflow/example_dags/example_skip_dag.py
[2025-06-26T22:51:38.993+0000] {processor.py:925} INFO - DAG(s) 'example_skip_dag' retrieved from /home/airflow/.local/lib/python3.12/site-packages/airflow/example_dags/example_skip_dag.py
[2025-06-26T22:51:39.012+0000] {logging_mixin.py:190} INFO - [2025-06-26T22:51:39.012+0000] {dag.py:3239} INFO - Sync 1 DAGs
[2025-06-26T22:51:39.031+0000] {logging_mixin.py:190} INFO - [2025-06-26T22:51:39.031+0000] {dag.py:4180} INFO - Setting next_dagrun for example_skip_dag to 2025-06-25 00:00:00+00:00, run_after=2025-06-26 00:00:00+00:00
[2025-06-26T22:51:39.048+0000] {processor.py:208} INFO - Processing /home/airflow/.local/lib/python3.12/site-packages/airflow/example_dags/example_skip_dag.py took 0.071 seconds
[2025-06-26T22:52:09.288+0000] {processor.py:186} INFO - Started process (PID=1135) to work on /home/airflow/.local/lib/python3.12/site-packages/airflow/example_dags/example_skip_dag.py
[2025-06-26T22:52:09.292+0000] {processor.py:914} INFO - Processing file /home/airflow/.local/lib/python3.12/site-packages/airflow/example_dags/example_skip_dag.py for tasks to queue
[2025-06-26T22:52:09.294+0000] {logging_mixin.py:190} INFO - [2025-06-26T22:52:09.294+0000] {dagbag.py:588} INFO - Filling up the DagBag from /home/airflow/.local/lib/python3.12/site-packages/airflow/example_dags/example_skip_dag.py
[2025-06-26T22:52:09.302+0000] {processor.py:925} INFO - DAG(s) 'example_skip_dag' retrieved from /home/airflow/.local/lib/python3.12/site-packages/airflow/example_dags/example_skip_dag.py
[2025-06-26T22:52:09.323+0000] {logging_mixin.py:190} INFO - [2025-06-26T22:52:09.323+0000] {dag.py:3239} INFO - Sync 1 DAGs
[2025-06-26T22:52:09.347+0000] {logging_mixin.py:190} INFO - [2025-06-26T22:52:09.347+0000] {dag.py:4180} INFO - Setting next_dagrun for example_skip_dag to 2025-06-25 00:00:00+00:00, run_after=2025-06-26 00:00:00+00:00
[2025-06-26T22:52:09.367+0000] {processor.py:208} INFO - Processing /home/airflow/.local/lib/python3.12/site-packages/airflow/example_dags/example_skip_dag.py took 0.085 seconds
[2025-06-26T22:52:39.509+0000] {processor.py:186} INFO - Started process (PID=1197) to work on /home/airflow/.local/lib/python3.12/site-packages/airflow/example_dags/example_skip_dag.py
[2025-06-26T22:52:39.510+0000] {processor.py:914} INFO - Processing file /home/airflow/.local/lib/python3.12/site-packages/airflow/example_dags/example_skip_dag.py for tasks to queue
[2025-06-26T22:52:39.513+0000] {logging_mixin.py:190} INFO - [2025-06-26T22:52:39.512+0000] {dagbag.py:588} INFO - Filling up the DagBag from /home/airflow/.local/lib/python3.12/site-packages/airflow/example_dags/example_skip_dag.py
[2025-06-26T22:52:39.519+0000] {processor.py:925} INFO - DAG(s) 'example_skip_dag' retrieved from /home/airflow/.local/lib/python3.12/site-packages/airflow/example_dags/example_skip_dag.py
[2025-06-26T22:52:39.537+0000] {logging_mixin.py:190} INFO - [2025-06-26T22:52:39.537+0000] {dag.py:3239} INFO - Sync 1 DAGs
[2025-06-26T22:52:39.555+0000] {logging_mixin.py:190} INFO - [2025-06-26T22:52:39.555+0000] {dag.py:4180} INFO - Setting next_dagrun for example_skip_dag to 2025-06-25 00:00:00+00:00, run_after=2025-06-26 00:00:00+00:00
[2025-06-26T22:52:39.574+0000] {processor.py:208} INFO - Processing /home/airflow/.local/lib/python3.12/site-packages/airflow/example_dags/example_skip_dag.py took 0.071 seconds
[2025-06-26T22:53:09.924+0000] {processor.py:186} INFO - Started process (PID=1258) to work on /home/airflow/.local/lib/python3.12/site-packages/airflow/example_dags/example_skip_dag.py
[2025-06-26T22:53:09.925+0000] {processor.py:914} INFO - Processing file /home/airflow/.local/lib/python3.12/site-packages/airflow/example_dags/example_skip_dag.py for tasks to queue
[2025-06-26T22:53:09.927+0000] {logging_mixin.py:190} INFO - [2025-06-26T22:53:09.927+0000] {dagbag.py:588} INFO - Filling up the DagBag from /home/airflow/.local/lib/python3.12/site-packages/airflow/example_dags/example_skip_dag.py
[2025-06-26T22:53:09.935+0000] {processor.py:925} INFO - DAG(s) 'example_skip_dag' retrieved from /home/airflow/.local/lib/python3.12/site-packages/airflow/example_dags/example_skip_dag.py
[2025-06-26T22:53:09.956+0000] {logging_mixin.py:190} INFO - [2025-06-26T22:53:09.955+0000] {dag.py:3239} INFO - Sync 1 DAGs
[2025-06-26T22:53:09.975+0000] {logging_mixin.py:190} INFO - [2025-06-26T22:53:09.975+0000] {dag.py:4180} INFO - Setting next_dagrun for example_skip_dag to 2025-06-25 00:00:00+00:00, run_after=2025-06-26 00:00:00+00:00
[2025-06-26T22:53:09.992+0000] {processor.py:208} INFO - Processing /home/airflow/.local/lib/python3.12/site-packages/airflow/example_dags/example_skip_dag.py took 0.075 seconds
[2025-06-26T22:53:40.304+0000] {processor.py:186} INFO - Started process (PID=1321) to work on /home/airflow/.local/lib/python3.12/site-packages/airflow/example_dags/example_skip_dag.py
[2025-06-26T22:53:40.305+0000] {processor.py:914} INFO - Processing file /home/airflow/.local/lib/python3.12/site-packages/airflow/example_dags/example_skip_dag.py for tasks to queue
[2025-06-26T22:53:40.308+0000] {logging_mixin.py:190} INFO - [2025-06-26T22:53:40.308+0000] {dagbag.py:588} INFO - Filling up the DagBag from /home/airflow/.local/lib/python3.12/site-packages/airflow/example_dags/example_skip_dag.py
[2025-06-26T22:53:40.315+0000] {processor.py:925} INFO - DAG(s) 'example_skip_dag' retrieved from /home/airflow/.local/lib/python3.12/site-packages/airflow/example_dags/example_skip_dag.py
[2025-06-26T22:53:40.336+0000] {logging_mixin.py:190} INFO - [2025-06-26T22:53:40.336+0000] {dag.py:3239} INFO - Sync 1 DAGs
[2025-06-26T22:53:40.357+0000] {logging_mixin.py:190} INFO - [2025-06-26T22:53:40.357+0000] {dag.py:4180} INFO - Setting next_dagrun for example_skip_dag to 2025-06-25 00:00:00+00:00, run_after=2025-06-26 00:00:00+00:00
[2025-06-26T22:53:40.381+0000] {processor.py:208} INFO - Processing /home/airflow/.local/lib/python3.12/site-packages/airflow/example_dags/example_skip_dag.py took 0.084 seconds
[2025-06-26T22:54:10.592+0000] {processor.py:186} INFO - Started process (PID=1383) to work on /home/airflow/.local/lib/python3.12/site-packages/airflow/example_dags/example_skip_dag.py
[2025-06-26T22:54:10.593+0000] {processor.py:914} INFO - Processing file /home/airflow/.local/lib/python3.12/site-packages/airflow/example_dags/example_skip_dag.py for tasks to queue
[2025-06-26T22:54:10.596+0000] {logging_mixin.py:190} INFO - [2025-06-26T22:54:10.596+0000] {dagbag.py:588} INFO - Filling up the DagBag from /home/airflow/.local/lib/python3.12/site-packages/airflow/example_dags/example_skip_dag.py
[2025-06-26T22:54:10.603+0000] {processor.py:925} INFO - DAG(s) 'example_skip_dag' retrieved from /home/airflow/.local/lib/python3.12/site-packages/airflow/example_dags/example_skip_dag.py
[2025-06-26T22:54:10.624+0000] {logging_mixin.py:190} INFO - [2025-06-26T22:54:10.624+0000] {dag.py:3239} INFO - Sync 1 DAGs
[2025-06-26T22:54:10.644+0000] {logging_mixin.py:190} INFO - [2025-06-26T22:54:10.644+0000] {dag.py:4180} INFO - Setting next_dagrun for example_skip_dag to 2025-06-25 00:00:00+00:00, run_after=2025-06-26 00:00:00+00:00
[2025-06-26T22:54:10.666+0000] {processor.py:208} INFO - Processing /home/airflow/.local/lib/python3.12/site-packages/airflow/example_dags/example_skip_dag.py took 0.080 seconds
[2025-06-26T22:54:41.094+0000] {processor.py:186} INFO - Started process (PID=1445) to work on /home/airflow/.local/lib/python3.12/site-packages/airflow/example_dags/example_skip_dag.py
[2025-06-26T22:54:41.095+0000] {processor.py:914} INFO - Processing file /home/airflow/.local/lib/python3.12/site-packages/airflow/example_dags/example_skip_dag.py for tasks to queue
[2025-06-26T22:54:41.097+0000] {logging_mixin.py:190} INFO - [2025-06-26T22:54:41.097+0000] {dagbag.py:588} INFO - Filling up the DagBag from /home/airflow/.local/lib/python3.12/site-packages/airflow/example_dags/example_skip_dag.py
[2025-06-26T22:54:41.106+0000] {processor.py:925} INFO - DAG(s) 'example_skip_dag' retrieved from /home/airflow/.local/lib/python3.12/site-packages/airflow/example_dags/example_skip_dag.py
[2025-06-26T22:54:41.126+0000] {logging_mixin.py:190} INFO - [2025-06-26T22:54:41.126+0000] {dag.py:3239} INFO - Sync 1 DAGs
[2025-06-26T22:54:41.147+0000] {logging_mixin.py:190} INFO - [2025-06-26T22:54:41.147+0000] {dag.py:4180} INFO - Setting next_dagrun for example_skip_dag to 2025-06-25 00:00:00+00:00, run_after=2025-06-26 00:00:00+00:00
[2025-06-26T22:54:41.166+0000] {processor.py:208} INFO - Processing /home/airflow/.local/lib/python3.12/site-packages/airflow/example_dags/example_skip_dag.py took 0.077 seconds
[2025-06-26T22:55:11.513+0000] {processor.py:186} INFO - Started process (PID=1507) to work on /home/airflow/.local/lib/python3.12/site-packages/airflow/example_dags/example_skip_dag.py
[2025-06-26T22:55:11.514+0000] {processor.py:914} INFO - Processing file /home/airflow/.local/lib/python3.12/site-packages/airflow/example_dags/example_skip_dag.py for tasks to queue
[2025-06-26T22:55:11.516+0000] {logging_mixin.py:190} INFO - [2025-06-26T22:55:11.516+0000] {dagbag.py:588} INFO - Filling up the DagBag from /home/airflow/.local/lib/python3.12/site-packages/airflow/example_dags/example_skip_dag.py
[2025-06-26T22:55:11.524+0000] {processor.py:925} INFO - DAG(s) 'example_skip_dag' retrieved from /home/airflow/.local/lib/python3.12/site-packages/airflow/example_dags/example_skip_dag.py
[2025-06-26T22:55:11.542+0000] {logging_mixin.py:190} INFO - [2025-06-26T22:55:11.542+0000] {dag.py:3239} INFO - Sync 1 DAGs
[2025-06-26T22:55:11.562+0000] {logging_mixin.py:190} INFO - [2025-06-26T22:55:11.562+0000] {dag.py:4180} INFO - Setting next_dagrun for example_skip_dag to 2025-06-25 00:00:00+00:00, run_after=2025-06-26 00:00:00+00:00
[2025-06-26T22:55:11.583+0000] {processor.py:208} INFO - Processing /home/airflow/.local/lib/python3.12/site-packages/airflow/example_dags/example_skip_dag.py took 0.076 seconds
[2025-06-26T22:55:41.932+0000] {processor.py:186} INFO - Started process (PID=1568) to work on /home/airflow/.local/lib/python3.12/site-packages/airflow/example_dags/example_skip_dag.py
[2025-06-26T22:55:41.933+0000] {processor.py:914} INFO - Processing file /home/airflow/.local/lib/python3.12/site-packages/airflow/example_dags/example_skip_dag.py for tasks to queue
[2025-06-26T22:55:41.935+0000] {logging_mixin.py:190} INFO - [2025-06-26T22:55:41.935+0000] {dagbag.py:588} INFO - Filling up the DagBag from /home/airflow/.local/lib/python3.12/site-packages/airflow/example_dags/example_skip_dag.py
[2025-06-26T22:55:41.943+0000] {processor.py:925} INFO - DAG(s) 'example_skip_dag' retrieved from /home/airflow/.local/lib/python3.12/site-packages/airflow/example_dags/example_skip_dag.py
[2025-06-26T22:55:41.964+0000] {logging_mixin.py:190} INFO - [2025-06-26T22:55:41.963+0000] {dag.py:3239} INFO - Sync 1 DAGs
[2025-06-26T22:55:41.984+0000] {logging_mixin.py:190} INFO - [2025-06-26T22:55:41.984+0000] {dag.py:4180} INFO - Setting next_dagrun for example_skip_dag to 2025-06-25 00:00:00+00:00, run_after=2025-06-26 00:00:00+00:00
[2025-06-26T22:55:42.000+0000] {processor.py:208} INFO - Processing /home/airflow/.local/lib/python3.12/site-packages/airflow/example_dags/example_skip_dag.py took 0.074 seconds
[2025-06-26T22:56:12.211+0000] {processor.py:186} INFO - Started process (PID=1631) to work on /home/airflow/.local/lib/python3.12/site-packages/airflow/example_dags/example_skip_dag.py
[2025-06-26T22:56:12.212+0000] {processor.py:914} INFO - Processing file /home/airflow/.local/lib/python3.12/site-packages/airflow/example_dags/example_skip_dag.py for tasks to queue
[2025-06-26T22:56:12.214+0000] {logging_mixin.py:190} INFO - [2025-06-26T22:56:12.214+0000] {dagbag.py:588} INFO - Filling up the DagBag from /home/airflow/.local/lib/python3.12/site-packages/airflow/example_dags/example_skip_dag.py
[2025-06-26T22:56:12.221+0000] {processor.py:925} INFO - DAG(s) 'example_skip_dag' retrieved from /home/airflow/.local/lib/python3.12/site-packages/airflow/example_dags/example_skip_dag.py
[2025-06-26T22:56:12.240+0000] {logging_mixin.py:190} INFO - [2025-06-26T22:56:12.239+0000] {dag.py:3239} INFO - Sync 1 DAGs
[2025-06-26T22:56:12.258+0000] {logging_mixin.py:190} INFO - [2025-06-26T22:56:12.258+0000] {dag.py:4180} INFO - Setting next_dagrun for example_skip_dag to 2025-06-25 00:00:00+00:00, run_after=2025-06-26 00:00:00+00:00
[2025-06-26T22:56:12.276+0000] {processor.py:208} INFO - Processing /home/airflow/.local/lib/python3.12/site-packages/airflow/example_dags/example_skip_dag.py took 0.070 seconds
[2025-06-26T22:56:43.123+0000] {processor.py:186} INFO - Started process (PID=1693) to work on /home/airflow/.local/lib/python3.12/site-packages/airflow/example_dags/example_skip_dag.py
[2025-06-26T22:56:43.124+0000] {processor.py:914} INFO - Processing file /home/airflow/.local/lib/python3.12/site-packages/airflow/example_dags/example_skip_dag.py for tasks to queue
[2025-06-26T22:56:43.126+0000] {logging_mixin.py:190} INFO - [2025-06-26T22:56:43.126+0000] {dagbag.py:588} INFO - Filling up the DagBag from /home/airflow/.local/lib/python3.12/site-packages/airflow/example_dags/example_skip_dag.py
[2025-06-26T22:56:43.134+0000] {processor.py:925} INFO - DAG(s) 'example_skip_dag' retrieved from /home/airflow/.local/lib/python3.12/site-packages/airflow/example_dags/example_skip_dag.py
[2025-06-26T22:56:43.155+0000] {logging_mixin.py:190} INFO - [2025-06-26T22:56:43.155+0000] {dag.py:3239} INFO - Sync 1 DAGs
[2025-06-26T22:56:43.179+0000] {logging_mixin.py:190} INFO - [2025-06-26T22:56:43.179+0000] {dag.py:4180} INFO - Setting next_dagrun for example_skip_dag to 2025-06-25 00:00:00+00:00, run_after=2025-06-26 00:00:00+00:00
[2025-06-26T22:56:43.199+0000] {processor.py:208} INFO - Processing /home/airflow/.local/lib/python3.12/site-packages/airflow/example_dags/example_skip_dag.py took 0.081 seconds
[2025-06-26T22:57:13.474+0000] {processor.py:186} INFO - Started process (PID=1755) to work on /home/airflow/.local/lib/python3.12/site-packages/airflow/example_dags/example_skip_dag.py
[2025-06-26T22:57:13.475+0000] {processor.py:914} INFO - Processing file /home/airflow/.local/lib/python3.12/site-packages/airflow/example_dags/example_skip_dag.py for tasks to queue
[2025-06-26T22:57:13.477+0000] {logging_mixin.py:190} INFO - [2025-06-26T22:57:13.477+0000] {dagbag.py:588} INFO - Filling up the DagBag from /home/airflow/.local/lib/python3.12/site-packages/airflow/example_dags/example_skip_dag.py
[2025-06-26T22:57:13.484+0000] {processor.py:925} INFO - DAG(s) 'example_skip_dag' retrieved from /home/airflow/.local/lib/python3.12/site-packages/airflow/example_dags/example_skip_dag.py
[2025-06-26T22:57:13.503+0000] {logging_mixin.py:190} INFO - [2025-06-26T22:57:13.503+0000] {dag.py:3239} INFO - Sync 1 DAGs
[2025-06-26T22:57:13.523+0000] {logging_mixin.py:190} INFO - [2025-06-26T22:57:13.522+0000] {dag.py:4180} INFO - Setting next_dagrun for example_skip_dag to 2025-06-25 00:00:00+00:00, run_after=2025-06-26 00:00:00+00:00
[2025-06-26T22:57:13.542+0000] {processor.py:208} INFO - Processing /home/airflow/.local/lib/python3.12/site-packages/airflow/example_dags/example_skip_dag.py took 0.073 seconds
[2025-06-26T22:57:43.890+0000] {processor.py:186} INFO - Started process (PID=1816) to work on /home/airflow/.local/lib/python3.12/site-packages/airflow/example_dags/example_skip_dag.py
[2025-06-26T22:57:43.891+0000] {processor.py:914} INFO - Processing file /home/airflow/.local/lib/python3.12/site-packages/airflow/example_dags/example_skip_dag.py for tasks to queue
[2025-06-26T22:57:43.894+0000] {logging_mixin.py:190} INFO - [2025-06-26T22:57:43.893+0000] {dagbag.py:588} INFO - Filling up the DagBag from /home/airflow/.local/lib/python3.12/site-packages/airflow/example_dags/example_skip_dag.py
[2025-06-26T22:57:43.904+0000] {processor.py:925} INFO - DAG(s) 'example_skip_dag' retrieved from /home/airflow/.local/lib/python3.12/site-packages/airflow/example_dags/example_skip_dag.py
[2025-06-26T22:57:43.925+0000] {logging_mixin.py:190} INFO - [2025-06-26T22:57:43.925+0000] {dag.py:3239} INFO - Sync 1 DAGs
[2025-06-26T22:57:43.947+0000] {logging_mixin.py:190} INFO - [2025-06-26T22:57:43.946+0000] {dag.py:4180} INFO - Setting next_dagrun for example_skip_dag to 2025-06-25 00:00:00+00:00, run_after=2025-06-26 00:00:00+00:00
[2025-06-26T22:57:43.966+0000] {processor.py:208} INFO - Processing /home/airflow/.local/lib/python3.12/site-packages/airflow/example_dags/example_skip_dag.py took 0.081 seconds
[2025-06-26T22:58:14.341+0000] {processor.py:186} INFO - Started process (PID=1878) to work on /home/airflow/.local/lib/python3.12/site-packages/airflow/example_dags/example_skip_dag.py
[2025-06-26T22:58:14.342+0000] {processor.py:914} INFO - Processing file /home/airflow/.local/lib/python3.12/site-packages/airflow/example_dags/example_skip_dag.py for tasks to queue
[2025-06-26T22:58:14.345+0000] {logging_mixin.py:190} INFO - [2025-06-26T22:58:14.344+0000] {dagbag.py:588} INFO - Filling up the DagBag from /home/airflow/.local/lib/python3.12/site-packages/airflow/example_dags/example_skip_dag.py
[2025-06-26T22:58:14.352+0000] {processor.py:925} INFO - DAG(s) 'example_skip_dag' retrieved from /home/airflow/.local/lib/python3.12/site-packages/airflow/example_dags/example_skip_dag.py
[2025-06-26T22:58:14.372+0000] {logging_mixin.py:190} INFO - [2025-06-26T22:58:14.372+0000] {dag.py:3239} INFO - Sync 1 DAGs
[2025-06-26T22:58:14.393+0000] {logging_mixin.py:190} INFO - [2025-06-26T22:58:14.392+0000] {dag.py:4180} INFO - Setting next_dagrun for example_skip_dag to 2025-06-25 00:00:00+00:00, run_after=2025-06-26 00:00:00+00:00
[2025-06-26T22:58:14.411+0000] {processor.py:208} INFO - Processing /home/airflow/.local/lib/python3.12/site-packages/airflow/example_dags/example_skip_dag.py took 0.075 seconds
[2025-06-26T22:58:44.776+0000] {processor.py:186} INFO - Started process (PID=1940) to work on /home/airflow/.local/lib/python3.12/site-packages/airflow/example_dags/example_skip_dag.py
[2025-06-26T22:58:44.777+0000] {processor.py:914} INFO - Processing file /home/airflow/.local/lib/python3.12/site-packages/airflow/example_dags/example_skip_dag.py for tasks to queue
[2025-06-26T22:58:44.779+0000] {logging_mixin.py:190} INFO - [2025-06-26T22:58:44.779+0000] {dagbag.py:588} INFO - Filling up the DagBag from /home/airflow/.local/lib/python3.12/site-packages/airflow/example_dags/example_skip_dag.py
[2025-06-26T22:58:44.786+0000] {processor.py:925} INFO - DAG(s) 'example_skip_dag' retrieved from /home/airflow/.local/lib/python3.12/site-packages/airflow/example_dags/example_skip_dag.py
[2025-06-26T22:58:44.806+0000] {logging_mixin.py:190} INFO - [2025-06-26T22:58:44.806+0000] {dag.py:3239} INFO - Sync 1 DAGs
[2025-06-26T22:58:44.826+0000] {logging_mixin.py:190} INFO - [2025-06-26T22:58:44.826+0000] {dag.py:4180} INFO - Setting next_dagrun for example_skip_dag to 2025-06-25 00:00:00+00:00, run_after=2025-06-26 00:00:00+00:00
[2025-06-26T22:58:44.845+0000] {processor.py:208} INFO - Processing /home/airflow/.local/lib/python3.12/site-packages/airflow/example_dags/example_skip_dag.py took 0.075 seconds
[2025-06-26T22:59:15.105+0000] {processor.py:186} INFO - Started process (PID=2002) to work on /home/airflow/.local/lib/python3.12/site-packages/airflow/example_dags/example_skip_dag.py
[2025-06-26T22:59:15.106+0000] {processor.py:914} INFO - Processing file /home/airflow/.local/lib/python3.12/site-packages/airflow/example_dags/example_skip_dag.py for tasks to queue
[2025-06-26T22:59:15.108+0000] {logging_mixin.py:190} INFO - [2025-06-26T22:59:15.108+0000] {dagbag.py:588} INFO - Filling up the DagBag from /home/airflow/.local/lib/python3.12/site-packages/airflow/example_dags/example_skip_dag.py
[2025-06-26T22:59:15.116+0000] {processor.py:925} INFO - DAG(s) 'example_skip_dag' retrieved from /home/airflow/.local/lib/python3.12/site-packages/airflow/example_dags/example_skip_dag.py
[2025-06-26T22:59:15.135+0000] {logging_mixin.py:190} INFO - [2025-06-26T22:59:15.135+0000] {dag.py:3239} INFO - Sync 1 DAGs
[2025-06-26T22:59:15.156+0000] {logging_mixin.py:190} INFO - [2025-06-26T22:59:15.156+0000] {dag.py:4180} INFO - Setting next_dagrun for example_skip_dag to 2025-06-25 00:00:00+00:00, run_after=2025-06-26 00:00:00+00:00
[2025-06-26T22:59:15.175+0000] {processor.py:208} INFO - Processing /home/airflow/.local/lib/python3.12/site-packages/airflow/example_dags/example_skip_dag.py took 0.075 seconds
[2025-06-26T22:59:45.643+0000] {processor.py:186} INFO - Started process (PID=2064) to work on /home/airflow/.local/lib/python3.12/site-packages/airflow/example_dags/example_skip_dag.py
[2025-06-26T22:59:45.644+0000] {processor.py:914} INFO - Processing file /home/airflow/.local/lib/python3.12/site-packages/airflow/example_dags/example_skip_dag.py for tasks to queue
[2025-06-26T22:59:45.646+0000] {logging_mixin.py:190} INFO - [2025-06-26T22:59:45.646+0000] {dagbag.py:588} INFO - Filling up the DagBag from /home/airflow/.local/lib/python3.12/site-packages/airflow/example_dags/example_skip_dag.py
[2025-06-26T22:59:45.654+0000] {processor.py:925} INFO - DAG(s) 'example_skip_dag' retrieved from /home/airflow/.local/lib/python3.12/site-packages/airflow/example_dags/example_skip_dag.py
[2025-06-26T22:59:45.674+0000] {logging_mixin.py:190} INFO - [2025-06-26T22:59:45.673+0000] {dag.py:3239} INFO - Sync 1 DAGs
[2025-06-26T22:59:45.694+0000] {logging_mixin.py:190} INFO - [2025-06-26T22:59:45.694+0000] {dag.py:4180} INFO - Setting next_dagrun for example_skip_dag to 2025-06-25 00:00:00+00:00, run_after=2025-06-26 00:00:00+00:00
[2025-06-26T22:59:45.714+0000] {processor.py:208} INFO - Processing /home/airflow/.local/lib/python3.12/site-packages/airflow/example_dags/example_skip_dag.py took 0.076 seconds
[2025-06-26T23:00:16.264+0000] {processor.py:186} INFO - Started process (PID=2127) to work on /home/airflow/.local/lib/python3.12/site-packages/airflow/example_dags/example_skip_dag.py
[2025-06-26T23:00:16.265+0000] {processor.py:914} INFO - Processing file /home/airflow/.local/lib/python3.12/site-packages/airflow/example_dags/example_skip_dag.py for tasks to queue
[2025-06-26T23:00:16.268+0000] {logging_mixin.py:190} INFO - [2025-06-26T23:00:16.267+0000] {dagbag.py:588} INFO - Filling up the DagBag from /home/airflow/.local/lib/python3.12/site-packages/airflow/example_dags/example_skip_dag.py
[2025-06-26T23:00:16.275+0000] {processor.py:925} INFO - DAG(s) 'example_skip_dag' retrieved from /home/airflow/.local/lib/python3.12/site-packages/airflow/example_dags/example_skip_dag.py
[2025-06-26T23:00:16.295+0000] {logging_mixin.py:190} INFO - [2025-06-26T23:00:16.295+0000] {dag.py:3239} INFO - Sync 1 DAGs
[2025-06-26T23:00:16.316+0000] {logging_mixin.py:190} INFO - [2025-06-26T23:00:16.316+0000] {dag.py:4180} INFO - Setting next_dagrun for example_skip_dag to 2025-06-25 00:00:00+00:00, run_after=2025-06-26 00:00:00+00:00
[2025-06-26T23:00:16.334+0000] {processor.py:208} INFO - Processing /home/airflow/.local/lib/python3.12/site-packages/airflow/example_dags/example_skip_dag.py took 0.075 seconds
[2025-06-26T23:00:46.858+0000] {processor.py:186} INFO - Started process (PID=2189) to work on /home/airflow/.local/lib/python3.12/site-packages/airflow/example_dags/example_skip_dag.py
[2025-06-26T23:00:46.859+0000] {processor.py:914} INFO - Processing file /home/airflow/.local/lib/python3.12/site-packages/airflow/example_dags/example_skip_dag.py for tasks to queue
[2025-06-26T23:00:46.861+0000] {logging_mixin.py:190} INFO - [2025-06-26T23:00:46.861+0000] {dagbag.py:588} INFO - Filling up the DagBag from /home/airflow/.local/lib/python3.12/site-packages/airflow/example_dags/example_skip_dag.py
[2025-06-26T23:00:46.869+0000] {processor.py:925} INFO - DAG(s) 'example_skip_dag' retrieved from /home/airflow/.local/lib/python3.12/site-packages/airflow/example_dags/example_skip_dag.py
[2025-06-26T23:00:46.889+0000] {logging_mixin.py:190} INFO - [2025-06-26T23:00:46.889+0000] {dag.py:3239} INFO - Sync 1 DAGs
[2025-06-26T23:00:46.910+0000] {logging_mixin.py:190} INFO - [2025-06-26T23:00:46.910+0000] {dag.py:4180} INFO - Setting next_dagrun for example_skip_dag to 2025-06-25 00:00:00+00:00, run_after=2025-06-26 00:00:00+00:00
[2025-06-26T23:00:46.929+0000] {processor.py:208} INFO - Processing /home/airflow/.local/lib/python3.12/site-packages/airflow/example_dags/example_skip_dag.py took 0.076 seconds
[2025-06-26T23:01:17.304+0000] {processor.py:186} INFO - Started process (PID=2251) to work on /home/airflow/.local/lib/python3.12/site-packages/airflow/example_dags/example_skip_dag.py
[2025-06-26T23:01:17.305+0000] {processor.py:914} INFO - Processing file /home/airflow/.local/lib/python3.12/site-packages/airflow/example_dags/example_skip_dag.py for tasks to queue
[2025-06-26T23:01:17.307+0000] {logging_mixin.py:190} INFO - [2025-06-26T23:01:17.307+0000] {dagbag.py:588} INFO - Filling up the DagBag from /home/airflow/.local/lib/python3.12/site-packages/airflow/example_dags/example_skip_dag.py
[2025-06-26T23:01:17.315+0000] {processor.py:925} INFO - DAG(s) 'example_skip_dag' retrieved from /home/airflow/.local/lib/python3.12/site-packages/airflow/example_dags/example_skip_dag.py
[2025-06-26T23:01:17.335+0000] {logging_mixin.py:190} INFO - [2025-06-26T23:01:17.334+0000] {dag.py:3239} INFO - Sync 1 DAGs
[2025-06-26T23:01:17.355+0000] {logging_mixin.py:190} INFO - [2025-06-26T23:01:17.354+0000] {dag.py:4180} INFO - Setting next_dagrun for example_skip_dag to 2025-06-25 00:00:00+00:00, run_after=2025-06-26 00:00:00+00:00
[2025-06-26T23:01:17.373+0000] {processor.py:208} INFO - Processing /home/airflow/.local/lib/python3.12/site-packages/airflow/example_dags/example_skip_dag.py took 0.074 seconds
[2025-06-26T23:01:48.348+0000] {processor.py:186} INFO - Started process (PID=2314) to work on /home/airflow/.local/lib/python3.12/site-packages/airflow/example_dags/example_skip_dag.py
[2025-06-26T23:01:48.349+0000] {processor.py:914} INFO - Processing file /home/airflow/.local/lib/python3.12/site-packages/airflow/example_dags/example_skip_dag.py for tasks to queue
[2025-06-26T23:01:48.351+0000] {logging_mixin.py:190} INFO - [2025-06-26T23:01:48.351+0000] {dagbag.py:588} INFO - Filling up the DagBag from /home/airflow/.local/lib/python3.12/site-packages/airflow/example_dags/example_skip_dag.py
[2025-06-26T23:01:48.358+0000] {processor.py:925} INFO - DAG(s) 'example_skip_dag' retrieved from /home/airflow/.local/lib/python3.12/site-packages/airflow/example_dags/example_skip_dag.py
[2025-06-26T23:01:48.377+0000] {logging_mixin.py:190} INFO - [2025-06-26T23:01:48.376+0000] {dag.py:3239} INFO - Sync 1 DAGs
[2025-06-26T23:01:48.396+0000] {logging_mixin.py:190} INFO - [2025-06-26T23:01:48.396+0000] {dag.py:4180} INFO - Setting next_dagrun for example_skip_dag to 2025-06-25 00:00:00+00:00, run_after=2025-06-26 00:00:00+00:00
[2025-06-26T23:01:48.415+0000] {processor.py:208} INFO - Processing /home/airflow/.local/lib/python3.12/site-packages/airflow/example_dags/example_skip_dag.py took 0.073 seconds
[2025-06-26T23:02:18.809+0000] {processor.py:186} INFO - Started process (PID=2376) to work on /home/airflow/.local/lib/python3.12/site-packages/airflow/example_dags/example_skip_dag.py
[2025-06-26T23:02:18.810+0000] {processor.py:914} INFO - Processing file /home/airflow/.local/lib/python3.12/site-packages/airflow/example_dags/example_skip_dag.py for tasks to queue
[2025-06-26T23:02:18.813+0000] {logging_mixin.py:190} INFO - [2025-06-26T23:02:18.812+0000] {dagbag.py:588} INFO - Filling up the DagBag from /home/airflow/.local/lib/python3.12/site-packages/airflow/example_dags/example_skip_dag.py
[2025-06-26T23:02:18.821+0000] {processor.py:925} INFO - DAG(s) 'example_skip_dag' retrieved from /home/airflow/.local/lib/python3.12/site-packages/airflow/example_dags/example_skip_dag.py
[2025-06-26T23:02:18.843+0000] {logging_mixin.py:190} INFO - [2025-06-26T23:02:18.843+0000] {dag.py:3239} INFO - Sync 1 DAGs
[2025-06-26T23:02:18.872+0000] {logging_mixin.py:190} INFO - [2025-06-26T23:02:18.872+0000] {dag.py:4180} INFO - Setting next_dagrun for example_skip_dag to 2025-06-25 00:00:00+00:00, run_after=2025-06-26 00:00:00+00:00
[2025-06-26T23:02:18.893+0000] {processor.py:208} INFO - Processing /home/airflow/.local/lib/python3.12/site-packages/airflow/example_dags/example_skip_dag.py took 0.089 seconds
[2025-06-26T23:02:49.190+0000] {processor.py:186} INFO - Started process (PID=2438) to work on /home/airflow/.local/lib/python3.12/site-packages/airflow/example_dags/example_skip_dag.py
[2025-06-26T23:02:49.191+0000] {processor.py:914} INFO - Processing file /home/airflow/.local/lib/python3.12/site-packages/airflow/example_dags/example_skip_dag.py for tasks to queue
[2025-06-26T23:02:49.194+0000] {logging_mixin.py:190} INFO - [2025-06-26T23:02:49.193+0000] {dagbag.py:588} INFO - Filling up the DagBag from /home/airflow/.local/lib/python3.12/site-packages/airflow/example_dags/example_skip_dag.py
[2025-06-26T23:02:49.204+0000] {processor.py:925} INFO - DAG(s) 'example_skip_dag' retrieved from /home/airflow/.local/lib/python3.12/site-packages/airflow/example_dags/example_skip_dag.py
[2025-06-26T23:02:49.226+0000] {logging_mixin.py:190} INFO - [2025-06-26T23:02:49.225+0000] {dag.py:3239} INFO - Sync 1 DAGs
[2025-06-26T23:02:49.245+0000] {logging_mixin.py:190} INFO - [2025-06-26T23:02:49.245+0000] {dag.py:4180} INFO - Setting next_dagrun for example_skip_dag to 2025-06-25 00:00:00+00:00, run_after=2025-06-26 00:00:00+00:00
[2025-06-26T23:02:49.264+0000] {processor.py:208} INFO - Processing /home/airflow/.local/lib/python3.12/site-packages/airflow/example_dags/example_skip_dag.py took 0.081 seconds
[2025-06-26T23:03:19.951+0000] {processor.py:186} INFO - Started process (PID=2500) to work on /home/airflow/.local/lib/python3.12/site-packages/airflow/example_dags/example_skip_dag.py
[2025-06-26T23:03:19.952+0000] {processor.py:914} INFO - Processing file /home/airflow/.local/lib/python3.12/site-packages/airflow/example_dags/example_skip_dag.py for tasks to queue
[2025-06-26T23:03:19.955+0000] {logging_mixin.py:190} INFO - [2025-06-26T23:03:19.955+0000] {dagbag.py:588} INFO - Filling up the DagBag from /home/airflow/.local/lib/python3.12/site-packages/airflow/example_dags/example_skip_dag.py
[2025-06-26T23:03:19.963+0000] {processor.py:925} INFO - DAG(s) 'example_skip_dag' retrieved from /home/airflow/.local/lib/python3.12/site-packages/airflow/example_dags/example_skip_dag.py
[2025-06-26T23:03:19.988+0000] {logging_mixin.py:190} INFO - [2025-06-26T23:03:19.988+0000] {dag.py:3239} INFO - Sync 1 DAGs
[2025-06-26T23:03:20.013+0000] {logging_mixin.py:190} INFO - [2025-06-26T23:03:20.013+0000] {dag.py:4180} INFO - Setting next_dagrun for example_skip_dag to 2025-06-25 00:00:00+00:00, run_after=2025-06-26 00:00:00+00:00
[2025-06-26T23:03:20.035+0000] {processor.py:208} INFO - Processing /home/airflow/.local/lib/python3.12/site-packages/airflow/example_dags/example_skip_dag.py took 0.090 seconds
[2025-06-26T23:03:50.119+0000] {processor.py:186} INFO - Started process (PID=2562) to work on /home/airflow/.local/lib/python3.12/site-packages/airflow/example_dags/example_skip_dag.py
[2025-06-26T23:03:50.120+0000] {processor.py:914} INFO - Processing file /home/airflow/.local/lib/python3.12/site-packages/airflow/example_dags/example_skip_dag.py for tasks to queue
[2025-06-26T23:03:50.123+0000] {logging_mixin.py:190} INFO - [2025-06-26T23:03:50.122+0000] {dagbag.py:588} INFO - Filling up the DagBag from /home/airflow/.local/lib/python3.12/site-packages/airflow/example_dags/example_skip_dag.py
[2025-06-26T23:03:50.130+0000] {processor.py:925} INFO - DAG(s) 'example_skip_dag' retrieved from /home/airflow/.local/lib/python3.12/site-packages/airflow/example_dags/example_skip_dag.py
[2025-06-26T23:03:50.151+0000] {logging_mixin.py:190} INFO - [2025-06-26T23:03:50.150+0000] {dag.py:3239} INFO - Sync 1 DAGs
[2025-06-26T23:03:50.169+0000] {logging_mixin.py:190} INFO - [2025-06-26T23:03:50.169+0000] {dag.py:4180} INFO - Setting next_dagrun for example_skip_dag to 2025-06-25 00:00:00+00:00, run_after=2025-06-26 00:00:00+00:00
[2025-06-26T23:03:50.186+0000] {processor.py:208} INFO - Processing /home/airflow/.local/lib/python3.12/site-packages/airflow/example_dags/example_skip_dag.py took 0.073 seconds
[2025-06-26T23:04:20.416+0000] {processor.py:186} INFO - Started process (PID=2624) to work on /home/airflow/.local/lib/python3.12/site-packages/airflow/example_dags/example_skip_dag.py
[2025-06-26T23:04:20.417+0000] {processor.py:914} INFO - Processing file /home/airflow/.local/lib/python3.12/site-packages/airflow/example_dags/example_skip_dag.py for tasks to queue
[2025-06-26T23:04:20.420+0000] {logging_mixin.py:190} INFO - [2025-06-26T23:04:20.419+0000] {dagbag.py:588} INFO - Filling up the DagBag from /home/airflow/.local/lib/python3.12/site-packages/airflow/example_dags/example_skip_dag.py
[2025-06-26T23:04:20.428+0000] {processor.py:925} INFO - DAG(s) 'example_skip_dag' retrieved from /home/airflow/.local/lib/python3.12/site-packages/airflow/example_dags/example_skip_dag.py
[2025-06-26T23:04:20.452+0000] {logging_mixin.py:190} INFO - [2025-06-26T23:04:20.452+0000] {dag.py:3239} INFO - Sync 1 DAGs
[2025-06-26T23:04:20.471+0000] {logging_mixin.py:190} INFO - [2025-06-26T23:04:20.471+0000] {dag.py:4180} INFO - Setting next_dagrun for example_skip_dag to 2025-06-25 00:00:00+00:00, run_after=2025-06-26 00:00:00+00:00
[2025-06-26T23:04:20.490+0000] {processor.py:208} INFO - Processing /home/airflow/.local/lib/python3.12/site-packages/airflow/example_dags/example_skip_dag.py took 0.079 seconds
[2025-06-26T23:04:51.716+0000] {processor.py:186} INFO - Started process (PID=2686) to work on /home/airflow/.local/lib/python3.12/site-packages/airflow/example_dags/example_skip_dag.py
[2025-06-26T23:04:51.718+0000] {processor.py:914} INFO - Processing file /home/airflow/.local/lib/python3.12/site-packages/airflow/example_dags/example_skip_dag.py for tasks to queue
[2025-06-26T23:04:51.720+0000] {logging_mixin.py:190} INFO - [2025-06-26T23:04:51.719+0000] {dagbag.py:588} INFO - Filling up the DagBag from /home/airflow/.local/lib/python3.12/site-packages/airflow/example_dags/example_skip_dag.py
[2025-06-26T23:04:51.727+0000] {processor.py:925} INFO - DAG(s) 'example_skip_dag' retrieved from /home/airflow/.local/lib/python3.12/site-packages/airflow/example_dags/example_skip_dag.py
[2025-06-26T23:04:51.749+0000] {logging_mixin.py:190} INFO - [2025-06-26T23:04:51.749+0000] {dag.py:3239} INFO - Sync 1 DAGs
[2025-06-26T23:04:51.771+0000] {logging_mixin.py:190} INFO - [2025-06-26T23:04:51.771+0000] {dag.py:4180} INFO - Setting next_dagrun for example_skip_dag to 2025-06-25 00:00:00+00:00, run_after=2025-06-26 00:00:00+00:00
[2025-06-26T23:04:51.795+0000] {processor.py:208} INFO - Processing /home/airflow/.local/lib/python3.12/site-packages/airflow/example_dags/example_skip_dag.py took 0.084 seconds
[2025-06-26T23:05:21.933+0000] {processor.py:186} INFO - Started process (PID=2748) to work on /home/airflow/.local/lib/python3.12/site-packages/airflow/example_dags/example_skip_dag.py
[2025-06-26T23:05:21.934+0000] {processor.py:914} INFO - Processing file /home/airflow/.local/lib/python3.12/site-packages/airflow/example_dags/example_skip_dag.py for tasks to queue
[2025-06-26T23:05:21.936+0000] {logging_mixin.py:190} INFO - [2025-06-26T23:05:21.936+0000] {dagbag.py:588} INFO - Filling up the DagBag from /home/airflow/.local/lib/python3.12/site-packages/airflow/example_dags/example_skip_dag.py
[2025-06-26T23:05:21.943+0000] {processor.py:925} INFO - DAG(s) 'example_skip_dag' retrieved from /home/airflow/.local/lib/python3.12/site-packages/airflow/example_dags/example_skip_dag.py
[2025-06-26T23:05:21.966+0000] {logging_mixin.py:190} INFO - [2025-06-26T23:05:21.966+0000] {dag.py:3239} INFO - Sync 1 DAGs
[2025-06-26T23:05:21.986+0000] {logging_mixin.py:190} INFO - [2025-06-26T23:05:21.986+0000] {dag.py:4180} INFO - Setting next_dagrun for example_skip_dag to 2025-06-25 00:00:00+00:00, run_after=2025-06-26 00:00:00+00:00
[2025-06-26T23:05:22.005+0000] {processor.py:208} INFO - Processing /home/airflow/.local/lib/python3.12/site-packages/airflow/example_dags/example_skip_dag.py took 0.078 seconds
[2025-06-26T23:05:52.158+0000] {processor.py:186} INFO - Started process (PID=2810) to work on /home/airflow/.local/lib/python3.12/site-packages/airflow/example_dags/example_skip_dag.py
[2025-06-26T23:05:52.160+0000] {processor.py:914} INFO - Processing file /home/airflow/.local/lib/python3.12/site-packages/airflow/example_dags/example_skip_dag.py for tasks to queue
[2025-06-26T23:05:52.162+0000] {logging_mixin.py:190} INFO - [2025-06-26T23:05:52.161+0000] {dagbag.py:588} INFO - Filling up the DagBag from /home/airflow/.local/lib/python3.12/site-packages/airflow/example_dags/example_skip_dag.py
[2025-06-26T23:05:52.168+0000] {processor.py:925} INFO - DAG(s) 'example_skip_dag' retrieved from /home/airflow/.local/lib/python3.12/site-packages/airflow/example_dags/example_skip_dag.py
[2025-06-26T23:05:52.187+0000] {logging_mixin.py:190} INFO - [2025-06-26T23:05:52.187+0000] {dag.py:3239} INFO - Sync 1 DAGs
[2025-06-26T23:05:52.209+0000] {logging_mixin.py:190} INFO - [2025-06-26T23:05:52.209+0000] {dag.py:4180} INFO - Setting next_dagrun for example_skip_dag to 2025-06-25 00:00:00+00:00, run_after=2025-06-26 00:00:00+00:00
[2025-06-26T23:05:52.228+0000] {processor.py:208} INFO - Processing /home/airflow/.local/lib/python3.12/site-packages/airflow/example_dags/example_skip_dag.py took 0.074 seconds
[2025-06-26T23:06:23.084+0000] {processor.py:186} INFO - Started process (PID=2872) to work on /home/airflow/.local/lib/python3.12/site-packages/airflow/example_dags/example_skip_dag.py
[2025-06-26T23:06:23.085+0000] {processor.py:914} INFO - Processing file /home/airflow/.local/lib/python3.12/site-packages/airflow/example_dags/example_skip_dag.py for tasks to queue
[2025-06-26T23:06:23.088+0000] {logging_mixin.py:190} INFO - [2025-06-26T23:06:23.087+0000] {dagbag.py:588} INFO - Filling up the DagBag from /home/airflow/.local/lib/python3.12/site-packages/airflow/example_dags/example_skip_dag.py
[2025-06-26T23:06:23.096+0000] {processor.py:925} INFO - DAG(s) 'example_skip_dag' retrieved from /home/airflow/.local/lib/python3.12/site-packages/airflow/example_dags/example_skip_dag.py
[2025-06-26T23:06:23.117+0000] {logging_mixin.py:190} INFO - [2025-06-26T23:06:23.117+0000] {dag.py:3239} INFO - Sync 1 DAGs
[2025-06-26T23:06:23.138+0000] {logging_mixin.py:190} INFO - [2025-06-26T23:06:23.138+0000] {dag.py:4180} INFO - Setting next_dagrun for example_skip_dag to 2025-06-25 00:00:00+00:00, run_after=2025-06-26 00:00:00+00:00
[2025-06-26T23:06:23.158+0000] {processor.py:208} INFO - Processing /home/airflow/.local/lib/python3.12/site-packages/airflow/example_dags/example_skip_dag.py took 0.079 seconds
[2025-06-26T23:06:53.939+0000] {processor.py:186} INFO - Started process (PID=2934) to work on /home/airflow/.local/lib/python3.12/site-packages/airflow/example_dags/example_skip_dag.py
[2025-06-26T23:06:53.941+0000] {processor.py:914} INFO - Processing file /home/airflow/.local/lib/python3.12/site-packages/airflow/example_dags/example_skip_dag.py for tasks to queue
[2025-06-26T23:06:53.943+0000] {logging_mixin.py:190} INFO - [2025-06-26T23:06:53.943+0000] {dagbag.py:588} INFO - Filling up the DagBag from /home/airflow/.local/lib/python3.12/site-packages/airflow/example_dags/example_skip_dag.py
[2025-06-26T23:06:53.951+0000] {processor.py:925} INFO - DAG(s) 'example_skip_dag' retrieved from /home/airflow/.local/lib/python3.12/site-packages/airflow/example_dags/example_skip_dag.py
[2025-06-26T23:06:53.970+0000] {logging_mixin.py:190} INFO - [2025-06-26T23:06:53.970+0000] {dag.py:3239} INFO - Sync 1 DAGs
[2025-06-26T23:06:53.989+0000] {logging_mixin.py:190} INFO - [2025-06-26T23:06:53.989+0000] {dag.py:4180} INFO - Setting next_dagrun for example_skip_dag to 2025-06-25 00:00:00+00:00, run_after=2025-06-26 00:00:00+00:00
[2025-06-26T23:06:54.008+0000] {processor.py:208} INFO - Processing /home/airflow/.local/lib/python3.12/site-packages/airflow/example_dags/example_skip_dag.py took 0.074 seconds
[2025-06-26T23:07:24.657+0000] {processor.py:186} INFO - Started process (PID=2996) to work on /home/airflow/.local/lib/python3.12/site-packages/airflow/example_dags/example_skip_dag.py
[2025-06-26T23:07:24.658+0000] {processor.py:914} INFO - Processing file /home/airflow/.local/lib/python3.12/site-packages/airflow/example_dags/example_skip_dag.py for tasks to queue
[2025-06-26T23:07:24.660+0000] {logging_mixin.py:190} INFO - [2025-06-26T23:07:24.660+0000] {dagbag.py:588} INFO - Filling up the DagBag from /home/airflow/.local/lib/python3.12/site-packages/airflow/example_dags/example_skip_dag.py
[2025-06-26T23:07:24.667+0000] {processor.py:925} INFO - DAG(s) 'example_skip_dag' retrieved from /home/airflow/.local/lib/python3.12/site-packages/airflow/example_dags/example_skip_dag.py
[2025-06-26T23:07:24.686+0000] {logging_mixin.py:190} INFO - [2025-06-26T23:07:24.686+0000] {dag.py:3239} INFO - Sync 1 DAGs
[2025-06-26T23:07:24.707+0000] {logging_mixin.py:190} INFO - [2025-06-26T23:07:24.707+0000] {dag.py:4180} INFO - Setting next_dagrun for example_skip_dag to 2025-06-25 00:00:00+00:00, run_after=2025-06-26 00:00:00+00:00
[2025-06-26T23:07:24.727+0000] {processor.py:208} INFO - Processing /home/airflow/.local/lib/python3.12/site-packages/airflow/example_dags/example_skip_dag.py took 0.076 seconds
[2025-06-26T23:07:55.808+0000] {processor.py:186} INFO - Started process (PID=3058) to work on /home/airflow/.local/lib/python3.12/site-packages/airflow/example_dags/example_skip_dag.py
[2025-06-26T23:07:55.809+0000] {processor.py:914} INFO - Processing file /home/airflow/.local/lib/python3.12/site-packages/airflow/example_dags/example_skip_dag.py for tasks to queue
[2025-06-26T23:07:55.812+0000] {logging_mixin.py:190} INFO - [2025-06-26T23:07:55.811+0000] {dagbag.py:588} INFO - Filling up the DagBag from /home/airflow/.local/lib/python3.12/site-packages/airflow/example_dags/example_skip_dag.py
[2025-06-26T23:07:55.819+0000] {processor.py:925} INFO - DAG(s) 'example_skip_dag' retrieved from /home/airflow/.local/lib/python3.12/site-packages/airflow/example_dags/example_skip_dag.py
[2025-06-26T23:07:55.837+0000] {logging_mixin.py:190} INFO - [2025-06-26T23:07:55.837+0000] {dag.py:3239} INFO - Sync 1 DAGs
[2025-06-26T23:07:55.860+0000] {logging_mixin.py:190} INFO - [2025-06-26T23:07:55.859+0000] {dag.py:4180} INFO - Setting next_dagrun for example_skip_dag to 2025-06-25 00:00:00+00:00, run_after=2025-06-26 00:00:00+00:00
[2025-06-26T23:07:55.879+0000] {processor.py:208} INFO - Processing /home/airflow/.local/lib/python3.12/site-packages/airflow/example_dags/example_skip_dag.py took 0.077 seconds
[2025-06-26T23:08:26.673+0000] {processor.py:186} INFO - Started process (PID=3120) to work on /home/airflow/.local/lib/python3.12/site-packages/airflow/example_dags/example_skip_dag.py
[2025-06-26T23:08:26.675+0000] {processor.py:914} INFO - Processing file /home/airflow/.local/lib/python3.12/site-packages/airflow/example_dags/example_skip_dag.py for tasks to queue
[2025-06-26T23:08:26.677+0000] {logging_mixin.py:190} INFO - [2025-06-26T23:08:26.677+0000] {dagbag.py:588} INFO - Filling up the DagBag from /home/airflow/.local/lib/python3.12/site-packages/airflow/example_dags/example_skip_dag.py
[2025-06-26T23:08:26.685+0000] {processor.py:925} INFO - DAG(s) 'example_skip_dag' retrieved from /home/airflow/.local/lib/python3.12/site-packages/airflow/example_dags/example_skip_dag.py
[2025-06-26T23:08:26.704+0000] {logging_mixin.py:190} INFO - [2025-06-26T23:08:26.704+0000] {dag.py:3239} INFO - Sync 1 DAGs
[2025-06-26T23:08:26.725+0000] {logging_mixin.py:190} INFO - [2025-06-26T23:08:26.725+0000] {dag.py:4180} INFO - Setting next_dagrun for example_skip_dag to 2025-06-25 00:00:00+00:00, run_after=2025-06-26 00:00:00+00:00
[2025-06-26T23:08:26.746+0000] {processor.py:208} INFO - Processing /home/airflow/.local/lib/python3.12/site-packages/airflow/example_dags/example_skip_dag.py took 0.078 seconds
[2025-06-26T23:08:57.466+0000] {processor.py:186} INFO - Started process (PID=3182) to work on /home/airflow/.local/lib/python3.12/site-packages/airflow/example_dags/example_skip_dag.py
[2025-06-26T23:08:57.467+0000] {processor.py:914} INFO - Processing file /home/airflow/.local/lib/python3.12/site-packages/airflow/example_dags/example_skip_dag.py for tasks to queue
[2025-06-26T23:08:57.470+0000] {logging_mixin.py:190} INFO - [2025-06-26T23:08:57.469+0000] {dagbag.py:588} INFO - Filling up the DagBag from /home/airflow/.local/lib/python3.12/site-packages/airflow/example_dags/example_skip_dag.py
[2025-06-26T23:08:57.477+0000] {processor.py:925} INFO - DAG(s) 'example_skip_dag' retrieved from /home/airflow/.local/lib/python3.12/site-packages/airflow/example_dags/example_skip_dag.py
[2025-06-26T23:08:57.504+0000] {logging_mixin.py:190} INFO - [2025-06-26T23:08:57.504+0000] {dag.py:3239} INFO - Sync 1 DAGs
[2025-06-26T23:08:57.529+0000] {logging_mixin.py:190} INFO - [2025-06-26T23:08:57.529+0000] {dag.py:4180} INFO - Setting next_dagrun for example_skip_dag to 2025-06-25 00:00:00+00:00, run_after=2025-06-26 00:00:00+00:00
[2025-06-26T23:08:57.550+0000] {processor.py:208} INFO - Processing /home/airflow/.local/lib/python3.12/site-packages/airflow/example_dags/example_skip_dag.py took 0.089 seconds
[2025-06-26T23:09:28.658+0000] {processor.py:186} INFO - Started process (PID=3244) to work on /home/airflow/.local/lib/python3.12/site-packages/airflow/example_dags/example_skip_dag.py
[2025-06-26T23:09:28.659+0000] {processor.py:914} INFO - Processing file /home/airflow/.local/lib/python3.12/site-packages/airflow/example_dags/example_skip_dag.py for tasks to queue
[2025-06-26T23:09:28.662+0000] {logging_mixin.py:190} INFO - [2025-06-26T23:09:28.661+0000] {dagbag.py:588} INFO - Filling up the DagBag from /home/airflow/.local/lib/python3.12/site-packages/airflow/example_dags/example_skip_dag.py
[2025-06-26T23:09:28.669+0000] {processor.py:925} INFO - DAG(s) 'example_skip_dag' retrieved from /home/airflow/.local/lib/python3.12/site-packages/airflow/example_dags/example_skip_dag.py
[2025-06-26T23:09:28.689+0000] {logging_mixin.py:190} INFO - [2025-06-26T23:09:28.689+0000] {dag.py:3239} INFO - Sync 1 DAGs
[2025-06-26T23:09:28.712+0000] {logging_mixin.py:190} INFO - [2025-06-26T23:09:28.711+0000] {dag.py:4180} INFO - Setting next_dagrun for example_skip_dag to 2025-06-25 00:00:00+00:00, run_after=2025-06-26 00:00:00+00:00
[2025-06-26T23:09:28.731+0000] {processor.py:208} INFO - Processing /home/airflow/.local/lib/python3.12/site-packages/airflow/example_dags/example_skip_dag.py took 0.078 seconds
[2025-06-26T23:09:59.466+0000] {processor.py:186} INFO - Started process (PID=3306) to work on /home/airflow/.local/lib/python3.12/site-packages/airflow/example_dags/example_skip_dag.py
[2025-06-26T23:09:59.467+0000] {processor.py:914} INFO - Processing file /home/airflow/.local/lib/python3.12/site-packages/airflow/example_dags/example_skip_dag.py for tasks to queue
[2025-06-26T23:09:59.470+0000] {logging_mixin.py:190} INFO - [2025-06-26T23:09:59.469+0000] {dagbag.py:588} INFO - Filling up the DagBag from /home/airflow/.local/lib/python3.12/site-packages/airflow/example_dags/example_skip_dag.py
[2025-06-26T23:09:59.476+0000] {processor.py:925} INFO - DAG(s) 'example_skip_dag' retrieved from /home/airflow/.local/lib/python3.12/site-packages/airflow/example_dags/example_skip_dag.py
[2025-06-26T23:09:59.496+0000] {logging_mixin.py:190} INFO - [2025-06-26T23:09:59.495+0000] {dag.py:3239} INFO - Sync 1 DAGs
[2025-06-26T23:09:59.514+0000] {logging_mixin.py:190} INFO - [2025-06-26T23:09:59.514+0000] {dag.py:4180} INFO - Setting next_dagrun for example_skip_dag to 2025-06-25 00:00:00+00:00, run_after=2025-06-26 00:00:00+00:00
[2025-06-26T23:09:59.537+0000] {processor.py:208} INFO - Processing /home/airflow/.local/lib/python3.12/site-packages/airflow/example_dags/example_skip_dag.py took 0.076 seconds
[2025-06-26T23:10:30.436+0000] {processor.py:186} INFO - Started process (PID=3368) to work on /home/airflow/.local/lib/python3.12/site-packages/airflow/example_dags/example_skip_dag.py
[2025-06-26T23:10:30.437+0000] {processor.py:914} INFO - Processing file /home/airflow/.local/lib/python3.12/site-packages/airflow/example_dags/example_skip_dag.py for tasks to queue
[2025-06-26T23:10:30.440+0000] {logging_mixin.py:190} INFO - [2025-06-26T23:10:30.440+0000] {dagbag.py:588} INFO - Filling up the DagBag from /home/airflow/.local/lib/python3.12/site-packages/airflow/example_dags/example_skip_dag.py
[2025-06-26T23:10:30.448+0000] {processor.py:925} INFO - DAG(s) 'example_skip_dag' retrieved from /home/airflow/.local/lib/python3.12/site-packages/airflow/example_dags/example_skip_dag.py
[2025-06-26T23:10:30.469+0000] {logging_mixin.py:190} INFO - [2025-06-26T23:10:30.469+0000] {dag.py:3239} INFO - Sync 1 DAGs
[2025-06-26T23:10:30.491+0000] {logging_mixin.py:190} INFO - [2025-06-26T23:10:30.491+0000] {dag.py:4180} INFO - Setting next_dagrun for example_skip_dag to 2025-06-25 00:00:00+00:00, run_after=2025-06-26 00:00:00+00:00
[2025-06-26T23:10:30.513+0000] {processor.py:208} INFO - Processing /home/airflow/.local/lib/python3.12/site-packages/airflow/example_dags/example_skip_dag.py took 0.082 seconds
