[2025-06-26T22:43:33.365+0000] {processor.py:186} INFO - Started process (PID=89) to work on /home/airflow/.local/lib/python3.12/site-packages/airflow/example_dags/example_branch_operator.py
[2025-06-26T22:43:33.366+0000] {processor.py:914} INFO - Processing file /home/airflow/.local/lib/python3.12/site-packages/airflow/example_dags/example_branch_operator.py for tasks to queue
[2025-06-26T22:43:33.368+0000] {logging_mixin.py:190} INFO - [2025-06-26T22:43:33.368+0000] {dagbag.py:588} INFO - Filling up the DagBag from /home/airflow/.local/lib/python3.12/site-packages/airflow/example_dags/example_branch_operator.py
[2025-06-26T22:43:33.387+0000] {processor.py:925} INFO - DAG(s) 'example_branch_operator' retrieved from /home/airflow/.local/lib/python3.12/site-packages/airflow/example_dags/example_branch_operator.py
[2025-06-26T22:43:33.506+0000] {logging_mixin.py:190} INFO - [2025-06-26T22:43:33.505+0000] {override.py:1900} INFO - Created Permission View: can read on DAG:example_branch_operator
[2025-06-26T22:43:33.518+0000] {logging_mixin.py:190} INFO - [2025-06-26T22:43:33.518+0000] {override.py:1900} INFO - Created Permission View: can edit on DAG:example_branch_operator
[2025-06-26T22:43:33.528+0000] {logging_mixin.py:190} INFO - [2025-06-26T22:43:33.527+0000] {override.py:1900} INFO - Created Permission View: can delete on DAG:example_branch_operator
[2025-06-26T22:43:33.540+0000] {logging_mixin.py:190} INFO - [2025-06-26T22:43:33.540+0000] {override.py:1900} INFO - Created Permission View: can read on DAG Run:example_branch_operator
[2025-06-26T22:43:33.548+0000] {logging_mixin.py:190} INFO - [2025-06-26T22:43:33.548+0000] {override.py:1900} INFO - Created Permission View: can delete on DAG Run:example_branch_operator
[2025-06-26T22:43:33.557+0000] {logging_mixin.py:190} INFO - [2025-06-26T22:43:33.557+0000] {override.py:1900} INFO - Created Permission View: menu access on DAG Run:example_branch_operator
[2025-06-26T22:43:33.565+0000] {logging_mixin.py:190} INFO - [2025-06-26T22:43:33.565+0000] {override.py:1900} INFO - Created Permission View: can create on DAG Run:example_branch_operator
[2025-06-26T22:43:33.566+0000] {logging_mixin.py:190} INFO - [2025-06-26T22:43:33.565+0000] {dag.py:3239} INFO - Sync 1 DAGs
[2025-06-26T22:43:33.576+0000] {logging_mixin.py:190} INFO - [2025-06-26T22:43:33.575+0000] {dag.py:3262} INFO - Creating ORM DAG for example_branch_operator
[2025-06-26T22:43:33.590+0000] {logging_mixin.py:190} INFO - [2025-06-26T22:43:33.589+0000] {dag.py:4180} INFO - Setting next_dagrun for example_branch_operator to 2025-06-25 00:00:00+00:00, run_after=2025-06-26 00:00:00+00:00
[2025-06-26T22:43:33.611+0000] {processor.py:208} INFO - Processing /home/airflow/.local/lib/python3.12/site-packages/airflow/example_dags/example_branch_operator.py took 0.252 seconds
[2025-06-26T22:44:04.361+0000] {processor.py:186} INFO - Started process (PID=151) to work on /home/airflow/.local/lib/python3.12/site-packages/airflow/example_dags/example_branch_operator.py
[2025-06-26T22:44:04.362+0000] {processor.py:914} INFO - Processing file /home/airflow/.local/lib/python3.12/site-packages/airflow/example_dags/example_branch_operator.py for tasks to queue
[2025-06-26T22:44:04.365+0000] {logging_mixin.py:190} INFO - [2025-06-26T22:44:04.365+0000] {dagbag.py:588} INFO - Filling up the DagBag from /home/airflow/.local/lib/python3.12/site-packages/airflow/example_dags/example_branch_operator.py
[2025-06-26T22:44:04.383+0000] {processor.py:925} INFO - DAG(s) 'example_branch_operator' retrieved from /home/airflow/.local/lib/python3.12/site-packages/airflow/example_dags/example_branch_operator.py
[2025-06-26T22:44:04.408+0000] {logging_mixin.py:190} INFO - [2025-06-26T22:44:04.408+0000] {dag.py:3239} INFO - Sync 1 DAGs
[2025-06-26T22:44:04.428+0000] {logging_mixin.py:190} INFO - [2025-06-26T22:44:04.428+0000] {dag.py:4180} INFO - Setting next_dagrun for example_branch_operator to 2025-06-25 00:00:00+00:00, run_after=2025-06-26 00:00:00+00:00
[2025-06-26T22:44:04.449+0000] {processor.py:208} INFO - Processing /home/airflow/.local/lib/python3.12/site-packages/airflow/example_dags/example_branch_operator.py took 0.094 seconds
[2025-06-26T22:44:34.781+0000] {processor.py:186} INFO - Started process (PID=213) to work on /home/airflow/.local/lib/python3.12/site-packages/airflow/example_dags/example_branch_operator.py
[2025-06-26T22:44:34.783+0000] {processor.py:914} INFO - Processing file /home/airflow/.local/lib/python3.12/site-packages/airflow/example_dags/example_branch_operator.py for tasks to queue
[2025-06-26T22:44:34.787+0000] {logging_mixin.py:190} INFO - [2025-06-26T22:44:34.787+0000] {dagbag.py:588} INFO - Filling up the DagBag from /home/airflow/.local/lib/python3.12/site-packages/airflow/example_dags/example_branch_operator.py
[2025-06-26T22:44:34.815+0000] {processor.py:925} INFO - DAG(s) 'example_branch_operator' retrieved from /home/airflow/.local/lib/python3.12/site-packages/airflow/example_dags/example_branch_operator.py
[2025-06-26T22:44:34.843+0000] {logging_mixin.py:190} INFO - [2025-06-26T22:44:34.843+0000] {dag.py:3239} INFO - Sync 1 DAGs
[2025-06-26T22:44:34.867+0000] {logging_mixin.py:190} INFO - [2025-06-26T22:44:34.867+0000] {dag.py:4180} INFO - Setting next_dagrun for example_branch_operator to 2025-06-25 00:00:00+00:00, run_after=2025-06-26 00:00:00+00:00
[2025-06-26T22:44:34.890+0000] {processor.py:208} INFO - Processing /home/airflow/.local/lib/python3.12/site-packages/airflow/example_dags/example_branch_operator.py took 0.117 seconds
[2025-06-26T22:45:05.153+0000] {processor.py:186} INFO - Started process (PID=275) to work on /home/airflow/.local/lib/python3.12/site-packages/airflow/example_dags/example_branch_operator.py
[2025-06-26T22:45:05.154+0000] {processor.py:914} INFO - Processing file /home/airflow/.local/lib/python3.12/site-packages/airflow/example_dags/example_branch_operator.py for tasks to queue
[2025-06-26T22:45:05.157+0000] {logging_mixin.py:190} INFO - [2025-06-26T22:45:05.156+0000] {dagbag.py:588} INFO - Filling up the DagBag from /home/airflow/.local/lib/python3.12/site-packages/airflow/example_dags/example_branch_operator.py
[2025-06-26T22:45:05.174+0000] {processor.py:925} INFO - DAG(s) 'example_branch_operator' retrieved from /home/airflow/.local/lib/python3.12/site-packages/airflow/example_dags/example_branch_operator.py
[2025-06-26T22:45:05.199+0000] {logging_mixin.py:190} INFO - [2025-06-26T22:45:05.199+0000] {dag.py:3239} INFO - Sync 1 DAGs
[2025-06-26T22:45:05.220+0000] {logging_mixin.py:190} INFO - [2025-06-26T22:45:05.219+0000] {dag.py:4180} INFO - Setting next_dagrun for example_branch_operator to 2025-06-25 00:00:00+00:00, run_after=2025-06-26 00:00:00+00:00
[2025-06-26T22:45:05.239+0000] {processor.py:208} INFO - Processing /home/airflow/.local/lib/python3.12/site-packages/airflow/example_dags/example_branch_operator.py took 0.093 seconds
[2025-06-26T22:45:35.608+0000] {processor.py:186} INFO - Started process (PID=337) to work on /home/airflow/.local/lib/python3.12/site-packages/airflow/example_dags/example_branch_operator.py
[2025-06-26T22:45:35.609+0000] {processor.py:914} INFO - Processing file /home/airflow/.local/lib/python3.12/site-packages/airflow/example_dags/example_branch_operator.py for tasks to queue
[2025-06-26T22:45:35.611+0000] {logging_mixin.py:190} INFO - [2025-06-26T22:45:35.611+0000] {dagbag.py:588} INFO - Filling up the DagBag from /home/airflow/.local/lib/python3.12/site-packages/airflow/example_dags/example_branch_operator.py
[2025-06-26T22:45:35.628+0000] {processor.py:925} INFO - DAG(s) 'example_branch_operator' retrieved from /home/airflow/.local/lib/python3.12/site-packages/airflow/example_dags/example_branch_operator.py
[2025-06-26T22:45:35.652+0000] {logging_mixin.py:190} INFO - [2025-06-26T22:45:35.652+0000] {dag.py:3239} INFO - Sync 1 DAGs
[2025-06-26T22:45:35.676+0000] {logging_mixin.py:190} INFO - [2025-06-26T22:45:35.676+0000] {dag.py:4180} INFO - Setting next_dagrun for example_branch_operator to 2025-06-25 00:00:00+00:00, run_after=2025-06-26 00:00:00+00:00
[2025-06-26T22:45:35.697+0000] {processor.py:208} INFO - Processing /home/airflow/.local/lib/python3.12/site-packages/airflow/example_dags/example_branch_operator.py took 0.094 seconds
[2025-06-26T22:46:05.909+0000] {processor.py:186} INFO - Started process (PID=399) to work on /home/airflow/.local/lib/python3.12/site-packages/airflow/example_dags/example_branch_operator.py
[2025-06-26T22:46:05.910+0000] {processor.py:914} INFO - Processing file /home/airflow/.local/lib/python3.12/site-packages/airflow/example_dags/example_branch_operator.py for tasks to queue
[2025-06-26T22:46:05.914+0000] {logging_mixin.py:190} INFO - [2025-06-26T22:46:05.913+0000] {dagbag.py:588} INFO - Filling up the DagBag from /home/airflow/.local/lib/python3.12/site-packages/airflow/example_dags/example_branch_operator.py
[2025-06-26T22:46:05.937+0000] {processor.py:925} INFO - DAG(s) 'example_branch_operator' retrieved from /home/airflow/.local/lib/python3.12/site-packages/airflow/example_dags/example_branch_operator.py
[2025-06-26T22:46:05.960+0000] {logging_mixin.py:190} INFO - [2025-06-26T22:46:05.960+0000] {dag.py:3239} INFO - Sync 1 DAGs
[2025-06-26T22:46:05.981+0000] {logging_mixin.py:190} INFO - [2025-06-26T22:46:05.981+0000] {dag.py:4180} INFO - Setting next_dagrun for example_branch_operator to 2025-06-25 00:00:00+00:00, run_after=2025-06-26 00:00:00+00:00
[2025-06-26T22:46:06.005+0000] {processor.py:208} INFO - Processing /home/airflow/.local/lib/python3.12/site-packages/airflow/example_dags/example_branch_operator.py took 0.102 seconds
[2025-06-26T22:46:36.515+0000] {processor.py:186} INFO - Started process (PID=461) to work on /home/airflow/.local/lib/python3.12/site-packages/airflow/example_dags/example_branch_operator.py
[2025-06-26T22:46:36.516+0000] {processor.py:914} INFO - Processing file /home/airflow/.local/lib/python3.12/site-packages/airflow/example_dags/example_branch_operator.py for tasks to queue
[2025-06-26T22:46:36.519+0000] {logging_mixin.py:190} INFO - [2025-06-26T22:46:36.519+0000] {dagbag.py:588} INFO - Filling up the DagBag from /home/airflow/.local/lib/python3.12/site-packages/airflow/example_dags/example_branch_operator.py
[2025-06-26T22:46:36.535+0000] {processor.py:925} INFO - DAG(s) 'example_branch_operator' retrieved from /home/airflow/.local/lib/python3.12/site-packages/airflow/example_dags/example_branch_operator.py
[2025-06-26T22:46:36.560+0000] {logging_mixin.py:190} INFO - [2025-06-26T22:46:36.559+0000] {dag.py:3239} INFO - Sync 1 DAGs
[2025-06-26T22:46:36.588+0000] {logging_mixin.py:190} INFO - [2025-06-26T22:46:36.588+0000] {dag.py:4180} INFO - Setting next_dagrun for example_branch_operator to 2025-06-25 00:00:00+00:00, run_after=2025-06-26 00:00:00+00:00
[2025-06-26T22:46:36.617+0000] {processor.py:208} INFO - Processing /home/airflow/.local/lib/python3.12/site-packages/airflow/example_dags/example_branch_operator.py took 0.108 seconds
[2025-06-26T22:47:06.959+0000] {processor.py:186} INFO - Started process (PID=523) to work on /home/airflow/.local/lib/python3.12/site-packages/airflow/example_dags/example_branch_operator.py
[2025-06-26T22:47:06.960+0000] {processor.py:914} INFO - Processing file /home/airflow/.local/lib/python3.12/site-packages/airflow/example_dags/example_branch_operator.py for tasks to queue
[2025-06-26T22:47:06.962+0000] {logging_mixin.py:190} INFO - [2025-06-26T22:47:06.962+0000] {dagbag.py:588} INFO - Filling up the DagBag from /home/airflow/.local/lib/python3.12/site-packages/airflow/example_dags/example_branch_operator.py
[2025-06-26T22:47:06.979+0000] {processor.py:925} INFO - DAG(s) 'example_branch_operator' retrieved from /home/airflow/.local/lib/python3.12/site-packages/airflow/example_dags/example_branch_operator.py
[2025-06-26T22:47:07.001+0000] {logging_mixin.py:190} INFO - [2025-06-26T22:47:07.001+0000] {dag.py:3239} INFO - Sync 1 DAGs
[2025-06-26T22:47:07.020+0000] {logging_mixin.py:190} INFO - [2025-06-26T22:47:07.020+0000] {dag.py:4180} INFO - Setting next_dagrun for example_branch_operator to 2025-06-25 00:00:00+00:00, run_after=2025-06-26 00:00:00+00:00
[2025-06-26T22:47:07.039+0000] {processor.py:208} INFO - Processing /home/airflow/.local/lib/python3.12/site-packages/airflow/example_dags/example_branch_operator.py took 0.085 seconds
[2025-06-26T22:47:37.394+0000] {processor.py:186} INFO - Started process (PID=585) to work on /home/airflow/.local/lib/python3.12/site-packages/airflow/example_dags/example_branch_operator.py
[2025-06-26T22:47:37.395+0000] {processor.py:914} INFO - Processing file /home/airflow/.local/lib/python3.12/site-packages/airflow/example_dags/example_branch_operator.py for tasks to queue
[2025-06-26T22:47:37.398+0000] {logging_mixin.py:190} INFO - [2025-06-26T22:47:37.398+0000] {dagbag.py:588} INFO - Filling up the DagBag from /home/airflow/.local/lib/python3.12/site-packages/airflow/example_dags/example_branch_operator.py
[2025-06-26T22:47:37.414+0000] {processor.py:925} INFO - DAG(s) 'example_branch_operator' retrieved from /home/airflow/.local/lib/python3.12/site-packages/airflow/example_dags/example_branch_operator.py
[2025-06-26T22:47:37.438+0000] {logging_mixin.py:190} INFO - [2025-06-26T22:47:37.437+0000] {dag.py:3239} INFO - Sync 1 DAGs
[2025-06-26T22:47:37.458+0000] {logging_mixin.py:190} INFO - [2025-06-26T22:47:37.458+0000] {dag.py:4180} INFO - Setting next_dagrun for example_branch_operator to 2025-06-25 00:00:00+00:00, run_after=2025-06-26 00:00:00+00:00
[2025-06-26T22:47:37.479+0000] {processor.py:208} INFO - Processing /home/airflow/.local/lib/python3.12/site-packages/airflow/example_dags/example_branch_operator.py took 0.091 seconds
[2025-06-26T22:48:07.815+0000] {processor.py:186} INFO - Started process (PID=647) to work on /home/airflow/.local/lib/python3.12/site-packages/airflow/example_dags/example_branch_operator.py
[2025-06-26T22:48:07.816+0000] {processor.py:914} INFO - Processing file /home/airflow/.local/lib/python3.12/site-packages/airflow/example_dags/example_branch_operator.py for tasks to queue
[2025-06-26T22:48:07.818+0000] {logging_mixin.py:190} INFO - [2025-06-26T22:48:07.818+0000] {dagbag.py:588} INFO - Filling up the DagBag from /home/airflow/.local/lib/python3.12/site-packages/airflow/example_dags/example_branch_operator.py
[2025-06-26T22:48:07.834+0000] {processor.py:925} INFO - DAG(s) 'example_branch_operator' retrieved from /home/airflow/.local/lib/python3.12/site-packages/airflow/example_dags/example_branch_operator.py
[2025-06-26T22:48:07.858+0000] {logging_mixin.py:190} INFO - [2025-06-26T22:48:07.857+0000] {dag.py:3239} INFO - Sync 1 DAGs
[2025-06-26T22:48:07.882+0000] {logging_mixin.py:190} INFO - [2025-06-26T22:48:07.882+0000] {dag.py:4180} INFO - Setting next_dagrun for example_branch_operator to 2025-06-25 00:00:00+00:00, run_after=2025-06-26 00:00:00+00:00
[2025-06-26T22:48:07.902+0000] {processor.py:208} INFO - Processing /home/airflow/.local/lib/python3.12/site-packages/airflow/example_dags/example_branch_operator.py took 0.094 seconds
[2025-06-26T22:48:38.176+0000] {processor.py:186} INFO - Started process (PID=709) to work on /home/airflow/.local/lib/python3.12/site-packages/airflow/example_dags/example_branch_operator.py
[2025-06-26T22:48:38.177+0000] {processor.py:914} INFO - Processing file /home/airflow/.local/lib/python3.12/site-packages/airflow/example_dags/example_branch_operator.py for tasks to queue
[2025-06-26T22:48:38.179+0000] {logging_mixin.py:190} INFO - [2025-06-26T22:48:38.179+0000] {dagbag.py:588} INFO - Filling up the DagBag from /home/airflow/.local/lib/python3.12/site-packages/airflow/example_dags/example_branch_operator.py
[2025-06-26T22:48:38.195+0000] {processor.py:925} INFO - DAG(s) 'example_branch_operator' retrieved from /home/airflow/.local/lib/python3.12/site-packages/airflow/example_dags/example_branch_operator.py
[2025-06-26T22:48:38.217+0000] {logging_mixin.py:190} INFO - [2025-06-26T22:48:38.217+0000] {dag.py:3239} INFO - Sync 1 DAGs
[2025-06-26T22:48:38.239+0000] {logging_mixin.py:190} INFO - [2025-06-26T22:48:38.239+0000] {dag.py:4180} INFO - Setting next_dagrun for example_branch_operator to 2025-06-25 00:00:00+00:00, run_after=2025-06-26 00:00:00+00:00
[2025-06-26T22:48:38.258+0000] {processor.py:208} INFO - Processing /home/airflow/.local/lib/python3.12/site-packages/airflow/example_dags/example_branch_operator.py took 0.087 seconds
[2025-06-26T22:49:08.434+0000] {processor.py:186} INFO - Started process (PID=771) to work on /home/airflow/.local/lib/python3.12/site-packages/airflow/example_dags/example_branch_operator.py
[2025-06-26T22:49:08.435+0000] {processor.py:914} INFO - Processing file /home/airflow/.local/lib/python3.12/site-packages/airflow/example_dags/example_branch_operator.py for tasks to queue
[2025-06-26T22:49:08.437+0000] {logging_mixin.py:190} INFO - [2025-06-26T22:49:08.437+0000] {dagbag.py:588} INFO - Filling up the DagBag from /home/airflow/.local/lib/python3.12/site-packages/airflow/example_dags/example_branch_operator.py
[2025-06-26T22:49:08.455+0000] {processor.py:925} INFO - DAG(s) 'example_branch_operator' retrieved from /home/airflow/.local/lib/python3.12/site-packages/airflow/example_dags/example_branch_operator.py
[2025-06-26T22:49:08.481+0000] {logging_mixin.py:190} INFO - [2025-06-26T22:49:08.481+0000] {dag.py:3239} INFO - Sync 1 DAGs
[2025-06-26T22:49:08.507+0000] {logging_mixin.py:190} INFO - [2025-06-26T22:49:08.507+0000] {dag.py:4180} INFO - Setting next_dagrun for example_branch_operator to 2025-06-25 00:00:00+00:00, run_after=2025-06-26 00:00:00+00:00
[2025-06-26T22:49:08.529+0000] {processor.py:208} INFO - Processing /home/airflow/.local/lib/python3.12/site-packages/airflow/example_dags/example_branch_operator.py took 0.101 seconds
[2025-06-26T22:49:38.809+0000] {processor.py:186} INFO - Started process (PID=833) to work on /home/airflow/.local/lib/python3.12/site-packages/airflow/example_dags/example_branch_operator.py
[2025-06-26T22:49:38.810+0000] {processor.py:914} INFO - Processing file /home/airflow/.local/lib/python3.12/site-packages/airflow/example_dags/example_branch_operator.py for tasks to queue
[2025-06-26T22:49:38.813+0000] {logging_mixin.py:190} INFO - [2025-06-26T22:49:38.813+0000] {dagbag.py:588} INFO - Filling up the DagBag from /home/airflow/.local/lib/python3.12/site-packages/airflow/example_dags/example_branch_operator.py
[2025-06-26T22:49:38.830+0000] {processor.py:925} INFO - DAG(s) 'example_branch_operator' retrieved from /home/airflow/.local/lib/python3.12/site-packages/airflow/example_dags/example_branch_operator.py
[2025-06-26T22:49:38.855+0000] {logging_mixin.py:190} INFO - [2025-06-26T22:49:38.855+0000] {dag.py:3239} INFO - Sync 1 DAGs
[2025-06-26T22:49:38.877+0000] {logging_mixin.py:190} INFO - [2025-06-26T22:49:38.877+0000] {dag.py:4180} INFO - Setting next_dagrun for example_branch_operator to 2025-06-25 00:00:00+00:00, run_after=2025-06-26 00:00:00+00:00
[2025-06-26T22:49:38.896+0000] {processor.py:208} INFO - Processing /home/airflow/.local/lib/python3.12/site-packages/airflow/example_dags/example_branch_operator.py took 0.093 seconds
[2025-06-26T22:50:09.216+0000] {processor.py:186} INFO - Started process (PID=895) to work on /home/airflow/.local/lib/python3.12/site-packages/airflow/example_dags/example_branch_operator.py
[2025-06-26T22:50:09.217+0000] {processor.py:914} INFO - Processing file /home/airflow/.local/lib/python3.12/site-packages/airflow/example_dags/example_branch_operator.py for tasks to queue
[2025-06-26T22:50:09.219+0000] {logging_mixin.py:190} INFO - [2025-06-26T22:50:09.218+0000] {dagbag.py:588} INFO - Filling up the DagBag from /home/airflow/.local/lib/python3.12/site-packages/airflow/example_dags/example_branch_operator.py
[2025-06-26T22:50:09.236+0000] {processor.py:925} INFO - DAG(s) 'example_branch_operator' retrieved from /home/airflow/.local/lib/python3.12/site-packages/airflow/example_dags/example_branch_operator.py
[2025-06-26T22:50:09.259+0000] {logging_mixin.py:190} INFO - [2025-06-26T22:50:09.258+0000] {dag.py:3239} INFO - Sync 1 DAGs
[2025-06-26T22:50:09.278+0000] {logging_mixin.py:190} INFO - [2025-06-26T22:50:09.278+0000] {dag.py:4180} INFO - Setting next_dagrun for example_branch_operator to 2025-06-25 00:00:00+00:00, run_after=2025-06-26 00:00:00+00:00
[2025-06-26T22:50:09.297+0000] {processor.py:208} INFO - Processing /home/airflow/.local/lib/python3.12/site-packages/airflow/example_dags/example_branch_operator.py took 0.088 seconds
[2025-06-26T22:50:39.447+0000] {processor.py:186} INFO - Started process (PID=956) to work on /home/airflow/.local/lib/python3.12/site-packages/airflow/example_dags/example_branch_operator.py
[2025-06-26T22:50:39.448+0000] {processor.py:914} INFO - Processing file /home/airflow/.local/lib/python3.12/site-packages/airflow/example_dags/example_branch_operator.py for tasks to queue
[2025-06-26T22:50:39.450+0000] {logging_mixin.py:190} INFO - [2025-06-26T22:50:39.450+0000] {dagbag.py:588} INFO - Filling up the DagBag from /home/airflow/.local/lib/python3.12/site-packages/airflow/example_dags/example_branch_operator.py
[2025-06-26T22:50:39.468+0000] {processor.py:925} INFO - DAG(s) 'example_branch_operator' retrieved from /home/airflow/.local/lib/python3.12/site-packages/airflow/example_dags/example_branch_operator.py
[2025-06-26T22:50:39.492+0000] {logging_mixin.py:190} INFO - [2025-06-26T22:50:39.492+0000] {dag.py:3239} INFO - Sync 1 DAGs
[2025-06-26T22:50:39.514+0000] {logging_mixin.py:190} INFO - [2025-06-26T22:50:39.514+0000] {dag.py:4180} INFO - Setting next_dagrun for example_branch_operator to 2025-06-25 00:00:00+00:00, run_after=2025-06-26 00:00:00+00:00
[2025-06-26T22:50:39.536+0000] {processor.py:208} INFO - Processing /home/airflow/.local/lib/python3.12/site-packages/airflow/example_dags/example_branch_operator.py took 0.095 seconds
[2025-06-26T22:51:10.063+0000] {processor.py:186} INFO - Started process (PID=1018) to work on /home/airflow/.local/lib/python3.12/site-packages/airflow/example_dags/example_branch_operator.py
[2025-06-26T22:51:10.064+0000] {processor.py:914} INFO - Processing file /home/airflow/.local/lib/python3.12/site-packages/airflow/example_dags/example_branch_operator.py for tasks to queue
[2025-06-26T22:51:10.067+0000] {logging_mixin.py:190} INFO - [2025-06-26T22:51:10.066+0000] {dagbag.py:588} INFO - Filling up the DagBag from /home/airflow/.local/lib/python3.12/site-packages/airflow/example_dags/example_branch_operator.py
[2025-06-26T22:51:10.083+0000] {processor.py:925} INFO - DAG(s) 'example_branch_operator' retrieved from /home/airflow/.local/lib/python3.12/site-packages/airflow/example_dags/example_branch_operator.py
[2025-06-26T22:51:10.108+0000] {logging_mixin.py:190} INFO - [2025-06-26T22:51:10.107+0000] {dag.py:3239} INFO - Sync 1 DAGs
[2025-06-26T22:51:10.130+0000] {logging_mixin.py:190} INFO - [2025-06-26T22:51:10.130+0000] {dag.py:4180} INFO - Setting next_dagrun for example_branch_operator to 2025-06-25 00:00:00+00:00, run_after=2025-06-26 00:00:00+00:00
[2025-06-26T22:51:10.154+0000] {processor.py:208} INFO - Processing /home/airflow/.local/lib/python3.12/site-packages/airflow/example_dags/example_branch_operator.py took 0.096 seconds
[2025-06-26T22:51:40.383+0000] {processor.py:186} INFO - Started process (PID=1080) to work on /home/airflow/.local/lib/python3.12/site-packages/airflow/example_dags/example_branch_operator.py
[2025-06-26T22:51:40.384+0000] {processor.py:914} INFO - Processing file /home/airflow/.local/lib/python3.12/site-packages/airflow/example_dags/example_branch_operator.py for tasks to queue
[2025-06-26T22:51:40.387+0000] {logging_mixin.py:190} INFO - [2025-06-26T22:51:40.386+0000] {dagbag.py:588} INFO - Filling up the DagBag from /home/airflow/.local/lib/python3.12/site-packages/airflow/example_dags/example_branch_operator.py
[2025-06-26T22:51:40.402+0000] {processor.py:925} INFO - DAG(s) 'example_branch_operator' retrieved from /home/airflow/.local/lib/python3.12/site-packages/airflow/example_dags/example_branch_operator.py
[2025-06-26T22:51:40.426+0000] {logging_mixin.py:190} INFO - [2025-06-26T22:51:40.425+0000] {dag.py:3239} INFO - Sync 1 DAGs
[2025-06-26T22:51:40.448+0000] {logging_mixin.py:190} INFO - [2025-06-26T22:51:40.448+0000] {dag.py:4180} INFO - Setting next_dagrun for example_branch_operator to 2025-06-25 00:00:00+00:00, run_after=2025-06-26 00:00:00+00:00
[2025-06-26T22:51:40.473+0000] {processor.py:208} INFO - Processing /home/airflow/.local/lib/python3.12/site-packages/airflow/example_dags/example_branch_operator.py took 0.095 seconds
[2025-06-26T22:52:10.743+0000] {processor.py:186} INFO - Started process (PID=1142) to work on /home/airflow/.local/lib/python3.12/site-packages/airflow/example_dags/example_branch_operator.py
[2025-06-26T22:52:10.744+0000] {processor.py:914} INFO - Processing file /home/airflow/.local/lib/python3.12/site-packages/airflow/example_dags/example_branch_operator.py for tasks to queue
[2025-06-26T22:52:10.746+0000] {logging_mixin.py:190} INFO - [2025-06-26T22:52:10.746+0000] {dagbag.py:588} INFO - Filling up the DagBag from /home/airflow/.local/lib/python3.12/site-packages/airflow/example_dags/example_branch_operator.py
[2025-06-26T22:52:10.763+0000] {processor.py:925} INFO - DAG(s) 'example_branch_operator' retrieved from /home/airflow/.local/lib/python3.12/site-packages/airflow/example_dags/example_branch_operator.py
[2025-06-26T22:52:10.788+0000] {logging_mixin.py:190} INFO - [2025-06-26T22:52:10.788+0000] {dag.py:3239} INFO - Sync 1 DAGs
[2025-06-26T22:52:10.811+0000] {logging_mixin.py:190} INFO - [2025-06-26T22:52:10.810+0000] {dag.py:4180} INFO - Setting next_dagrun for example_branch_operator to 2025-06-25 00:00:00+00:00, run_after=2025-06-26 00:00:00+00:00
[2025-06-26T22:52:10.833+0000] {processor.py:208} INFO - Processing /home/airflow/.local/lib/python3.12/site-packages/airflow/example_dags/example_branch_operator.py took 0.096 seconds
[2025-06-26T22:52:40.910+0000] {processor.py:186} INFO - Started process (PID=1204) to work on /home/airflow/.local/lib/python3.12/site-packages/airflow/example_dags/example_branch_operator.py
[2025-06-26T22:52:40.911+0000] {processor.py:914} INFO - Processing file /home/airflow/.local/lib/python3.12/site-packages/airflow/example_dags/example_branch_operator.py for tasks to queue
[2025-06-26T22:52:40.914+0000] {logging_mixin.py:190} INFO - [2025-06-26T22:52:40.914+0000] {dagbag.py:588} INFO - Filling up the DagBag from /home/airflow/.local/lib/python3.12/site-packages/airflow/example_dags/example_branch_operator.py
[2025-06-26T22:52:40.931+0000] {processor.py:925} INFO - DAG(s) 'example_branch_operator' retrieved from /home/airflow/.local/lib/python3.12/site-packages/airflow/example_dags/example_branch_operator.py
[2025-06-26T22:52:40.953+0000] {logging_mixin.py:190} INFO - [2025-06-26T22:52:40.953+0000] {dag.py:3239} INFO - Sync 1 DAGs
[2025-06-26T22:52:40.976+0000] {logging_mixin.py:190} INFO - [2025-06-26T22:52:40.976+0000] {dag.py:4180} INFO - Setting next_dagrun for example_branch_operator to 2025-06-25 00:00:00+00:00, run_after=2025-06-26 00:00:00+00:00
[2025-06-26T22:52:40.994+0000] {processor.py:208} INFO - Processing /home/airflow/.local/lib/python3.12/site-packages/airflow/example_dags/example_branch_operator.py took 0.090 seconds
[2025-06-26T22:53:11.360+0000] {processor.py:186} INFO - Started process (PID=1266) to work on /home/airflow/.local/lib/python3.12/site-packages/airflow/example_dags/example_branch_operator.py
[2025-06-26T22:53:11.361+0000] {processor.py:914} INFO - Processing file /home/airflow/.local/lib/python3.12/site-packages/airflow/example_dags/example_branch_operator.py for tasks to queue
[2025-06-26T22:53:11.363+0000] {logging_mixin.py:190} INFO - [2025-06-26T22:53:11.363+0000] {dagbag.py:588} INFO - Filling up the DagBag from /home/airflow/.local/lib/python3.12/site-packages/airflow/example_dags/example_branch_operator.py
[2025-06-26T22:53:11.378+0000] {processor.py:925} INFO - DAG(s) 'example_branch_operator' retrieved from /home/airflow/.local/lib/python3.12/site-packages/airflow/example_dags/example_branch_operator.py
[2025-06-26T22:53:11.403+0000] {logging_mixin.py:190} INFO - [2025-06-26T22:53:11.402+0000] {dag.py:3239} INFO - Sync 1 DAGs
[2025-06-26T22:53:11.424+0000] {logging_mixin.py:190} INFO - [2025-06-26T22:53:11.424+0000] {dag.py:4180} INFO - Setting next_dagrun for example_branch_operator to 2025-06-25 00:00:00+00:00, run_after=2025-06-26 00:00:00+00:00
[2025-06-26T22:53:11.444+0000] {processor.py:208} INFO - Processing /home/airflow/.local/lib/python3.12/site-packages/airflow/example_dags/example_branch_operator.py took 0.090 seconds
[2025-06-26T22:53:41.721+0000] {processor.py:186} INFO - Started process (PID=1328) to work on /home/airflow/.local/lib/python3.12/site-packages/airflow/example_dags/example_branch_operator.py
[2025-06-26T22:53:41.722+0000] {processor.py:914} INFO - Processing file /home/airflow/.local/lib/python3.12/site-packages/airflow/example_dags/example_branch_operator.py for tasks to queue
[2025-06-26T22:53:41.724+0000] {logging_mixin.py:190} INFO - [2025-06-26T22:53:41.724+0000] {dagbag.py:588} INFO - Filling up the DagBag from /home/airflow/.local/lib/python3.12/site-packages/airflow/example_dags/example_branch_operator.py
[2025-06-26T22:53:41.745+0000] {processor.py:925} INFO - DAG(s) 'example_branch_operator' retrieved from /home/airflow/.local/lib/python3.12/site-packages/airflow/example_dags/example_branch_operator.py
[2025-06-26T22:53:41.769+0000] {logging_mixin.py:190} INFO - [2025-06-26T22:53:41.769+0000] {dag.py:3239} INFO - Sync 1 DAGs
[2025-06-26T22:53:41.790+0000] {logging_mixin.py:190} INFO - [2025-06-26T22:53:41.790+0000] {dag.py:4180} INFO - Setting next_dagrun for example_branch_operator to 2025-06-25 00:00:00+00:00, run_after=2025-06-26 00:00:00+00:00
[2025-06-26T22:53:41.809+0000] {processor.py:208} INFO - Processing /home/airflow/.local/lib/python3.12/site-packages/airflow/example_dags/example_branch_operator.py took 0.093 seconds
[2025-06-26T22:54:12.040+0000] {processor.py:186} INFO - Started process (PID=1390) to work on /home/airflow/.local/lib/python3.12/site-packages/airflow/example_dags/example_branch_operator.py
[2025-06-26T22:54:12.041+0000] {processor.py:914} INFO - Processing file /home/airflow/.local/lib/python3.12/site-packages/airflow/example_dags/example_branch_operator.py for tasks to queue
[2025-06-26T22:54:12.044+0000] {logging_mixin.py:190} INFO - [2025-06-26T22:54:12.044+0000] {dagbag.py:588} INFO - Filling up the DagBag from /home/airflow/.local/lib/python3.12/site-packages/airflow/example_dags/example_branch_operator.py
[2025-06-26T22:54:12.060+0000] {processor.py:925} INFO - DAG(s) 'example_branch_operator' retrieved from /home/airflow/.local/lib/python3.12/site-packages/airflow/example_dags/example_branch_operator.py
[2025-06-26T22:54:12.085+0000] {logging_mixin.py:190} INFO - [2025-06-26T22:54:12.085+0000] {dag.py:3239} INFO - Sync 1 DAGs
[2025-06-26T22:54:12.108+0000] {logging_mixin.py:190} INFO - [2025-06-26T22:54:12.107+0000] {dag.py:4180} INFO - Setting next_dagrun for example_branch_operator to 2025-06-25 00:00:00+00:00, run_after=2025-06-26 00:00:00+00:00
[2025-06-26T22:54:12.131+0000] {processor.py:208} INFO - Processing /home/airflow/.local/lib/python3.12/site-packages/airflow/example_dags/example_branch_operator.py took 0.097 seconds
[2025-06-26T22:54:42.545+0000] {processor.py:186} INFO - Started process (PID=1452) to work on /home/airflow/.local/lib/python3.12/site-packages/airflow/example_dags/example_branch_operator.py
[2025-06-26T22:54:42.546+0000] {processor.py:914} INFO - Processing file /home/airflow/.local/lib/python3.12/site-packages/airflow/example_dags/example_branch_operator.py for tasks to queue
[2025-06-26T22:54:42.549+0000] {logging_mixin.py:190} INFO - [2025-06-26T22:54:42.549+0000] {dagbag.py:588} INFO - Filling up the DagBag from /home/airflow/.local/lib/python3.12/site-packages/airflow/example_dags/example_branch_operator.py
[2025-06-26T22:54:42.568+0000] {processor.py:925} INFO - DAG(s) 'example_branch_operator' retrieved from /home/airflow/.local/lib/python3.12/site-packages/airflow/example_dags/example_branch_operator.py
[2025-06-26T22:54:42.598+0000] {logging_mixin.py:190} INFO - [2025-06-26T22:54:42.597+0000] {dag.py:3239} INFO - Sync 1 DAGs
[2025-06-26T22:54:42.620+0000] {logging_mixin.py:190} INFO - [2025-06-26T22:54:42.619+0000] {dag.py:4180} INFO - Setting next_dagrun for example_branch_operator to 2025-06-25 00:00:00+00:00, run_after=2025-06-26 00:00:00+00:00
[2025-06-26T22:54:42.640+0000] {processor.py:208} INFO - Processing /home/airflow/.local/lib/python3.12/site-packages/airflow/example_dags/example_branch_operator.py took 0.102 seconds
[2025-06-26T22:55:12.924+0000] {processor.py:186} INFO - Started process (PID=1514) to work on /home/airflow/.local/lib/python3.12/site-packages/airflow/example_dags/example_branch_operator.py
[2025-06-26T22:55:12.926+0000] {processor.py:914} INFO - Processing file /home/airflow/.local/lib/python3.12/site-packages/airflow/example_dags/example_branch_operator.py for tasks to queue
[2025-06-26T22:55:12.928+0000] {logging_mixin.py:190} INFO - [2025-06-26T22:55:12.928+0000] {dagbag.py:588} INFO - Filling up the DagBag from /home/airflow/.local/lib/python3.12/site-packages/airflow/example_dags/example_branch_operator.py
[2025-06-26T22:55:12.946+0000] {processor.py:925} INFO - DAG(s) 'example_branch_operator' retrieved from /home/airflow/.local/lib/python3.12/site-packages/airflow/example_dags/example_branch_operator.py
[2025-06-26T22:55:12.970+0000] {logging_mixin.py:190} INFO - [2025-06-26T22:55:12.970+0000] {dag.py:3239} INFO - Sync 1 DAGs
[2025-06-26T22:55:12.990+0000] {logging_mixin.py:190} INFO - [2025-06-26T22:55:12.990+0000] {dag.py:4180} INFO - Setting next_dagrun for example_branch_operator to 2025-06-25 00:00:00+00:00, run_after=2025-06-26 00:00:00+00:00
[2025-06-26T22:55:13.015+0000] {processor.py:208} INFO - Processing /home/airflow/.local/lib/python3.12/site-packages/airflow/example_dags/example_branch_operator.py took 0.099 seconds
[2025-06-26T22:55:43.358+0000] {processor.py:186} INFO - Started process (PID=1576) to work on /home/airflow/.local/lib/python3.12/site-packages/airflow/example_dags/example_branch_operator.py
[2025-06-26T22:55:43.359+0000] {processor.py:914} INFO - Processing file /home/airflow/.local/lib/python3.12/site-packages/airflow/example_dags/example_branch_operator.py for tasks to queue
[2025-06-26T22:55:43.362+0000] {logging_mixin.py:190} INFO - [2025-06-26T22:55:43.361+0000] {dagbag.py:588} INFO - Filling up the DagBag from /home/airflow/.local/lib/python3.12/site-packages/airflow/example_dags/example_branch_operator.py
[2025-06-26T22:55:43.378+0000] {processor.py:925} INFO - DAG(s) 'example_branch_operator' retrieved from /home/airflow/.local/lib/python3.12/site-packages/airflow/example_dags/example_branch_operator.py
[2025-06-26T22:55:43.402+0000] {logging_mixin.py:190} INFO - [2025-06-26T22:55:43.402+0000] {dag.py:3239} INFO - Sync 1 DAGs
[2025-06-26T22:55:43.422+0000] {logging_mixin.py:190} INFO - [2025-06-26T22:55:43.422+0000] {dag.py:4180} INFO - Setting next_dagrun for example_branch_operator to 2025-06-25 00:00:00+00:00, run_after=2025-06-26 00:00:00+00:00
[2025-06-26T22:55:43.441+0000] {processor.py:208} INFO - Processing /home/airflow/.local/lib/python3.12/site-packages/airflow/example_dags/example_branch_operator.py took 0.089 seconds
[2025-06-26T22:56:13.613+0000] {processor.py:186} INFO - Started process (PID=1638) to work on /home/airflow/.local/lib/python3.12/site-packages/airflow/example_dags/example_branch_operator.py
[2025-06-26T22:56:13.614+0000] {processor.py:914} INFO - Processing file /home/airflow/.local/lib/python3.12/site-packages/airflow/example_dags/example_branch_operator.py for tasks to queue
[2025-06-26T22:56:13.617+0000] {logging_mixin.py:190} INFO - [2025-06-26T22:56:13.617+0000] {dagbag.py:588} INFO - Filling up the DagBag from /home/airflow/.local/lib/python3.12/site-packages/airflow/example_dags/example_branch_operator.py
[2025-06-26T22:56:13.632+0000] {processor.py:925} INFO - DAG(s) 'example_branch_operator' retrieved from /home/airflow/.local/lib/python3.12/site-packages/airflow/example_dags/example_branch_operator.py
[2025-06-26T22:56:13.655+0000] {logging_mixin.py:190} INFO - [2025-06-26T22:56:13.655+0000] {dag.py:3239} INFO - Sync 1 DAGs
[2025-06-26T22:56:13.675+0000] {logging_mixin.py:190} INFO - [2025-06-26T22:56:13.674+0000] {dag.py:4180} INFO - Setting next_dagrun for example_branch_operator to 2025-06-25 00:00:00+00:00, run_after=2025-06-26 00:00:00+00:00
[2025-06-26T22:56:13.695+0000] {processor.py:208} INFO - Processing /home/airflow/.local/lib/python3.12/site-packages/airflow/example_dags/example_branch_operator.py took 0.087 seconds
[2025-06-26T22:56:44.569+0000] {processor.py:186} INFO - Started process (PID=1700) to work on /home/airflow/.local/lib/python3.12/site-packages/airflow/example_dags/example_branch_operator.py
[2025-06-26T22:56:44.570+0000] {processor.py:914} INFO - Processing file /home/airflow/.local/lib/python3.12/site-packages/airflow/example_dags/example_branch_operator.py for tasks to queue
[2025-06-26T22:56:44.572+0000] {logging_mixin.py:190} INFO - [2025-06-26T22:56:44.572+0000] {dagbag.py:588} INFO - Filling up the DagBag from /home/airflow/.local/lib/python3.12/site-packages/airflow/example_dags/example_branch_operator.py
[2025-06-26T22:56:44.587+0000] {processor.py:925} INFO - DAG(s) 'example_branch_operator' retrieved from /home/airflow/.local/lib/python3.12/site-packages/airflow/example_dags/example_branch_operator.py
[2025-06-26T22:56:44.611+0000] {logging_mixin.py:190} INFO - [2025-06-26T22:56:44.611+0000] {dag.py:3239} INFO - Sync 1 DAGs
[2025-06-26T22:56:44.632+0000] {logging_mixin.py:190} INFO - [2025-06-26T22:56:44.632+0000] {dag.py:4180} INFO - Setting next_dagrun for example_branch_operator to 2025-06-25 00:00:00+00:00, run_after=2025-06-26 00:00:00+00:00
[2025-06-26T22:56:44.650+0000] {processor.py:208} INFO - Processing /home/airflow/.local/lib/python3.12/site-packages/airflow/example_dags/example_branch_operator.py took 0.086 seconds
[2025-06-26T22:57:14.900+0000] {processor.py:186} INFO - Started process (PID=1762) to work on /home/airflow/.local/lib/python3.12/site-packages/airflow/example_dags/example_branch_operator.py
[2025-06-26T22:57:14.904+0000] {processor.py:914} INFO - Processing file /home/airflow/.local/lib/python3.12/site-packages/airflow/example_dags/example_branch_operator.py for tasks to queue
[2025-06-26T22:57:14.907+0000] {logging_mixin.py:190} INFO - [2025-06-26T22:57:14.907+0000] {dagbag.py:588} INFO - Filling up the DagBag from /home/airflow/.local/lib/python3.12/site-packages/airflow/example_dags/example_branch_operator.py
[2025-06-26T22:57:14.926+0000] {processor.py:925} INFO - DAG(s) 'example_branch_operator' retrieved from /home/airflow/.local/lib/python3.12/site-packages/airflow/example_dags/example_branch_operator.py
[2025-06-26T22:57:14.950+0000] {logging_mixin.py:190} INFO - [2025-06-26T22:57:14.949+0000] {dag.py:3239} INFO - Sync 1 DAGs
[2025-06-26T22:57:14.969+0000] {logging_mixin.py:190} INFO - [2025-06-26T22:57:14.969+0000] {dag.py:4180} INFO - Setting next_dagrun for example_branch_operator to 2025-06-25 00:00:00+00:00, run_after=2025-06-26 00:00:00+00:00
[2025-06-26T22:57:14.987+0000] {processor.py:208} INFO - Processing /home/airflow/.local/lib/python3.12/site-packages/airflow/example_dags/example_branch_operator.py took 0.094 seconds
[2025-06-26T22:57:45.331+0000] {processor.py:186} INFO - Started process (PID=1824) to work on /home/airflow/.local/lib/python3.12/site-packages/airflow/example_dags/example_branch_operator.py
[2025-06-26T22:57:45.332+0000] {processor.py:914} INFO - Processing file /home/airflow/.local/lib/python3.12/site-packages/airflow/example_dags/example_branch_operator.py for tasks to queue
[2025-06-26T22:57:45.335+0000] {logging_mixin.py:190} INFO - [2025-06-26T22:57:45.334+0000] {dagbag.py:588} INFO - Filling up the DagBag from /home/airflow/.local/lib/python3.12/site-packages/airflow/example_dags/example_branch_operator.py
[2025-06-26T22:57:45.356+0000] {processor.py:925} INFO - DAG(s) 'example_branch_operator' retrieved from /home/airflow/.local/lib/python3.12/site-packages/airflow/example_dags/example_branch_operator.py
[2025-06-26T22:57:45.385+0000] {logging_mixin.py:190} INFO - [2025-06-26T22:57:45.384+0000] {dag.py:3239} INFO - Sync 1 DAGs
[2025-06-26T22:57:45.409+0000] {logging_mixin.py:190} INFO - [2025-06-26T22:57:45.409+0000] {dag.py:4180} INFO - Setting next_dagrun for example_branch_operator to 2025-06-25 00:00:00+00:00, run_after=2025-06-26 00:00:00+00:00
[2025-06-26T22:57:45.432+0000] {processor.py:208} INFO - Processing /home/airflow/.local/lib/python3.12/site-packages/airflow/example_dags/example_branch_operator.py took 0.108 seconds
[2025-06-26T22:58:15.747+0000] {processor.py:186} INFO - Started process (PID=1886) to work on /home/airflow/.local/lib/python3.12/site-packages/airflow/example_dags/example_branch_operator.py
[2025-06-26T22:58:15.748+0000] {processor.py:914} INFO - Processing file /home/airflow/.local/lib/python3.12/site-packages/airflow/example_dags/example_branch_operator.py for tasks to queue
[2025-06-26T22:58:15.750+0000] {logging_mixin.py:190} INFO - [2025-06-26T22:58:15.750+0000] {dagbag.py:588} INFO - Filling up the DagBag from /home/airflow/.local/lib/python3.12/site-packages/airflow/example_dags/example_branch_operator.py
[2025-06-26T22:58:15.769+0000] {processor.py:925} INFO - DAG(s) 'example_branch_operator' retrieved from /home/airflow/.local/lib/python3.12/site-packages/airflow/example_dags/example_branch_operator.py
[2025-06-26T22:58:15.796+0000] {logging_mixin.py:190} INFO - [2025-06-26T22:58:15.796+0000] {dag.py:3239} INFO - Sync 1 DAGs
[2025-06-26T22:58:15.825+0000] {logging_mixin.py:190} INFO - [2025-06-26T22:58:15.825+0000] {dag.py:4180} INFO - Setting next_dagrun for example_branch_operator to 2025-06-25 00:00:00+00:00, run_after=2025-06-26 00:00:00+00:00
[2025-06-26T22:58:15.852+0000] {processor.py:208} INFO - Processing /home/airflow/.local/lib/python3.12/site-packages/airflow/example_dags/example_branch_operator.py took 0.111 seconds
[2025-06-26T22:58:46.229+0000] {processor.py:186} INFO - Started process (PID=1948) to work on /home/airflow/.local/lib/python3.12/site-packages/airflow/example_dags/example_branch_operator.py
[2025-06-26T22:58:46.230+0000] {processor.py:914} INFO - Processing file /home/airflow/.local/lib/python3.12/site-packages/airflow/example_dags/example_branch_operator.py for tasks to queue
[2025-06-26T22:58:46.233+0000] {logging_mixin.py:190} INFO - [2025-06-26T22:58:46.233+0000] {dagbag.py:588} INFO - Filling up the DagBag from /home/airflow/.local/lib/python3.12/site-packages/airflow/example_dags/example_branch_operator.py
[2025-06-26T22:58:46.250+0000] {processor.py:925} INFO - DAG(s) 'example_branch_operator' retrieved from /home/airflow/.local/lib/python3.12/site-packages/airflow/example_dags/example_branch_operator.py
[2025-06-26T22:58:46.273+0000] {logging_mixin.py:190} INFO - [2025-06-26T22:58:46.273+0000] {dag.py:3239} INFO - Sync 1 DAGs
[2025-06-26T22:58:46.293+0000] {logging_mixin.py:190} INFO - [2025-06-26T22:58:46.293+0000] {dag.py:4180} INFO - Setting next_dagrun for example_branch_operator to 2025-06-25 00:00:00+00:00, run_after=2025-06-26 00:00:00+00:00
[2025-06-26T22:58:46.312+0000] {processor.py:208} INFO - Processing /home/airflow/.local/lib/python3.12/site-packages/airflow/example_dags/example_branch_operator.py took 0.089 seconds
[2025-06-26T22:59:16.563+0000] {processor.py:186} INFO - Started process (PID=2010) to work on /home/airflow/.local/lib/python3.12/site-packages/airflow/example_dags/example_branch_operator.py
[2025-06-26T22:59:16.564+0000] {processor.py:914} INFO - Processing file /home/airflow/.local/lib/python3.12/site-packages/airflow/example_dags/example_branch_operator.py for tasks to queue
[2025-06-26T22:59:16.568+0000] {logging_mixin.py:190} INFO - [2025-06-26T22:59:16.568+0000] {dagbag.py:588} INFO - Filling up the DagBag from /home/airflow/.local/lib/python3.12/site-packages/airflow/example_dags/example_branch_operator.py
[2025-06-26T22:59:16.584+0000] {processor.py:925} INFO - DAG(s) 'example_branch_operator' retrieved from /home/airflow/.local/lib/python3.12/site-packages/airflow/example_dags/example_branch_operator.py
[2025-06-26T22:59:16.607+0000] {logging_mixin.py:190} INFO - [2025-06-26T22:59:16.607+0000] {dag.py:3239} INFO - Sync 1 DAGs
[2025-06-26T22:59:16.627+0000] {logging_mixin.py:190} INFO - [2025-06-26T22:59:16.627+0000] {dag.py:4180} INFO - Setting next_dagrun for example_branch_operator to 2025-06-25 00:00:00+00:00, run_after=2025-06-26 00:00:00+00:00
[2025-06-26T22:59:16.648+0000] {processor.py:208} INFO - Processing /home/airflow/.local/lib/python3.12/site-packages/airflow/example_dags/example_branch_operator.py took 0.091 seconds
[2025-06-26T22:59:47.149+0000] {processor.py:186} INFO - Started process (PID=2072) to work on /home/airflow/.local/lib/python3.12/site-packages/airflow/example_dags/example_branch_operator.py
[2025-06-26T22:59:47.150+0000] {processor.py:914} INFO - Processing file /home/airflow/.local/lib/python3.12/site-packages/airflow/example_dags/example_branch_operator.py for tasks to queue
[2025-06-26T22:59:47.153+0000] {logging_mixin.py:190} INFO - [2025-06-26T22:59:47.152+0000] {dagbag.py:588} INFO - Filling up the DagBag from /home/airflow/.local/lib/python3.12/site-packages/airflow/example_dags/example_branch_operator.py
[2025-06-26T22:59:47.168+0000] {processor.py:925} INFO - DAG(s) 'example_branch_operator' retrieved from /home/airflow/.local/lib/python3.12/site-packages/airflow/example_dags/example_branch_operator.py
[2025-06-26T22:59:47.191+0000] {logging_mixin.py:190} INFO - [2025-06-26T22:59:47.191+0000] {dag.py:3239} INFO - Sync 1 DAGs
[2025-06-26T22:59:47.212+0000] {logging_mixin.py:190} INFO - [2025-06-26T22:59:47.212+0000] {dag.py:4180} INFO - Setting next_dagrun for example_branch_operator to 2025-06-25 00:00:00+00:00, run_after=2025-06-26 00:00:00+00:00
[2025-06-26T22:59:47.231+0000] {processor.py:208} INFO - Processing /home/airflow/.local/lib/python3.12/site-packages/airflow/example_dags/example_branch_operator.py took 0.088 seconds
[2025-06-26T23:00:17.714+0000] {processor.py:186} INFO - Started process (PID=2135) to work on /home/airflow/.local/lib/python3.12/site-packages/airflow/example_dags/example_branch_operator.py
[2025-06-26T23:00:17.715+0000] {processor.py:914} INFO - Processing file /home/airflow/.local/lib/python3.12/site-packages/airflow/example_dags/example_branch_operator.py for tasks to queue
[2025-06-26T23:00:17.718+0000] {logging_mixin.py:190} INFO - [2025-06-26T23:00:17.717+0000] {dagbag.py:588} INFO - Filling up the DagBag from /home/airflow/.local/lib/python3.12/site-packages/airflow/example_dags/example_branch_operator.py
[2025-06-26T23:00:17.739+0000] {processor.py:925} INFO - DAG(s) 'example_branch_operator' retrieved from /home/airflow/.local/lib/python3.12/site-packages/airflow/example_dags/example_branch_operator.py
[2025-06-26T23:00:17.766+0000] {logging_mixin.py:190} INFO - [2025-06-26T23:00:17.766+0000] {dag.py:3239} INFO - Sync 1 DAGs
[2025-06-26T23:00:17.793+0000] {logging_mixin.py:190} INFO - [2025-06-26T23:00:17.793+0000] {dag.py:4180} INFO - Setting next_dagrun for example_branch_operator to 2025-06-25 00:00:00+00:00, run_after=2025-06-26 00:00:00+00:00
[2025-06-26T23:00:17.814+0000] {processor.py:208} INFO - Processing /home/airflow/.local/lib/python3.12/site-packages/airflow/example_dags/example_branch_operator.py took 0.107 seconds
[2025-06-26T23:00:48.303+0000] {processor.py:186} INFO - Started process (PID=2197) to work on /home/airflow/.local/lib/python3.12/site-packages/airflow/example_dags/example_branch_operator.py
[2025-06-26T23:00:48.305+0000] {processor.py:914} INFO - Processing file /home/airflow/.local/lib/python3.12/site-packages/airflow/example_dags/example_branch_operator.py for tasks to queue
[2025-06-26T23:00:48.308+0000] {logging_mixin.py:190} INFO - [2025-06-26T23:00:48.307+0000] {dagbag.py:588} INFO - Filling up the DagBag from /home/airflow/.local/lib/python3.12/site-packages/airflow/example_dags/example_branch_operator.py
[2025-06-26T23:00:48.325+0000] {processor.py:925} INFO - DAG(s) 'example_branch_operator' retrieved from /home/airflow/.local/lib/python3.12/site-packages/airflow/example_dags/example_branch_operator.py
[2025-06-26T23:00:48.349+0000] {logging_mixin.py:190} INFO - [2025-06-26T23:00:48.348+0000] {dag.py:3239} INFO - Sync 1 DAGs
[2025-06-26T23:00:48.369+0000] {logging_mixin.py:190} INFO - [2025-06-26T23:00:48.369+0000] {dag.py:4180} INFO - Setting next_dagrun for example_branch_operator to 2025-06-25 00:00:00+00:00, run_after=2025-06-26 00:00:00+00:00
[2025-06-26T23:00:48.387+0000] {processor.py:208} INFO - Processing /home/airflow/.local/lib/python3.12/site-packages/airflow/example_dags/example_branch_operator.py took 0.090 seconds
[2025-06-26T23:01:18.736+0000] {processor.py:186} INFO - Started process (PID=2259) to work on /home/airflow/.local/lib/python3.12/site-packages/airflow/example_dags/example_branch_operator.py
[2025-06-26T23:01:18.738+0000] {processor.py:914} INFO - Processing file /home/airflow/.local/lib/python3.12/site-packages/airflow/example_dags/example_branch_operator.py for tasks to queue
[2025-06-26T23:01:18.741+0000] {logging_mixin.py:190} INFO - [2025-06-26T23:01:18.740+0000] {dagbag.py:588} INFO - Filling up the DagBag from /home/airflow/.local/lib/python3.12/site-packages/airflow/example_dags/example_branch_operator.py
[2025-06-26T23:01:18.758+0000] {processor.py:925} INFO - DAG(s) 'example_branch_operator' retrieved from /home/airflow/.local/lib/python3.12/site-packages/airflow/example_dags/example_branch_operator.py
[2025-06-26T23:01:18.782+0000] {logging_mixin.py:190} INFO - [2025-06-26T23:01:18.782+0000] {dag.py:3239} INFO - Sync 1 DAGs
[2025-06-26T23:01:18.807+0000] {logging_mixin.py:190} INFO - [2025-06-26T23:01:18.806+0000] {dag.py:4180} INFO - Setting next_dagrun for example_branch_operator to 2025-06-25 00:00:00+00:00, run_after=2025-06-26 00:00:00+00:00
[2025-06-26T23:01:18.829+0000] {processor.py:208} INFO - Processing /home/airflow/.local/lib/python3.12/site-packages/airflow/example_dags/example_branch_operator.py took 0.098 seconds
[2025-06-26T23:01:49.756+0000] {processor.py:186} INFO - Started process (PID=2321) to work on /home/airflow/.local/lib/python3.12/site-packages/airflow/example_dags/example_branch_operator.py
[2025-06-26T23:01:49.757+0000] {processor.py:914} INFO - Processing file /home/airflow/.local/lib/python3.12/site-packages/airflow/example_dags/example_branch_operator.py for tasks to queue
[2025-06-26T23:01:49.760+0000] {logging_mixin.py:190} INFO - [2025-06-26T23:01:49.760+0000] {dagbag.py:588} INFO - Filling up the DagBag from /home/airflow/.local/lib/python3.12/site-packages/airflow/example_dags/example_branch_operator.py
[2025-06-26T23:01:49.778+0000] {processor.py:925} INFO - DAG(s) 'example_branch_operator' retrieved from /home/airflow/.local/lib/python3.12/site-packages/airflow/example_dags/example_branch_operator.py
[2025-06-26T23:01:49.803+0000] {logging_mixin.py:190} INFO - [2025-06-26T23:01:49.802+0000] {dag.py:3239} INFO - Sync 1 DAGs
[2025-06-26T23:01:49.828+0000] {logging_mixin.py:190} INFO - [2025-06-26T23:01:49.828+0000] {dag.py:4180} INFO - Setting next_dagrun for example_branch_operator to 2025-06-25 00:00:00+00:00, run_after=2025-06-26 00:00:00+00:00
[2025-06-26T23:01:49.850+0000] {processor.py:208} INFO - Processing /home/airflow/.local/lib/python3.12/site-packages/airflow/example_dags/example_branch_operator.py took 0.101 seconds
[2025-06-26T23:02:20.321+0000] {processor.py:186} INFO - Started process (PID=2383) to work on /home/airflow/.local/lib/python3.12/site-packages/airflow/example_dags/example_branch_operator.py
[2025-06-26T23:02:20.322+0000] {processor.py:914} INFO - Processing file /home/airflow/.local/lib/python3.12/site-packages/airflow/example_dags/example_branch_operator.py for tasks to queue
[2025-06-26T23:02:20.325+0000] {logging_mixin.py:190} INFO - [2025-06-26T23:02:20.325+0000] {dagbag.py:588} INFO - Filling up the DagBag from /home/airflow/.local/lib/python3.12/site-packages/airflow/example_dags/example_branch_operator.py
[2025-06-26T23:02:20.344+0000] {processor.py:925} INFO - DAG(s) 'example_branch_operator' retrieved from /home/airflow/.local/lib/python3.12/site-packages/airflow/example_dags/example_branch_operator.py
[2025-06-26T23:02:20.370+0000] {logging_mixin.py:190} INFO - [2025-06-26T23:02:20.370+0000] {dag.py:3239} INFO - Sync 1 DAGs
[2025-06-26T23:02:20.393+0000] {logging_mixin.py:190} INFO - [2025-06-26T23:02:20.393+0000] {dag.py:4180} INFO - Setting next_dagrun for example_branch_operator to 2025-06-25 00:00:00+00:00, run_after=2025-06-26 00:00:00+00:00
[2025-06-26T23:02:20.417+0000] {processor.py:208} INFO - Processing /home/airflow/.local/lib/python3.12/site-packages/airflow/example_dags/example_branch_operator.py took 0.103 seconds
[2025-06-26T23:02:50.617+0000] {processor.py:186} INFO - Started process (PID=2445) to work on /home/airflow/.local/lib/python3.12/site-packages/airflow/example_dags/example_branch_operator.py
[2025-06-26T23:02:50.619+0000] {processor.py:914} INFO - Processing file /home/airflow/.local/lib/python3.12/site-packages/airflow/example_dags/example_branch_operator.py for tasks to queue
[2025-06-26T23:02:50.622+0000] {logging_mixin.py:190} INFO - [2025-06-26T23:02:50.622+0000] {dagbag.py:588} INFO - Filling up the DagBag from /home/airflow/.local/lib/python3.12/site-packages/airflow/example_dags/example_branch_operator.py
[2025-06-26T23:02:50.642+0000] {processor.py:925} INFO - DAG(s) 'example_branch_operator' retrieved from /home/airflow/.local/lib/python3.12/site-packages/airflow/example_dags/example_branch_operator.py
[2025-06-26T23:02:50.670+0000] {logging_mixin.py:190} INFO - [2025-06-26T23:02:50.670+0000] {dag.py:3239} INFO - Sync 1 DAGs
[2025-06-26T23:02:50.692+0000] {logging_mixin.py:190} INFO - [2025-06-26T23:02:50.691+0000] {dag.py:4180} INFO - Setting next_dagrun for example_branch_operator to 2025-06-25 00:00:00+00:00, run_after=2025-06-26 00:00:00+00:00
[2025-06-26T23:02:50.715+0000] {processor.py:208} INFO - Processing /home/airflow/.local/lib/python3.12/site-packages/airflow/example_dags/example_branch_operator.py took 0.105 seconds
[2025-06-26T23:03:21.345+0000] {processor.py:186} INFO - Started process (PID=2507) to work on /home/airflow/.local/lib/python3.12/site-packages/airflow/example_dags/example_branch_operator.py
[2025-06-26T23:03:21.346+0000] {processor.py:914} INFO - Processing file /home/airflow/.local/lib/python3.12/site-packages/airflow/example_dags/example_branch_operator.py for tasks to queue
[2025-06-26T23:03:21.348+0000] {logging_mixin.py:190} INFO - [2025-06-26T23:03:21.348+0000] {dagbag.py:588} INFO - Filling up the DagBag from /home/airflow/.local/lib/python3.12/site-packages/airflow/example_dags/example_branch_operator.py
[2025-06-26T23:03:21.365+0000] {processor.py:925} INFO - DAG(s) 'example_branch_operator' retrieved from /home/airflow/.local/lib/python3.12/site-packages/airflow/example_dags/example_branch_operator.py
[2025-06-26T23:03:21.387+0000] {logging_mixin.py:190} INFO - [2025-06-26T23:03:21.387+0000] {dag.py:3239} INFO - Sync 1 DAGs
[2025-06-26T23:03:21.408+0000] {logging_mixin.py:190} INFO - [2025-06-26T23:03:21.408+0000] {dag.py:4180} INFO - Setting next_dagrun for example_branch_operator to 2025-06-25 00:00:00+00:00, run_after=2025-06-26 00:00:00+00:00
[2025-06-26T23:03:21.429+0000] {processor.py:208} INFO - Processing /home/airflow/.local/lib/python3.12/site-packages/airflow/example_dags/example_branch_operator.py took 0.091 seconds
[2025-06-26T23:03:51.522+0000] {processor.py:186} INFO - Started process (PID=2569) to work on /home/airflow/.local/lib/python3.12/site-packages/airflow/example_dags/example_branch_operator.py
[2025-06-26T23:03:51.523+0000] {processor.py:914} INFO - Processing file /home/airflow/.local/lib/python3.12/site-packages/airflow/example_dags/example_branch_operator.py for tasks to queue
[2025-06-26T23:03:51.525+0000] {logging_mixin.py:190} INFO - [2025-06-26T23:03:51.525+0000] {dagbag.py:588} INFO - Filling up the DagBag from /home/airflow/.local/lib/python3.12/site-packages/airflow/example_dags/example_branch_operator.py
[2025-06-26T23:03:51.542+0000] {processor.py:925} INFO - DAG(s) 'example_branch_operator' retrieved from /home/airflow/.local/lib/python3.12/site-packages/airflow/example_dags/example_branch_operator.py
[2025-06-26T23:03:51.569+0000] {logging_mixin.py:190} INFO - [2025-06-26T23:03:51.569+0000] {dag.py:3239} INFO - Sync 1 DAGs
[2025-06-26T23:03:51.592+0000] {logging_mixin.py:190} INFO - [2025-06-26T23:03:51.592+0000] {dag.py:4180} INFO - Setting next_dagrun for example_branch_operator to 2025-06-25 00:00:00+00:00, run_after=2025-06-26 00:00:00+00:00
[2025-06-26T23:03:51.610+0000] {processor.py:208} INFO - Processing /home/airflow/.local/lib/python3.12/site-packages/airflow/example_dags/example_branch_operator.py took 0.094 seconds
[2025-06-26T23:04:21.812+0000] {processor.py:186} INFO - Started process (PID=2631) to work on /home/airflow/.local/lib/python3.12/site-packages/airflow/example_dags/example_branch_operator.py
[2025-06-26T23:04:21.813+0000] {processor.py:914} INFO - Processing file /home/airflow/.local/lib/python3.12/site-packages/airflow/example_dags/example_branch_operator.py for tasks to queue
[2025-06-26T23:04:21.816+0000] {logging_mixin.py:190} INFO - [2025-06-26T23:04:21.815+0000] {dagbag.py:588} INFO - Filling up the DagBag from /home/airflow/.local/lib/python3.12/site-packages/airflow/example_dags/example_branch_operator.py
[2025-06-26T23:04:21.832+0000] {processor.py:925} INFO - DAG(s) 'example_branch_operator' retrieved from /home/airflow/.local/lib/python3.12/site-packages/airflow/example_dags/example_branch_operator.py
[2025-06-26T23:04:21.858+0000] {logging_mixin.py:190} INFO - [2025-06-26T23:04:21.857+0000] {dag.py:3239} INFO - Sync 1 DAGs
[2025-06-26T23:04:21.879+0000] {logging_mixin.py:190} INFO - [2025-06-26T23:04:21.878+0000] {dag.py:4180} INFO - Setting next_dagrun for example_branch_operator to 2025-06-25 00:00:00+00:00, run_after=2025-06-26 00:00:00+00:00
[2025-06-26T23:04:21.899+0000] {processor.py:208} INFO - Processing /home/airflow/.local/lib/python3.12/site-packages/airflow/example_dags/example_branch_operator.py took 0.093 seconds
[2025-06-26T23:04:52.165+0000] {processor.py:186} INFO - Started process (PID=2693) to work on /home/airflow/.local/lib/python3.12/site-packages/airflow/example_dags/example_branch_operator.py
[2025-06-26T23:04:52.166+0000] {processor.py:914} INFO - Processing file /home/airflow/.local/lib/python3.12/site-packages/airflow/example_dags/example_branch_operator.py for tasks to queue
[2025-06-26T23:04:52.168+0000] {logging_mixin.py:190} INFO - [2025-06-26T23:04:52.168+0000] {dagbag.py:588} INFO - Filling up the DagBag from /home/airflow/.local/lib/python3.12/site-packages/airflow/example_dags/example_branch_operator.py
[2025-06-26T23:04:52.185+0000] {processor.py:925} INFO - DAG(s) 'example_branch_operator' retrieved from /home/airflow/.local/lib/python3.12/site-packages/airflow/example_dags/example_branch_operator.py
[2025-06-26T23:04:52.209+0000] {logging_mixin.py:190} INFO - [2025-06-26T23:04:52.209+0000] {dag.py:3239} INFO - Sync 1 DAGs
[2025-06-26T23:04:52.231+0000] {logging_mixin.py:190} INFO - [2025-06-26T23:04:52.231+0000] {dag.py:4180} INFO - Setting next_dagrun for example_branch_operator to 2025-06-25 00:00:00+00:00, run_after=2025-06-26 00:00:00+00:00
[2025-06-26T23:04:52.255+0000] {processor.py:208} INFO - Processing /home/airflow/.local/lib/python3.12/site-packages/airflow/example_dags/example_branch_operator.py took 0.096 seconds
[2025-06-26T23:05:22.355+0000] {processor.py:186} INFO - Started process (PID=2755) to work on /home/airflow/.local/lib/python3.12/site-packages/airflow/example_dags/example_branch_operator.py
[2025-06-26T23:05:22.356+0000] {processor.py:914} INFO - Processing file /home/airflow/.local/lib/python3.12/site-packages/airflow/example_dags/example_branch_operator.py for tasks to queue
[2025-06-26T23:05:22.358+0000] {logging_mixin.py:190} INFO - [2025-06-26T23:05:22.358+0000] {dagbag.py:588} INFO - Filling up the DagBag from /home/airflow/.local/lib/python3.12/site-packages/airflow/example_dags/example_branch_operator.py
[2025-06-26T23:05:22.375+0000] {processor.py:925} INFO - DAG(s) 'example_branch_operator' retrieved from /home/airflow/.local/lib/python3.12/site-packages/airflow/example_dags/example_branch_operator.py
[2025-06-26T23:05:22.399+0000] {logging_mixin.py:190} INFO - [2025-06-26T23:05:22.399+0000] {dag.py:3239} INFO - Sync 1 DAGs
[2025-06-26T23:05:22.419+0000] {logging_mixin.py:190} INFO - [2025-06-26T23:05:22.418+0000] {dag.py:4180} INFO - Setting next_dagrun for example_branch_operator to 2025-06-25 00:00:00+00:00, run_after=2025-06-26 00:00:00+00:00
[2025-06-26T23:05:22.439+0000] {processor.py:208} INFO - Processing /home/airflow/.local/lib/python3.12/site-packages/airflow/example_dags/example_branch_operator.py took 0.090 seconds
[2025-06-26T23:05:52.633+0000] {processor.py:186} INFO - Started process (PID=2817) to work on /home/airflow/.local/lib/python3.12/site-packages/airflow/example_dags/example_branch_operator.py
[2025-06-26T23:05:52.634+0000] {processor.py:914} INFO - Processing file /home/airflow/.local/lib/python3.12/site-packages/airflow/example_dags/example_branch_operator.py for tasks to queue
[2025-06-26T23:05:52.636+0000] {logging_mixin.py:190} INFO - [2025-06-26T23:05:52.636+0000] {dagbag.py:588} INFO - Filling up the DagBag from /home/airflow/.local/lib/python3.12/site-packages/airflow/example_dags/example_branch_operator.py
[2025-06-26T23:05:52.651+0000] {processor.py:925} INFO - DAG(s) 'example_branch_operator' retrieved from /home/airflow/.local/lib/python3.12/site-packages/airflow/example_dags/example_branch_operator.py
[2025-06-26T23:05:52.674+0000] {logging_mixin.py:190} INFO - [2025-06-26T23:05:52.674+0000] {dag.py:3239} INFO - Sync 1 DAGs
[2025-06-26T23:05:52.694+0000] {logging_mixin.py:190} INFO - [2025-06-26T23:05:52.694+0000] {dag.py:4180} INFO - Setting next_dagrun for example_branch_operator to 2025-06-25 00:00:00+00:00, run_after=2025-06-26 00:00:00+00:00
[2025-06-26T23:05:52.715+0000] {processor.py:208} INFO - Processing /home/airflow/.local/lib/python3.12/site-packages/airflow/example_dags/example_branch_operator.py took 0.087 seconds
[2025-06-26T23:06:23.499+0000] {processor.py:186} INFO - Started process (PID=2879) to work on /home/airflow/.local/lib/python3.12/site-packages/airflow/example_dags/example_branch_operator.py
[2025-06-26T23:06:23.500+0000] {processor.py:914} INFO - Processing file /home/airflow/.local/lib/python3.12/site-packages/airflow/example_dags/example_branch_operator.py for tasks to queue
[2025-06-26T23:06:23.503+0000] {logging_mixin.py:190} INFO - [2025-06-26T23:06:23.502+0000] {dagbag.py:588} INFO - Filling up the DagBag from /home/airflow/.local/lib/python3.12/site-packages/airflow/example_dags/example_branch_operator.py
[2025-06-26T23:06:23.519+0000] {processor.py:925} INFO - DAG(s) 'example_branch_operator' retrieved from /home/airflow/.local/lib/python3.12/site-packages/airflow/example_dags/example_branch_operator.py
[2025-06-26T23:06:23.541+0000] {logging_mixin.py:190} INFO - [2025-06-26T23:06:23.540+0000] {dag.py:3239} INFO - Sync 1 DAGs
[2025-06-26T23:06:23.568+0000] {logging_mixin.py:190} INFO - [2025-06-26T23:06:23.568+0000] {dag.py:4180} INFO - Setting next_dagrun for example_branch_operator to 2025-06-25 00:00:00+00:00, run_after=2025-06-26 00:00:00+00:00
[2025-06-26T23:06:23.591+0000] {processor.py:208} INFO - Processing /home/airflow/.local/lib/python3.12/site-packages/airflow/example_dags/example_branch_operator.py took 0.097 seconds
[2025-06-26T23:06:54.325+0000] {processor.py:186} INFO - Started process (PID=2941) to work on /home/airflow/.local/lib/python3.12/site-packages/airflow/example_dags/example_branch_operator.py
[2025-06-26T23:06:54.326+0000] {processor.py:914} INFO - Processing file /home/airflow/.local/lib/python3.12/site-packages/airflow/example_dags/example_branch_operator.py for tasks to queue
[2025-06-26T23:06:54.329+0000] {logging_mixin.py:190} INFO - [2025-06-26T23:06:54.328+0000] {dagbag.py:588} INFO - Filling up the DagBag from /home/airflow/.local/lib/python3.12/site-packages/airflow/example_dags/example_branch_operator.py
[2025-06-26T23:06:54.345+0000] {processor.py:925} INFO - DAG(s) 'example_branch_operator' retrieved from /home/airflow/.local/lib/python3.12/site-packages/airflow/example_dags/example_branch_operator.py
[2025-06-26T23:06:54.369+0000] {logging_mixin.py:190} INFO - [2025-06-26T23:06:54.369+0000] {dag.py:3239} INFO - Sync 1 DAGs
[2025-06-26T23:06:54.391+0000] {logging_mixin.py:190} INFO - [2025-06-26T23:06:54.391+0000] {dag.py:4180} INFO - Setting next_dagrun for example_branch_operator to 2025-06-25 00:00:00+00:00, run_after=2025-06-26 00:00:00+00:00
[2025-06-26T23:06:54.409+0000] {processor.py:208} INFO - Processing /home/airflow/.local/lib/python3.12/site-packages/airflow/example_dags/example_branch_operator.py took 0.090 seconds
[2025-06-26T23:07:25.124+0000] {processor.py:186} INFO - Started process (PID=3003) to work on /home/airflow/.local/lib/python3.12/site-packages/airflow/example_dags/example_branch_operator.py
[2025-06-26T23:07:25.125+0000] {processor.py:914} INFO - Processing file /home/airflow/.local/lib/python3.12/site-packages/airflow/example_dags/example_branch_operator.py for tasks to queue
[2025-06-26T23:07:25.127+0000] {logging_mixin.py:190} INFO - [2025-06-26T23:07:25.127+0000] {dagbag.py:588} INFO - Filling up the DagBag from /home/airflow/.local/lib/python3.12/site-packages/airflow/example_dags/example_branch_operator.py
[2025-06-26T23:07:25.145+0000] {processor.py:925} INFO - DAG(s) 'example_branch_operator' retrieved from /home/airflow/.local/lib/python3.12/site-packages/airflow/example_dags/example_branch_operator.py
[2025-06-26T23:07:25.170+0000] {logging_mixin.py:190} INFO - [2025-06-26T23:07:25.170+0000] {dag.py:3239} INFO - Sync 1 DAGs
[2025-06-26T23:07:25.192+0000] {logging_mixin.py:190} INFO - [2025-06-26T23:07:25.192+0000] {dag.py:4180} INFO - Setting next_dagrun for example_branch_operator to 2025-06-25 00:00:00+00:00, run_after=2025-06-26 00:00:00+00:00
[2025-06-26T23:07:25.212+0000] {processor.py:208} INFO - Processing /home/airflow/.local/lib/python3.12/site-packages/airflow/example_dags/example_branch_operator.py took 0.095 seconds
[2025-06-26T23:07:56.138+0000] {processor.py:186} INFO - Started process (PID=3065) to work on /home/airflow/.local/lib/python3.12/site-packages/airflow/example_dags/example_branch_operator.py
[2025-06-26T23:07:56.139+0000] {processor.py:914} INFO - Processing file /home/airflow/.local/lib/python3.12/site-packages/airflow/example_dags/example_branch_operator.py for tasks to queue
[2025-06-26T23:07:56.141+0000] {logging_mixin.py:190} INFO - [2025-06-26T23:07:56.141+0000] {dagbag.py:588} INFO - Filling up the DagBag from /home/airflow/.local/lib/python3.12/site-packages/airflow/example_dags/example_branch_operator.py
[2025-06-26T23:07:56.156+0000] {processor.py:925} INFO - DAG(s) 'example_branch_operator' retrieved from /home/airflow/.local/lib/python3.12/site-packages/airflow/example_dags/example_branch_operator.py
[2025-06-26T23:07:56.180+0000] {logging_mixin.py:190} INFO - [2025-06-26T23:07:56.180+0000] {dag.py:3239} INFO - Sync 1 DAGs
[2025-06-26T23:07:56.201+0000] {logging_mixin.py:190} INFO - [2025-06-26T23:07:56.200+0000] {dag.py:4180} INFO - Setting next_dagrun for example_branch_operator to 2025-06-25 00:00:00+00:00, run_after=2025-06-26 00:00:00+00:00
[2025-06-26T23:07:56.219+0000] {processor.py:208} INFO - Processing /home/airflow/.local/lib/python3.12/site-packages/airflow/example_dags/example_branch_operator.py took 0.087 seconds
[2025-06-26T23:08:27.096+0000] {processor.py:186} INFO - Started process (PID=3127) to work on /home/airflow/.local/lib/python3.12/site-packages/airflow/example_dags/example_branch_operator.py
[2025-06-26T23:08:27.097+0000] {processor.py:914} INFO - Processing file /home/airflow/.local/lib/python3.12/site-packages/airflow/example_dags/example_branch_operator.py for tasks to queue
[2025-06-26T23:08:27.099+0000] {logging_mixin.py:190} INFO - [2025-06-26T23:08:27.099+0000] {dagbag.py:588} INFO - Filling up the DagBag from /home/airflow/.local/lib/python3.12/site-packages/airflow/example_dags/example_branch_operator.py
[2025-06-26T23:08:27.118+0000] {processor.py:925} INFO - DAG(s) 'example_branch_operator' retrieved from /home/airflow/.local/lib/python3.12/site-packages/airflow/example_dags/example_branch_operator.py
[2025-06-26T23:08:27.142+0000] {logging_mixin.py:190} INFO - [2025-06-26T23:08:27.141+0000] {dag.py:3239} INFO - Sync 1 DAGs
[2025-06-26T23:08:27.161+0000] {logging_mixin.py:190} INFO - [2025-06-26T23:08:27.161+0000] {dag.py:4180} INFO - Setting next_dagrun for example_branch_operator to 2025-06-25 00:00:00+00:00, run_after=2025-06-26 00:00:00+00:00
[2025-06-26T23:08:27.181+0000] {processor.py:208} INFO - Processing /home/airflow/.local/lib/python3.12/site-packages/airflow/example_dags/example_branch_operator.py took 0.091 seconds
[2025-06-26T23:08:58.001+0000] {processor.py:186} INFO - Started process (PID=3189) to work on /home/airflow/.local/lib/python3.12/site-packages/airflow/example_dags/example_branch_operator.py
[2025-06-26T23:08:58.002+0000] {processor.py:914} INFO - Processing file /home/airflow/.local/lib/python3.12/site-packages/airflow/example_dags/example_branch_operator.py for tasks to queue
[2025-06-26T23:08:58.005+0000] {logging_mixin.py:190} INFO - [2025-06-26T23:08:58.004+0000] {dagbag.py:588} INFO - Filling up the DagBag from /home/airflow/.local/lib/python3.12/site-packages/airflow/example_dags/example_branch_operator.py
[2025-06-26T23:08:58.029+0000] {processor.py:925} INFO - DAG(s) 'example_branch_operator' retrieved from /home/airflow/.local/lib/python3.12/site-packages/airflow/example_dags/example_branch_operator.py
[2025-06-26T23:08:58.055+0000] {logging_mixin.py:190} INFO - [2025-06-26T23:08:58.055+0000] {dag.py:3239} INFO - Sync 1 DAGs
[2025-06-26T23:08:58.076+0000] {logging_mixin.py:190} INFO - [2025-06-26T23:08:58.076+0000] {dag.py:4180} INFO - Setting next_dagrun for example_branch_operator to 2025-06-25 00:00:00+00:00, run_after=2025-06-26 00:00:00+00:00
[2025-06-26T23:08:58.096+0000] {processor.py:208} INFO - Processing /home/airflow/.local/lib/python3.12/site-packages/airflow/example_dags/example_branch_operator.py took 0.101 seconds
[2025-06-26T23:09:29.092+0000] {processor.py:186} INFO - Started process (PID=3251) to work on /home/airflow/.local/lib/python3.12/site-packages/airflow/example_dags/example_branch_operator.py
[2025-06-26T23:09:29.093+0000] {processor.py:914} INFO - Processing file /home/airflow/.local/lib/python3.12/site-packages/airflow/example_dags/example_branch_operator.py for tasks to queue
[2025-06-26T23:09:29.095+0000] {logging_mixin.py:190} INFO - [2025-06-26T23:09:29.095+0000] {dagbag.py:588} INFO - Filling up the DagBag from /home/airflow/.local/lib/python3.12/site-packages/airflow/example_dags/example_branch_operator.py
[2025-06-26T23:09:29.111+0000] {processor.py:925} INFO - DAG(s) 'example_branch_operator' retrieved from /home/airflow/.local/lib/python3.12/site-packages/airflow/example_dags/example_branch_operator.py
[2025-06-26T23:09:29.135+0000] {logging_mixin.py:190} INFO - [2025-06-26T23:09:29.135+0000] {dag.py:3239} INFO - Sync 1 DAGs
[2025-06-26T23:09:29.155+0000] {logging_mixin.py:190} INFO - [2025-06-26T23:09:29.155+0000] {dag.py:4180} INFO - Setting next_dagrun for example_branch_operator to 2025-06-25 00:00:00+00:00, run_after=2025-06-26 00:00:00+00:00
[2025-06-26T23:09:29.175+0000] {processor.py:208} INFO - Processing /home/airflow/.local/lib/python3.12/site-packages/airflow/example_dags/example_branch_operator.py took 0.088 seconds
[2025-06-26T23:09:59.897+0000] {processor.py:186} INFO - Started process (PID=3313) to work on /home/airflow/.local/lib/python3.12/site-packages/airflow/example_dags/example_branch_operator.py
[2025-06-26T23:09:59.898+0000] {processor.py:914} INFO - Processing file /home/airflow/.local/lib/python3.12/site-packages/airflow/example_dags/example_branch_operator.py for tasks to queue
[2025-06-26T23:09:59.900+0000] {logging_mixin.py:190} INFO - [2025-06-26T23:09:59.900+0000] {dagbag.py:588} INFO - Filling up the DagBag from /home/airflow/.local/lib/python3.12/site-packages/airflow/example_dags/example_branch_operator.py
[2025-06-26T23:09:59.914+0000] {processor.py:925} INFO - DAG(s) 'example_branch_operator' retrieved from /home/airflow/.local/lib/python3.12/site-packages/airflow/example_dags/example_branch_operator.py
[2025-06-26T23:09:59.936+0000] {logging_mixin.py:190} INFO - [2025-06-26T23:09:59.936+0000] {dag.py:3239} INFO - Sync 1 DAGs
[2025-06-26T23:10:00.214+0000] {logging_mixin.py:190} INFO - [2025-06-26T23:10:00.214+0000] {dag.py:4180} INFO - Setting next_dagrun for example_branch_operator to 2025-06-25 00:00:00+00:00, run_after=2025-06-26 00:00:00+00:00
[2025-06-26T23:10:00.235+0000] {processor.py:208} INFO - Processing /home/airflow/.local/lib/python3.12/site-packages/airflow/example_dags/example_branch_operator.py took 0.343 seconds
[2025-06-26T23:10:30.868+0000] {processor.py:186} INFO - Started process (PID=3375) to work on /home/airflow/.local/lib/python3.12/site-packages/airflow/example_dags/example_branch_operator.py
[2025-06-26T23:10:30.869+0000] {processor.py:914} INFO - Processing file /home/airflow/.local/lib/python3.12/site-packages/airflow/example_dags/example_branch_operator.py for tasks to queue
[2025-06-26T23:10:30.872+0000] {logging_mixin.py:190} INFO - [2025-06-26T23:10:30.871+0000] {dagbag.py:588} INFO - Filling up the DagBag from /home/airflow/.local/lib/python3.12/site-packages/airflow/example_dags/example_branch_operator.py
[2025-06-26T23:10:30.888+0000] {processor.py:925} INFO - DAG(s) 'example_branch_operator' retrieved from /home/airflow/.local/lib/python3.12/site-packages/airflow/example_dags/example_branch_operator.py
[2025-06-26T23:10:30.911+0000] {logging_mixin.py:190} INFO - [2025-06-26T23:10:30.911+0000] {dag.py:3239} INFO - Sync 1 DAGs
[2025-06-26T23:10:30.930+0000] {logging_mixin.py:190} INFO - [2025-06-26T23:10:30.930+0000] {dag.py:4180} INFO - Setting next_dagrun for example_branch_operator to 2025-06-25 00:00:00+00:00, run_after=2025-06-26 00:00:00+00:00
[2025-06-26T23:10:30.948+0000] {processor.py:208} INFO - Processing /home/airflow/.local/lib/python3.12/site-packages/airflow/example_dags/example_branch_operator.py took 0.086 seconds
