[2025-06-26T22:43:36.076+0000] {processor.py:186} INFO - Started process (PID=105) to work on /home/airflow/.local/lib/python3.12/site-packages/airflow/example_dags/tutorial_dag.py
[2025-06-26T22:43:36.077+0000] {processor.py:914} INFO - Processing file /home/airflow/.local/lib/python3.12/site-packages/airflow/example_dags/tutorial_dag.py for tasks to queue
[2025-06-26T22:43:36.079+0000] {logging_mixin.py:190} INFO - [2025-06-26T22:43:36.079+0000] {dagbag.py:588} INFO - Filling up the DagBag from /home/airflow/.local/lib/python3.12/site-packages/airflow/example_dags/tutorial_dag.py
[2025-06-26T22:43:36.088+0000] {processor.py:925} INFO - DAG(s) 'tutorial_dag' retrieved from /home/airflow/.local/lib/python3.12/site-packages/airflow/example_dags/tutorial_dag.py
[2025-06-26T22:43:36.182+0000] {logging_mixin.py:190} INFO - [2025-06-26T22:43:36.181+0000] {override.py:1900} INFO - Created Permission View: can read on DAG:tutorial_dag
[2025-06-26T22:43:36.193+0000] {logging_mixin.py:190} INFO - [2025-06-26T22:43:36.193+0000] {override.py:1900} INFO - Created Permission View: can edit on DAG:tutorial_dag
[2025-06-26T22:43:36.203+0000] {logging_mixin.py:190} INFO - [2025-06-26T22:43:36.202+0000] {override.py:1900} INFO - Created Permission View: can delete on DAG:tutorial_dag
[2025-06-26T22:43:36.219+0000] {logging_mixin.py:190} INFO - [2025-06-26T22:43:36.219+0000] {override.py:1900} INFO - Created Permission View: can read on DAG Run:tutorial_dag
[2025-06-26T22:43:36.231+0000] {logging_mixin.py:190} INFO - [2025-06-26T22:43:36.230+0000] {override.py:1900} INFO - Created Permission View: can delete on DAG Run:tutorial_dag
[2025-06-26T22:43:36.240+0000] {logging_mixin.py:190} INFO - [2025-06-26T22:43:36.240+0000] {override.py:1900} INFO - Created Permission View: menu access on DAG Run:tutorial_dag
[2025-06-26T22:43:36.251+0000] {logging_mixin.py:190} INFO - [2025-06-26T22:43:36.250+0000] {override.py:1900} INFO - Created Permission View: can create on DAG Run:tutorial_dag
[2025-06-26T22:43:36.252+0000] {logging_mixin.py:190} INFO - [2025-06-26T22:43:36.252+0000] {dag.py:3239} INFO - Sync 1 DAGs
[2025-06-26T22:43:36.267+0000] {logging_mixin.py:190} INFO - [2025-06-26T22:43:36.267+0000] {dag.py:3262} INFO - Creating ORM DAG for tutorial_dag
[2025-06-26T22:43:36.268+0000] {logging_mixin.py:190} INFO - [2025-06-26T22:43:36.268+0000] {dag.py:4180} INFO - Setting next_dagrun for tutorial_dag to None, run_after=None
[2025-06-26T22:43:36.290+0000] {processor.py:208} INFO - Processing /home/airflow/.local/lib/python3.12/site-packages/airflow/example_dags/tutorial_dag.py took 0.219 seconds
[2025-06-26T22:44:06.364+0000] {processor.py:186} INFO - Started process (PID=167) to work on /home/airflow/.local/lib/python3.12/site-packages/airflow/example_dags/tutorial_dag.py
[2025-06-26T22:44:06.366+0000] {processor.py:914} INFO - Processing file /home/airflow/.local/lib/python3.12/site-packages/airflow/example_dags/tutorial_dag.py for tasks to queue
[2025-06-26T22:44:06.370+0000] {logging_mixin.py:190} INFO - [2025-06-26T22:44:06.369+0000] {dagbag.py:588} INFO - Filling up the DagBag from /home/airflow/.local/lib/python3.12/site-packages/airflow/example_dags/tutorial_dag.py
[2025-06-26T22:44:06.379+0000] {processor.py:925} INFO - DAG(s) 'tutorial_dag' retrieved from /home/airflow/.local/lib/python3.12/site-packages/airflow/example_dags/tutorial_dag.py
[2025-06-26T22:44:06.401+0000] {logging_mixin.py:190} INFO - [2025-06-26T22:44:06.400+0000] {dag.py:3239} INFO - Sync 1 DAGs
[2025-06-26T22:44:06.414+0000] {logging_mixin.py:190} INFO - [2025-06-26T22:44:06.413+0000] {dag.py:4180} INFO - Setting next_dagrun for tutorial_dag to None, run_after=None
[2025-06-26T22:44:06.440+0000] {processor.py:208} INFO - Processing /home/airflow/.local/lib/python3.12/site-packages/airflow/example_dags/tutorial_dag.py took 0.082 seconds
[2025-06-26T22:44:36.877+0000] {processor.py:186} INFO - Started process (PID=229) to work on /home/airflow/.local/lib/python3.12/site-packages/airflow/example_dags/tutorial_dag.py
[2025-06-26T22:44:36.878+0000] {processor.py:914} INFO - Processing file /home/airflow/.local/lib/python3.12/site-packages/airflow/example_dags/tutorial_dag.py for tasks to queue
[2025-06-26T22:44:36.880+0000] {logging_mixin.py:190} INFO - [2025-06-26T22:44:36.880+0000] {dagbag.py:588} INFO - Filling up the DagBag from /home/airflow/.local/lib/python3.12/site-packages/airflow/example_dags/tutorial_dag.py
[2025-06-26T22:44:36.887+0000] {processor.py:925} INFO - DAG(s) 'tutorial_dag' retrieved from /home/airflow/.local/lib/python3.12/site-packages/airflow/example_dags/tutorial_dag.py
[2025-06-26T22:44:36.906+0000] {logging_mixin.py:190} INFO - [2025-06-26T22:44:36.906+0000] {dag.py:3239} INFO - Sync 1 DAGs
[2025-06-26T22:44:36.919+0000] {logging_mixin.py:190} INFO - [2025-06-26T22:44:36.919+0000] {dag.py:4180} INFO - Setting next_dagrun for tutorial_dag to None, run_after=None
[2025-06-26T22:44:36.940+0000] {processor.py:208} INFO - Processing /home/airflow/.local/lib/python3.12/site-packages/airflow/example_dags/tutorial_dag.py took 0.069 seconds
[2025-06-26T22:45:07.258+0000] {processor.py:186} INFO - Started process (PID=291) to work on /home/airflow/.local/lib/python3.12/site-packages/airflow/example_dags/tutorial_dag.py
[2025-06-26T22:45:07.259+0000] {processor.py:914} INFO - Processing file /home/airflow/.local/lib/python3.12/site-packages/airflow/example_dags/tutorial_dag.py for tasks to queue
[2025-06-26T22:45:07.262+0000] {logging_mixin.py:190} INFO - [2025-06-26T22:45:07.261+0000] {dagbag.py:588} INFO - Filling up the DagBag from /home/airflow/.local/lib/python3.12/site-packages/airflow/example_dags/tutorial_dag.py
[2025-06-26T22:45:07.268+0000] {processor.py:925} INFO - DAG(s) 'tutorial_dag' retrieved from /home/airflow/.local/lib/python3.12/site-packages/airflow/example_dags/tutorial_dag.py
[2025-06-26T22:45:07.288+0000] {logging_mixin.py:190} INFO - [2025-06-26T22:45:07.288+0000] {dag.py:3239} INFO - Sync 1 DAGs
[2025-06-26T22:45:07.301+0000] {logging_mixin.py:190} INFO - [2025-06-26T22:45:07.300+0000] {dag.py:4180} INFO - Setting next_dagrun for tutorial_dag to None, run_after=None
[2025-06-26T22:45:07.319+0000] {processor.py:208} INFO - Processing /home/airflow/.local/lib/python3.12/site-packages/airflow/example_dags/tutorial_dag.py took 0.066 seconds
[2025-06-26T22:45:37.565+0000] {processor.py:186} INFO - Started process (PID=353) to work on /home/airflow/.local/lib/python3.12/site-packages/airflow/example_dags/tutorial_dag.py
[2025-06-26T22:45:37.566+0000] {processor.py:914} INFO - Processing file /home/airflow/.local/lib/python3.12/site-packages/airflow/example_dags/tutorial_dag.py for tasks to queue
[2025-06-26T22:45:37.568+0000] {logging_mixin.py:190} INFO - [2025-06-26T22:45:37.568+0000] {dagbag.py:588} INFO - Filling up the DagBag from /home/airflow/.local/lib/python3.12/site-packages/airflow/example_dags/tutorial_dag.py
[2025-06-26T22:45:37.576+0000] {processor.py:925} INFO - DAG(s) 'tutorial_dag' retrieved from /home/airflow/.local/lib/python3.12/site-packages/airflow/example_dags/tutorial_dag.py
[2025-06-26T22:45:37.597+0000] {logging_mixin.py:190} INFO - [2025-06-26T22:45:37.596+0000] {dag.py:3239} INFO - Sync 1 DAGs
[2025-06-26T22:45:37.610+0000] {logging_mixin.py:190} INFO - [2025-06-26T22:45:37.610+0000] {dag.py:4180} INFO - Setting next_dagrun for tutorial_dag to None, run_after=None
[2025-06-26T22:45:37.632+0000] {processor.py:208} INFO - Processing /home/airflow/.local/lib/python3.12/site-packages/airflow/example_dags/tutorial_dag.py took 0.073 seconds
[2025-06-26T22:46:08.228+0000] {processor.py:186} INFO - Started process (PID=415) to work on /home/airflow/.local/lib/python3.12/site-packages/airflow/example_dags/tutorial_dag.py
[2025-06-26T22:46:08.229+0000] {processor.py:914} INFO - Processing file /home/airflow/.local/lib/python3.12/site-packages/airflow/example_dags/tutorial_dag.py for tasks to queue
[2025-06-26T22:46:08.231+0000] {logging_mixin.py:190} INFO - [2025-06-26T22:46:08.231+0000] {dagbag.py:588} INFO - Filling up the DagBag from /home/airflow/.local/lib/python3.12/site-packages/airflow/example_dags/tutorial_dag.py
[2025-06-26T22:46:08.238+0000] {processor.py:925} INFO - DAG(s) 'tutorial_dag' retrieved from /home/airflow/.local/lib/python3.12/site-packages/airflow/example_dags/tutorial_dag.py
[2025-06-26T22:46:08.256+0000] {logging_mixin.py:190} INFO - [2025-06-26T22:46:08.256+0000] {dag.py:3239} INFO - Sync 1 DAGs
[2025-06-26T22:46:08.269+0000] {logging_mixin.py:190} INFO - [2025-06-26T22:46:08.269+0000] {dag.py:4180} INFO - Setting next_dagrun for tutorial_dag to None, run_after=None
[2025-06-26T22:46:08.288+0000] {processor.py:208} INFO - Processing /home/airflow/.local/lib/python3.12/site-packages/airflow/example_dags/tutorial_dag.py took 0.065 seconds
[2025-06-26T22:46:38.726+0000] {processor.py:186} INFO - Started process (PID=477) to work on /home/airflow/.local/lib/python3.12/site-packages/airflow/example_dags/tutorial_dag.py
[2025-06-26T22:46:38.727+0000] {processor.py:914} INFO - Processing file /home/airflow/.local/lib/python3.12/site-packages/airflow/example_dags/tutorial_dag.py for tasks to queue
[2025-06-26T22:46:38.730+0000] {logging_mixin.py:190} INFO - [2025-06-26T22:46:38.730+0000] {dagbag.py:588} INFO - Filling up the DagBag from /home/airflow/.local/lib/python3.12/site-packages/airflow/example_dags/tutorial_dag.py
[2025-06-26T22:46:38.737+0000] {processor.py:925} INFO - DAG(s) 'tutorial_dag' retrieved from /home/airflow/.local/lib/python3.12/site-packages/airflow/example_dags/tutorial_dag.py
[2025-06-26T22:46:38.757+0000] {logging_mixin.py:190} INFO - [2025-06-26T22:46:38.757+0000] {dag.py:3239} INFO - Sync 1 DAGs
[2025-06-26T22:46:38.771+0000] {logging_mixin.py:190} INFO - [2025-06-26T22:46:38.771+0000] {dag.py:4180} INFO - Setting next_dagrun for tutorial_dag to None, run_after=None
[2025-06-26T22:46:38.792+0000] {processor.py:208} INFO - Processing /home/airflow/.local/lib/python3.12/site-packages/airflow/example_dags/tutorial_dag.py took 0.072 seconds
[2025-06-26T22:47:09.040+0000] {processor.py:186} INFO - Started process (PID=539) to work on /home/airflow/.local/lib/python3.12/site-packages/airflow/example_dags/tutorial_dag.py
[2025-06-26T22:47:09.042+0000] {processor.py:914} INFO - Processing file /home/airflow/.local/lib/python3.12/site-packages/airflow/example_dags/tutorial_dag.py for tasks to queue
[2025-06-26T22:47:09.044+0000] {logging_mixin.py:190} INFO - [2025-06-26T22:47:09.044+0000] {dagbag.py:588} INFO - Filling up the DagBag from /home/airflow/.local/lib/python3.12/site-packages/airflow/example_dags/tutorial_dag.py
[2025-06-26T22:47:09.052+0000] {processor.py:925} INFO - DAG(s) 'tutorial_dag' retrieved from /home/airflow/.local/lib/python3.12/site-packages/airflow/example_dags/tutorial_dag.py
[2025-06-26T22:47:09.071+0000] {logging_mixin.py:190} INFO - [2025-06-26T22:47:09.070+0000] {dag.py:3239} INFO - Sync 1 DAGs
[2025-06-26T22:47:09.083+0000] {logging_mixin.py:190} INFO - [2025-06-26T22:47:09.083+0000] {dag.py:4180} INFO - Setting next_dagrun for tutorial_dag to None, run_after=None
[2025-06-26T22:47:09.103+0000] {processor.py:208} INFO - Processing /home/airflow/.local/lib/python3.12/site-packages/airflow/example_dags/tutorial_dag.py took 0.067 seconds
[2025-06-26T22:47:39.456+0000] {processor.py:186} INFO - Started process (PID=601) to work on /home/airflow/.local/lib/python3.12/site-packages/airflow/example_dags/tutorial_dag.py
[2025-06-26T22:47:39.457+0000] {processor.py:914} INFO - Processing file /home/airflow/.local/lib/python3.12/site-packages/airflow/example_dags/tutorial_dag.py for tasks to queue
[2025-06-26T22:47:39.460+0000] {logging_mixin.py:190} INFO - [2025-06-26T22:47:39.460+0000] {dagbag.py:588} INFO - Filling up the DagBag from /home/airflow/.local/lib/python3.12/site-packages/airflow/example_dags/tutorial_dag.py
[2025-06-26T22:47:39.467+0000] {processor.py:925} INFO - DAG(s) 'tutorial_dag' retrieved from /home/airflow/.local/lib/python3.12/site-packages/airflow/example_dags/tutorial_dag.py
[2025-06-26T22:47:39.487+0000] {logging_mixin.py:190} INFO - [2025-06-26T22:47:39.487+0000] {dag.py:3239} INFO - Sync 1 DAGs
[2025-06-26T22:47:39.500+0000] {logging_mixin.py:190} INFO - [2025-06-26T22:47:39.500+0000] {dag.py:4180} INFO - Setting next_dagrun for tutorial_dag to None, run_after=None
[2025-06-26T22:47:39.521+0000] {processor.py:208} INFO - Processing /home/airflow/.local/lib/python3.12/site-packages/airflow/example_dags/tutorial_dag.py took 0.071 seconds
[2025-06-26T22:48:09.788+0000] {processor.py:186} INFO - Started process (PID=663) to work on /home/airflow/.local/lib/python3.12/site-packages/airflow/example_dags/tutorial_dag.py
[2025-06-26T22:48:09.789+0000] {processor.py:914} INFO - Processing file /home/airflow/.local/lib/python3.12/site-packages/airflow/example_dags/tutorial_dag.py for tasks to queue
[2025-06-26T22:48:09.791+0000] {logging_mixin.py:190} INFO - [2025-06-26T22:48:09.791+0000] {dagbag.py:588} INFO - Filling up the DagBag from /home/airflow/.local/lib/python3.12/site-packages/airflow/example_dags/tutorial_dag.py
[2025-06-26T22:48:09.798+0000] {processor.py:925} INFO - DAG(s) 'tutorial_dag' retrieved from /home/airflow/.local/lib/python3.12/site-packages/airflow/example_dags/tutorial_dag.py
[2025-06-26T22:48:09.816+0000] {logging_mixin.py:190} INFO - [2025-06-26T22:48:09.816+0000] {dag.py:3239} INFO - Sync 1 DAGs
[2025-06-26T22:48:09.829+0000] {logging_mixin.py:190} INFO - [2025-06-26T22:48:09.829+0000] {dag.py:4180} INFO - Setting next_dagrun for tutorial_dag to None, run_after=None
[2025-06-26T22:48:09.852+0000] {processor.py:208} INFO - Processing /home/airflow/.local/lib/python3.12/site-packages/airflow/example_dags/tutorial_dag.py took 0.069 seconds
[2025-06-26T22:48:40.125+0000] {processor.py:186} INFO - Started process (PID=725) to work on /home/airflow/.local/lib/python3.12/site-packages/airflow/example_dags/tutorial_dag.py
[2025-06-26T22:48:40.126+0000] {processor.py:914} INFO - Processing file /home/airflow/.local/lib/python3.12/site-packages/airflow/example_dags/tutorial_dag.py for tasks to queue
[2025-06-26T22:48:40.129+0000] {logging_mixin.py:190} INFO - [2025-06-26T22:48:40.128+0000] {dagbag.py:588} INFO - Filling up the DagBag from /home/airflow/.local/lib/python3.12/site-packages/airflow/example_dags/tutorial_dag.py
[2025-06-26T22:48:40.136+0000] {processor.py:925} INFO - DAG(s) 'tutorial_dag' retrieved from /home/airflow/.local/lib/python3.12/site-packages/airflow/example_dags/tutorial_dag.py
[2025-06-26T22:48:40.155+0000] {logging_mixin.py:190} INFO - [2025-06-26T22:48:40.155+0000] {dag.py:3239} INFO - Sync 1 DAGs
[2025-06-26T22:48:40.167+0000] {logging_mixin.py:190} INFO - [2025-06-26T22:48:40.167+0000] {dag.py:4180} INFO - Setting next_dagrun for tutorial_dag to None, run_after=None
[2025-06-26T22:48:40.186+0000] {processor.py:208} INFO - Processing /home/airflow/.local/lib/python3.12/site-packages/airflow/example_dags/tutorial_dag.py took 0.068 seconds
[2025-06-26T22:49:10.435+0000] {processor.py:186} INFO - Started process (PID=787) to work on /home/airflow/.local/lib/python3.12/site-packages/airflow/example_dags/tutorial_dag.py
[2025-06-26T22:49:10.436+0000] {processor.py:914} INFO - Processing file /home/airflow/.local/lib/python3.12/site-packages/airflow/example_dags/tutorial_dag.py for tasks to queue
[2025-06-26T22:49:10.438+0000] {logging_mixin.py:190} INFO - [2025-06-26T22:49:10.438+0000] {dagbag.py:588} INFO - Filling up the DagBag from /home/airflow/.local/lib/python3.12/site-packages/airflow/example_dags/tutorial_dag.py
[2025-06-26T22:49:10.445+0000] {processor.py:925} INFO - DAG(s) 'tutorial_dag' retrieved from /home/airflow/.local/lib/python3.12/site-packages/airflow/example_dags/tutorial_dag.py
[2025-06-26T22:49:10.463+0000] {logging_mixin.py:190} INFO - [2025-06-26T22:49:10.463+0000] {dag.py:3239} INFO - Sync 1 DAGs
[2025-06-26T22:49:10.476+0000] {logging_mixin.py:190} INFO - [2025-06-26T22:49:10.475+0000] {dag.py:4180} INFO - Setting next_dagrun for tutorial_dag to None, run_after=None
[2025-06-26T22:49:10.496+0000] {processor.py:208} INFO - Processing /home/airflow/.local/lib/python3.12/site-packages/airflow/example_dags/tutorial_dag.py took 0.068 seconds
[2025-06-26T22:49:40.788+0000] {processor.py:186} INFO - Started process (PID=849) to work on /home/airflow/.local/lib/python3.12/site-packages/airflow/example_dags/tutorial_dag.py
[2025-06-26T22:49:40.789+0000] {processor.py:914} INFO - Processing file /home/airflow/.local/lib/python3.12/site-packages/airflow/example_dags/tutorial_dag.py for tasks to queue
[2025-06-26T22:49:40.792+0000] {logging_mixin.py:190} INFO - [2025-06-26T22:49:40.791+0000] {dagbag.py:588} INFO - Filling up the DagBag from /home/airflow/.local/lib/python3.12/site-packages/airflow/example_dags/tutorial_dag.py
[2025-06-26T22:49:40.799+0000] {processor.py:925} INFO - DAG(s) 'tutorial_dag' retrieved from /home/airflow/.local/lib/python3.12/site-packages/airflow/example_dags/tutorial_dag.py
[2025-06-26T22:49:40.816+0000] {logging_mixin.py:190} INFO - [2025-06-26T22:49:40.816+0000] {dag.py:3239} INFO - Sync 1 DAGs
[2025-06-26T22:49:40.829+0000] {logging_mixin.py:190} INFO - [2025-06-26T22:49:40.828+0000] {dag.py:4180} INFO - Setting next_dagrun for tutorial_dag to None, run_after=None
[2025-06-26T22:49:40.848+0000] {processor.py:208} INFO - Processing /home/airflow/.local/lib/python3.12/site-packages/airflow/example_dags/tutorial_dag.py took 0.066 seconds
[2025-06-26T22:50:11.229+0000] {processor.py:186} INFO - Started process (PID=911) to work on /home/airflow/.local/lib/python3.12/site-packages/airflow/example_dags/tutorial_dag.py
[2025-06-26T22:50:11.230+0000] {processor.py:914} INFO - Processing file /home/airflow/.local/lib/python3.12/site-packages/airflow/example_dags/tutorial_dag.py for tasks to queue
[2025-06-26T22:50:11.232+0000] {logging_mixin.py:190} INFO - [2025-06-26T22:50:11.232+0000] {dagbag.py:588} INFO - Filling up the DagBag from /home/airflow/.local/lib/python3.12/site-packages/airflow/example_dags/tutorial_dag.py
[2025-06-26T22:50:11.238+0000] {processor.py:925} INFO - DAG(s) 'tutorial_dag' retrieved from /home/airflow/.local/lib/python3.12/site-packages/airflow/example_dags/tutorial_dag.py
[2025-06-26T22:50:11.259+0000] {logging_mixin.py:190} INFO - [2025-06-26T22:50:11.259+0000] {dag.py:3239} INFO - Sync 1 DAGs
[2025-06-26T22:50:11.274+0000] {logging_mixin.py:190} INFO - [2025-06-26T22:50:11.273+0000] {dag.py:4180} INFO - Setting next_dagrun for tutorial_dag to None, run_after=None
[2025-06-26T22:50:11.294+0000] {processor.py:208} INFO - Processing /home/airflow/.local/lib/python3.12/site-packages/airflow/example_dags/tutorial_dag.py took 0.070 seconds
[2025-06-26T22:50:41.632+0000] {processor.py:186} INFO - Started process (PID=972) to work on /home/airflow/.local/lib/python3.12/site-packages/airflow/example_dags/tutorial_dag.py
[2025-06-26T22:50:41.633+0000] {processor.py:914} INFO - Processing file /home/airflow/.local/lib/python3.12/site-packages/airflow/example_dags/tutorial_dag.py for tasks to queue
[2025-06-26T22:50:41.636+0000] {logging_mixin.py:190} INFO - [2025-06-26T22:50:41.635+0000] {dagbag.py:588} INFO - Filling up the DagBag from /home/airflow/.local/lib/python3.12/site-packages/airflow/example_dags/tutorial_dag.py
[2025-06-26T22:50:41.643+0000] {processor.py:925} INFO - DAG(s) 'tutorial_dag' retrieved from /home/airflow/.local/lib/python3.12/site-packages/airflow/example_dags/tutorial_dag.py
[2025-06-26T22:50:41.662+0000] {logging_mixin.py:190} INFO - [2025-06-26T22:50:41.662+0000] {dag.py:3239} INFO - Sync 1 DAGs
[2025-06-26T22:50:41.674+0000] {logging_mixin.py:190} INFO - [2025-06-26T22:50:41.674+0000] {dag.py:4180} INFO - Setting next_dagrun for tutorial_dag to None, run_after=None
[2025-06-26T22:50:41.693+0000] {processor.py:208} INFO - Processing /home/airflow/.local/lib/python3.12/site-packages/airflow/example_dags/tutorial_dag.py took 0.067 seconds
[2025-06-26T22:51:12.151+0000] {processor.py:186} INFO - Started process (PID=1034) to work on /home/airflow/.local/lib/python3.12/site-packages/airflow/example_dags/tutorial_dag.py
[2025-06-26T22:51:12.152+0000] {processor.py:914} INFO - Processing file /home/airflow/.local/lib/python3.12/site-packages/airflow/example_dags/tutorial_dag.py for tasks to queue
[2025-06-26T22:51:12.155+0000] {logging_mixin.py:190} INFO - [2025-06-26T22:51:12.155+0000] {dagbag.py:588} INFO - Filling up the DagBag from /home/airflow/.local/lib/python3.12/site-packages/airflow/example_dags/tutorial_dag.py
[2025-06-26T22:51:12.163+0000] {processor.py:925} INFO - DAG(s) 'tutorial_dag' retrieved from /home/airflow/.local/lib/python3.12/site-packages/airflow/example_dags/tutorial_dag.py
[2025-06-26T22:51:12.181+0000] {logging_mixin.py:190} INFO - [2025-06-26T22:51:12.181+0000] {dag.py:3239} INFO - Sync 1 DAGs
[2025-06-26T22:51:12.194+0000] {logging_mixin.py:190} INFO - [2025-06-26T22:51:12.193+0000] {dag.py:4180} INFO - Setting next_dagrun for tutorial_dag to None, run_after=None
[2025-06-26T22:51:12.210+0000] {processor.py:208} INFO - Processing /home/airflow/.local/lib/python3.12/site-packages/airflow/example_dags/tutorial_dag.py took 0.065 seconds
[2025-06-26T22:51:42.525+0000] {processor.py:186} INFO - Started process (PID=1096) to work on /home/airflow/.local/lib/python3.12/site-packages/airflow/example_dags/tutorial_dag.py
[2025-06-26T22:51:42.526+0000] {processor.py:914} INFO - Processing file /home/airflow/.local/lib/python3.12/site-packages/airflow/example_dags/tutorial_dag.py for tasks to queue
[2025-06-26T22:51:42.528+0000] {logging_mixin.py:190} INFO - [2025-06-26T22:51:42.528+0000] {dagbag.py:588} INFO - Filling up the DagBag from /home/airflow/.local/lib/python3.12/site-packages/airflow/example_dags/tutorial_dag.py
[2025-06-26T22:51:42.537+0000] {processor.py:925} INFO - DAG(s) 'tutorial_dag' retrieved from /home/airflow/.local/lib/python3.12/site-packages/airflow/example_dags/tutorial_dag.py
[2025-06-26T22:51:42.558+0000] {logging_mixin.py:190} INFO - [2025-06-26T22:51:42.558+0000] {dag.py:3239} INFO - Sync 1 DAGs
[2025-06-26T22:51:42.574+0000] {logging_mixin.py:190} INFO - [2025-06-26T22:51:42.574+0000] {dag.py:4180} INFO - Setting next_dagrun for tutorial_dag to None, run_after=None
[2025-06-26T22:51:42.595+0000] {processor.py:208} INFO - Processing /home/airflow/.local/lib/python3.12/site-packages/airflow/example_dags/tutorial_dag.py took 0.076 seconds
[2025-06-26T22:52:12.820+0000] {processor.py:186} INFO - Started process (PID=1158) to work on /home/airflow/.local/lib/python3.12/site-packages/airflow/example_dags/tutorial_dag.py
[2025-06-26T22:52:12.821+0000] {processor.py:914} INFO - Processing file /home/airflow/.local/lib/python3.12/site-packages/airflow/example_dags/tutorial_dag.py for tasks to queue
[2025-06-26T22:52:12.823+0000] {logging_mixin.py:190} INFO - [2025-06-26T22:52:12.823+0000] {dagbag.py:588} INFO - Filling up the DagBag from /home/airflow/.local/lib/python3.12/site-packages/airflow/example_dags/tutorial_dag.py
[2025-06-26T22:52:12.830+0000] {processor.py:925} INFO - DAG(s) 'tutorial_dag' retrieved from /home/airflow/.local/lib/python3.12/site-packages/airflow/example_dags/tutorial_dag.py
[2025-06-26T22:52:12.848+0000] {logging_mixin.py:190} INFO - [2025-06-26T22:52:12.848+0000] {dag.py:3239} INFO - Sync 1 DAGs
[2025-06-26T22:52:12.860+0000] {logging_mixin.py:190} INFO - [2025-06-26T22:52:12.860+0000] {dag.py:4180} INFO - Setting next_dagrun for tutorial_dag to None, run_after=None
[2025-06-26T22:52:12.879+0000] {processor.py:208} INFO - Processing /home/airflow/.local/lib/python3.12/site-packages/airflow/example_dags/tutorial_dag.py took 0.064 seconds
[2025-06-26T22:52:43.840+0000] {processor.py:186} INFO - Started process (PID=1220) to work on /home/airflow/.local/lib/python3.12/site-packages/airflow/example_dags/tutorial_dag.py
[2025-06-26T22:52:43.841+0000] {processor.py:914} INFO - Processing file /home/airflow/.local/lib/python3.12/site-packages/airflow/example_dags/tutorial_dag.py for tasks to queue
[2025-06-26T22:52:43.844+0000] {logging_mixin.py:190} INFO - [2025-06-26T22:52:43.844+0000] {dagbag.py:588} INFO - Filling up the DagBag from /home/airflow/.local/lib/python3.12/site-packages/airflow/example_dags/tutorial_dag.py
[2025-06-26T22:52:43.850+0000] {processor.py:925} INFO - DAG(s) 'tutorial_dag' retrieved from /home/airflow/.local/lib/python3.12/site-packages/airflow/example_dags/tutorial_dag.py
[2025-06-26T22:52:43.871+0000] {logging_mixin.py:190} INFO - [2025-06-26T22:52:43.871+0000] {dag.py:3239} INFO - Sync 1 DAGs
[2025-06-26T22:52:43.884+0000] {logging_mixin.py:190} INFO - [2025-06-26T22:52:43.884+0000] {dag.py:4180} INFO - Setting next_dagrun for tutorial_dag to None, run_after=None
[2025-06-26T22:52:43.904+0000] {processor.py:208} INFO - Processing /home/airflow/.local/lib/python3.12/site-packages/airflow/example_dags/tutorial_dag.py took 0.069 seconds
[2025-06-26T22:53:14.354+0000] {processor.py:186} INFO - Started process (PID=1282) to work on /home/airflow/.local/lib/python3.12/site-packages/airflow/example_dags/tutorial_dag.py
[2025-06-26T22:53:14.355+0000] {processor.py:914} INFO - Processing file /home/airflow/.local/lib/python3.12/site-packages/airflow/example_dags/tutorial_dag.py for tasks to queue
[2025-06-26T22:53:14.357+0000] {logging_mixin.py:190} INFO - [2025-06-26T22:53:14.357+0000] {dagbag.py:588} INFO - Filling up the DagBag from /home/airflow/.local/lib/python3.12/site-packages/airflow/example_dags/tutorial_dag.py
[2025-06-26T22:53:14.366+0000] {processor.py:925} INFO - DAG(s) 'tutorial_dag' retrieved from /home/airflow/.local/lib/python3.12/site-packages/airflow/example_dags/tutorial_dag.py
[2025-06-26T22:53:14.386+0000] {logging_mixin.py:190} INFO - [2025-06-26T22:53:14.386+0000] {dag.py:3239} INFO - Sync 1 DAGs
[2025-06-26T22:53:14.400+0000] {logging_mixin.py:190} INFO - [2025-06-26T22:53:14.400+0000] {dag.py:4180} INFO - Setting next_dagrun for tutorial_dag to None, run_after=None
[2025-06-26T22:53:14.421+0000] {processor.py:208} INFO - Processing /home/airflow/.local/lib/python3.12/site-packages/airflow/example_dags/tutorial_dag.py took 0.075 seconds
[2025-06-26T22:53:44.644+0000] {processor.py:186} INFO - Started process (PID=1344) to work on /home/airflow/.local/lib/python3.12/site-packages/airflow/example_dags/tutorial_dag.py
[2025-06-26T22:53:44.646+0000] {processor.py:914} INFO - Processing file /home/airflow/.local/lib/python3.12/site-packages/airflow/example_dags/tutorial_dag.py for tasks to queue
[2025-06-26T22:53:44.649+0000] {logging_mixin.py:190} INFO - [2025-06-26T22:53:44.648+0000] {dagbag.py:588} INFO - Filling up the DagBag from /home/airflow/.local/lib/python3.12/site-packages/airflow/example_dags/tutorial_dag.py
[2025-06-26T22:53:44.657+0000] {processor.py:925} INFO - DAG(s) 'tutorial_dag' retrieved from /home/airflow/.local/lib/python3.12/site-packages/airflow/example_dags/tutorial_dag.py
[2025-06-26T22:53:44.679+0000] {logging_mixin.py:190} INFO - [2025-06-26T22:53:44.679+0000] {dag.py:3239} INFO - Sync 1 DAGs
[2025-06-26T22:53:44.694+0000] {logging_mixin.py:190} INFO - [2025-06-26T22:53:44.693+0000] {dag.py:4180} INFO - Setting next_dagrun for tutorial_dag to None, run_after=None
[2025-06-26T22:53:44.714+0000] {processor.py:208} INFO - Processing /home/airflow/.local/lib/python3.12/site-packages/airflow/example_dags/tutorial_dag.py took 0.075 seconds
[2025-06-26T22:54:15.138+0000] {processor.py:186} INFO - Started process (PID=1406) to work on /home/airflow/.local/lib/python3.12/site-packages/airflow/example_dags/tutorial_dag.py
[2025-06-26T22:54:15.141+0000] {processor.py:914} INFO - Processing file /home/airflow/.local/lib/python3.12/site-packages/airflow/example_dags/tutorial_dag.py for tasks to queue
[2025-06-26T22:54:15.145+0000] {logging_mixin.py:190} INFO - [2025-06-26T22:54:15.144+0000] {dagbag.py:588} INFO - Filling up the DagBag from /home/airflow/.local/lib/python3.12/site-packages/airflow/example_dags/tutorial_dag.py
[2025-06-26T22:54:15.156+0000] {processor.py:925} INFO - DAG(s) 'tutorial_dag' retrieved from /home/airflow/.local/lib/python3.12/site-packages/airflow/example_dags/tutorial_dag.py
[2025-06-26T22:54:15.182+0000] {logging_mixin.py:190} INFO - [2025-06-26T22:54:15.181+0000] {dag.py:3239} INFO - Sync 1 DAGs
[2025-06-26T22:54:15.202+0000] {logging_mixin.py:190} INFO - [2025-06-26T22:54:15.201+0000] {dag.py:4180} INFO - Setting next_dagrun for tutorial_dag to None, run_after=None
[2025-06-26T22:54:15.230+0000] {processor.py:208} INFO - Processing /home/airflow/.local/lib/python3.12/site-packages/airflow/example_dags/tutorial_dag.py took 0.100 seconds
[2025-06-26T22:54:45.610+0000] {processor.py:186} INFO - Started process (PID=1468) to work on /home/airflow/.local/lib/python3.12/site-packages/airflow/example_dags/tutorial_dag.py
[2025-06-26T22:54:45.611+0000] {processor.py:914} INFO - Processing file /home/airflow/.local/lib/python3.12/site-packages/airflow/example_dags/tutorial_dag.py for tasks to queue
[2025-06-26T22:54:45.614+0000] {logging_mixin.py:190} INFO - [2025-06-26T22:54:45.613+0000] {dagbag.py:588} INFO - Filling up the DagBag from /home/airflow/.local/lib/python3.12/site-packages/airflow/example_dags/tutorial_dag.py
[2025-06-26T22:54:45.624+0000] {processor.py:925} INFO - DAG(s) 'tutorial_dag' retrieved from /home/airflow/.local/lib/python3.12/site-packages/airflow/example_dags/tutorial_dag.py
[2025-06-26T22:54:45.649+0000] {logging_mixin.py:190} INFO - [2025-06-26T22:54:45.649+0000] {dag.py:3239} INFO - Sync 1 DAGs
[2025-06-26T22:54:45.669+0000] {logging_mixin.py:190} INFO - [2025-06-26T22:54:45.668+0000] {dag.py:4180} INFO - Setting next_dagrun for tutorial_dag to None, run_after=None
[2025-06-26T22:54:45.694+0000] {processor.py:208} INFO - Processing /home/airflow/.local/lib/python3.12/site-packages/airflow/example_dags/tutorial_dag.py took 0.092 seconds
[2025-06-26T22:55:16.038+0000] {processor.py:186} INFO - Started process (PID=1530) to work on /home/airflow/.local/lib/python3.12/site-packages/airflow/example_dags/tutorial_dag.py
[2025-06-26T22:55:16.039+0000] {processor.py:914} INFO - Processing file /home/airflow/.local/lib/python3.12/site-packages/airflow/example_dags/tutorial_dag.py for tasks to queue
[2025-06-26T22:55:16.041+0000] {logging_mixin.py:190} INFO - [2025-06-26T22:55:16.041+0000] {dagbag.py:588} INFO - Filling up the DagBag from /home/airflow/.local/lib/python3.12/site-packages/airflow/example_dags/tutorial_dag.py
[2025-06-26T22:55:16.049+0000] {processor.py:925} INFO - DAG(s) 'tutorial_dag' retrieved from /home/airflow/.local/lib/python3.12/site-packages/airflow/example_dags/tutorial_dag.py
[2025-06-26T22:55:16.067+0000] {logging_mixin.py:190} INFO - [2025-06-26T22:55:16.067+0000] {dag.py:3239} INFO - Sync 1 DAGs
[2025-06-26T22:55:16.081+0000] {logging_mixin.py:190} INFO - [2025-06-26T22:55:16.080+0000] {dag.py:4180} INFO - Setting next_dagrun for tutorial_dag to None, run_after=None
[2025-06-26T22:55:16.103+0000] {processor.py:208} INFO - Processing /home/airflow/.local/lib/python3.12/site-packages/airflow/example_dags/tutorial_dag.py took 0.071 seconds
[2025-06-26T22:55:46.342+0000] {processor.py:186} INFO - Started process (PID=1592) to work on /home/airflow/.local/lib/python3.12/site-packages/airflow/example_dags/tutorial_dag.py
[2025-06-26T22:55:46.342+0000] {processor.py:914} INFO - Processing file /home/airflow/.local/lib/python3.12/site-packages/airflow/example_dags/tutorial_dag.py for tasks to queue
[2025-06-26T22:55:46.345+0000] {logging_mixin.py:190} INFO - [2025-06-26T22:55:46.344+0000] {dagbag.py:588} INFO - Filling up the DagBag from /home/airflow/.local/lib/python3.12/site-packages/airflow/example_dags/tutorial_dag.py
[2025-06-26T22:55:46.352+0000] {processor.py:925} INFO - DAG(s) 'tutorial_dag' retrieved from /home/airflow/.local/lib/python3.12/site-packages/airflow/example_dags/tutorial_dag.py
[2025-06-26T22:55:46.370+0000] {logging_mixin.py:190} INFO - [2025-06-26T22:55:46.370+0000] {dag.py:3239} INFO - Sync 1 DAGs
[2025-06-26T22:55:46.383+0000] {logging_mixin.py:190} INFO - [2025-06-26T22:55:46.383+0000] {dag.py:4180} INFO - Setting next_dagrun for tutorial_dag to None, run_after=None
[2025-06-26T22:55:46.402+0000] {processor.py:208} INFO - Processing /home/airflow/.local/lib/python3.12/site-packages/airflow/example_dags/tutorial_dag.py took 0.066 seconds
[2025-06-26T22:56:16.646+0000] {processor.py:186} INFO - Started process (PID=1654) to work on /home/airflow/.local/lib/python3.12/site-packages/airflow/example_dags/tutorial_dag.py
[2025-06-26T22:56:16.647+0000] {processor.py:914} INFO - Processing file /home/airflow/.local/lib/python3.12/site-packages/airflow/example_dags/tutorial_dag.py for tasks to queue
[2025-06-26T22:56:16.650+0000] {logging_mixin.py:190} INFO - [2025-06-26T22:56:16.650+0000] {dagbag.py:588} INFO - Filling up the DagBag from /home/airflow/.local/lib/python3.12/site-packages/airflow/example_dags/tutorial_dag.py
[2025-06-26T22:56:16.657+0000] {processor.py:925} INFO - DAG(s) 'tutorial_dag' retrieved from /home/airflow/.local/lib/python3.12/site-packages/airflow/example_dags/tutorial_dag.py
[2025-06-26T22:56:16.675+0000] {logging_mixin.py:190} INFO - [2025-06-26T22:56:16.675+0000] {dag.py:3239} INFO - Sync 1 DAGs
[2025-06-26T22:56:16.686+0000] {logging_mixin.py:190} INFO - [2025-06-26T22:56:16.686+0000] {dag.py:4180} INFO - Setting next_dagrun for tutorial_dag to None, run_after=None
[2025-06-26T22:56:16.704+0000] {processor.py:208} INFO - Processing /home/airflow/.local/lib/python3.12/site-packages/airflow/example_dags/tutorial_dag.py took 0.064 seconds
[2025-06-26T22:56:47.613+0000] {processor.py:186} INFO - Started process (PID=1716) to work on /home/airflow/.local/lib/python3.12/site-packages/airflow/example_dags/tutorial_dag.py
[2025-06-26T22:56:47.614+0000] {processor.py:914} INFO - Processing file /home/airflow/.local/lib/python3.12/site-packages/airflow/example_dags/tutorial_dag.py for tasks to queue
[2025-06-26T22:56:47.616+0000] {logging_mixin.py:190} INFO - [2025-06-26T22:56:47.616+0000] {dagbag.py:588} INFO - Filling up the DagBag from /home/airflow/.local/lib/python3.12/site-packages/airflow/example_dags/tutorial_dag.py
[2025-06-26T22:56:47.624+0000] {processor.py:925} INFO - DAG(s) 'tutorial_dag' retrieved from /home/airflow/.local/lib/python3.12/site-packages/airflow/example_dags/tutorial_dag.py
[2025-06-26T22:56:47.645+0000] {logging_mixin.py:190} INFO - [2025-06-26T22:56:47.645+0000] {dag.py:3239} INFO - Sync 1 DAGs
[2025-06-26T22:56:47.660+0000] {logging_mixin.py:190} INFO - [2025-06-26T22:56:47.659+0000] {dag.py:4180} INFO - Setting next_dagrun for tutorial_dag to None, run_after=None
[2025-06-26T22:56:47.684+0000] {processor.py:208} INFO - Processing /home/airflow/.local/lib/python3.12/site-packages/airflow/example_dags/tutorial_dag.py took 0.078 seconds
[2025-06-26T22:57:17.868+0000] {processor.py:186} INFO - Started process (PID=1778) to work on /home/airflow/.local/lib/python3.12/site-packages/airflow/example_dags/tutorial_dag.py
[2025-06-26T22:57:17.870+0000] {processor.py:914} INFO - Processing file /home/airflow/.local/lib/python3.12/site-packages/airflow/example_dags/tutorial_dag.py for tasks to queue
[2025-06-26T22:57:17.872+0000] {logging_mixin.py:190} INFO - [2025-06-26T22:57:17.872+0000] {dagbag.py:588} INFO - Filling up the DagBag from /home/airflow/.local/lib/python3.12/site-packages/airflow/example_dags/tutorial_dag.py
[2025-06-26T22:57:17.881+0000] {processor.py:925} INFO - DAG(s) 'tutorial_dag' retrieved from /home/airflow/.local/lib/python3.12/site-packages/airflow/example_dags/tutorial_dag.py
[2025-06-26T22:57:17.901+0000] {logging_mixin.py:190} INFO - [2025-06-26T22:57:17.901+0000] {dag.py:3239} INFO - Sync 1 DAGs
[2025-06-26T22:57:17.917+0000] {logging_mixin.py:190} INFO - [2025-06-26T22:57:17.917+0000] {dag.py:4180} INFO - Setting next_dagrun for tutorial_dag to None, run_after=None
[2025-06-26T22:57:17.938+0000] {processor.py:208} INFO - Processing /home/airflow/.local/lib/python3.12/site-packages/airflow/example_dags/tutorial_dag.py took 0.076 seconds
[2025-06-26T22:57:48.581+0000] {processor.py:186} INFO - Started process (PID=1840) to work on /home/airflow/.local/lib/python3.12/site-packages/airflow/example_dags/tutorial_dag.py
[2025-06-26T22:57:48.582+0000] {processor.py:914} INFO - Processing file /home/airflow/.local/lib/python3.12/site-packages/airflow/example_dags/tutorial_dag.py for tasks to queue
[2025-06-26T22:57:48.585+0000] {logging_mixin.py:190} INFO - [2025-06-26T22:57:48.584+0000] {dagbag.py:588} INFO - Filling up the DagBag from /home/airflow/.local/lib/python3.12/site-packages/airflow/example_dags/tutorial_dag.py
[2025-06-26T22:57:48.592+0000] {processor.py:925} INFO - DAG(s) 'tutorial_dag' retrieved from /home/airflow/.local/lib/python3.12/site-packages/airflow/example_dags/tutorial_dag.py
[2025-06-26T22:57:48.614+0000] {logging_mixin.py:190} INFO - [2025-06-26T22:57:48.614+0000] {dag.py:3239} INFO - Sync 1 DAGs
[2025-06-26T22:57:48.628+0000] {logging_mixin.py:190} INFO - [2025-06-26T22:57:48.628+0000] {dag.py:4180} INFO - Setting next_dagrun for tutorial_dag to None, run_after=None
[2025-06-26T22:57:48.647+0000] {processor.py:208} INFO - Processing /home/airflow/.local/lib/python3.12/site-packages/airflow/example_dags/tutorial_dag.py took 0.073 seconds
[2025-06-26T22:58:18.870+0000] {processor.py:186} INFO - Started process (PID=1902) to work on /home/airflow/.local/lib/python3.12/site-packages/airflow/example_dags/tutorial_dag.py
[2025-06-26T22:58:18.871+0000] {processor.py:914} INFO - Processing file /home/airflow/.local/lib/python3.12/site-packages/airflow/example_dags/tutorial_dag.py for tasks to queue
[2025-06-26T22:58:18.873+0000] {logging_mixin.py:190} INFO - [2025-06-26T22:58:18.873+0000] {dagbag.py:588} INFO - Filling up the DagBag from /home/airflow/.local/lib/python3.12/site-packages/airflow/example_dags/tutorial_dag.py
[2025-06-26T22:58:18.881+0000] {processor.py:925} INFO - DAG(s) 'tutorial_dag' retrieved from /home/airflow/.local/lib/python3.12/site-packages/airflow/example_dags/tutorial_dag.py
[2025-06-26T22:58:18.900+0000] {logging_mixin.py:190} INFO - [2025-06-26T22:58:18.900+0000] {dag.py:3239} INFO - Sync 1 DAGs
[2025-06-26T22:58:18.913+0000] {logging_mixin.py:190} INFO - [2025-06-26T22:58:18.913+0000] {dag.py:4180} INFO - Setting next_dagrun for tutorial_dag to None, run_after=None
[2025-06-26T22:58:18.930+0000] {processor.py:208} INFO - Processing /home/airflow/.local/lib/python3.12/site-packages/airflow/example_dags/tutorial_dag.py took 0.066 seconds
[2025-06-26T22:58:49.293+0000] {processor.py:186} INFO - Started process (PID=1964) to work on /home/airflow/.local/lib/python3.12/site-packages/airflow/example_dags/tutorial_dag.py
[2025-06-26T22:58:49.294+0000] {processor.py:914} INFO - Processing file /home/airflow/.local/lib/python3.12/site-packages/airflow/example_dags/tutorial_dag.py for tasks to queue
[2025-06-26T22:58:49.297+0000] {logging_mixin.py:190} INFO - [2025-06-26T22:58:49.296+0000] {dagbag.py:588} INFO - Filling up the DagBag from /home/airflow/.local/lib/python3.12/site-packages/airflow/example_dags/tutorial_dag.py
[2025-06-26T22:58:49.306+0000] {processor.py:925} INFO - DAG(s) 'tutorial_dag' retrieved from /home/airflow/.local/lib/python3.12/site-packages/airflow/example_dags/tutorial_dag.py
[2025-06-26T22:58:49.325+0000] {logging_mixin.py:190} INFO - [2025-06-26T22:58:49.325+0000] {dag.py:3239} INFO - Sync 1 DAGs
[2025-06-26T22:58:49.338+0000] {logging_mixin.py:190} INFO - [2025-06-26T22:58:49.337+0000] {dag.py:4180} INFO - Setting next_dagrun for tutorial_dag to None, run_after=None
[2025-06-26T22:58:49.357+0000] {processor.py:208} INFO - Processing /home/airflow/.local/lib/python3.12/site-packages/airflow/example_dags/tutorial_dag.py took 0.069 seconds
[2025-06-26T22:59:19.800+0000] {processor.py:186} INFO - Started process (PID=2026) to work on /home/airflow/.local/lib/python3.12/site-packages/airflow/example_dags/tutorial_dag.py
[2025-06-26T22:59:19.801+0000] {processor.py:914} INFO - Processing file /home/airflow/.local/lib/python3.12/site-packages/airflow/example_dags/tutorial_dag.py for tasks to queue
[2025-06-26T22:59:19.803+0000] {logging_mixin.py:190} INFO - [2025-06-26T22:59:19.803+0000] {dagbag.py:588} INFO - Filling up the DagBag from /home/airflow/.local/lib/python3.12/site-packages/airflow/example_dags/tutorial_dag.py
[2025-06-26T22:59:19.811+0000] {processor.py:925} INFO - DAG(s) 'tutorial_dag' retrieved from /home/airflow/.local/lib/python3.12/site-packages/airflow/example_dags/tutorial_dag.py
[2025-06-26T22:59:19.830+0000] {logging_mixin.py:190} INFO - [2025-06-26T22:59:19.829+0000] {dag.py:3239} INFO - Sync 1 DAGs
[2025-06-26T22:59:19.844+0000] {logging_mixin.py:190} INFO - [2025-06-26T22:59:19.844+0000] {dag.py:4180} INFO - Setting next_dagrun for tutorial_dag to None, run_after=None
[2025-06-26T22:59:19.865+0000] {processor.py:208} INFO - Processing /home/airflow/.local/lib/python3.12/site-packages/airflow/example_dags/tutorial_dag.py took 0.071 seconds
[2025-06-26T22:59:50.320+0000] {processor.py:186} INFO - Started process (PID=2088) to work on /home/airflow/.local/lib/python3.12/site-packages/airflow/example_dags/tutorial_dag.py
[2025-06-26T22:59:50.322+0000] {processor.py:914} INFO - Processing file /home/airflow/.local/lib/python3.12/site-packages/airflow/example_dags/tutorial_dag.py for tasks to queue
[2025-06-26T22:59:50.324+0000] {logging_mixin.py:190} INFO - [2025-06-26T22:59:50.323+0000] {dagbag.py:588} INFO - Filling up the DagBag from /home/airflow/.local/lib/python3.12/site-packages/airflow/example_dags/tutorial_dag.py
[2025-06-26T22:59:50.331+0000] {processor.py:925} INFO - DAG(s) 'tutorial_dag' retrieved from /home/airflow/.local/lib/python3.12/site-packages/airflow/example_dags/tutorial_dag.py
[2025-06-26T22:59:50.349+0000] {logging_mixin.py:190} INFO - [2025-06-26T22:59:50.349+0000] {dag.py:3239} INFO - Sync 1 DAGs
[2025-06-26T22:59:50.363+0000] {logging_mixin.py:190} INFO - [2025-06-26T22:59:50.362+0000] {dag.py:4180} INFO - Setting next_dagrun for tutorial_dag to None, run_after=None
[2025-06-26T22:59:50.380+0000] {processor.py:208} INFO - Processing /home/airflow/.local/lib/python3.12/site-packages/airflow/example_dags/tutorial_dag.py took 0.065 seconds
[2025-06-26T23:00:20.765+0000] {processor.py:186} INFO - Started process (PID=2151) to work on /home/airflow/.local/lib/python3.12/site-packages/airflow/example_dags/tutorial_dag.py
[2025-06-26T23:00:20.766+0000] {processor.py:914} INFO - Processing file /home/airflow/.local/lib/python3.12/site-packages/airflow/example_dags/tutorial_dag.py for tasks to queue
[2025-06-26T23:00:20.769+0000] {logging_mixin.py:190} INFO - [2025-06-26T23:00:20.768+0000] {dagbag.py:588} INFO - Filling up the DagBag from /home/airflow/.local/lib/python3.12/site-packages/airflow/example_dags/tutorial_dag.py
[2025-06-26T23:00:20.775+0000] {processor.py:925} INFO - DAG(s) 'tutorial_dag' retrieved from /home/airflow/.local/lib/python3.12/site-packages/airflow/example_dags/tutorial_dag.py
[2025-06-26T23:00:20.793+0000] {logging_mixin.py:190} INFO - [2025-06-26T23:00:20.793+0000] {dag.py:3239} INFO - Sync 1 DAGs
[2025-06-26T23:00:20.804+0000] {logging_mixin.py:190} INFO - [2025-06-26T23:00:20.804+0000] {dag.py:4180} INFO - Setting next_dagrun for tutorial_dag to None, run_after=None
[2025-06-26T23:00:20.823+0000] {processor.py:208} INFO - Processing /home/airflow/.local/lib/python3.12/site-packages/airflow/example_dags/tutorial_dag.py took 0.063 seconds
[2025-06-26T23:00:51.463+0000] {processor.py:186} INFO - Started process (PID=2213) to work on /home/airflow/.local/lib/python3.12/site-packages/airflow/example_dags/tutorial_dag.py
[2025-06-26T23:00:51.464+0000] {processor.py:914} INFO - Processing file /home/airflow/.local/lib/python3.12/site-packages/airflow/example_dags/tutorial_dag.py for tasks to queue
[2025-06-26T23:00:51.471+0000] {logging_mixin.py:190} INFO - [2025-06-26T23:00:51.470+0000] {dagbag.py:588} INFO - Filling up the DagBag from /home/airflow/.local/lib/python3.12/site-packages/airflow/example_dags/tutorial_dag.py
[2025-06-26T23:00:51.478+0000] {processor.py:925} INFO - DAG(s) 'tutorial_dag' retrieved from /home/airflow/.local/lib/python3.12/site-packages/airflow/example_dags/tutorial_dag.py
[2025-06-26T23:00:51.497+0000] {logging_mixin.py:190} INFO - [2025-06-26T23:00:51.497+0000] {dag.py:3239} INFO - Sync 1 DAGs
[2025-06-26T23:00:51.510+0000] {logging_mixin.py:190} INFO - [2025-06-26T23:00:51.509+0000] {dag.py:4180} INFO - Setting next_dagrun for tutorial_dag to None, run_after=None
[2025-06-26T23:00:51.529+0000] {processor.py:208} INFO - Processing /home/airflow/.local/lib/python3.12/site-packages/airflow/example_dags/tutorial_dag.py took 0.072 seconds
[2025-06-26T23:01:22.143+0000] {processor.py:186} INFO - Started process (PID=2275) to work on /home/airflow/.local/lib/python3.12/site-packages/airflow/example_dags/tutorial_dag.py
[2025-06-26T23:01:22.144+0000] {processor.py:914} INFO - Processing file /home/airflow/.local/lib/python3.12/site-packages/airflow/example_dags/tutorial_dag.py for tasks to queue
[2025-06-26T23:01:22.146+0000] {logging_mixin.py:190} INFO - [2025-06-26T23:01:22.145+0000] {dagbag.py:588} INFO - Filling up the DagBag from /home/airflow/.local/lib/python3.12/site-packages/airflow/example_dags/tutorial_dag.py
[2025-06-26T23:01:22.153+0000] {processor.py:925} INFO - DAG(s) 'tutorial_dag' retrieved from /home/airflow/.local/lib/python3.12/site-packages/airflow/example_dags/tutorial_dag.py
[2025-06-26T23:01:22.176+0000] {logging_mixin.py:190} INFO - [2025-06-26T23:01:22.176+0000] {dag.py:3239} INFO - Sync 1 DAGs
[2025-06-26T23:01:22.191+0000] {logging_mixin.py:190} INFO - [2025-06-26T23:01:22.190+0000] {dag.py:4180} INFO - Setting next_dagrun for tutorial_dag to None, run_after=None
[2025-06-26T23:01:22.218+0000] {processor.py:208} INFO - Processing /home/airflow/.local/lib/python3.12/site-packages/airflow/example_dags/tutorial_dag.py took 0.081 seconds
[2025-06-26T23:01:53.204+0000] {processor.py:186} INFO - Started process (PID=2337) to work on /home/airflow/.local/lib/python3.12/site-packages/airflow/example_dags/tutorial_dag.py
[2025-06-26T23:01:53.205+0000] {processor.py:914} INFO - Processing file /home/airflow/.local/lib/python3.12/site-packages/airflow/example_dags/tutorial_dag.py for tasks to queue
[2025-06-26T23:01:53.208+0000] {logging_mixin.py:190} INFO - [2025-06-26T23:01:53.207+0000] {dagbag.py:588} INFO - Filling up the DagBag from /home/airflow/.local/lib/python3.12/site-packages/airflow/example_dags/tutorial_dag.py
[2025-06-26T23:01:53.215+0000] {processor.py:925} INFO - DAG(s) 'tutorial_dag' retrieved from /home/airflow/.local/lib/python3.12/site-packages/airflow/example_dags/tutorial_dag.py
[2025-06-26T23:01:53.232+0000] {logging_mixin.py:190} INFO - [2025-06-26T23:01:53.232+0000] {dag.py:3239} INFO - Sync 1 DAGs
[2025-06-26T23:01:53.245+0000] {logging_mixin.py:190} INFO - [2025-06-26T23:01:53.245+0000] {dag.py:4180} INFO - Setting next_dagrun for tutorial_dag to None, run_after=None
[2025-06-26T23:01:53.263+0000] {processor.py:208} INFO - Processing /home/airflow/.local/lib/python3.12/site-packages/airflow/example_dags/tutorial_dag.py took 0.066 seconds
[2025-06-26T23:02:23.907+0000] {processor.py:186} INFO - Started process (PID=2399) to work on /home/airflow/.local/lib/python3.12/site-packages/airflow/example_dags/tutorial_dag.py
[2025-06-26T23:02:23.908+0000] {processor.py:914} INFO - Processing file /home/airflow/.local/lib/python3.12/site-packages/airflow/example_dags/tutorial_dag.py for tasks to queue
[2025-06-26T23:02:23.910+0000] {logging_mixin.py:190} INFO - [2025-06-26T23:02:23.910+0000] {dagbag.py:588} INFO - Filling up the DagBag from /home/airflow/.local/lib/python3.12/site-packages/airflow/example_dags/tutorial_dag.py
[2025-06-26T23:02:23.918+0000] {processor.py:925} INFO - DAG(s) 'tutorial_dag' retrieved from /home/airflow/.local/lib/python3.12/site-packages/airflow/example_dags/tutorial_dag.py
[2025-06-26T23:02:23.940+0000] {logging_mixin.py:190} INFO - [2025-06-26T23:02:23.939+0000] {dag.py:3239} INFO - Sync 1 DAGs
[2025-06-26T23:02:23.953+0000] {logging_mixin.py:190} INFO - [2025-06-26T23:02:23.953+0000] {dag.py:4180} INFO - Setting next_dagrun for tutorial_dag to None, run_after=None
[2025-06-26T23:02:23.973+0000] {processor.py:208} INFO - Processing /home/airflow/.local/lib/python3.12/site-packages/airflow/example_dags/tutorial_dag.py took 0.073 seconds
[2025-06-26T23:02:54.817+0000] {processor.py:186} INFO - Started process (PID=2461) to work on /home/airflow/.local/lib/python3.12/site-packages/airflow/example_dags/tutorial_dag.py
[2025-06-26T23:02:54.818+0000] {processor.py:914} INFO - Processing file /home/airflow/.local/lib/python3.12/site-packages/airflow/example_dags/tutorial_dag.py for tasks to queue
[2025-06-26T23:02:54.820+0000] {logging_mixin.py:190} INFO - [2025-06-26T23:02:54.820+0000] {dagbag.py:588} INFO - Filling up the DagBag from /home/airflow/.local/lib/python3.12/site-packages/airflow/example_dags/tutorial_dag.py
[2025-06-26T23:02:54.828+0000] {processor.py:925} INFO - DAG(s) 'tutorial_dag' retrieved from /home/airflow/.local/lib/python3.12/site-packages/airflow/example_dags/tutorial_dag.py
[2025-06-26T23:02:54.847+0000] {logging_mixin.py:190} INFO - [2025-06-26T23:02:54.846+0000] {dag.py:3239} INFO - Sync 1 DAGs
[2025-06-26T23:02:54.859+0000] {logging_mixin.py:190} INFO - [2025-06-26T23:02:54.859+0000] {dag.py:4180} INFO - Setting next_dagrun for tutorial_dag to None, run_after=None
[2025-06-26T23:02:54.878+0000] {processor.py:208} INFO - Processing /home/airflow/.local/lib/python3.12/site-packages/airflow/example_dags/tutorial_dag.py took 0.066 seconds
[2025-06-26T23:03:25.645+0000] {processor.py:186} INFO - Started process (PID=2523) to work on /home/airflow/.local/lib/python3.12/site-packages/airflow/example_dags/tutorial_dag.py
[2025-06-26T23:03:25.646+0000] {processor.py:914} INFO - Processing file /home/airflow/.local/lib/python3.12/site-packages/airflow/example_dags/tutorial_dag.py for tasks to queue
[2025-06-26T23:03:25.648+0000] {logging_mixin.py:190} INFO - [2025-06-26T23:03:25.648+0000] {dagbag.py:588} INFO - Filling up the DagBag from /home/airflow/.local/lib/python3.12/site-packages/airflow/example_dags/tutorial_dag.py
[2025-06-26T23:03:25.658+0000] {processor.py:925} INFO - DAG(s) 'tutorial_dag' retrieved from /home/airflow/.local/lib/python3.12/site-packages/airflow/example_dags/tutorial_dag.py
[2025-06-26T23:03:25.678+0000] {logging_mixin.py:190} INFO - [2025-06-26T23:03:25.678+0000] {dag.py:3239} INFO - Sync 1 DAGs
[2025-06-26T23:03:25.692+0000] {logging_mixin.py:190} INFO - [2025-06-26T23:03:25.691+0000] {dag.py:4180} INFO - Setting next_dagrun for tutorial_dag to None, run_after=None
[2025-06-26T23:03:25.714+0000] {processor.py:208} INFO - Processing /home/airflow/.local/lib/python3.12/site-packages/airflow/example_dags/tutorial_dag.py took 0.074 seconds
[2025-06-26T23:03:57.074+0000] {processor.py:186} INFO - Started process (PID=2585) to work on /home/airflow/.local/lib/python3.12/site-packages/airflow/example_dags/tutorial_dag.py
[2025-06-26T23:03:57.075+0000] {processor.py:914} INFO - Processing file /home/airflow/.local/lib/python3.12/site-packages/airflow/example_dags/tutorial_dag.py for tasks to queue
[2025-06-26T23:03:57.078+0000] {logging_mixin.py:190} INFO - [2025-06-26T23:03:57.077+0000] {dagbag.py:588} INFO - Filling up the DagBag from /home/airflow/.local/lib/python3.12/site-packages/airflow/example_dags/tutorial_dag.py
[2025-06-26T23:03:57.085+0000] {processor.py:925} INFO - DAG(s) 'tutorial_dag' retrieved from /home/airflow/.local/lib/python3.12/site-packages/airflow/example_dags/tutorial_dag.py
[2025-06-26T23:03:57.105+0000] {logging_mixin.py:190} INFO - [2025-06-26T23:03:57.105+0000] {dag.py:3239} INFO - Sync 1 DAGs
[2025-06-26T23:03:57.118+0000] {logging_mixin.py:190} INFO - [2025-06-26T23:03:57.118+0000] {dag.py:4180} INFO - Setting next_dagrun for tutorial_dag to None, run_after=None
[2025-06-26T23:03:57.138+0000] {processor.py:208} INFO - Processing /home/airflow/.local/lib/python3.12/site-packages/airflow/example_dags/tutorial_dag.py took 0.069 seconds
[2025-06-26T23:04:28.026+0000] {processor.py:186} INFO - Started process (PID=2647) to work on /home/airflow/.local/lib/python3.12/site-packages/airflow/example_dags/tutorial_dag.py
[2025-06-26T23:04:28.027+0000] {processor.py:914} INFO - Processing file /home/airflow/.local/lib/python3.12/site-packages/airflow/example_dags/tutorial_dag.py for tasks to queue
[2025-06-26T23:04:28.030+0000] {logging_mixin.py:190} INFO - [2025-06-26T23:04:28.030+0000] {dagbag.py:588} INFO - Filling up the DagBag from /home/airflow/.local/lib/python3.12/site-packages/airflow/example_dags/tutorial_dag.py
[2025-06-26T23:04:28.038+0000] {processor.py:925} INFO - DAG(s) 'tutorial_dag' retrieved from /home/airflow/.local/lib/python3.12/site-packages/airflow/example_dags/tutorial_dag.py
[2025-06-26T23:04:28.060+0000] {logging_mixin.py:190} INFO - [2025-06-26T23:04:28.060+0000] {dag.py:3239} INFO - Sync 1 DAGs
[2025-06-26T23:04:28.075+0000] {logging_mixin.py:190} INFO - [2025-06-26T23:04:28.075+0000] {dag.py:4180} INFO - Setting next_dagrun for tutorial_dag to None, run_after=None
[2025-06-26T23:04:28.097+0000] {processor.py:208} INFO - Processing /home/airflow/.local/lib/python3.12/site-packages/airflow/example_dags/tutorial_dag.py took 0.078 seconds
[2025-06-26T23:04:58.478+0000] {processor.py:186} INFO - Started process (PID=2709) to work on /home/airflow/.local/lib/python3.12/site-packages/airflow/example_dags/tutorial_dag.py
[2025-06-26T23:04:58.480+0000] {processor.py:914} INFO - Processing file /home/airflow/.local/lib/python3.12/site-packages/airflow/example_dags/tutorial_dag.py for tasks to queue
[2025-06-26T23:04:58.483+0000] {logging_mixin.py:190} INFO - [2025-06-26T23:04:58.482+0000] {dagbag.py:588} INFO - Filling up the DagBag from /home/airflow/.local/lib/python3.12/site-packages/airflow/example_dags/tutorial_dag.py
[2025-06-26T23:04:58.493+0000] {processor.py:925} INFO - DAG(s) 'tutorial_dag' retrieved from /home/airflow/.local/lib/python3.12/site-packages/airflow/example_dags/tutorial_dag.py
[2025-06-26T23:04:58.524+0000] {logging_mixin.py:190} INFO - [2025-06-26T23:04:58.523+0000] {dag.py:3239} INFO - Sync 1 DAGs
[2025-06-26T23:04:58.546+0000] {logging_mixin.py:190} INFO - [2025-06-26T23:04:58.545+0000] {dag.py:4180} INFO - Setting next_dagrun for tutorial_dag to None, run_after=None
[2025-06-26T23:04:58.569+0000] {processor.py:208} INFO - Processing /home/airflow/.local/lib/python3.12/site-packages/airflow/example_dags/tutorial_dag.py took 0.098 seconds
[2025-06-26T23:05:29.849+0000] {processor.py:186} INFO - Started process (PID=2771) to work on /home/airflow/.local/lib/python3.12/site-packages/airflow/example_dags/tutorial_dag.py
[2025-06-26T23:05:29.850+0000] {processor.py:914} INFO - Processing file /home/airflow/.local/lib/python3.12/site-packages/airflow/example_dags/tutorial_dag.py for tasks to queue
[2025-06-26T23:05:29.853+0000] {logging_mixin.py:190} INFO - [2025-06-26T23:05:29.852+0000] {dagbag.py:588} INFO - Filling up the DagBag from /home/airflow/.local/lib/python3.12/site-packages/airflow/example_dags/tutorial_dag.py
[2025-06-26T23:05:29.861+0000] {processor.py:925} INFO - DAG(s) 'tutorial_dag' retrieved from /home/airflow/.local/lib/python3.12/site-packages/airflow/example_dags/tutorial_dag.py
[2025-06-26T23:05:29.882+0000] {logging_mixin.py:190} INFO - [2025-06-26T23:05:29.881+0000] {dag.py:3239} INFO - Sync 1 DAGs
[2025-06-26T23:05:29.896+0000] {logging_mixin.py:190} INFO - [2025-06-26T23:05:29.896+0000] {dag.py:4180} INFO - Setting next_dagrun for tutorial_dag to None, run_after=None
[2025-06-26T23:05:29.974+0000] {processor.py:208} INFO - Processing /home/airflow/.local/lib/python3.12/site-packages/airflow/example_dags/tutorial_dag.py took 0.131 seconds
[2025-06-26T23:06:00.849+0000] {processor.py:186} INFO - Started process (PID=2833) to work on /home/airflow/.local/lib/python3.12/site-packages/airflow/example_dags/tutorial_dag.py
[2025-06-26T23:06:00.850+0000] {processor.py:914} INFO - Processing file /home/airflow/.local/lib/python3.12/site-packages/airflow/example_dags/tutorial_dag.py for tasks to queue
[2025-06-26T23:06:00.854+0000] {logging_mixin.py:190} INFO - [2025-06-26T23:06:00.853+0000] {dagbag.py:588} INFO - Filling up the DagBag from /home/airflow/.local/lib/python3.12/site-packages/airflow/example_dags/tutorial_dag.py
[2025-06-26T23:06:00.864+0000] {processor.py:925} INFO - DAG(s) 'tutorial_dag' retrieved from /home/airflow/.local/lib/python3.12/site-packages/airflow/example_dags/tutorial_dag.py
[2025-06-26T23:06:00.891+0000] {logging_mixin.py:190} INFO - [2025-06-26T23:06:00.891+0000] {dag.py:3239} INFO - Sync 1 DAGs
[2025-06-26T23:06:00.913+0000] {logging_mixin.py:190} INFO - [2025-06-26T23:06:00.913+0000] {dag.py:4180} INFO - Setting next_dagrun for tutorial_dag to None, run_after=None
[2025-06-26T23:06:00.941+0000] {processor.py:208} INFO - Processing /home/airflow/.local/lib/python3.12/site-packages/airflow/example_dags/tutorial_dag.py took 0.100 seconds
[2025-06-26T23:06:31.621+0000] {processor.py:186} INFO - Started process (PID=2895) to work on /home/airflow/.local/lib/python3.12/site-packages/airflow/example_dags/tutorial_dag.py
[2025-06-26T23:06:31.622+0000] {processor.py:914} INFO - Processing file /home/airflow/.local/lib/python3.12/site-packages/airflow/example_dags/tutorial_dag.py for tasks to queue
[2025-06-26T23:06:31.624+0000] {logging_mixin.py:190} INFO - [2025-06-26T23:06:31.624+0000] {dagbag.py:588} INFO - Filling up the DagBag from /home/airflow/.local/lib/python3.12/site-packages/airflow/example_dags/tutorial_dag.py
[2025-06-26T23:06:31.631+0000] {processor.py:925} INFO - DAG(s) 'tutorial_dag' retrieved from /home/airflow/.local/lib/python3.12/site-packages/airflow/example_dags/tutorial_dag.py
[2025-06-26T23:06:31.649+0000] {logging_mixin.py:190} INFO - [2025-06-26T23:06:31.649+0000] {dag.py:3239} INFO - Sync 1 DAGs
[2025-06-26T23:06:31.661+0000] {logging_mixin.py:190} INFO - [2025-06-26T23:06:31.660+0000] {dag.py:4180} INFO - Setting next_dagrun for tutorial_dag to None, run_after=None
[2025-06-26T23:06:31.679+0000] {processor.py:208} INFO - Processing /home/airflow/.local/lib/python3.12/site-packages/airflow/example_dags/tutorial_dag.py took 0.064 seconds
[2025-06-26T23:07:02.530+0000] {processor.py:186} INFO - Started process (PID=2957) to work on /home/airflow/.local/lib/python3.12/site-packages/airflow/example_dags/tutorial_dag.py
[2025-06-26T23:07:02.531+0000] {processor.py:914} INFO - Processing file /home/airflow/.local/lib/python3.12/site-packages/airflow/example_dags/tutorial_dag.py for tasks to queue
[2025-06-26T23:07:02.533+0000] {logging_mixin.py:190} INFO - [2025-06-26T23:07:02.532+0000] {dagbag.py:588} INFO - Filling up the DagBag from /home/airflow/.local/lib/python3.12/site-packages/airflow/example_dags/tutorial_dag.py
[2025-06-26T23:07:02.539+0000] {processor.py:925} INFO - DAG(s) 'tutorial_dag' retrieved from /home/airflow/.local/lib/python3.12/site-packages/airflow/example_dags/tutorial_dag.py
[2025-06-26T23:07:02.557+0000] {logging_mixin.py:190} INFO - [2025-06-26T23:07:02.557+0000] {dag.py:3239} INFO - Sync 1 DAGs
[2025-06-26T23:07:02.570+0000] {logging_mixin.py:190} INFO - [2025-06-26T23:07:02.570+0000] {dag.py:4180} INFO - Setting next_dagrun for tutorial_dag to None, run_after=None
[2025-06-26T23:07:02.587+0000] {processor.py:208} INFO - Processing /home/airflow/.local/lib/python3.12/site-packages/airflow/example_dags/tutorial_dag.py took 0.063 seconds
[2025-06-26T23:07:33.289+0000] {processor.py:186} INFO - Started process (PID=3019) to work on /home/airflow/.local/lib/python3.12/site-packages/airflow/example_dags/tutorial_dag.py
[2025-06-26T23:07:33.290+0000] {processor.py:914} INFO - Processing file /home/airflow/.local/lib/python3.12/site-packages/airflow/example_dags/tutorial_dag.py for tasks to queue
[2025-06-26T23:07:33.292+0000] {logging_mixin.py:190} INFO - [2025-06-26T23:07:33.291+0000] {dagbag.py:588} INFO - Filling up the DagBag from /home/airflow/.local/lib/python3.12/site-packages/airflow/example_dags/tutorial_dag.py
[2025-06-26T23:07:33.300+0000] {processor.py:925} INFO - DAG(s) 'tutorial_dag' retrieved from /home/airflow/.local/lib/python3.12/site-packages/airflow/example_dags/tutorial_dag.py
[2025-06-26T23:07:33.318+0000] {logging_mixin.py:190} INFO - [2025-06-26T23:07:33.317+0000] {dag.py:3239} INFO - Sync 1 DAGs
[2025-06-26T23:07:33.332+0000] {logging_mixin.py:190} INFO - [2025-06-26T23:07:33.332+0000] {dag.py:4180} INFO - Setting next_dagrun for tutorial_dag to None, run_after=None
[2025-06-26T23:07:33.353+0000] {processor.py:208} INFO - Processing /home/airflow/.local/lib/python3.12/site-packages/airflow/example_dags/tutorial_dag.py took 0.070 seconds
[2025-06-26T23:08:04.483+0000] {processor.py:186} INFO - Started process (PID=3081) to work on /home/airflow/.local/lib/python3.12/site-packages/airflow/example_dags/tutorial_dag.py
[2025-06-26T23:08:04.484+0000] {processor.py:914} INFO - Processing file /home/airflow/.local/lib/python3.12/site-packages/airflow/example_dags/tutorial_dag.py for tasks to queue
[2025-06-26T23:08:04.486+0000] {logging_mixin.py:190} INFO - [2025-06-26T23:08:04.486+0000] {dagbag.py:588} INFO - Filling up the DagBag from /home/airflow/.local/lib/python3.12/site-packages/airflow/example_dags/tutorial_dag.py
[2025-06-26T23:08:04.493+0000] {processor.py:925} INFO - DAG(s) 'tutorial_dag' retrieved from /home/airflow/.local/lib/python3.12/site-packages/airflow/example_dags/tutorial_dag.py
[2025-06-26T23:08:04.511+0000] {logging_mixin.py:190} INFO - [2025-06-26T23:08:04.511+0000] {dag.py:3239} INFO - Sync 1 DAGs
[2025-06-26T23:08:04.524+0000] {logging_mixin.py:190} INFO - [2025-06-26T23:08:04.523+0000] {dag.py:4180} INFO - Setting next_dagrun for tutorial_dag to None, run_after=None
[2025-06-26T23:08:04.544+0000] {processor.py:208} INFO - Processing /home/airflow/.local/lib/python3.12/site-packages/airflow/example_dags/tutorial_dag.py took 0.067 seconds
[2025-06-26T23:08:35.292+0000] {processor.py:186} INFO - Started process (PID=3149) to work on /home/airflow/.local/lib/python3.12/site-packages/airflow/example_dags/tutorial_dag.py
[2025-06-26T23:08:35.293+0000] {processor.py:914} INFO - Processing file /home/airflow/.local/lib/python3.12/site-packages/airflow/example_dags/tutorial_dag.py for tasks to queue
[2025-06-26T23:08:35.295+0000] {logging_mixin.py:190} INFO - [2025-06-26T23:08:35.295+0000] {dagbag.py:588} INFO - Filling up the DagBag from /home/airflow/.local/lib/python3.12/site-packages/airflow/example_dags/tutorial_dag.py
[2025-06-26T23:08:35.303+0000] {processor.py:925} INFO - DAG(s) 'tutorial_dag' retrieved from /home/airflow/.local/lib/python3.12/site-packages/airflow/example_dags/tutorial_dag.py
[2025-06-26T23:08:35.322+0000] {logging_mixin.py:190} INFO - [2025-06-26T23:08:35.321+0000] {dag.py:3239} INFO - Sync 1 DAGs
[2025-06-26T23:08:35.335+0000] {logging_mixin.py:190} INFO - [2025-06-26T23:08:35.335+0000] {dag.py:4180} INFO - Setting next_dagrun for tutorial_dag to None, run_after=None
[2025-06-26T23:08:35.354+0000] {processor.py:208} INFO - Processing /home/airflow/.local/lib/python3.12/site-packages/airflow/example_dags/tutorial_dag.py took 0.068 seconds
[2025-06-26T23:09:06.200+0000] {processor.py:186} INFO - Started process (PID=3211) to work on /home/airflow/.local/lib/python3.12/site-packages/airflow/example_dags/tutorial_dag.py
[2025-06-26T23:09:06.201+0000] {processor.py:914} INFO - Processing file /home/airflow/.local/lib/python3.12/site-packages/airflow/example_dags/tutorial_dag.py for tasks to queue
[2025-06-26T23:09:06.203+0000] {logging_mixin.py:190} INFO - [2025-06-26T23:09:06.202+0000] {dagbag.py:588} INFO - Filling up the DagBag from /home/airflow/.local/lib/python3.12/site-packages/airflow/example_dags/tutorial_dag.py
[2025-06-26T23:09:06.210+0000] {processor.py:925} INFO - DAG(s) 'tutorial_dag' retrieved from /home/airflow/.local/lib/python3.12/site-packages/airflow/example_dags/tutorial_dag.py
[2025-06-26T23:09:06.229+0000] {logging_mixin.py:190} INFO - [2025-06-26T23:09:06.229+0000] {dag.py:3239} INFO - Sync 1 DAGs
[2025-06-26T23:09:06.242+0000] {logging_mixin.py:190} INFO - [2025-06-26T23:09:06.242+0000] {dag.py:4180} INFO - Setting next_dagrun for tutorial_dag to None, run_after=None
[2025-06-26T23:09:06.263+0000] {processor.py:208} INFO - Processing /home/airflow/.local/lib/python3.12/site-packages/airflow/example_dags/tutorial_dag.py took 0.069 seconds
[2025-06-26T23:09:37.331+0000] {processor.py:186} INFO - Started process (PID=3273) to work on /home/airflow/.local/lib/python3.12/site-packages/airflow/example_dags/tutorial_dag.py
[2025-06-26T23:09:37.332+0000] {processor.py:914} INFO - Processing file /home/airflow/.local/lib/python3.12/site-packages/airflow/example_dags/tutorial_dag.py for tasks to queue
[2025-06-26T23:09:37.335+0000] {logging_mixin.py:190} INFO - [2025-06-26T23:09:37.335+0000] {dagbag.py:588} INFO - Filling up the DagBag from /home/airflow/.local/lib/python3.12/site-packages/airflow/example_dags/tutorial_dag.py
[2025-06-26T23:09:37.344+0000] {processor.py:925} INFO - DAG(s) 'tutorial_dag' retrieved from /home/airflow/.local/lib/python3.12/site-packages/airflow/example_dags/tutorial_dag.py
[2025-06-26T23:09:37.362+0000] {logging_mixin.py:190} INFO - [2025-06-26T23:09:37.361+0000] {dag.py:3239} INFO - Sync 1 DAGs
[2025-06-26T23:09:37.375+0000] {logging_mixin.py:190} INFO - [2025-06-26T23:09:37.375+0000] {dag.py:4180} INFO - Setting next_dagrun for tutorial_dag to None, run_after=None
[2025-06-26T23:09:37.393+0000] {processor.py:208} INFO - Processing /home/airflow/.local/lib/python3.12/site-packages/airflow/example_dags/tutorial_dag.py took 0.069 seconds
[2025-06-26T23:10:08.735+0000] {processor.py:186} INFO - Started process (PID=3335) to work on /home/airflow/.local/lib/python3.12/site-packages/airflow/example_dags/tutorial_dag.py
[2025-06-26T23:10:08.736+0000] {processor.py:914} INFO - Processing file /home/airflow/.local/lib/python3.12/site-packages/airflow/example_dags/tutorial_dag.py for tasks to queue
[2025-06-26T23:10:08.739+0000] {logging_mixin.py:190} INFO - [2025-06-26T23:10:08.739+0000] {dagbag.py:588} INFO - Filling up the DagBag from /home/airflow/.local/lib/python3.12/site-packages/airflow/example_dags/tutorial_dag.py
[2025-06-26T23:10:08.746+0000] {processor.py:925} INFO - DAG(s) 'tutorial_dag' retrieved from /home/airflow/.local/lib/python3.12/site-packages/airflow/example_dags/tutorial_dag.py
[2025-06-26T23:10:08.763+0000] {logging_mixin.py:190} INFO - [2025-06-26T23:10:08.763+0000] {dag.py:3239} INFO - Sync 1 DAGs
[2025-06-26T23:10:08.776+0000] {logging_mixin.py:190} INFO - [2025-06-26T23:10:08.776+0000] {dag.py:4180} INFO - Setting next_dagrun for tutorial_dag to None, run_after=None
[2025-06-26T23:10:08.957+0000] {processor.py:208} INFO - Processing /home/airflow/.local/lib/python3.12/site-packages/airflow/example_dags/tutorial_dag.py took 0.228 seconds
