[2025-06-26T22:43:36.707+0000] {processor.py:186} INFO - Started process (PID=109) to work on /home/airflow/.local/lib/python3.12/site-packages/airflow/example_dags/tutorial.py
[2025-06-26T22:43:36.708+0000] {processor.py:914} INFO - Processing file /home/airflow/.local/lib/python3.12/site-packages/airflow/example_dags/tutorial.py for tasks to queue
[2025-06-26T22:43:36.711+0000] {logging_mixin.py:190} INFO - [2025-06-26T22:43:36.711+0000] {dagbag.py:588} INFO - Filling up the DagBag from /home/airflow/.local/lib/python3.12/site-packages/airflow/example_dags/tutorial.py
[2025-06-26T22:43:36.719+0000] {processor.py:925} INFO - DAG(s) 'tutorial' retrieved from /home/airflow/.local/lib/python3.12/site-packages/airflow/example_dags/tutorial.py
[2025-06-26T22:43:36.822+0000] {logging_mixin.py:190} INFO - [2025-06-26T22:43:36.822+0000] {override.py:1900} INFO - Created Permission View: can read on DAG:tutorial
[2025-06-26T22:43:36.833+0000] {logging_mixin.py:190} INFO - [2025-06-26T22:43:36.833+0000] {override.py:1900} INFO - Created Permission View: can edit on DAG:tutorial
[2025-06-26T22:43:36.841+0000] {logging_mixin.py:190} INFO - [2025-06-26T22:43:36.841+0000] {override.py:1900} INFO - Created Permission View: can delete on DAG:tutorial
[2025-06-26T22:43:36.853+0000] {logging_mixin.py:190} INFO - [2025-06-26T22:43:36.853+0000] {override.py:1900} INFO - Created Permission View: can read on DAG Run:tutorial
[2025-06-26T22:43:36.861+0000] {logging_mixin.py:190} INFO - [2025-06-26T22:43:36.861+0000] {override.py:1900} INFO - Created Permission View: can delete on DAG Run:tutorial
[2025-06-26T22:43:36.871+0000] {logging_mixin.py:190} INFO - [2025-06-26T22:43:36.870+0000] {override.py:1900} INFO - Created Permission View: menu access on DAG Run:tutorial
[2025-06-26T22:43:36.879+0000] {logging_mixin.py:190} INFO - [2025-06-26T22:43:36.879+0000] {override.py:1900} INFO - Created Permission View: can create on DAG Run:tutorial
[2025-06-26T22:43:36.880+0000] {logging_mixin.py:190} INFO - [2025-06-26T22:43:36.880+0000] {dag.py:3239} INFO - Sync 1 DAGs
[2025-06-26T22:43:36.892+0000] {logging_mixin.py:190} INFO - [2025-06-26T22:43:36.891+0000] {dag.py:3262} INFO - Creating ORM DAG for tutorial
[2025-06-26T22:43:36.901+0000] {logging_mixin.py:190} INFO - [2025-06-26T22:43:36.900+0000] {dag.py:4180} INFO - Setting next_dagrun for tutorial to 2025-06-25 00:00:00+00:00, run_after=2025-06-26 00:00:00+00:00
[2025-06-26T22:43:36.918+0000] {processor.py:208} INFO - Processing /home/airflow/.local/lib/python3.12/site-packages/airflow/example_dags/tutorial.py took 0.217 seconds
[2025-06-26T22:44:07.627+0000] {processor.py:186} INFO - Started process (PID=171) to work on /home/airflow/.local/lib/python3.12/site-packages/airflow/example_dags/tutorial.py
[2025-06-26T22:44:07.628+0000] {processor.py:914} INFO - Processing file /home/airflow/.local/lib/python3.12/site-packages/airflow/example_dags/tutorial.py for tasks to queue
[2025-06-26T22:44:07.632+0000] {logging_mixin.py:190} INFO - [2025-06-26T22:44:07.631+0000] {dagbag.py:588} INFO - Filling up the DagBag from /home/airflow/.local/lib/python3.12/site-packages/airflow/example_dags/tutorial.py
[2025-06-26T22:44:07.642+0000] {processor.py:925} INFO - DAG(s) 'tutorial' retrieved from /home/airflow/.local/lib/python3.12/site-packages/airflow/example_dags/tutorial.py
[2025-06-26T22:44:07.668+0000] {logging_mixin.py:190} INFO - [2025-06-26T22:44:07.668+0000] {dag.py:3239} INFO - Sync 1 DAGs
[2025-06-26T22:44:07.695+0000] {logging_mixin.py:190} INFO - [2025-06-26T22:44:07.694+0000] {dag.py:4180} INFO - Setting next_dagrun for tutorial to 2025-06-25 00:00:00+00:00, run_after=2025-06-26 00:00:00+00:00
[2025-06-26T22:44:07.718+0000] {processor.py:208} INFO - Processing /home/airflow/.local/lib/python3.12/site-packages/airflow/example_dags/tutorial.py took 0.098 seconds
[2025-06-26T22:44:38.094+0000] {processor.py:186} INFO - Started process (PID=233) to work on /home/airflow/.local/lib/python3.12/site-packages/airflow/example_dags/tutorial.py
[2025-06-26T22:44:38.095+0000] {processor.py:914} INFO - Processing file /home/airflow/.local/lib/python3.12/site-packages/airflow/example_dags/tutorial.py for tasks to queue
[2025-06-26T22:44:38.097+0000] {logging_mixin.py:190} INFO - [2025-06-26T22:44:38.097+0000] {dagbag.py:588} INFO - Filling up the DagBag from /home/airflow/.local/lib/python3.12/site-packages/airflow/example_dags/tutorial.py
[2025-06-26T22:44:38.104+0000] {processor.py:925} INFO - DAG(s) 'tutorial' retrieved from /home/airflow/.local/lib/python3.12/site-packages/airflow/example_dags/tutorial.py
[2025-06-26T22:44:38.123+0000] {logging_mixin.py:190} INFO - [2025-06-26T22:44:38.122+0000] {dag.py:3239} INFO - Sync 1 DAGs
[2025-06-26T22:44:38.141+0000] {logging_mixin.py:190} INFO - [2025-06-26T22:44:38.141+0000] {dag.py:4180} INFO - Setting next_dagrun for tutorial to 2025-06-25 00:00:00+00:00, run_after=2025-06-26 00:00:00+00:00
[2025-06-26T22:44:38.163+0000] {processor.py:208} INFO - Processing /home/airflow/.local/lib/python3.12/site-packages/airflow/example_dags/tutorial.py took 0.074 seconds
[2025-06-26T22:45:08.459+0000] {processor.py:186} INFO - Started process (PID=295) to work on /home/airflow/.local/lib/python3.12/site-packages/airflow/example_dags/tutorial.py
[2025-06-26T22:45:08.460+0000] {processor.py:914} INFO - Processing file /home/airflow/.local/lib/python3.12/site-packages/airflow/example_dags/tutorial.py for tasks to queue
[2025-06-26T22:45:08.463+0000] {logging_mixin.py:190} INFO - [2025-06-26T22:45:08.462+0000] {dagbag.py:588} INFO - Filling up the DagBag from /home/airflow/.local/lib/python3.12/site-packages/airflow/example_dags/tutorial.py
[2025-06-26T22:45:08.471+0000] {processor.py:925} INFO - DAG(s) 'tutorial' retrieved from /home/airflow/.local/lib/python3.12/site-packages/airflow/example_dags/tutorial.py
[2025-06-26T22:45:08.490+0000] {logging_mixin.py:190} INFO - [2025-06-26T22:45:08.489+0000] {dag.py:3239} INFO - Sync 1 DAGs
[2025-06-26T22:45:08.511+0000] {logging_mixin.py:190} INFO - [2025-06-26T22:45:08.511+0000] {dag.py:4180} INFO - Setting next_dagrun for tutorial to 2025-06-25 00:00:00+00:00, run_after=2025-06-26 00:00:00+00:00
[2025-06-26T22:45:08.532+0000] {processor.py:208} INFO - Processing /home/airflow/.local/lib/python3.12/site-packages/airflow/example_dags/tutorial.py took 0.078 seconds
[2025-06-26T22:45:38.769+0000] {processor.py:186} INFO - Started process (PID=357) to work on /home/airflow/.local/lib/python3.12/site-packages/airflow/example_dags/tutorial.py
[2025-06-26T22:45:38.770+0000] {processor.py:914} INFO - Processing file /home/airflow/.local/lib/python3.12/site-packages/airflow/example_dags/tutorial.py for tasks to queue
[2025-06-26T22:45:38.773+0000] {logging_mixin.py:190} INFO - [2025-06-26T22:45:38.773+0000] {dagbag.py:588} INFO - Filling up the DagBag from /home/airflow/.local/lib/python3.12/site-packages/airflow/example_dags/tutorial.py
[2025-06-26T22:45:38.782+0000] {processor.py:925} INFO - DAG(s) 'tutorial' retrieved from /home/airflow/.local/lib/python3.12/site-packages/airflow/example_dags/tutorial.py
[2025-06-26T22:45:38.802+0000] {logging_mixin.py:190} INFO - [2025-06-26T22:45:38.801+0000] {dag.py:3239} INFO - Sync 1 DAGs
[2025-06-26T22:45:38.822+0000] {logging_mixin.py:190} INFO - [2025-06-26T22:45:38.821+0000] {dag.py:4180} INFO - Setting next_dagrun for tutorial to 2025-06-25 00:00:00+00:00, run_after=2025-06-26 00:00:00+00:00
[2025-06-26T22:45:38.841+0000] {processor.py:208} INFO - Processing /home/airflow/.local/lib/python3.12/site-packages/airflow/example_dags/tutorial.py took 0.078 seconds
[2025-06-26T22:46:09.439+0000] {processor.py:186} INFO - Started process (PID=419) to work on /home/airflow/.local/lib/python3.12/site-packages/airflow/example_dags/tutorial.py
[2025-06-26T22:46:09.439+0000] {processor.py:914} INFO - Processing file /home/airflow/.local/lib/python3.12/site-packages/airflow/example_dags/tutorial.py for tasks to queue
[2025-06-26T22:46:09.442+0000] {logging_mixin.py:190} INFO - [2025-06-26T22:46:09.442+0000] {dagbag.py:588} INFO - Filling up the DagBag from /home/airflow/.local/lib/python3.12/site-packages/airflow/example_dags/tutorial.py
[2025-06-26T22:46:09.450+0000] {processor.py:925} INFO - DAG(s) 'tutorial' retrieved from /home/airflow/.local/lib/python3.12/site-packages/airflow/example_dags/tutorial.py
[2025-06-26T22:46:09.468+0000] {logging_mixin.py:190} INFO - [2025-06-26T22:46:09.468+0000] {dag.py:3239} INFO - Sync 1 DAGs
[2025-06-26T22:46:09.488+0000] {logging_mixin.py:190} INFO - [2025-06-26T22:46:09.488+0000] {dag.py:4180} INFO - Setting next_dagrun for tutorial to 2025-06-25 00:00:00+00:00, run_after=2025-06-26 00:00:00+00:00
[2025-06-26T22:46:09.513+0000] {processor.py:208} INFO - Processing /home/airflow/.local/lib/python3.12/site-packages/airflow/example_dags/tutorial.py took 0.080 seconds
[2025-06-26T22:46:39.925+0000] {processor.py:186} INFO - Started process (PID=481) to work on /home/airflow/.local/lib/python3.12/site-packages/airflow/example_dags/tutorial.py
[2025-06-26T22:46:39.926+0000] {processor.py:914} INFO - Processing file /home/airflow/.local/lib/python3.12/site-packages/airflow/example_dags/tutorial.py for tasks to queue
[2025-06-26T22:46:39.928+0000] {logging_mixin.py:190} INFO - [2025-06-26T22:46:39.928+0000] {dagbag.py:588} INFO - Filling up the DagBag from /home/airflow/.local/lib/python3.12/site-packages/airflow/example_dags/tutorial.py
[2025-06-26T22:46:39.936+0000] {processor.py:925} INFO - DAG(s) 'tutorial' retrieved from /home/airflow/.local/lib/python3.12/site-packages/airflow/example_dags/tutorial.py
[2025-06-26T22:46:39.955+0000] {logging_mixin.py:190} INFO - [2025-06-26T22:46:39.955+0000] {dag.py:3239} INFO - Sync 1 DAGs
[2025-06-26T22:46:39.976+0000] {logging_mixin.py:190} INFO - [2025-06-26T22:46:39.976+0000] {dag.py:4180} INFO - Setting next_dagrun for tutorial to 2025-06-25 00:00:00+00:00, run_after=2025-06-26 00:00:00+00:00
[2025-06-26T22:46:39.997+0000] {processor.py:208} INFO - Processing /home/airflow/.local/lib/python3.12/site-packages/airflow/example_dags/tutorial.py took 0.078 seconds
[2025-06-26T22:47:10.258+0000] {processor.py:186} INFO - Started process (PID=543) to work on /home/airflow/.local/lib/python3.12/site-packages/airflow/example_dags/tutorial.py
[2025-06-26T22:47:10.259+0000] {processor.py:914} INFO - Processing file /home/airflow/.local/lib/python3.12/site-packages/airflow/example_dags/tutorial.py for tasks to queue
[2025-06-26T22:47:10.262+0000] {logging_mixin.py:190} INFO - [2025-06-26T22:47:10.261+0000] {dagbag.py:588} INFO - Filling up the DagBag from /home/airflow/.local/lib/python3.12/site-packages/airflow/example_dags/tutorial.py
[2025-06-26T22:47:10.269+0000] {processor.py:925} INFO - DAG(s) 'tutorial' retrieved from /home/airflow/.local/lib/python3.12/site-packages/airflow/example_dags/tutorial.py
[2025-06-26T22:47:10.287+0000] {logging_mixin.py:190} INFO - [2025-06-26T22:47:10.287+0000] {dag.py:3239} INFO - Sync 1 DAGs
[2025-06-26T22:47:10.308+0000] {logging_mixin.py:190} INFO - [2025-06-26T22:47:10.308+0000] {dag.py:4180} INFO - Setting next_dagrun for tutorial to 2025-06-25 00:00:00+00:00, run_after=2025-06-26 00:00:00+00:00
[2025-06-26T22:47:10.330+0000] {processor.py:208} INFO - Processing /home/airflow/.local/lib/python3.12/site-packages/airflow/example_dags/tutorial.py took 0.077 seconds
[2025-06-26T22:47:40.678+0000] {processor.py:186} INFO - Started process (PID=605) to work on /home/airflow/.local/lib/python3.12/site-packages/airflow/example_dags/tutorial.py
[2025-06-26T22:47:40.679+0000] {processor.py:914} INFO - Processing file /home/airflow/.local/lib/python3.12/site-packages/airflow/example_dags/tutorial.py for tasks to queue
[2025-06-26T22:47:40.682+0000] {logging_mixin.py:190} INFO - [2025-06-26T22:47:40.682+0000] {dagbag.py:588} INFO - Filling up the DagBag from /home/airflow/.local/lib/python3.12/site-packages/airflow/example_dags/tutorial.py
[2025-06-26T22:47:40.692+0000] {processor.py:925} INFO - DAG(s) 'tutorial' retrieved from /home/airflow/.local/lib/python3.12/site-packages/airflow/example_dags/tutorial.py
[2025-06-26T22:47:40.712+0000] {logging_mixin.py:190} INFO - [2025-06-26T22:47:40.712+0000] {dag.py:3239} INFO - Sync 1 DAGs
[2025-06-26T22:47:40.735+0000] {logging_mixin.py:190} INFO - [2025-06-26T22:47:40.735+0000] {dag.py:4180} INFO - Setting next_dagrun for tutorial to 2025-06-25 00:00:00+00:00, run_after=2025-06-26 00:00:00+00:00
[2025-06-26T22:47:40.757+0000] {processor.py:208} INFO - Processing /home/airflow/.local/lib/python3.12/site-packages/airflow/example_dags/tutorial.py took 0.087 seconds
[2025-06-26T22:48:11.001+0000] {processor.py:186} INFO - Started process (PID=667) to work on /home/airflow/.local/lib/python3.12/site-packages/airflow/example_dags/tutorial.py
[2025-06-26T22:48:11.002+0000] {processor.py:914} INFO - Processing file /home/airflow/.local/lib/python3.12/site-packages/airflow/example_dags/tutorial.py for tasks to queue
[2025-06-26T22:48:11.004+0000] {logging_mixin.py:190} INFO - [2025-06-26T22:48:11.004+0000] {dagbag.py:588} INFO - Filling up the DagBag from /home/airflow/.local/lib/python3.12/site-packages/airflow/example_dags/tutorial.py
[2025-06-26T22:48:11.011+0000] {processor.py:925} INFO - DAG(s) 'tutorial' retrieved from /home/airflow/.local/lib/python3.12/site-packages/airflow/example_dags/tutorial.py
[2025-06-26T22:48:11.029+0000] {logging_mixin.py:190} INFO - [2025-06-26T22:48:11.029+0000] {dag.py:3239} INFO - Sync 1 DAGs
[2025-06-26T22:48:11.049+0000] {logging_mixin.py:190} INFO - [2025-06-26T22:48:11.048+0000] {dag.py:4180} INFO - Setting next_dagrun for tutorial to 2025-06-25 00:00:00+00:00, run_after=2025-06-26 00:00:00+00:00
[2025-06-26T22:48:11.067+0000] {processor.py:208} INFO - Processing /home/airflow/.local/lib/python3.12/site-packages/airflow/example_dags/tutorial.py took 0.072 seconds
[2025-06-26T22:48:41.330+0000] {processor.py:186} INFO - Started process (PID=729) to work on /home/airflow/.local/lib/python3.12/site-packages/airflow/example_dags/tutorial.py
[2025-06-26T22:48:41.331+0000] {processor.py:914} INFO - Processing file /home/airflow/.local/lib/python3.12/site-packages/airflow/example_dags/tutorial.py for tasks to queue
[2025-06-26T22:48:41.333+0000] {logging_mixin.py:190} INFO - [2025-06-26T22:48:41.333+0000] {dagbag.py:588} INFO - Filling up the DagBag from /home/airflow/.local/lib/python3.12/site-packages/airflow/example_dags/tutorial.py
[2025-06-26T22:48:41.340+0000] {processor.py:925} INFO - DAG(s) 'tutorial' retrieved from /home/airflow/.local/lib/python3.12/site-packages/airflow/example_dags/tutorial.py
[2025-06-26T22:48:41.357+0000] {logging_mixin.py:190} INFO - [2025-06-26T22:48:41.357+0000] {dag.py:3239} INFO - Sync 1 DAGs
[2025-06-26T22:48:41.376+0000] {logging_mixin.py:190} INFO - [2025-06-26T22:48:41.376+0000] {dag.py:4180} INFO - Setting next_dagrun for tutorial to 2025-06-25 00:00:00+00:00, run_after=2025-06-26 00:00:00+00:00
[2025-06-26T22:48:41.393+0000] {processor.py:208} INFO - Processing /home/airflow/.local/lib/python3.12/site-packages/airflow/example_dags/tutorial.py took 0.068 seconds
[2025-06-26T22:49:11.641+0000] {processor.py:186} INFO - Started process (PID=791) to work on /home/airflow/.local/lib/python3.12/site-packages/airflow/example_dags/tutorial.py
[2025-06-26T22:49:11.642+0000] {processor.py:914} INFO - Processing file /home/airflow/.local/lib/python3.12/site-packages/airflow/example_dags/tutorial.py for tasks to queue
[2025-06-26T22:49:11.646+0000] {logging_mixin.py:190} INFO - [2025-06-26T22:49:11.645+0000] {dagbag.py:588} INFO - Filling up the DagBag from /home/airflow/.local/lib/python3.12/site-packages/airflow/example_dags/tutorial.py
[2025-06-26T22:49:11.656+0000] {processor.py:925} INFO - DAG(s) 'tutorial' retrieved from /home/airflow/.local/lib/python3.12/site-packages/airflow/example_dags/tutorial.py
[2025-06-26T22:49:11.682+0000] {logging_mixin.py:190} INFO - [2025-06-26T22:49:11.681+0000] {dag.py:3239} INFO - Sync 1 DAGs
[2025-06-26T22:49:11.710+0000] {logging_mixin.py:190} INFO - [2025-06-26T22:49:11.710+0000] {dag.py:4180} INFO - Setting next_dagrun for tutorial to 2025-06-25 00:00:00+00:00, run_after=2025-06-26 00:00:00+00:00
[2025-06-26T22:49:11.730+0000] {processor.py:208} INFO - Processing /home/airflow/.local/lib/python3.12/site-packages/airflow/example_dags/tutorial.py took 0.097 seconds
[2025-06-26T22:49:41.988+0000] {processor.py:186} INFO - Started process (PID=853) to work on /home/airflow/.local/lib/python3.12/site-packages/airflow/example_dags/tutorial.py
[2025-06-26T22:49:41.989+0000] {processor.py:914} INFO - Processing file /home/airflow/.local/lib/python3.12/site-packages/airflow/example_dags/tutorial.py for tasks to queue
[2025-06-26T22:49:41.991+0000] {logging_mixin.py:190} INFO - [2025-06-26T22:49:41.991+0000] {dagbag.py:588} INFO - Filling up the DagBag from /home/airflow/.local/lib/python3.12/site-packages/airflow/example_dags/tutorial.py
[2025-06-26T22:49:41.998+0000] {processor.py:925} INFO - DAG(s) 'tutorial' retrieved from /home/airflow/.local/lib/python3.12/site-packages/airflow/example_dags/tutorial.py
[2025-06-26T22:49:42.015+0000] {logging_mixin.py:190} INFO - [2025-06-26T22:49:42.015+0000] {dag.py:3239} INFO - Sync 1 DAGs
[2025-06-26T22:49:42.034+0000] {logging_mixin.py:190} INFO - [2025-06-26T22:49:42.034+0000] {dag.py:4180} INFO - Setting next_dagrun for tutorial to 2025-06-25 00:00:00+00:00, run_after=2025-06-26 00:00:00+00:00
[2025-06-26T22:49:42.053+0000] {processor.py:208} INFO - Processing /home/airflow/.local/lib/python3.12/site-packages/airflow/example_dags/tutorial.py took 0.071 seconds
[2025-06-26T22:50:12.425+0000] {processor.py:186} INFO - Started process (PID=915) to work on /home/airflow/.local/lib/python3.12/site-packages/airflow/example_dags/tutorial.py
[2025-06-26T22:50:12.426+0000] {processor.py:914} INFO - Processing file /home/airflow/.local/lib/python3.12/site-packages/airflow/example_dags/tutorial.py for tasks to queue
[2025-06-26T22:50:12.428+0000] {logging_mixin.py:190} INFO - [2025-06-26T22:50:12.428+0000] {dagbag.py:588} INFO - Filling up the DagBag from /home/airflow/.local/lib/python3.12/site-packages/airflow/example_dags/tutorial.py
[2025-06-26T22:50:12.436+0000] {processor.py:925} INFO - DAG(s) 'tutorial' retrieved from /home/airflow/.local/lib/python3.12/site-packages/airflow/example_dags/tutorial.py
[2025-06-26T22:50:12.453+0000] {logging_mixin.py:190} INFO - [2025-06-26T22:50:12.453+0000] {dag.py:3239} INFO - Sync 1 DAGs
[2025-06-26T22:50:12.472+0000] {logging_mixin.py:190} INFO - [2025-06-26T22:50:12.472+0000] {dag.py:4180} INFO - Setting next_dagrun for tutorial to 2025-06-25 00:00:00+00:00, run_after=2025-06-26 00:00:00+00:00
[2025-06-26T22:50:12.488+0000] {processor.py:208} INFO - Processing /home/airflow/.local/lib/python3.12/site-packages/airflow/example_dags/tutorial.py took 0.069 seconds
[2025-06-26T22:50:42.833+0000] {processor.py:186} INFO - Started process (PID=976) to work on /home/airflow/.local/lib/python3.12/site-packages/airflow/example_dags/tutorial.py
[2025-06-26T22:50:42.834+0000] {processor.py:914} INFO - Processing file /home/airflow/.local/lib/python3.12/site-packages/airflow/example_dags/tutorial.py for tasks to queue
[2025-06-26T22:50:42.837+0000] {logging_mixin.py:190} INFO - [2025-06-26T22:50:42.837+0000] {dagbag.py:588} INFO - Filling up the DagBag from /home/airflow/.local/lib/python3.12/site-packages/airflow/example_dags/tutorial.py
[2025-06-26T22:50:42.845+0000] {processor.py:925} INFO - DAG(s) 'tutorial' retrieved from /home/airflow/.local/lib/python3.12/site-packages/airflow/example_dags/tutorial.py
[2025-06-26T22:50:42.863+0000] {logging_mixin.py:190} INFO - [2025-06-26T22:50:42.862+0000] {dag.py:3239} INFO - Sync 1 DAGs
[2025-06-26T22:50:42.882+0000] {logging_mixin.py:190} INFO - [2025-06-26T22:50:42.881+0000] {dag.py:4180} INFO - Setting next_dagrun for tutorial to 2025-06-25 00:00:00+00:00, run_after=2025-06-26 00:00:00+00:00
[2025-06-26T22:50:42.901+0000] {processor.py:208} INFO - Processing /home/airflow/.local/lib/python3.12/site-packages/airflow/example_dags/tutorial.py took 0.074 seconds
[2025-06-26T22:51:13.341+0000] {processor.py:186} INFO - Started process (PID=1038) to work on /home/airflow/.local/lib/python3.12/site-packages/airflow/example_dags/tutorial.py
[2025-06-26T22:51:13.342+0000] {processor.py:914} INFO - Processing file /home/airflow/.local/lib/python3.12/site-packages/airflow/example_dags/tutorial.py for tasks to queue
[2025-06-26T22:51:13.345+0000] {logging_mixin.py:190} INFO - [2025-06-26T22:51:13.345+0000] {dagbag.py:588} INFO - Filling up the DagBag from /home/airflow/.local/lib/python3.12/site-packages/airflow/example_dags/tutorial.py
[2025-06-26T22:51:13.353+0000] {processor.py:925} INFO - DAG(s) 'tutorial' retrieved from /home/airflow/.local/lib/python3.12/site-packages/airflow/example_dags/tutorial.py
[2025-06-26T22:51:13.370+0000] {logging_mixin.py:190} INFO - [2025-06-26T22:51:13.370+0000] {dag.py:3239} INFO - Sync 1 DAGs
[2025-06-26T22:51:13.389+0000] {logging_mixin.py:190} INFO - [2025-06-26T22:51:13.388+0000] {dag.py:4180} INFO - Setting next_dagrun for tutorial to 2025-06-25 00:00:00+00:00, run_after=2025-06-26 00:00:00+00:00
[2025-06-26T22:51:13.417+0000] {processor.py:208} INFO - Processing /home/airflow/.local/lib/python3.12/site-packages/airflow/example_dags/tutorial.py took 0.081 seconds
[2025-06-26T22:51:43.726+0000] {processor.py:186} INFO - Started process (PID=1100) to work on /home/airflow/.local/lib/python3.12/site-packages/airflow/example_dags/tutorial.py
[2025-06-26T22:51:43.727+0000] {processor.py:914} INFO - Processing file /home/airflow/.local/lib/python3.12/site-packages/airflow/example_dags/tutorial.py for tasks to queue
[2025-06-26T22:51:43.730+0000] {logging_mixin.py:190} INFO - [2025-06-26T22:51:43.730+0000] {dagbag.py:588} INFO - Filling up the DagBag from /home/airflow/.local/lib/python3.12/site-packages/airflow/example_dags/tutorial.py
[2025-06-26T22:51:43.738+0000] {processor.py:925} INFO - DAG(s) 'tutorial' retrieved from /home/airflow/.local/lib/python3.12/site-packages/airflow/example_dags/tutorial.py
[2025-06-26T22:51:43.757+0000] {logging_mixin.py:190} INFO - [2025-06-26T22:51:43.757+0000] {dag.py:3239} INFO - Sync 1 DAGs
[2025-06-26T22:51:43.776+0000] {logging_mixin.py:190} INFO - [2025-06-26T22:51:43.776+0000] {dag.py:4180} INFO - Setting next_dagrun for tutorial to 2025-06-25 00:00:00+00:00, run_after=2025-06-26 00:00:00+00:00
[2025-06-26T22:51:43.796+0000] {processor.py:208} INFO - Processing /home/airflow/.local/lib/python3.12/site-packages/airflow/example_dags/tutorial.py took 0.076 seconds
[2025-06-26T22:52:14.014+0000] {processor.py:186} INFO - Started process (PID=1162) to work on /home/airflow/.local/lib/python3.12/site-packages/airflow/example_dags/tutorial.py
[2025-06-26T22:52:14.015+0000] {processor.py:914} INFO - Processing file /home/airflow/.local/lib/python3.12/site-packages/airflow/example_dags/tutorial.py for tasks to queue
[2025-06-26T22:52:14.018+0000] {logging_mixin.py:190} INFO - [2025-06-26T22:52:14.017+0000] {dagbag.py:588} INFO - Filling up the DagBag from /home/airflow/.local/lib/python3.12/site-packages/airflow/example_dags/tutorial.py
[2025-06-26T22:52:14.025+0000] {processor.py:925} INFO - DAG(s) 'tutorial' retrieved from /home/airflow/.local/lib/python3.12/site-packages/airflow/example_dags/tutorial.py
[2025-06-26T22:52:14.041+0000] {logging_mixin.py:190} INFO - [2025-06-26T22:52:14.041+0000] {dag.py:3239} INFO - Sync 1 DAGs
[2025-06-26T22:52:14.060+0000] {logging_mixin.py:190} INFO - [2025-06-26T22:52:14.060+0000] {dag.py:4180} INFO - Setting next_dagrun for tutorial to 2025-06-25 00:00:00+00:00, run_after=2025-06-26 00:00:00+00:00
[2025-06-26T22:52:14.081+0000] {processor.py:208} INFO - Processing /home/airflow/.local/lib/python3.12/site-packages/airflow/example_dags/tutorial.py took 0.073 seconds
[2025-06-26T22:52:45.045+0000] {processor.py:186} INFO - Started process (PID=1224) to work on /home/airflow/.local/lib/python3.12/site-packages/airflow/example_dags/tutorial.py
[2025-06-26T22:52:45.046+0000] {processor.py:914} INFO - Processing file /home/airflow/.local/lib/python3.12/site-packages/airflow/example_dags/tutorial.py for tasks to queue
[2025-06-26T22:52:45.049+0000] {logging_mixin.py:190} INFO - [2025-06-26T22:52:45.049+0000] {dagbag.py:588} INFO - Filling up the DagBag from /home/airflow/.local/lib/python3.12/site-packages/airflow/example_dags/tutorial.py
[2025-06-26T22:52:45.059+0000] {processor.py:925} INFO - DAG(s) 'tutorial' retrieved from /home/airflow/.local/lib/python3.12/site-packages/airflow/example_dags/tutorial.py
[2025-06-26T22:52:45.082+0000] {logging_mixin.py:190} INFO - [2025-06-26T22:52:45.082+0000] {dag.py:3239} INFO - Sync 1 DAGs
[2025-06-26T22:52:45.106+0000] {logging_mixin.py:190} INFO - [2025-06-26T22:52:45.105+0000] {dag.py:4180} INFO - Setting next_dagrun for tutorial to 2025-06-25 00:00:00+00:00, run_after=2025-06-26 00:00:00+00:00
[2025-06-26T22:52:45.132+0000] {processor.py:208} INFO - Processing /home/airflow/.local/lib/python3.12/site-packages/airflow/example_dags/tutorial.py took 0.092 seconds
[2025-06-26T22:53:15.603+0000] {processor.py:186} INFO - Started process (PID=1286) to work on /home/airflow/.local/lib/python3.12/site-packages/airflow/example_dags/tutorial.py
[2025-06-26T22:53:15.604+0000] {processor.py:914} INFO - Processing file /home/airflow/.local/lib/python3.12/site-packages/airflow/example_dags/tutorial.py for tasks to queue
[2025-06-26T22:53:15.609+0000] {logging_mixin.py:190} INFO - [2025-06-26T22:53:15.608+0000] {dagbag.py:588} INFO - Filling up the DagBag from /home/airflow/.local/lib/python3.12/site-packages/airflow/example_dags/tutorial.py
[2025-06-26T22:53:15.620+0000] {processor.py:925} INFO - DAG(s) 'tutorial' retrieved from /home/airflow/.local/lib/python3.12/site-packages/airflow/example_dags/tutorial.py
[2025-06-26T22:53:15.645+0000] {logging_mixin.py:190} INFO - [2025-06-26T22:53:15.644+0000] {dag.py:3239} INFO - Sync 1 DAGs
[2025-06-26T22:53:15.674+0000] {logging_mixin.py:190} INFO - [2025-06-26T22:53:15.674+0000] {dag.py:4180} INFO - Setting next_dagrun for tutorial to 2025-06-25 00:00:00+00:00, run_after=2025-06-26 00:00:00+00:00
[2025-06-26T22:53:15.697+0000] {processor.py:208} INFO - Processing /home/airflow/.local/lib/python3.12/site-packages/airflow/example_dags/tutorial.py took 0.103 seconds
[2025-06-26T22:53:45.864+0000] {processor.py:186} INFO - Started process (PID=1348) to work on /home/airflow/.local/lib/python3.12/site-packages/airflow/example_dags/tutorial.py
[2025-06-26T22:53:45.865+0000] {processor.py:914} INFO - Processing file /home/airflow/.local/lib/python3.12/site-packages/airflow/example_dags/tutorial.py for tasks to queue
[2025-06-26T22:53:45.868+0000] {logging_mixin.py:190} INFO - [2025-06-26T22:53:45.868+0000] {dagbag.py:588} INFO - Filling up the DagBag from /home/airflow/.local/lib/python3.12/site-packages/airflow/example_dags/tutorial.py
[2025-06-26T22:53:45.875+0000] {processor.py:925} INFO - DAG(s) 'tutorial' retrieved from /home/airflow/.local/lib/python3.12/site-packages/airflow/example_dags/tutorial.py
[2025-06-26T22:53:45.894+0000] {logging_mixin.py:190} INFO - [2025-06-26T22:53:45.894+0000] {dag.py:3239} INFO - Sync 1 DAGs
[2025-06-26T22:53:45.914+0000] {logging_mixin.py:190} INFO - [2025-06-26T22:53:45.914+0000] {dag.py:4180} INFO - Setting next_dagrun for tutorial to 2025-06-25 00:00:00+00:00, run_after=2025-06-26 00:00:00+00:00
[2025-06-26T22:53:45.938+0000] {processor.py:208} INFO - Processing /home/airflow/.local/lib/python3.12/site-packages/airflow/example_dags/tutorial.py took 0.082 seconds
[2025-06-26T22:54:16.385+0000] {processor.py:186} INFO - Started process (PID=1410) to work on /home/airflow/.local/lib/python3.12/site-packages/airflow/example_dags/tutorial.py
[2025-06-26T22:54:16.387+0000] {processor.py:914} INFO - Processing file /home/airflow/.local/lib/python3.12/site-packages/airflow/example_dags/tutorial.py for tasks to queue
[2025-06-26T22:54:16.390+0000] {logging_mixin.py:190} INFO - [2025-06-26T22:54:16.390+0000] {dagbag.py:588} INFO - Filling up the DagBag from /home/airflow/.local/lib/python3.12/site-packages/airflow/example_dags/tutorial.py
[2025-06-26T22:54:16.398+0000] {processor.py:925} INFO - DAG(s) 'tutorial' retrieved from /home/airflow/.local/lib/python3.12/site-packages/airflow/example_dags/tutorial.py
[2025-06-26T22:54:16.422+0000] {logging_mixin.py:190} INFO - [2025-06-26T22:54:16.421+0000] {dag.py:3239} INFO - Sync 1 DAGs
[2025-06-26T22:54:16.449+0000] {logging_mixin.py:190} INFO - [2025-06-26T22:54:16.448+0000] {dag.py:4180} INFO - Setting next_dagrun for tutorial to 2025-06-25 00:00:00+00:00, run_after=2025-06-26 00:00:00+00:00
[2025-06-26T22:54:16.471+0000] {processor.py:208} INFO - Processing /home/airflow/.local/lib/python3.12/site-packages/airflow/example_dags/tutorial.py took 0.093 seconds
[2025-06-26T22:54:46.853+0000] {processor.py:186} INFO - Started process (PID=1472) to work on /home/airflow/.local/lib/python3.12/site-packages/airflow/example_dags/tutorial.py
[2025-06-26T22:54:46.854+0000] {processor.py:914} INFO - Processing file /home/airflow/.local/lib/python3.12/site-packages/airflow/example_dags/tutorial.py for tasks to queue
[2025-06-26T22:54:46.857+0000] {logging_mixin.py:190} INFO - [2025-06-26T22:54:46.856+0000] {dagbag.py:588} INFO - Filling up the DagBag from /home/airflow/.local/lib/python3.12/site-packages/airflow/example_dags/tutorial.py
[2025-06-26T22:54:46.864+0000] {processor.py:925} INFO - DAG(s) 'tutorial' retrieved from /home/airflow/.local/lib/python3.12/site-packages/airflow/example_dags/tutorial.py
[2025-06-26T22:54:46.882+0000] {logging_mixin.py:190} INFO - [2025-06-26T22:54:46.882+0000] {dag.py:3239} INFO - Sync 1 DAGs
[2025-06-26T22:54:46.903+0000] {logging_mixin.py:190} INFO - [2025-06-26T22:54:46.902+0000] {dag.py:4180} INFO - Setting next_dagrun for tutorial to 2025-06-25 00:00:00+00:00, run_after=2025-06-26 00:00:00+00:00
[2025-06-26T22:54:46.923+0000] {processor.py:208} INFO - Processing /home/airflow/.local/lib/python3.12/site-packages/airflow/example_dags/tutorial.py took 0.076 seconds
[2025-06-26T22:55:17.267+0000] {processor.py:186} INFO - Started process (PID=1534) to work on /home/airflow/.local/lib/python3.12/site-packages/airflow/example_dags/tutorial.py
[2025-06-26T22:55:17.269+0000] {processor.py:914} INFO - Processing file /home/airflow/.local/lib/python3.12/site-packages/airflow/example_dags/tutorial.py for tasks to queue
[2025-06-26T22:55:17.271+0000] {logging_mixin.py:190} INFO - [2025-06-26T22:55:17.271+0000] {dagbag.py:588} INFO - Filling up the DagBag from /home/airflow/.local/lib/python3.12/site-packages/airflow/example_dags/tutorial.py
[2025-06-26T22:55:17.279+0000] {processor.py:925} INFO - DAG(s) 'tutorial' retrieved from /home/airflow/.local/lib/python3.12/site-packages/airflow/example_dags/tutorial.py
[2025-06-26T22:55:17.297+0000] {logging_mixin.py:190} INFO - [2025-06-26T22:55:17.297+0000] {dag.py:3239} INFO - Sync 1 DAGs
[2025-06-26T22:55:17.330+0000] {logging_mixin.py:190} INFO - [2025-06-26T22:55:17.329+0000] {dag.py:4180} INFO - Setting next_dagrun for tutorial to 2025-06-25 00:00:00+00:00, run_after=2025-06-26 00:00:00+00:00
[2025-06-26T22:55:17.355+0000] {processor.py:208} INFO - Processing /home/airflow/.local/lib/python3.12/site-packages/airflow/example_dags/tutorial.py took 0.095 seconds
[2025-06-26T22:55:47.551+0000] {processor.py:186} INFO - Started process (PID=1596) to work on /home/airflow/.local/lib/python3.12/site-packages/airflow/example_dags/tutorial.py
[2025-06-26T22:55:47.552+0000] {processor.py:914} INFO - Processing file /home/airflow/.local/lib/python3.12/site-packages/airflow/example_dags/tutorial.py for tasks to queue
[2025-06-26T22:55:47.556+0000] {logging_mixin.py:190} INFO - [2025-06-26T22:55:47.555+0000] {dagbag.py:588} INFO - Filling up the DagBag from /home/airflow/.local/lib/python3.12/site-packages/airflow/example_dags/tutorial.py
[2025-06-26T22:55:47.568+0000] {processor.py:925} INFO - DAG(s) 'tutorial' retrieved from /home/airflow/.local/lib/python3.12/site-packages/airflow/example_dags/tutorial.py
[2025-06-26T22:55:47.588+0000] {logging_mixin.py:190} INFO - [2025-06-26T22:55:47.588+0000] {dag.py:3239} INFO - Sync 1 DAGs
[2025-06-26T22:55:47.608+0000] {logging_mixin.py:190} INFO - [2025-06-26T22:55:47.607+0000] {dag.py:4180} INFO - Setting next_dagrun for tutorial to 2025-06-25 00:00:00+00:00, run_after=2025-06-26 00:00:00+00:00
[2025-06-26T22:55:47.626+0000] {processor.py:208} INFO - Processing /home/airflow/.local/lib/python3.12/site-packages/airflow/example_dags/tutorial.py took 0.081 seconds
[2025-06-26T22:56:17.863+0000] {processor.py:186} INFO - Started process (PID=1658) to work on /home/airflow/.local/lib/python3.12/site-packages/airflow/example_dags/tutorial.py
[2025-06-26T22:56:17.864+0000] {processor.py:914} INFO - Processing file /home/airflow/.local/lib/python3.12/site-packages/airflow/example_dags/tutorial.py for tasks to queue
[2025-06-26T22:56:17.868+0000] {logging_mixin.py:190} INFO - [2025-06-26T22:56:17.867+0000] {dagbag.py:588} INFO - Filling up the DagBag from /home/airflow/.local/lib/python3.12/site-packages/airflow/example_dags/tutorial.py
[2025-06-26T22:56:17.877+0000] {processor.py:925} INFO - DAG(s) 'tutorial' retrieved from /home/airflow/.local/lib/python3.12/site-packages/airflow/example_dags/tutorial.py
[2025-06-26T22:56:17.898+0000] {logging_mixin.py:190} INFO - [2025-06-26T22:56:17.898+0000] {dag.py:3239} INFO - Sync 1 DAGs
[2025-06-26T22:56:17.920+0000] {logging_mixin.py:190} INFO - [2025-06-26T22:56:17.920+0000] {dag.py:4180} INFO - Setting next_dagrun for tutorial to 2025-06-25 00:00:00+00:00, run_after=2025-06-26 00:00:00+00:00
[2025-06-26T22:56:17.942+0000] {processor.py:208} INFO - Processing /home/airflow/.local/lib/python3.12/site-packages/airflow/example_dags/tutorial.py took 0.086 seconds
[2025-06-26T22:56:48.832+0000] {processor.py:186} INFO - Started process (PID=1720) to work on /home/airflow/.local/lib/python3.12/site-packages/airflow/example_dags/tutorial.py
[2025-06-26T22:56:48.833+0000] {processor.py:914} INFO - Processing file /home/airflow/.local/lib/python3.12/site-packages/airflow/example_dags/tutorial.py for tasks to queue
[2025-06-26T22:56:48.836+0000] {logging_mixin.py:190} INFO - [2025-06-26T22:56:48.835+0000] {dagbag.py:588} INFO - Filling up the DagBag from /home/airflow/.local/lib/python3.12/site-packages/airflow/example_dags/tutorial.py
[2025-06-26T22:56:48.842+0000] {processor.py:925} INFO - DAG(s) 'tutorial' retrieved from /home/airflow/.local/lib/python3.12/site-packages/airflow/example_dags/tutorial.py
[2025-06-26T22:56:48.860+0000] {logging_mixin.py:190} INFO - [2025-06-26T22:56:48.860+0000] {dag.py:3239} INFO - Sync 1 DAGs
[2025-06-26T22:56:48.879+0000] {logging_mixin.py:190} INFO - [2025-06-26T22:56:48.879+0000] {dag.py:4180} INFO - Setting next_dagrun for tutorial to 2025-06-25 00:00:00+00:00, run_after=2025-06-26 00:00:00+00:00
[2025-06-26T22:56:48.898+0000] {processor.py:208} INFO - Processing /home/airflow/.local/lib/python3.12/site-packages/airflow/example_dags/tutorial.py took 0.071 seconds
[2025-06-26T22:57:19.076+0000] {processor.py:186} INFO - Started process (PID=1782) to work on /home/airflow/.local/lib/python3.12/site-packages/airflow/example_dags/tutorial.py
[2025-06-26T22:57:19.078+0000] {processor.py:914} INFO - Processing file /home/airflow/.local/lib/python3.12/site-packages/airflow/example_dags/tutorial.py for tasks to queue
[2025-06-26T22:57:19.081+0000] {logging_mixin.py:190} INFO - [2025-06-26T22:57:19.080+0000] {dagbag.py:588} INFO - Filling up the DagBag from /home/airflow/.local/lib/python3.12/site-packages/airflow/example_dags/tutorial.py
[2025-06-26T22:57:19.088+0000] {processor.py:925} INFO - DAG(s) 'tutorial' retrieved from /home/airflow/.local/lib/python3.12/site-packages/airflow/example_dags/tutorial.py
[2025-06-26T22:57:19.108+0000] {logging_mixin.py:190} INFO - [2025-06-26T22:57:19.107+0000] {dag.py:3239} INFO - Sync 1 DAGs
[2025-06-26T22:57:19.132+0000] {logging_mixin.py:190} INFO - [2025-06-26T22:57:19.132+0000] {dag.py:4180} INFO - Setting next_dagrun for tutorial to 2025-06-25 00:00:00+00:00, run_after=2025-06-26 00:00:00+00:00
[2025-06-26T22:57:19.155+0000] {processor.py:208} INFO - Processing /home/airflow/.local/lib/python3.12/site-packages/airflow/example_dags/tutorial.py took 0.086 seconds
[2025-06-26T22:57:49.777+0000] {processor.py:186} INFO - Started process (PID=1844) to work on /home/airflow/.local/lib/python3.12/site-packages/airflow/example_dags/tutorial.py
[2025-06-26T22:57:49.779+0000] {processor.py:914} INFO - Processing file /home/airflow/.local/lib/python3.12/site-packages/airflow/example_dags/tutorial.py for tasks to queue
[2025-06-26T22:57:49.782+0000] {logging_mixin.py:190} INFO - [2025-06-26T22:57:49.781+0000] {dagbag.py:588} INFO - Filling up the DagBag from /home/airflow/.local/lib/python3.12/site-packages/airflow/example_dags/tutorial.py
[2025-06-26T22:57:49.789+0000] {processor.py:925} INFO - DAG(s) 'tutorial' retrieved from /home/airflow/.local/lib/python3.12/site-packages/airflow/example_dags/tutorial.py
[2025-06-26T22:57:49.810+0000] {logging_mixin.py:190} INFO - [2025-06-26T22:57:49.810+0000] {dag.py:3239} INFO - Sync 1 DAGs
[2025-06-26T22:57:49.831+0000] {logging_mixin.py:190} INFO - [2025-06-26T22:57:49.831+0000] {dag.py:4180} INFO - Setting next_dagrun for tutorial to 2025-06-25 00:00:00+00:00, run_after=2025-06-26 00:00:00+00:00
[2025-06-26T22:57:49.851+0000] {processor.py:208} INFO - Processing /home/airflow/.local/lib/python3.12/site-packages/airflow/example_dags/tutorial.py took 0.079 seconds
[2025-06-26T22:58:20.065+0000] {processor.py:186} INFO - Started process (PID=1906) to work on /home/airflow/.local/lib/python3.12/site-packages/airflow/example_dags/tutorial.py
[2025-06-26T22:58:20.065+0000] {processor.py:914} INFO - Processing file /home/airflow/.local/lib/python3.12/site-packages/airflow/example_dags/tutorial.py for tasks to queue
[2025-06-26T22:58:20.068+0000] {logging_mixin.py:190} INFO - [2025-06-26T22:58:20.068+0000] {dagbag.py:588} INFO - Filling up the DagBag from /home/airflow/.local/lib/python3.12/site-packages/airflow/example_dags/tutorial.py
[2025-06-26T22:58:20.075+0000] {processor.py:925} INFO - DAG(s) 'tutorial' retrieved from /home/airflow/.local/lib/python3.12/site-packages/airflow/example_dags/tutorial.py
[2025-06-26T22:58:20.092+0000] {logging_mixin.py:190} INFO - [2025-06-26T22:58:20.092+0000] {dag.py:3239} INFO - Sync 1 DAGs
[2025-06-26T22:58:20.112+0000] {logging_mixin.py:190} INFO - [2025-06-26T22:58:20.112+0000] {dag.py:4180} INFO - Setting next_dagrun for tutorial to 2025-06-25 00:00:00+00:00, run_after=2025-06-26 00:00:00+00:00
[2025-06-26T22:58:20.130+0000] {processor.py:208} INFO - Processing /home/airflow/.local/lib/python3.12/site-packages/airflow/example_dags/tutorial.py took 0.071 seconds
[2025-06-26T22:58:50.495+0000] {processor.py:186} INFO - Started process (PID=1968) to work on /home/airflow/.local/lib/python3.12/site-packages/airflow/example_dags/tutorial.py
[2025-06-26T22:58:50.496+0000] {processor.py:914} INFO - Processing file /home/airflow/.local/lib/python3.12/site-packages/airflow/example_dags/tutorial.py for tasks to queue
[2025-06-26T22:58:50.498+0000] {logging_mixin.py:190} INFO - [2025-06-26T22:58:50.498+0000] {dagbag.py:588} INFO - Filling up the DagBag from /home/airflow/.local/lib/python3.12/site-packages/airflow/example_dags/tutorial.py
[2025-06-26T22:58:50.507+0000] {processor.py:925} INFO - DAG(s) 'tutorial' retrieved from /home/airflow/.local/lib/python3.12/site-packages/airflow/example_dags/tutorial.py
[2025-06-26T22:58:50.525+0000] {logging_mixin.py:190} INFO - [2025-06-26T22:58:50.525+0000] {dag.py:3239} INFO - Sync 1 DAGs
[2025-06-26T22:58:50.547+0000] {logging_mixin.py:190} INFO - [2025-06-26T22:58:50.546+0000] {dag.py:4180} INFO - Setting next_dagrun for tutorial to 2025-06-25 00:00:00+00:00, run_after=2025-06-26 00:00:00+00:00
[2025-06-26T22:58:50.566+0000] {processor.py:208} INFO - Processing /home/airflow/.local/lib/python3.12/site-packages/airflow/example_dags/tutorial.py took 0.076 seconds
[2025-06-26T22:59:21.014+0000] {processor.py:186} INFO - Started process (PID=2030) to work on /home/airflow/.local/lib/python3.12/site-packages/airflow/example_dags/tutorial.py
[2025-06-26T22:59:21.015+0000] {processor.py:914} INFO - Processing file /home/airflow/.local/lib/python3.12/site-packages/airflow/example_dags/tutorial.py for tasks to queue
[2025-06-26T22:59:21.017+0000] {logging_mixin.py:190} INFO - [2025-06-26T22:59:21.017+0000] {dagbag.py:588} INFO - Filling up the DagBag from /home/airflow/.local/lib/python3.12/site-packages/airflow/example_dags/tutorial.py
[2025-06-26T22:59:21.026+0000] {processor.py:925} INFO - DAG(s) 'tutorial' retrieved from /home/airflow/.local/lib/python3.12/site-packages/airflow/example_dags/tutorial.py
[2025-06-26T22:59:21.044+0000] {logging_mixin.py:190} INFO - [2025-06-26T22:59:21.044+0000] {dag.py:3239} INFO - Sync 1 DAGs
[2025-06-26T22:59:21.064+0000] {logging_mixin.py:190} INFO - [2025-06-26T22:59:21.064+0000] {dag.py:4180} INFO - Setting next_dagrun for tutorial to 2025-06-25 00:00:00+00:00, run_after=2025-06-26 00:00:00+00:00
[2025-06-26T22:59:21.082+0000] {processor.py:208} INFO - Processing /home/airflow/.local/lib/python3.12/site-packages/airflow/example_dags/tutorial.py took 0.074 seconds
[2025-06-26T22:59:51.516+0000] {processor.py:186} INFO - Started process (PID=2092) to work on /home/airflow/.local/lib/python3.12/site-packages/airflow/example_dags/tutorial.py
[2025-06-26T22:59:51.517+0000] {processor.py:914} INFO - Processing file /home/airflow/.local/lib/python3.12/site-packages/airflow/example_dags/tutorial.py for tasks to queue
[2025-06-26T22:59:51.519+0000] {logging_mixin.py:190} INFO - [2025-06-26T22:59:51.519+0000] {dagbag.py:588} INFO - Filling up the DagBag from /home/airflow/.local/lib/python3.12/site-packages/airflow/example_dags/tutorial.py
[2025-06-26T22:59:51.527+0000] {processor.py:925} INFO - DAG(s) 'tutorial' retrieved from /home/airflow/.local/lib/python3.12/site-packages/airflow/example_dags/tutorial.py
[2025-06-26T22:59:51.548+0000] {logging_mixin.py:190} INFO - [2025-06-26T22:59:51.547+0000] {dag.py:3239} INFO - Sync 1 DAGs
[2025-06-26T22:59:51.571+0000] {logging_mixin.py:190} INFO - [2025-06-26T22:59:51.571+0000] {dag.py:4180} INFO - Setting next_dagrun for tutorial to 2025-06-25 00:00:00+00:00, run_after=2025-06-26 00:00:00+00:00
[2025-06-26T22:59:51.600+0000] {processor.py:208} INFO - Processing /home/airflow/.local/lib/python3.12/site-packages/airflow/example_dags/tutorial.py took 0.089 seconds
[2025-06-26T23:00:21.987+0000] {processor.py:186} INFO - Started process (PID=2155) to work on /home/airflow/.local/lib/python3.12/site-packages/airflow/example_dags/tutorial.py
[2025-06-26T23:00:21.988+0000] {processor.py:914} INFO - Processing file /home/airflow/.local/lib/python3.12/site-packages/airflow/example_dags/tutorial.py for tasks to queue
[2025-06-26T23:00:21.990+0000] {logging_mixin.py:190} INFO - [2025-06-26T23:00:21.990+0000] {dagbag.py:588} INFO - Filling up the DagBag from /home/airflow/.local/lib/python3.12/site-packages/airflow/example_dags/tutorial.py
[2025-06-26T23:00:21.997+0000] {processor.py:925} INFO - DAG(s) 'tutorial' retrieved from /home/airflow/.local/lib/python3.12/site-packages/airflow/example_dags/tutorial.py
[2025-06-26T23:00:22.015+0000] {logging_mixin.py:190} INFO - [2025-06-26T23:00:22.015+0000] {dag.py:3239} INFO - Sync 1 DAGs
[2025-06-26T23:00:22.035+0000] {logging_mixin.py:190} INFO - [2025-06-26T23:00:22.035+0000] {dag.py:4180} INFO - Setting next_dagrun for tutorial to 2025-06-25 00:00:00+00:00, run_after=2025-06-26 00:00:00+00:00
[2025-06-26T23:00:22.056+0000] {processor.py:208} INFO - Processing /home/airflow/.local/lib/python3.12/site-packages/airflow/example_dags/tutorial.py took 0.075 seconds
[2025-06-26T23:00:52.660+0000] {processor.py:186} INFO - Started process (PID=2217) to work on /home/airflow/.local/lib/python3.12/site-packages/airflow/example_dags/tutorial.py
[2025-06-26T23:00:52.661+0000] {processor.py:914} INFO - Processing file /home/airflow/.local/lib/python3.12/site-packages/airflow/example_dags/tutorial.py for tasks to queue
[2025-06-26T23:00:52.664+0000] {logging_mixin.py:190} INFO - [2025-06-26T23:00:52.663+0000] {dagbag.py:588} INFO - Filling up the DagBag from /home/airflow/.local/lib/python3.12/site-packages/airflow/example_dags/tutorial.py
[2025-06-26T23:00:52.672+0000] {processor.py:925} INFO - DAG(s) 'tutorial' retrieved from /home/airflow/.local/lib/python3.12/site-packages/airflow/example_dags/tutorial.py
[2025-06-26T23:00:52.688+0000] {logging_mixin.py:190} INFO - [2025-06-26T23:00:52.688+0000] {dag.py:3239} INFO - Sync 1 DAGs
[2025-06-26T23:00:52.708+0000] {logging_mixin.py:190} INFO - [2025-06-26T23:00:52.708+0000] {dag.py:4180} INFO - Setting next_dagrun for tutorial to 2025-06-25 00:00:00+00:00, run_after=2025-06-26 00:00:00+00:00
[2025-06-26T23:00:52.728+0000] {processor.py:208} INFO - Processing /home/airflow/.local/lib/python3.12/site-packages/airflow/example_dags/tutorial.py took 0.073 seconds
[2025-06-26T23:01:23.385+0000] {processor.py:186} INFO - Started process (PID=2279) to work on /home/airflow/.local/lib/python3.12/site-packages/airflow/example_dags/tutorial.py
[2025-06-26T23:01:23.386+0000] {processor.py:914} INFO - Processing file /home/airflow/.local/lib/python3.12/site-packages/airflow/example_dags/tutorial.py for tasks to queue
[2025-06-26T23:01:23.388+0000] {logging_mixin.py:190} INFO - [2025-06-26T23:01:23.388+0000] {dagbag.py:588} INFO - Filling up the DagBag from /home/airflow/.local/lib/python3.12/site-packages/airflow/example_dags/tutorial.py
[2025-06-26T23:01:23.397+0000] {processor.py:925} INFO - DAG(s) 'tutorial' retrieved from /home/airflow/.local/lib/python3.12/site-packages/airflow/example_dags/tutorial.py
[2025-06-26T23:01:23.419+0000] {logging_mixin.py:190} INFO - [2025-06-26T23:01:23.418+0000] {dag.py:3239} INFO - Sync 1 DAGs
[2025-06-26T23:01:23.439+0000] {logging_mixin.py:190} INFO - [2025-06-26T23:01:23.439+0000] {dag.py:4180} INFO - Setting next_dagrun for tutorial to 2025-06-25 00:00:00+00:00, run_after=2025-06-26 00:00:00+00:00
[2025-06-26T23:01:23.457+0000] {processor.py:208} INFO - Processing /home/airflow/.local/lib/python3.12/site-packages/airflow/example_dags/tutorial.py took 0.078 seconds
[2025-06-26T23:01:54.415+0000] {processor.py:186} INFO - Started process (PID=2341) to work on /home/airflow/.local/lib/python3.12/site-packages/airflow/example_dags/tutorial.py
[2025-06-26T23:01:54.416+0000] {processor.py:914} INFO - Processing file /home/airflow/.local/lib/python3.12/site-packages/airflow/example_dags/tutorial.py for tasks to queue
[2025-06-26T23:01:54.418+0000] {logging_mixin.py:190} INFO - [2025-06-26T23:01:54.418+0000] {dagbag.py:588} INFO - Filling up the DagBag from /home/airflow/.local/lib/python3.12/site-packages/airflow/example_dags/tutorial.py
[2025-06-26T23:01:54.427+0000] {processor.py:925} INFO - DAG(s) 'tutorial' retrieved from /home/airflow/.local/lib/python3.12/site-packages/airflow/example_dags/tutorial.py
[2025-06-26T23:01:54.449+0000] {logging_mixin.py:190} INFO - [2025-06-26T23:01:54.448+0000] {dag.py:3239} INFO - Sync 1 DAGs
[2025-06-26T23:01:54.479+0000] {logging_mixin.py:190} INFO - [2025-06-26T23:01:54.479+0000] {dag.py:4180} INFO - Setting next_dagrun for tutorial to 2025-06-25 00:00:00+00:00, run_after=2025-06-26 00:00:00+00:00
[2025-06-26T23:01:54.511+0000] {processor.py:208} INFO - Processing /home/airflow/.local/lib/python3.12/site-packages/airflow/example_dags/tutorial.py took 0.103 seconds
[2025-06-26T23:02:25.122+0000] {processor.py:186} INFO - Started process (PID=2403) to work on /home/airflow/.local/lib/python3.12/site-packages/airflow/example_dags/tutorial.py
[2025-06-26T23:02:25.124+0000] {processor.py:914} INFO - Processing file /home/airflow/.local/lib/python3.12/site-packages/airflow/example_dags/tutorial.py for tasks to queue
[2025-06-26T23:02:25.127+0000] {logging_mixin.py:190} INFO - [2025-06-26T23:02:25.126+0000] {dagbag.py:588} INFO - Filling up the DagBag from /home/airflow/.local/lib/python3.12/site-packages/airflow/example_dags/tutorial.py
[2025-06-26T23:02:25.138+0000] {processor.py:925} INFO - DAG(s) 'tutorial' retrieved from /home/airflow/.local/lib/python3.12/site-packages/airflow/example_dags/tutorial.py
[2025-06-26T23:02:25.165+0000] {logging_mixin.py:190} INFO - [2025-06-26T23:02:25.165+0000] {dag.py:3239} INFO - Sync 1 DAGs
[2025-06-26T23:02:25.191+0000] {logging_mixin.py:190} INFO - [2025-06-26T23:02:25.190+0000] {dag.py:4180} INFO - Setting next_dagrun for tutorial to 2025-06-25 00:00:00+00:00, run_after=2025-06-26 00:00:00+00:00
[2025-06-26T23:02:25.213+0000] {processor.py:208} INFO - Processing /home/airflow/.local/lib/python3.12/site-packages/airflow/example_dags/tutorial.py took 0.097 seconds
[2025-06-26T23:02:56.023+0000] {processor.py:186} INFO - Started process (PID=2465) to work on /home/airflow/.local/lib/python3.12/site-packages/airflow/example_dags/tutorial.py
[2025-06-26T23:02:56.024+0000] {processor.py:914} INFO - Processing file /home/airflow/.local/lib/python3.12/site-packages/airflow/example_dags/tutorial.py for tasks to queue
[2025-06-26T23:02:56.027+0000] {logging_mixin.py:190} INFO - [2025-06-26T23:02:56.027+0000] {dagbag.py:588} INFO - Filling up the DagBag from /home/airflow/.local/lib/python3.12/site-packages/airflow/example_dags/tutorial.py
[2025-06-26T23:02:56.038+0000] {processor.py:925} INFO - DAG(s) 'tutorial' retrieved from /home/airflow/.local/lib/python3.12/site-packages/airflow/example_dags/tutorial.py
[2025-06-26T23:02:56.063+0000] {logging_mixin.py:190} INFO - [2025-06-26T23:02:56.062+0000] {dag.py:3239} INFO - Sync 1 DAGs
[2025-06-26T23:02:56.092+0000] {logging_mixin.py:190} INFO - [2025-06-26T23:02:56.091+0000] {dag.py:4180} INFO - Setting next_dagrun for tutorial to 2025-06-25 00:00:00+00:00, run_after=2025-06-26 00:00:00+00:00
[2025-06-26T23:02:56.118+0000] {processor.py:208} INFO - Processing /home/airflow/.local/lib/python3.12/site-packages/airflow/example_dags/tutorial.py took 0.101 seconds
[2025-06-26T23:03:26.846+0000] {processor.py:186} INFO - Started process (PID=2527) to work on /home/airflow/.local/lib/python3.12/site-packages/airflow/example_dags/tutorial.py
[2025-06-26T23:03:26.847+0000] {processor.py:914} INFO - Processing file /home/airflow/.local/lib/python3.12/site-packages/airflow/example_dags/tutorial.py for tasks to queue
[2025-06-26T23:03:26.850+0000] {logging_mixin.py:190} INFO - [2025-06-26T23:03:26.849+0000] {dagbag.py:588} INFO - Filling up the DagBag from /home/airflow/.local/lib/python3.12/site-packages/airflow/example_dags/tutorial.py
[2025-06-26T23:03:26.857+0000] {processor.py:925} INFO - DAG(s) 'tutorial' retrieved from /home/airflow/.local/lib/python3.12/site-packages/airflow/example_dags/tutorial.py
[2025-06-26T23:03:26.874+0000] {logging_mixin.py:190} INFO - [2025-06-26T23:03:26.874+0000] {dag.py:3239} INFO - Sync 1 DAGs
[2025-06-26T23:03:26.894+0000] {logging_mixin.py:190} INFO - [2025-06-26T23:03:26.894+0000] {dag.py:4180} INFO - Setting next_dagrun for tutorial to 2025-06-25 00:00:00+00:00, run_after=2025-06-26 00:00:00+00:00
[2025-06-26T23:03:26.913+0000] {processor.py:208} INFO - Processing /home/airflow/.local/lib/python3.12/site-packages/airflow/example_dags/tutorial.py took 0.073 seconds
[2025-06-26T23:03:57.326+0000] {processor.py:186} INFO - Started process (PID=2589) to work on /home/airflow/.local/lib/python3.12/site-packages/airflow/example_dags/tutorial.py
[2025-06-26T23:03:57.327+0000] {processor.py:914} INFO - Processing file /home/airflow/.local/lib/python3.12/site-packages/airflow/example_dags/tutorial.py for tasks to queue
[2025-06-26T23:03:57.331+0000] {logging_mixin.py:190} INFO - [2025-06-26T23:03:57.331+0000] {dagbag.py:588} INFO - Filling up the DagBag from /home/airflow/.local/lib/python3.12/site-packages/airflow/example_dags/tutorial.py
[2025-06-26T23:03:57.341+0000] {processor.py:925} INFO - DAG(s) 'tutorial' retrieved from /home/airflow/.local/lib/python3.12/site-packages/airflow/example_dags/tutorial.py
[2025-06-26T23:03:57.363+0000] {logging_mixin.py:190} INFO - [2025-06-26T23:03:57.363+0000] {dag.py:3239} INFO - Sync 1 DAGs
[2025-06-26T23:03:57.385+0000] {logging_mixin.py:190} INFO - [2025-06-26T23:03:57.385+0000] {dag.py:4180} INFO - Setting next_dagrun for tutorial to 2025-06-25 00:00:00+00:00, run_after=2025-06-26 00:00:00+00:00
[2025-06-26T23:03:57.408+0000] {processor.py:208} INFO - Processing /home/airflow/.local/lib/python3.12/site-packages/airflow/example_dags/tutorial.py took 0.090 seconds
[2025-06-26T23:04:28.254+0000] {processor.py:186} INFO - Started process (PID=2651) to work on /home/airflow/.local/lib/python3.12/site-packages/airflow/example_dags/tutorial.py
[2025-06-26T23:04:28.255+0000] {processor.py:914} INFO - Processing file /home/airflow/.local/lib/python3.12/site-packages/airflow/example_dags/tutorial.py for tasks to queue
[2025-06-26T23:04:28.257+0000] {logging_mixin.py:190} INFO - [2025-06-26T23:04:28.257+0000] {dagbag.py:588} INFO - Filling up the DagBag from /home/airflow/.local/lib/python3.12/site-packages/airflow/example_dags/tutorial.py
[2025-06-26T23:04:28.265+0000] {processor.py:925} INFO - DAG(s) 'tutorial' retrieved from /home/airflow/.local/lib/python3.12/site-packages/airflow/example_dags/tutorial.py
[2025-06-26T23:04:28.283+0000] {logging_mixin.py:190} INFO - [2025-06-26T23:04:28.282+0000] {dag.py:3239} INFO - Sync 1 DAGs
[2025-06-26T23:04:28.304+0000] {logging_mixin.py:190} INFO - [2025-06-26T23:04:28.304+0000] {dag.py:4180} INFO - Setting next_dagrun for tutorial to 2025-06-25 00:00:00+00:00, run_after=2025-06-26 00:00:00+00:00
[2025-06-26T23:04:28.330+0000] {processor.py:208} INFO - Processing /home/airflow/.local/lib/python3.12/site-packages/airflow/example_dags/tutorial.py took 0.082 seconds
[2025-06-26T23:04:58.730+0000] {processor.py:186} INFO - Started process (PID=2713) to work on /home/airflow/.local/lib/python3.12/site-packages/airflow/example_dags/tutorial.py
[2025-06-26T23:04:58.732+0000] {processor.py:914} INFO - Processing file /home/airflow/.local/lib/python3.12/site-packages/airflow/example_dags/tutorial.py for tasks to queue
[2025-06-26T23:04:58.734+0000] {logging_mixin.py:190} INFO - [2025-06-26T23:04:58.734+0000] {dagbag.py:588} INFO - Filling up the DagBag from /home/airflow/.local/lib/python3.12/site-packages/airflow/example_dags/tutorial.py
[2025-06-26T23:04:58.744+0000] {processor.py:925} INFO - DAG(s) 'tutorial' retrieved from /home/airflow/.local/lib/python3.12/site-packages/airflow/example_dags/tutorial.py
[2025-06-26T23:04:58.767+0000] {logging_mixin.py:190} INFO - [2025-06-26T23:04:58.766+0000] {dag.py:3239} INFO - Sync 1 DAGs
[2025-06-26T23:04:58.795+0000] {logging_mixin.py:190} INFO - [2025-06-26T23:04:58.794+0000] {dag.py:4180} INFO - Setting next_dagrun for tutorial to 2025-06-25 00:00:00+00:00, run_after=2025-06-26 00:00:00+00:00
[2025-06-26T23:04:58.815+0000] {processor.py:208} INFO - Processing /home/airflow/.local/lib/python3.12/site-packages/airflow/example_dags/tutorial.py took 0.090 seconds
[2025-06-26T23:05:30.137+0000] {processor.py:186} INFO - Started process (PID=2775) to work on /home/airflow/.local/lib/python3.12/site-packages/airflow/example_dags/tutorial.py
[2025-06-26T23:05:30.138+0000] {processor.py:914} INFO - Processing file /home/airflow/.local/lib/python3.12/site-packages/airflow/example_dags/tutorial.py for tasks to queue
[2025-06-26T23:05:30.140+0000] {logging_mixin.py:190} INFO - [2025-06-26T23:05:30.140+0000] {dagbag.py:588} INFO - Filling up the DagBag from /home/airflow/.local/lib/python3.12/site-packages/airflow/example_dags/tutorial.py
[2025-06-26T23:05:30.148+0000] {processor.py:925} INFO - DAG(s) 'tutorial' retrieved from /home/airflow/.local/lib/python3.12/site-packages/airflow/example_dags/tutorial.py
[2025-06-26T23:05:30.168+0000] {logging_mixin.py:190} INFO - [2025-06-26T23:05:30.168+0000] {dag.py:3239} INFO - Sync 1 DAGs
[2025-06-26T23:05:30.187+0000] {logging_mixin.py:190} INFO - [2025-06-26T23:05:30.187+0000] {dag.py:4180} INFO - Setting next_dagrun for tutorial to 2025-06-25 00:00:00+00:00, run_after=2025-06-26 00:00:00+00:00
[2025-06-26T23:05:30.204+0000] {processor.py:208} INFO - Processing /home/airflow/.local/lib/python3.12/site-packages/airflow/example_dags/tutorial.py took 0.073 seconds
[2025-06-26T23:06:01.104+0000] {processor.py:186} INFO - Started process (PID=2837) to work on /home/airflow/.local/lib/python3.12/site-packages/airflow/example_dags/tutorial.py
[2025-06-26T23:06:01.105+0000] {processor.py:914} INFO - Processing file /home/airflow/.local/lib/python3.12/site-packages/airflow/example_dags/tutorial.py for tasks to queue
[2025-06-26T23:06:01.107+0000] {logging_mixin.py:190} INFO - [2025-06-26T23:06:01.107+0000] {dagbag.py:588} INFO - Filling up the DagBag from /home/airflow/.local/lib/python3.12/site-packages/airflow/example_dags/tutorial.py
[2025-06-26T23:06:01.115+0000] {processor.py:925} INFO - DAG(s) 'tutorial' retrieved from /home/airflow/.local/lib/python3.12/site-packages/airflow/example_dags/tutorial.py
[2025-06-26T23:06:01.134+0000] {logging_mixin.py:190} INFO - [2025-06-26T23:06:01.133+0000] {dag.py:3239} INFO - Sync 1 DAGs
[2025-06-26T23:06:01.153+0000] {logging_mixin.py:190} INFO - [2025-06-26T23:06:01.153+0000] {dag.py:4180} INFO - Setting next_dagrun for tutorial to 2025-06-25 00:00:00+00:00, run_after=2025-06-26 00:00:00+00:00
[2025-06-26T23:06:01.170+0000] {processor.py:208} INFO - Processing /home/airflow/.local/lib/python3.12/site-packages/airflow/example_dags/tutorial.py took 0.072 seconds
[2025-06-26T23:06:31.827+0000] {processor.py:186} INFO - Started process (PID=2899) to work on /home/airflow/.local/lib/python3.12/site-packages/airflow/example_dags/tutorial.py
[2025-06-26T23:06:31.828+0000] {processor.py:914} INFO - Processing file /home/airflow/.local/lib/python3.12/site-packages/airflow/example_dags/tutorial.py for tasks to queue
[2025-06-26T23:06:31.831+0000] {logging_mixin.py:190} INFO - [2025-06-26T23:06:31.830+0000] {dagbag.py:588} INFO - Filling up the DagBag from /home/airflow/.local/lib/python3.12/site-packages/airflow/example_dags/tutorial.py
[2025-06-26T23:06:31.839+0000] {processor.py:925} INFO - DAG(s) 'tutorial' retrieved from /home/airflow/.local/lib/python3.12/site-packages/airflow/example_dags/tutorial.py
[2025-06-26T23:06:31.860+0000] {logging_mixin.py:190} INFO - [2025-06-26T23:06:31.860+0000] {dag.py:3239} INFO - Sync 1 DAGs
[2025-06-26T23:06:31.895+0000] {logging_mixin.py:190} INFO - [2025-06-26T23:06:31.895+0000] {dag.py:4180} INFO - Setting next_dagrun for tutorial to 2025-06-25 00:00:00+00:00, run_after=2025-06-26 00:00:00+00:00
[2025-06-26T23:06:31.927+0000] {processor.py:208} INFO - Processing /home/airflow/.local/lib/python3.12/site-packages/airflow/example_dags/tutorial.py took 0.106 seconds
[2025-06-26T23:07:02.738+0000] {processor.py:186} INFO - Started process (PID=2961) to work on /home/airflow/.local/lib/python3.12/site-packages/airflow/example_dags/tutorial.py
[2025-06-26T23:07:02.739+0000] {processor.py:914} INFO - Processing file /home/airflow/.local/lib/python3.12/site-packages/airflow/example_dags/tutorial.py for tasks to queue
[2025-06-26T23:07:02.741+0000] {logging_mixin.py:190} INFO - [2025-06-26T23:07:02.741+0000] {dagbag.py:588} INFO - Filling up the DagBag from /home/airflow/.local/lib/python3.12/site-packages/airflow/example_dags/tutorial.py
[2025-06-26T23:07:02.749+0000] {processor.py:925} INFO - DAG(s) 'tutorial' retrieved from /home/airflow/.local/lib/python3.12/site-packages/airflow/example_dags/tutorial.py
[2025-06-26T23:07:02.767+0000] {logging_mixin.py:190} INFO - [2025-06-26T23:07:02.767+0000] {dag.py:3239} INFO - Sync 1 DAGs
[2025-06-26T23:07:02.786+0000] {logging_mixin.py:190} INFO - [2025-06-26T23:07:02.786+0000] {dag.py:4180} INFO - Setting next_dagrun for tutorial to 2025-06-25 00:00:00+00:00, run_after=2025-06-26 00:00:00+00:00
[2025-06-26T23:07:02.803+0000] {processor.py:208} INFO - Processing /home/airflow/.local/lib/python3.12/site-packages/airflow/example_dags/tutorial.py took 0.072 seconds
[2025-06-26T23:07:33.496+0000] {processor.py:186} INFO - Started process (PID=3023) to work on /home/airflow/.local/lib/python3.12/site-packages/airflow/example_dags/tutorial.py
[2025-06-26T23:07:33.497+0000] {processor.py:914} INFO - Processing file /home/airflow/.local/lib/python3.12/site-packages/airflow/example_dags/tutorial.py for tasks to queue
[2025-06-26T23:07:33.499+0000] {logging_mixin.py:190} INFO - [2025-06-26T23:07:33.499+0000] {dagbag.py:588} INFO - Filling up the DagBag from /home/airflow/.local/lib/python3.12/site-packages/airflow/example_dags/tutorial.py
[2025-06-26T23:07:33.507+0000] {processor.py:925} INFO - DAG(s) 'tutorial' retrieved from /home/airflow/.local/lib/python3.12/site-packages/airflow/example_dags/tutorial.py
[2025-06-26T23:07:33.525+0000] {logging_mixin.py:190} INFO - [2025-06-26T23:07:33.525+0000] {dag.py:3239} INFO - Sync 1 DAGs
[2025-06-26T23:07:33.546+0000] {logging_mixin.py:190} INFO - [2025-06-26T23:07:33.546+0000] {dag.py:4180} INFO - Setting next_dagrun for tutorial to 2025-06-25 00:00:00+00:00, run_after=2025-06-26 00:00:00+00:00
[2025-06-26T23:07:33.563+0000] {processor.py:208} INFO - Processing /home/airflow/.local/lib/python3.12/site-packages/airflow/example_dags/tutorial.py took 0.073 seconds
[2025-06-26T23:08:04.692+0000] {processor.py:186} INFO - Started process (PID=3085) to work on /home/airflow/.local/lib/python3.12/site-packages/airflow/example_dags/tutorial.py
[2025-06-26T23:08:04.693+0000] {processor.py:914} INFO - Processing file /home/airflow/.local/lib/python3.12/site-packages/airflow/example_dags/tutorial.py for tasks to queue
[2025-06-26T23:08:04.695+0000] {logging_mixin.py:190} INFO - [2025-06-26T23:08:04.695+0000] {dagbag.py:588} INFO - Filling up the DagBag from /home/airflow/.local/lib/python3.12/site-packages/airflow/example_dags/tutorial.py
[2025-06-26T23:08:04.703+0000] {processor.py:925} INFO - DAG(s) 'tutorial' retrieved from /home/airflow/.local/lib/python3.12/site-packages/airflow/example_dags/tutorial.py
[2025-06-26T23:08:04.721+0000] {logging_mixin.py:190} INFO - [2025-06-26T23:08:04.721+0000] {dag.py:3239} INFO - Sync 1 DAGs
[2025-06-26T23:08:04.742+0000] {logging_mixin.py:190} INFO - [2025-06-26T23:08:04.741+0000] {dag.py:4180} INFO - Setting next_dagrun for tutorial to 2025-06-25 00:00:00+00:00, run_after=2025-06-26 00:00:00+00:00
[2025-06-26T23:08:04.759+0000] {processor.py:208} INFO - Processing /home/airflow/.local/lib/python3.12/site-packages/airflow/example_dags/tutorial.py took 0.073 seconds
[2025-06-26T23:08:35.521+0000] {processor.py:186} INFO - Started process (PID=3153) to work on /home/airflow/.local/lib/python3.12/site-packages/airflow/example_dags/tutorial.py
[2025-06-26T23:08:35.522+0000] {processor.py:914} INFO - Processing file /home/airflow/.local/lib/python3.12/site-packages/airflow/example_dags/tutorial.py for tasks to queue
[2025-06-26T23:08:35.524+0000] {logging_mixin.py:190} INFO - [2025-06-26T23:08:35.524+0000] {dagbag.py:588} INFO - Filling up the DagBag from /home/airflow/.local/lib/python3.12/site-packages/airflow/example_dags/tutorial.py
[2025-06-26T23:08:35.532+0000] {processor.py:925} INFO - DAG(s) 'tutorial' retrieved from /home/airflow/.local/lib/python3.12/site-packages/airflow/example_dags/tutorial.py
[2025-06-26T23:08:35.551+0000] {logging_mixin.py:190} INFO - [2025-06-26T23:08:35.551+0000] {dag.py:3239} INFO - Sync 1 DAGs
[2025-06-26T23:08:35.572+0000] {logging_mixin.py:190} INFO - [2025-06-26T23:08:35.572+0000] {dag.py:4180} INFO - Setting next_dagrun for tutorial to 2025-06-25 00:00:00+00:00, run_after=2025-06-26 00:00:00+00:00
[2025-06-26T23:08:35.592+0000] {processor.py:208} INFO - Processing /home/airflow/.local/lib/python3.12/site-packages/airflow/example_dags/tutorial.py took 0.076 seconds
[2025-06-26T23:09:06.432+0000] {processor.py:186} INFO - Started process (PID=3215) to work on /home/airflow/.local/lib/python3.12/site-packages/airflow/example_dags/tutorial.py
[2025-06-26T23:09:06.433+0000] {processor.py:914} INFO - Processing file /home/airflow/.local/lib/python3.12/site-packages/airflow/example_dags/tutorial.py for tasks to queue
[2025-06-26T23:09:06.436+0000] {logging_mixin.py:190} INFO - [2025-06-26T23:09:06.436+0000] {dagbag.py:588} INFO - Filling up the DagBag from /home/airflow/.local/lib/python3.12/site-packages/airflow/example_dags/tutorial.py
[2025-06-26T23:09:06.446+0000] {processor.py:925} INFO - DAG(s) 'tutorial' retrieved from /home/airflow/.local/lib/python3.12/site-packages/airflow/example_dags/tutorial.py
[2025-06-26T23:09:06.470+0000] {logging_mixin.py:190} INFO - [2025-06-26T23:09:06.470+0000] {dag.py:3239} INFO - Sync 1 DAGs
[2025-06-26T23:09:06.494+0000] {logging_mixin.py:190} INFO - [2025-06-26T23:09:06.494+0000] {dag.py:4180} INFO - Setting next_dagrun for tutorial to 2025-06-25 00:00:00+00:00, run_after=2025-06-26 00:00:00+00:00
[2025-06-26T23:09:06.517+0000] {processor.py:208} INFO - Processing /home/airflow/.local/lib/python3.12/site-packages/airflow/example_dags/tutorial.py took 0.092 seconds
[2025-06-26T23:09:37.537+0000] {processor.py:186} INFO - Started process (PID=3277) to work on /home/airflow/.local/lib/python3.12/site-packages/airflow/example_dags/tutorial.py
[2025-06-26T23:09:37.542+0000] {processor.py:914} INFO - Processing file /home/airflow/.local/lib/python3.12/site-packages/airflow/example_dags/tutorial.py for tasks to queue
[2025-06-26T23:09:37.546+0000] {logging_mixin.py:190} INFO - [2025-06-26T23:09:37.545+0000] {dagbag.py:588} INFO - Filling up the DagBag from /home/airflow/.local/lib/python3.12/site-packages/airflow/example_dags/tutorial.py
[2025-06-26T23:09:37.553+0000] {processor.py:925} INFO - DAG(s) 'tutorial' retrieved from /home/airflow/.local/lib/python3.12/site-packages/airflow/example_dags/tutorial.py
[2025-06-26T23:09:37.571+0000] {logging_mixin.py:190} INFO - [2025-06-26T23:09:37.570+0000] {dag.py:3239} INFO - Sync 1 DAGs
[2025-06-26T23:09:37.596+0000] {logging_mixin.py:190} INFO - [2025-06-26T23:09:37.596+0000] {dag.py:4180} INFO - Setting next_dagrun for tutorial to 2025-06-25 00:00:00+00:00, run_after=2025-06-26 00:00:00+00:00
[2025-06-26T23:09:37.614+0000] {processor.py:208} INFO - Processing /home/airflow/.local/lib/python3.12/site-packages/airflow/example_dags/tutorial.py took 0.085 seconds
[2025-06-26T23:10:09.286+0000] {processor.py:186} INFO - Started process (PID=3339) to work on /home/airflow/.local/lib/python3.12/site-packages/airflow/example_dags/tutorial.py
[2025-06-26T23:10:09.287+0000] {processor.py:914} INFO - Processing file /home/airflow/.local/lib/python3.12/site-packages/airflow/example_dags/tutorial.py for tasks to queue
[2025-06-26T23:10:09.290+0000] {logging_mixin.py:190} INFO - [2025-06-26T23:10:09.289+0000] {dagbag.py:588} INFO - Filling up the DagBag from /home/airflow/.local/lib/python3.12/site-packages/airflow/example_dags/tutorial.py
[2025-06-26T23:10:09.297+0000] {processor.py:925} INFO - DAG(s) 'tutorial' retrieved from /home/airflow/.local/lib/python3.12/site-packages/airflow/example_dags/tutorial.py
[2025-06-26T23:10:09.314+0000] {logging_mixin.py:190} INFO - [2025-06-26T23:10:09.313+0000] {dag.py:3239} INFO - Sync 1 DAGs
[2025-06-26T23:10:09.490+0000] {logging_mixin.py:190} INFO - [2025-06-26T23:10:09.490+0000] {dag.py:4180} INFO - Setting next_dagrun for tutorial to 2025-06-25 00:00:00+00:00, run_after=2025-06-26 00:00:00+00:00
[2025-06-26T23:10:09.508+0000] {processor.py:208} INFO - Processing /home/airflow/.local/lib/python3.12/site-packages/airflow/example_dags/tutorial.py took 0.227 seconds
