[2025-07-03T04:10:31.714+0000] {local_task_job_runner.py:123} INFO - ::group::Pre task execution logs
[2025-07-03T04:10:31.729+0000] {taskinstance.py:2612} INFO - Dependencies all met for dep_context=non-requeueable deps ti=<TaskInstance: extract_raw_data_pipeline.extract_raw_data manual__2025-07-03T04:10:30.227277+00:00 [queued]>
[2025-07-03T04:10:31.736+0000] {taskinstance.py:2612} INFO - Dependencies all met for dep_context=requeueable deps ti=<TaskInstance: extract_raw_data_pipeline.extract_raw_data manual__2025-07-03T04:10:30.227277+00:00 [queued]>
[2025-07-03T04:10:31.737+0000] {taskinstance.py:2865} INFO - Starting attempt 1 of 1
[2025-07-03T04:10:31.751+0000] {taskinstance.py:2888} INFO - Executing <Task(PythonOperator): extract_raw_data> on 2025-07-03 04:10:30.227277+00:00
[2025-07-03T04:10:31.757+0000] {warnings.py:112} WARNING - /home/***/.local/lib/python3.12/site-packages/***/task/task_runner/standard_task_runner.py:70: DeprecationWarning: This process (pid=143) is multi-threaded, use of fork() may lead to deadlocks in the child.
  pid = os.fork()

[2025-07-03T04:10:31.759+0000] {standard_task_runner.py:72} INFO - Started process 153 to run task
[2025-07-03T04:10:31.759+0000] {standard_task_runner.py:104} INFO - Running: ['***', 'tasks', 'run', 'extract_raw_data_pipeline', 'extract_raw_data', 'manual__2025-07-03T04:10:30.227277+00:00', '--job-id', '11', '--raw', '--subdir', 'DAGS_FOLDER/driven_data_pipeline.py', '--cfg-path', '/tmp/tmpja7cndiw']
[2025-07-03T04:10:31.760+0000] {standard_task_runner.py:105} INFO - Job 11: Subtask extract_raw_data
[2025-07-03T04:10:31.818+0000] {task_command.py:467} INFO - Running <TaskInstance: extract_raw_data_pipeline.extract_raw_data manual__2025-07-03T04:10:30.227277+00:00 [running]> on host 6000e8bcb2e1
[2025-07-03T04:10:31.894+0000] {taskinstance.py:3131} INFO - Exporting env vars: AIRFLOW_CTX_DAG_OWNER='***' AIRFLOW_CTX_DAG_ID='extract_raw_data_pipeline' AIRFLOW_CTX_TASK_ID='extract_raw_data' AIRFLOW_CTX_EXECUTION_DATE='2025-07-03T04:10:30.227277+00:00' AIRFLOW_CTX_TRY_NUMBER='1' AIRFLOW_CTX_DAG_RUN_ID='manual__2025-07-03T04:10:30.227277+00:00'
[2025-07-03T04:10:31.895+0000] {taskinstance.py:731} INFO - ::endgroup::
[2025-07-03T04:10:31.908+0000] {driven_data_pipeline.py:142} INFO - Started batch processing for 2025-07-03.
[2025-07-03T04:10:31.909+0000] {driven_data_pipeline.py:34} INFO - Created synthetic data for MX country code.
[2025-07-03T04:10:32.057+0000] {driven_data_pipeline.py:99} INFO - Written 478 records to the CSV file.
[2025-07-03T04:10:32.082+0000] {driven_data_pipeline.py:115} INFO - Added UUID to the dataset.
[2025-07-03T04:10:32.100+0000] {driven_data_pipeline.py:134} INFO - Updated accessed timestamp.
[2025-07-03T04:10:32.100+0000] {driven_data_pipeline.py:150} INFO - Finished batch processing 2025-07-03.
[2025-07-03T04:10:32.101+0000] {python.py:240} INFO - Done. Returned value was: None
[2025-07-03T04:10:32.110+0000] {taskinstance.py:340} INFO - ::group::Post task execution logs
[2025-07-03T04:10:32.111+0000] {taskinstance.py:352} INFO - Marking task as SUCCESS. dag_id=extract_raw_data_pipeline, task_id=extract_raw_data, run_id=manual__2025-07-03T04:10:30.227277+00:00, execution_date=20250703T041030, start_date=20250703T041031, end_date=20250703T041032
[2025-07-03T04:10:32.135+0000] {local_task_job_runner.py:266} INFO - Task exited with return code 0
[2025-07-03T04:10:32.157+0000] {taskinstance.py:3900} INFO - 1 downstream tasks scheduled from follow-on schedule check
[2025-07-03T04:10:32.161+0000] {local_task_job_runner.py:245} INFO - ::endgroup::
