[2025-07-03T04:14:58.785+0000] {local_task_job_runner.py:123} INFO - ::group::Pre task execution logs
[2025-07-03T04:14:58.805+0000] {taskinstance.py:2612} INFO - Dependencies all met for dep_context=non-requeueable deps ti=<TaskInstance: extract_raw_data_pipeline.extract_raw_data manual__2025-07-03T04:14:57.198327+00:00 [queued]>
[2025-07-03T04:14:58.814+0000] {taskinstance.py:2612} INFO - Dependencies all met for dep_context=requeueable deps ti=<TaskInstance: extract_raw_data_pipeline.extract_raw_data manual__2025-07-03T04:14:57.198327+00:00 [queued]>
[2025-07-03T04:14:58.815+0000] {taskinstance.py:2865} INFO - Starting attempt 1 of 1
[2025-07-03T04:14:58.832+0000] {taskinstance.py:2888} INFO - Executing <Task(PythonOperator): extract_raw_data> on 2025-07-03 04:14:57.198327+00:00
[2025-07-03T04:14:58.840+0000] {warnings.py:112} WARNING - /home/***/.local/lib/python3.12/site-packages/***/task/task_runner/standard_task_runner.py:70: DeprecationWarning: This process (pid=248) is multi-threaded, use of fork() may lead to deadlocks in the child.
  pid = os.fork()

[2025-07-03T04:14:58.843+0000] {standard_task_runner.py:72} INFO - Started process 253 to run task
[2025-07-03T04:14:58.843+0000] {standard_task_runner.py:104} INFO - Running: ['***', 'tasks', 'run', 'extract_raw_data_pipeline', 'extract_raw_data', 'manual__2025-07-03T04:14:57.198327+00:00', '--job-id', '16', '--raw', '--subdir', 'DAGS_FOLDER/driven_data_pipeline.py', '--cfg-path', '/tmp/tmpc4f5jt7_']
[2025-07-03T04:14:58.845+0000] {standard_task_runner.py:105} INFO - Job 16: Subtask extract_raw_data
[2025-07-03T04:14:58.919+0000] {task_command.py:467} INFO - Running <TaskInstance: extract_raw_data_pipeline.extract_raw_data manual__2025-07-03T04:14:57.198327+00:00 [running]> on host 6000e8bcb2e1
[2025-07-03T04:14:59.020+0000] {taskinstance.py:3131} INFO - Exporting env vars: AIRFLOW_CTX_DAG_OWNER='***' AIRFLOW_CTX_DAG_ID='extract_raw_data_pipeline' AIRFLOW_CTX_TASK_ID='extract_raw_data' AIRFLOW_CTX_EXECUTION_DATE='2025-07-03T04:14:57.198327+00:00' AIRFLOW_CTX_TRY_NUMBER='1' AIRFLOW_CTX_DAG_RUN_ID='manual__2025-07-03T04:14:57.198327+00:00'
[2025-07-03T04:14:59.022+0000] {taskinstance.py:731} INFO - ::endgroup::
[2025-07-03T04:14:59.039+0000] {driven_data_pipeline.py:142} INFO - Started batch processing for 2025-07-03.
[2025-07-03T04:14:59.039+0000] {driven_data_pipeline.py:34} INFO - Created synthetic data for MX country code.
[2025-07-03T04:14:59.242+0000] {driven_data_pipeline.py:99} INFO - Written 579 records to the CSV file.
[2025-07-03T04:14:59.270+0000] {driven_data_pipeline.py:115} INFO - Added UUID to the dataset.
[2025-07-03T04:14:59.293+0000] {driven_data_pipeline.py:134} INFO - Updated accessed timestamp.
[2025-07-03T04:14:59.293+0000] {driven_data_pipeline.py:150} INFO - Finished batch processing 2025-07-03.
[2025-07-03T04:14:59.294+0000] {python.py:240} INFO - Done. Returned value was: None
[2025-07-03T04:14:59.305+0000] {taskinstance.py:340} INFO - ::group::Post task execution logs
[2025-07-03T04:14:59.306+0000] {taskinstance.py:352} INFO - Marking task as SUCCESS. dag_id=extract_raw_data_pipeline, task_id=extract_raw_data, run_id=manual__2025-07-03T04:14:57.198327+00:00, execution_date=20250703T041457, start_date=20250703T041458, end_date=20250703T041459
[2025-07-03T04:14:59.340+0000] {local_task_job_runner.py:266} INFO - Task exited with return code 0
[2025-07-03T04:14:59.364+0000] {taskinstance.py:3900} INFO - 1 downstream tasks scheduled from follow-on schedule check
[2025-07-03T04:14:59.369+0000] {local_task_job_runner.py:245} INFO - ::endgroup::
