[2025-07-02T00:24:20.427+0000] {local_task_job_runner.py:123} INFO - ::group::Pre task execution logs
[2025-07-02T00:24:20.444+0000] {taskinstance.py:2612} INFO - Dependencies all met for dep_context=non-requeueable deps ti=<TaskInstance: extract_raw_data_pipeline.drop_raw_table manual__2025-07-02T00:24:18.859047+00:00 [queued]>
[2025-07-02T00:24:20.451+0000] {taskinstance.py:2612} INFO - Dependencies all met for dep_context=requeueable deps ti=<TaskInstance: extract_raw_data_pipeline.drop_raw_table manual__2025-07-02T00:24:18.859047+00:00 [queued]>
[2025-07-02T00:24:20.452+0000] {taskinstance.py:2865} INFO - Starting attempt 1 of 1
[2025-07-02T00:24:20.469+0000] {taskinstance.py:2888} INFO - Executing <Task(SQLExecuteQueryOperator): drop_raw_table> on 2025-07-02 00:24:18.859047+00:00
[2025-07-02T00:24:20.476+0000] {warnings.py:112} WARNING - /home/***/.local/lib/python3.12/site-packages/***/task/task_runner/standard_task_runner.py:70: DeprecationWarning: This process (pid=168) is multi-threaded, use of fork() may lead to deadlocks in the child.
  pid = os.fork()

[2025-07-02T00:24:20.478+0000] {standard_task_runner.py:72} INFO - Started process 176 to run task
[2025-07-02T00:24:20.479+0000] {standard_task_runner.py:104} INFO - Running: ['***', 'tasks', 'run', 'extract_raw_data_pipeline', 'drop_raw_table', 'manual__2025-07-02T00:24:18.859047+00:00', '--job-id', '14', '--raw', '--subdir', 'DAGS_FOLDER/driven_data_pipeline.py', '--cfg-path', '/tmp/tmpgvp8wnea']
[2025-07-02T00:24:20.480+0000] {standard_task_runner.py:105} INFO - Job 14: Subtask drop_raw_table
[2025-07-02T00:24:20.537+0000] {task_command.py:467} INFO - Running <TaskInstance: extract_raw_data_pipeline.drop_raw_table manual__2025-07-02T00:24:18.859047+00:00 [running]> on host c67788e29347
[2025-07-02T00:24:20.616+0000] {taskinstance.py:3131} INFO - Exporting env vars: AIRFLOW_CTX_DAG_OWNER='***' AIRFLOW_CTX_DAG_ID='extract_raw_data_pipeline' AIRFLOW_CTX_TASK_ID='drop_raw_table' AIRFLOW_CTX_EXECUTION_DATE='2025-07-02T00:24:18.859047+00:00' AIRFLOW_CTX_TRY_NUMBER='1' AIRFLOW_CTX_DAG_RUN_ID='manual__2025-07-02T00:24:18.859047+00:00'
[2025-07-02T00:24:20.617+0000] {taskinstance.py:731} INFO - ::endgroup::
[2025-07-02T00:24:20.634+0000] {sql.py:266} INFO - Executing: DROP TABLE IF EXISTS driven_raw.raw_batch_data;
[2025-07-02T00:24:20.643+0000] {base.py:84} INFO - Retrieving connection 'postgres_conn'
[2025-07-02T00:24:20.654+0000] {base.py:84} INFO - Retrieving connection 'postgres_conn'
[2025-07-02T00:24:20.659+0000] {sql.py:509} INFO - Running statement: DROP TABLE IF EXISTS driven_raw.raw_batch_data;, parameters: None
[2025-07-02T00:24:20.671+0000] {taskinstance.py:340} INFO - ::group::Post task execution logs
[2025-07-02T00:24:20.671+0000] {taskinstance.py:352} INFO - Marking task as SUCCESS. dag_id=extract_raw_data_pipeline, task_id=drop_raw_table, run_id=manual__2025-07-02T00:24:18.859047+00:00, execution_date=20250702T002418, start_date=20250702T002420, end_date=20250702T002420
[2025-07-02T00:24:20.693+0000] {local_task_job_runner.py:266} INFO - Task exited with return code 0
[2025-07-02T00:24:20.705+0000] {local_task_job_runner.py:245} INFO - ::endgroup::
