[2025-07-03T21:26:42.877+0000] {local_task_job_runner.py:123} INFO - ::group::Pre task execution logs
[2025-07-03T21:26:42.895+0000] {taskinstance.py:2612} INFO - Dependencies all met for dep_context=non-requeueable deps ti=<TaskInstance: extract_raw_data_pipeline.run_dbt_trusted manual__2025-07-03T21:26:29.352186+00:00 [queued]>
[2025-07-03T21:26:42.904+0000] {taskinstance.py:2612} INFO - Dependencies all met for dep_context=requeueable deps ti=<TaskInstance: extract_raw_data_pipeline.run_dbt_trusted manual__2025-07-03T21:26:29.352186+00:00 [queued]>
[2025-07-03T21:26:42.905+0000] {taskinstance.py:2865} INFO - Starting attempt 1 of 1
[2025-07-03T21:26:42.922+0000] {taskinstance.py:2888} INFO - Executing <Task(BashOperator): run_dbt_trusted> on 2025-07-03 21:26:29.352186+00:00
[2025-07-03T21:26:42.928+0000] {warnings.py:112} WARNING - /home/***/.local/lib/python3.12/site-packages/***/task/task_runner/standard_task_runner.py:70: DeprecationWarning: This process (pid=380) is multi-threaded, use of fork() may lead to deadlocks in the child.
  pid = os.fork()

[2025-07-03T21:26:42.930+0000] {standard_task_runner.py:72} INFO - Started process 382 to run task
[2025-07-03T21:26:42.930+0000] {standard_task_runner.py:104} INFO - Running: ['***', 'tasks', 'run', 'extract_raw_data_pipeline', 'run_dbt_trusted', 'manual__2025-07-03T21:26:29.352186+00:00', '--job-id', '47', '--raw', '--subdir', 'DAGS_FOLDER/driven_data_pipeline.py', '--cfg-path', '/tmp/tmp4zxgbhha']
[2025-07-03T21:26:42.932+0000] {standard_task_runner.py:105} INFO - Job 47: Subtask run_dbt_trusted
[2025-07-03T21:26:42.996+0000] {task_command.py:467} INFO - Running <TaskInstance: extract_raw_data_pipeline.run_dbt_trusted manual__2025-07-03T21:26:29.352186+00:00 [running]> on host 6000e8bcb2e1
[2025-07-03T21:26:43.068+0000] {taskinstance.py:3131} INFO - Exporting env vars: AIRFLOW_CTX_DAG_OWNER='***' AIRFLOW_CTX_DAG_ID='extract_raw_data_pipeline' AIRFLOW_CTX_TASK_ID='run_dbt_trusted' AIRFLOW_CTX_EXECUTION_DATE='2025-07-03T21:26:29.352186+00:00' AIRFLOW_CTX_TRY_NUMBER='1' AIRFLOW_CTX_DAG_RUN_ID='manual__2025-07-03T21:26:29.352186+00:00'
[2025-07-03T21:26:43.069+0000] {taskinstance.py:731} INFO - ::endgroup::
[2025-07-03T21:26:43.083+0000] {subprocess.py:63} INFO - Tmp dir root location: /tmp
[2025-07-03T21:26:43.084+0000] {subprocess.py:75} INFO - Running command: ['/usr/bin/bash', '-c', 'set -x; cd /opt/***/dbt && dbt run --select tag:trusted']
[2025-07-03T21:26:43.094+0000] {subprocess.py:86} INFO - Output:
[2025-07-03T21:26:43.096+0000] {subprocess.py:93} INFO - + cd /opt/***/dbt
[2025-07-03T21:26:43.096+0000] {subprocess.py:93} INFO - + dbt run --select tag:trusted
[2025-07-03T21:26:44.913+0000] {subprocess.py:93} INFO - [0m21:26:44  Running with dbt=1.8.0
[2025-07-03T21:26:45.185+0000] {subprocess.py:93} INFO - [0m21:26:45  Registered adapter: postgres=1.8.2
[2025-07-03T21:26:45.663+0000] {subprocess.py:93} INFO - [0m21:26:45  Found 9 models, 10 sources, 428 macros
[2025-07-03T21:26:45.666+0000] {subprocess.py:93} INFO - [0m21:26:45
[2025-07-03T21:26:45.834+0000] {subprocess.py:93} INFO - [0m21:26:45  Concurrency: 1 threads (target='dev')
[2025-07-03T21:26:45.835+0000] {subprocess.py:93} INFO - [0m21:26:45
[2025-07-03T21:26:45.846+0000] {subprocess.py:93} INFO - [0m21:26:45  1 of 3 START sql table model driven_trusted.non_pii_data ....................... [RUN]
[2025-07-03T21:26:45.997+0000] {subprocess.py:93} INFO - [0m21:26:45  1 of 3 OK created sql table model driven_trusted.non_pii_data .................. [[32mSELECT 1101[0m in 0.15s]
[2025-07-03T21:26:45.999+0000] {subprocess.py:93} INFO - [0m21:26:45  2 of 3 START sql table model driven_trusted.payment_data ....................... [RUN]
[2025-07-03T21:26:46.057+0000] {subprocess.py:93} INFO - [0m21:26:46  2 of 3 OK created sql table model driven_trusted.payment_data .................. [[32mSELECT 1101[0m in 0.06s]
[2025-07-03T21:26:46.059+0000] {subprocess.py:93} INFO - [0m21:26:46  3 of 3 START sql table model driven_trusted.pii_data ........................... [RUN]
[2025-07-03T21:26:46.137+0000] {subprocess.py:93} INFO - [0m21:26:46  3 of 3 OK created sql table model driven_trusted.pii_data ...................... [[32mSELECT 1101[0m in 0.08s]
[2025-07-03T21:26:46.151+0000] {subprocess.py:93} INFO - [0m21:26:46
[2025-07-03T21:26:46.151+0000] {subprocess.py:93} INFO - [0m21:26:46  Finished running 3 table models in 0 hours 0 minutes and 0.48 seconds (0.48s).
[2025-07-03T21:26:46.200+0000] {subprocess.py:93} INFO - [0m21:26:46
[2025-07-03T21:26:46.201+0000] {subprocess.py:93} INFO - [0m21:26:46  [32mCompleted successfully[0m
[2025-07-03T21:26:46.201+0000] {subprocess.py:93} INFO - [0m21:26:46
[2025-07-03T21:26:46.202+0000] {subprocess.py:93} INFO - [0m21:26:46  Done. PASS=3 WARN=0 ERROR=0 SKIP=0 TOTAL=3
[2025-07-03T21:26:46.842+0000] {subprocess.py:97} INFO - Command exited with return code 0
[2025-07-03T21:26:46.872+0000] {taskinstance.py:340} INFO - ::group::Post task execution logs
[2025-07-03T21:26:46.872+0000] {taskinstance.py:352} INFO - Marking task as SUCCESS. dag_id=extract_raw_data_pipeline, task_id=run_dbt_trusted, run_id=manual__2025-07-03T21:26:29.352186+00:00, execution_date=20250703T212629, start_date=20250703T212642, end_date=20250703T212646
[2025-07-03T21:26:46.920+0000] {local_task_job_runner.py:266} INFO - Task exited with return code 0
[2025-07-03T21:26:46.938+0000] {taskinstance.py:3900} INFO - 0 downstream tasks scheduled from follow-on schedule check
[2025-07-03T21:26:46.943+0000] {local_task_job_runner.py:245} INFO - ::endgroup::
