[2025-07-03T21:23:56.869+0000] {local_task_job_runner.py:123} INFO - ::group::Pre task execution logs
[2025-07-03T21:23:56.887+0000] {taskinstance.py:2612} INFO - Dependencies all met for dep_context=non-requeueable deps ti=<TaskInstance: extract_raw_data_pipeline.drop_raw_table manual__2025-07-03T21:23:55.292072+00:00 [queued]>
[2025-07-03T21:23:56.897+0000] {taskinstance.py:2612} INFO - Dependencies all met for dep_context=requeueable deps ti=<TaskInstance: extract_raw_data_pipeline.drop_raw_table manual__2025-07-03T21:23:55.292072+00:00 [queued]>
[2025-07-03T21:23:56.898+0000] {taskinstance.py:2865} INFO - Starting attempt 1 of 1
[2025-07-03T21:23:56.916+0000] {taskinstance.py:2888} INFO - Executing <Task(SQLExecuteQueryOperator): drop_raw_table> on 2025-07-03 21:23:55.292072+00:00
[2025-07-03T21:23:56.925+0000] {warnings.py:112} WARNING - /home/***/.local/lib/python3.12/site-packages/***/task/task_runner/standard_task_runner.py:70: DeprecationWarning: This process (pid=242) is multi-threaded, use of fork() may lead to deadlocks in the child.
  pid = os.fork()

[2025-07-03T21:23:56.927+0000] {standard_task_runner.py:72} INFO - Started process 250 to run task
[2025-07-03T21:23:56.928+0000] {standard_task_runner.py:104} INFO - Running: ['***', 'tasks', 'run', 'extract_raw_data_pipeline', 'drop_raw_table', 'manual__2025-07-03T21:23:55.292072+00:00', '--job-id', '35', '--raw', '--subdir', 'DAGS_FOLDER/driven_data_pipeline.py', '--cfg-path', '/tmp/tmp35fizmqm']
[2025-07-03T21:23:56.929+0000] {standard_task_runner.py:105} INFO - Job 35: Subtask drop_raw_table
[2025-07-03T21:23:57.003+0000] {task_command.py:467} INFO - Running <TaskInstance: extract_raw_data_pipeline.drop_raw_table manual__2025-07-03T21:23:55.292072+00:00 [running]> on host 6000e8bcb2e1
[2025-07-03T21:23:57.086+0000] {taskinstance.py:3131} INFO - Exporting env vars: AIRFLOW_CTX_DAG_OWNER='***' AIRFLOW_CTX_DAG_ID='extract_raw_data_pipeline' AIRFLOW_CTX_TASK_ID='drop_raw_table' AIRFLOW_CTX_EXECUTION_DATE='2025-07-03T21:23:55.292072+00:00' AIRFLOW_CTX_TRY_NUMBER='1' AIRFLOW_CTX_DAG_RUN_ID='manual__2025-07-03T21:23:55.292072+00:00'
[2025-07-03T21:23:57.087+0000] {taskinstance.py:731} INFO - ::endgroup::
[2025-07-03T21:23:57.100+0000] {sql.py:266} INFO - Executing: DROP TABLE IF EXISTS driven_raw.raw_batch_data;
[2025-07-03T21:23:57.109+0000] {base.py:84} INFO - Retrieving connection 'postgres_conn'
[2025-07-03T21:23:57.120+0000] {base.py:84} INFO - Retrieving connection 'postgres_conn'
[2025-07-03T21:23:57.126+0000] {sql.py:509} INFO - Running statement: DROP TABLE IF EXISTS driven_raw.raw_batch_data;, parameters: None
[2025-07-03T21:23:57.146+0000] {taskinstance.py:340} INFO - ::group::Post task execution logs
[2025-07-03T21:23:57.147+0000] {taskinstance.py:352} INFO - Marking task as SUCCESS. dag_id=extract_raw_data_pipeline, task_id=drop_raw_table, run_id=manual__2025-07-03T21:23:55.292072+00:00, execution_date=20250703T212355, start_date=20250703T212356, end_date=20250703T212357
[2025-07-03T21:23:57.186+0000] {local_task_job_runner.py:266} INFO - Task exited with return code 0
[2025-07-03T21:23:57.195+0000] {local_task_job_runner.py:245} INFO - ::endgroup::
